07-17 14:39:06.073  2094  3064 E AppOps  : attributionTag  not declared in manifest of com.oplus.exsystemservice
07-17 14:39:06.082  2094  3064 E AppOps  : attributionTag  not declared in manifest of com.oplus.exsystemservice
07-17 14:39:06.088  2094  3064 E AppOps  : attributionTag  not declared in manifest of com.coloros.assistantscreen
07-17 14:39:06.093  2094  3064 E AppOps  : attributionTag  not declared in manifest of com.coloros.assistantscreen
07-17 14:39:06.097  2094  3064 E AppOps  : attributionTag  not declared in manifest of com.oplus.exsystemservice
07-17 14:39:06.101  2094  3064 E AppOps  : attributionTag  not declared in manifest of com.oplus.exsystemservice
07-17 14:39:06.104  2094  3064 E AppOps  : attributionTag  not declared in manifest of com.oplus.exsystemservice
07-17 14:39:06.107  2094  3064 E AppOps  : attributionTag  not declared in manifest of com.coloros.assistantscreen
07-17 14:39:06.110  2094  3064 E AppOps  : attributionTag  not declared in manifest of com.coloros.assistantscreen
07-17 14:39:06.113  2094  3064 E AppOps  : attributionTag  not declared in manifest of com.coloros.assistantscreen
07-17 14:39:07.262  2094 26547 E AdbDebuggingManager: Caught an exception opening the socket: java.io.IOException: No such file or directory
07-17 14:39:08.074  2094  3064 E AppOps  : attributionTag  not declared in manifest of com.oplus.exsystemservice
07-17 14:39:08.084  2094  3064 E AppOps  : attributionTag  not declared in manifest of com.oplus.exsystemservice
07-17 14:39:08.089  2094  3064 E AppOps  : attributionTag  not declared in manifest of com.oplus.exsystemservice
07-17 14:39:08.093  2094  3064 E AppOps  : attributionTag  not declared in manifest of com.oplus.exsystemservice
07-17 14:39:08.097  2094  3064 E AppOps  : attributionTag  not declared in manifest of com.coloros.assistantscreen
07-17 14:39:08.101  2094  3064 E AppOps  : attributionTag  not declared in manifest of com.coloros.assistantscreen
07-17 14:39:08.105  2094  3064 E AppOps  : attributionTag  not declared in manifest of com.coloros.assistantscreen
07-17 14:39:08.108  2094  3064 E AppOps  : attributionTag  not declared in manifest of com.coloros.assistantscreen
07-17 14:39:15.759  2094  3064 E AppOps  : attributionTag  not declared in manifest of com.oplus.exsystemservice
07-17 14:39:15.762  2094  3064 E AppOps  : attributionTag  not declared in manifest of com.oplus.exsystemservice
07-17 14:39:15.765  2094  3064 E AppOps  : attributionTag  not declared in manifest of com.oplus.exsystemservice
07-17 14:39:15.768  2094  3064 E AppOps  : attributionTag  not declared in manifest of com.oplus.exsystemservice
07-17 14:39:15.771  2094  3064 E AppOps  : attributionTag  not declared in manifest of com.oplus.exsystemservice
07-17 14:39:15.773  2094  3064 E AppOps  : attributionTag  not declared in manifest of com.oplus.exsystemservice
07-17 14:39:15.776  2094  3064 E AppOps  : attributionTag  not declared in manifest of com.oplus.exsystemservice
07-17 14:39:15.779  2094  3064 E AppOps  : attributionTag  not declared in manifest of com.oplus.exsystemservice
07-17 14:39:15.781  2094  3064 E AppOps  : attributionTag  not declared in manifest of com.oplus.exsystemservice
07-17 14:39:15.783  2094  3064 E AppOps  : attributionTag  not declared in manifest of com.oplus.exsystemservice
07-17 14:39:15.786  2094  3064 E AppOps  : attributionTag  not declared in manifest of com.oplus.exsystemservice
07-17 14:39:15.788  2094  3064 E AppOps  : attributionTag  not declared in manifest of com.coloros.assistantscreen
07-17 14:39:15.791  2094  3064 E AppOps  : attributionTag  not declared in manifest of com.coloros.assistantscreen
07-17 14:39:15.793  2094  3064 E AppOps  : attributionTag  not declared in manifest of com.coloros.assistantscreen
07-17 14:39:15.795  2094  3064 E AppOps  : attributionTag  not declared in manifest of com.coloros.assistantscreen
07-17 14:39:15.798  2094  3064 E AppOps  : attributionTag  not declared in manifest of com.coloros.assistantscreen
07-17 14:39:15.800  2094  3064 E AppOps  : attributionTag  not declared in manifest of com.coloros.assistantscreen
07-17 14:39:15.802  2094  3064 E AppOps  : attributionTag  not declared in manifest of com.coloros.assistantscreen
07-17 14:39:15.805  2094  3064 E AppOps  : attributionTag  not declared in manifest of com.coloros.assistantscreen
07-17 14:39:15.807  2094  3064 E AppOps  : attributionTag  not declared in manifest of com.coloros.assistantscreen
07-17 14:39:15.809  2094  3064 E AppOps  : attributionTag  not declared in manifest of com.coloros.assistantscreen
07-17 14:39:15.812  2094  3064 E AppOps  : attributionTag  not declared in manifest of com.coloros.assistantscreen
07-17 14:39:16.068  2094  3064 E AppOps  : attributionTag  not declared in manifest of com.oplus.exsystemservice
07-17 14:39:16.077  2094  3064 E AppOps  : attributionTag  not declared in manifest of com.coloros.assistantscreen
07-17 14:39:16.085  2094  3064 E AppOps  : attributionTag  not declared in manifest of com.oplus.exsystemservice
07-17 14:39:16.089  2094  3064 E AppOps  : attributionTag  not declared in manifest of com.oplus.exsystemservice
07-17 14:39:16.092  2094  3064 E AppOps  : attributionTag  not declared in manifest of com.coloros.assistantscreen
07-17 14:39:16.096  2094  3064 E AppOps  : attributionTag  not declared in manifest of com.coloros.assistantscreen
07-17 14:39:16.158  2094 26547 E AdbDebuggingManager: Caught an exception opening the socket: java.io.IOException: No such file or directory
07-17 14:39:18.162  2094 26547 E AdbDebuggingManager: Caught an exception opening the socket: java.io.IOException: No such file or directory
07-17 14:39:22.104  2094  3727 E OplusCustomizeRestrictionManagerService: isBiometricDisabled start
07-17 14:39:22.105  2094  3727 E OplusCustomizeRestrictionManagerService: isBiometricDisabled start
07-17 14:39:22.107  2094  3555 E OplusCustomizeRestrictionManagerService: isBiometricDisabled start
07-17 14:39:22.122  2094  3555 E OplusCustomizeRestrictionManagerService: getUnlockByFingerprintPolicies fail, return default value.
07-17 14:39:22.131  2094  6829 E OplusCustomizeRestrictionManagerService: getUnlockByFingerprintPolicies fail, return default value.
07-17 14:39:22.133  2094  6829 E OplusCustomizeRestrictionManagerService: getUnlockByFingerprintPolicies fail, return default value.
07-17 14:39:23.082  2094 26547 E AdbDebuggingManager: Caught an exception opening the socket: java.io.IOException: No such file or directory
07-17 14:39:23.737  2094  2704 E OplusDisplayPowerControllerExtImpl: execute mBlockReasonList.clear
07-17 14:39:23.775  2094  2705 E ActivityManager: Cancel pending or running compactions as system is awake
07-17 14:39:23.870  2094  3556 E OplusCustomizeRestrictionManagerService: getUnlockByFingerprintPolicies fail, return default value.
07-17 14:39:23.881  2094  2339 E OplusStorageManagerFeature: clear Ae Be key
07-17 14:39:23.974  2094  3727 E AppOps  : Bad call made by uid 1002. Package "com.google.android.gms" does not belong to uid 1002.
07-17 14:39:24.015  2094  3715 E OplusCustomizeRestrictionManagerService: isBiometricDisabled start
07-17 14:39:24.016  2094  3715 E OplusCustomizeRestrictionManagerService: isBiometricDisabled start
07-17 14:39:24.026  2094  3230 E Biometrics/Fingerprint21/Fingerprint21ServiceProviderExtImpl: mFingerprintCommandCallback is null
07-17 14:39:24.028  2094  3727 E OplusCustomizeRestrictionManagerService: isBiometricDisabled start
07-17 14:39:24.029  2094  6850 E OplusCustomizeRestrictionManagerService: isBiometricDisabled start
07-17 14:39:24.030  2094  6850 E OplusCustomizeRestrictionManagerService: isBiometricDisabled start
07-17 14:39:24.031  2094  6850 E OplusCustomizeRestrictionManagerService: isBiometricDisabled start
07-17 14:39:24.031  2094  6850 E OplusCustomizeRestrictionManagerService: isBiometricDisabled start
07-17 14:39:24.031  2094  6850 E OplusCustomizeRestrictionManagerService: isBiometricDisabled start
07-17 14:39:24.033  2094  6850 E OplusCustomizeRestrictionManagerService: isBiometricDisabled start
07-17 14:39:24.033  2094  6850 E OplusCustomizeRestrictionManagerService: isBiometricDisabled start
07-17 14:39:24.033  2094  6850 E OplusCustomizeRestrictionManagerService: isBiometricDisabled start
07-17 14:39:24.034  2094  6850 E OplusCustomizeRestrictionManagerService: isBiometricDisabled start
07-17 14:39:24.206  2094  3717 E OplusCustomizeRestrictionManagerService: isBiometricDisabled start
07-17 14:39:24.207  2094  2934 E OplusCustomizeRestrictionManagerService: isBiometricDisabled start
07-17 14:39:24.238  2094  6849 E OplusCustomizeRestrictionManagerService: isBiometricDisabled start
07-17 14:39:24.238  2094  6849 E OplusCustomizeRestrictionManagerService: isBiometricDisabled start
07-17 14:39:24.569  2094  6849 E OplusCustomizeRestrictionManagerService: getUnlockByFingerprintPolicies fail, return default value.
07-17 14:39:24.576  2094  6849 E OplusCustomizeRestrictionManagerService: isBiometricDisabled start
07-17 14:39:24.577  2094  2094 E OplusCustomizeRestrictionManagerService: isBiometricDisabled start
07-17 14:39:24.590  2094  3554 E OplusCustomizeRestrictionManagerService: isBiometricDisabled start
07-17 14:39:24.593  2094  2949 E OplusCustomizeRestrictionManagerService: isBiometricDisabled start
07-17 14:39:24.593  2094  2949 E Biometrics/Fingerprint21/Fingerprint21ServiceProviderExtImpl: [handleCancelAuthentication] Tokens are mismatched
07-17 14:39:24.593  2094  6849 E OplusCustomizeRestrictionManagerService: isBiometricDisabled start
07-17 14:39:24.615  2094  6849 E OplusCustomizeRestrictionManagerService: getUnlockByFingerprintPolicies fail, return default value.
07-17 14:39:24.619  2094  3727 E OplusCustomizeRestrictionManagerService: isBiometricDisabled start
07-17 14:39:24.621  2094  6932 E OplusCustomizeRestrictionManagerService: isBiometricDisabled start
07-17 14:39:24.704  2094  2340 E WindowManager: create RemoteAnimationController com.android.server.wm.RemoteAnimationController@a8b14f1
07-17 14:39:24.810  2094  3717 E OplusCustomizeRestrictionManagerService: getUnlockByFingerprintPolicies fail, return default value.
07-17 14:39:24.842  2094  6809 E OplusCustomizeRestrictionManagerService: isBiometricDisabled start
07-17 14:39:24.844  2094  3717 E OplusCustomizeRestrictionManagerService: isBiometricDisabled start
07-17 14:39:24.853  2094  3554 E OplusCustomizeRestrictionManagerService: isBiometricDisabled start
07-17 14:39:24.855  2094  6932 E OplusCustomizeRestrictionManagerService: isBiometricDisabled start
07-17 14:39:24.905  2094  6810 E OplusCustomizeRestrictionManagerService: getUnlockByFingerprintPolicies fail, return default value.
07-17 14:39:25.014  2094  6857 E OplusCustomizeRestrictionManagerService: getMobileDataMode error :s == null
07-17 14:39:25.084  2094 26547 E AdbDebuggingManager: Caught an exception opening the socket: java.io.IOException: No such file or directory
07-17 14:39:25.123  2094  6857 E OplusCustomizeRestrictionManagerService: getMobileDataMode error :s == null
07-17 14:39:25.157  2094  6850 E OplusCustomizeRestrictionManagerService: getUnlockByFingerprintPolicies fail, return default value.
07-17 14:39:25.170   676   693 E vold    : [sensitive file debug]ae default_key_path exist
07-17 14:39:25.172  2094  3715 E OplusCustomizeRestrictionManagerService: getMobileDataMode error :s == null
07-17 14:39:25.197  2094  6857 E OplusCustomizeRestrictionManagerService: getMobileDataMode error :s == null
07-17 14:39:25.203  2094  2094 E OplusCustomizeRestrictionManagerService: isBiometricDisabled start
07-17 14:39:25.222  2094  3715 E OplusCustomizeRestrictionManagerService: getMobileDataMode error :s == null
07-17 14:39:25.379  2094  2094 E AlarmManager: Attempt to decrement existing alarm count 0 by 1 for uid 1000
07-17 14:39:25.954  2094  3715 E OplusCustomizeRestrictionManagerService: isUSBFileTransferDisabled start
07-17 14:39:26.004  2094  3715 E OplusCustomizeRestrictionManagerService: isUSBFileTransferDisabled start
07-17 14:39:26.006  2094  3715 E OplusCustomizeRestrictionManagerService: isUSBFileTransferDisabled start
07-17 14:39:26.007  2094  3715 E OplusCustomizeRestrictionManagerService: isUSBFileTransferDisabled start
07-17 14:39:26.009  2094  3715 E OplusCustomizeRestrictionManagerService: isUSBFileTransferDisabled start
07-17 14:39:26.010  2094  3715 E OplusCustomizeRestrictionManagerService: isUSBFileTransferDisabled start
07-17 14:39:26.011  2094  3715 E OplusCustomizeRestrictionManagerService: isUSBFileTransferDisabled start
07-17 14:39:26.012  2094  3715 E OplusCustomizeRestrictionManagerService: isUSBFileTransferDisabled start
07-17 14:39:26.013  2094  3715 E OplusCustomizeRestrictionManagerService: isUSBFileTransferDisabled start
07-17 14:39:26.014  2094  3715 E OplusCustomizeRestrictionManagerService: isUSBFileTransferDisabled start
07-17 14:39:26.015  2094  3715 E OplusCustomizeRestrictionManagerService: isUSBFileTransferDisabled start
07-17 14:39:26.030  2094  3715 E OplusCustomizeRestrictionManagerService: isUSBFileTransferDisabled start
07-17 14:39:26.031  2094  6835 E OplusCustomizeRestrictionManagerService: isUSBFileTransferDisabled start
07-17 14:39:26.031  2094  6835 E OplusCustomizeRestrictionManagerService: isUSBFileTransferDisabled start
07-17 14:39:26.033  2094  6835 E OplusCustomizeRestrictionManagerService: isUSBFileTransferDisabled start
07-17 14:39:26.033  2094  6835 E OplusCustomizeRestrictionManagerService: isUSBFileTransferDisabled start
07-17 14:39:26.034  2094  6835 E OplusCustomizeRestrictionManagerService: isUSBFileTransferDisabled start
07-17 14:39:26.035  2094  6835 E OplusCustomizeRestrictionManagerService: isUSBFileTransferDisabled start
07-17 14:39:26.036  2094  6835 E OplusCustomizeRestrictionManagerService: isUSBFileTransferDisabled start
07-17 14:39:26.037  2094  6835 E OplusCustomizeRestrictionManagerService: isUSBFileTransferDisabled start
07-17 14:39:26.038  2094  6835 E OplusCustomizeRestrictionManagerService: isUSBFileTransferDisabled start
07-17 14:39:26.040  2094  3715 E OplusCustomizeRestrictionManagerService: isUSBFileTransferDisabled start
07-17 14:39:26.042  2094  3715 E OplusCustomizeRestrictionManagerService: isUSBFileTransferDisabled start
07-17 14:39:26.044  2094  3715 E OplusCustomizeRestrictionManagerService: isUSBFileTransferDisabled start
07-17 14:39:26.046  2094  3715 E OplusCustomizeRestrictionManagerService: isUSBFileTransferDisabled start
07-17 14:39:26.048  2094  3715 E OplusCustomizeRestrictionManagerService: isUSBFileTransferDisabled start
07-17 14:39:27.085  2094 26547 E AdbDebuggingManager: Caught an exception opening the socket: java.io.IOException: No such file or directory
--------- beginning of main
07-17 14:39:27.955  1394  1438 E PerformanceService: Failed to open /proc/11795/task/3951/ux_state (2): No such file or directory, Linux version 5.4.254
07-17 14:39:27.956  1394  1438 E PerformanceService: Failed to open /proc/11795/task/3950/ux_state (2): No such file or directory, Linux version 5.4.254
07-17 14:39:27.960 11795 11795 E IPCThreadState: attemptIncStrongHandle(352): Not supported
07-17 14:39:28.013  1319  1486 E ANDR-PERF-OPTSHANDLER: Perflock resource /sys/class/devfreq/soc:qcom,cpu0-llcc-ddr-lat/min_freq not supported
07-17 14:39:28.013  1319  1486 E ANDR-PERF-RESOURCEQS: Failed to apply optimization [13, 12]
07-17 14:39:28.013  1319  1486 E ANDR-PERF-OPTSHANDLER: Perflock resource /sys/class/devfreq/soc:qcom,cpu0-llcc-ddr-lat/min_freq not supported
07-17 14:39:28.013  1319  1486 E ANDR-PERF-RESOURCEQS: Failed to apply optimization [13, 12]
07-17 14:39:28.013  1319  1486 E ANDR-PERF-OPTSHANDLER: Perflock resource /sys/class/devfreq/soc:qcom,cpubw/bw_hwmon/io_percent not supported
07-17 14:39:28.013  1319  1486 E ANDR-PERF-RESOURCEQS: Failed to apply optimization [6, 2]
07-17 14:39:28.013  1319  1486 E ANDR-PERF-OPTSHANDLER: Perflock resource /sys/class/devfreq/soc:qcom,cpubw/bw_hwmon/sample_ms not supported
07-17 14:39:28.013  1319  1486 E ANDR-PERF-RESOURCEQS: Failed to apply optimization [6, 8]
07-17 14:39:28.013  1319  1486 E ANDR-PERF-OPTSHANDLER: Perflock resource /sys/class/devfreq/soc:qcom,cpubw/min_freq not supported
07-17 14:39:28.013  1319  1486 E ANDR-PERF-RESOURCEQS: Failed to apply optimization [6, 0]
07-17 14:39:28.129  1319  1486 E ANDR-PERF-OPTSHANDLER: Perflock resource /sys/class/devfreq/soc:qcom,cpu0-llcc-ddr-lat/min_freq not supported
07-17 14:39:28.129  1319  1486 E ANDR-PERF-RESOURCEQS: Failed to apply optimization [13, 12]
07-17 14:39:28.129  1319  1486 E ANDR-PERF-OPTSHANDLER: Perflock resource /sys/class/devfreq/soc:qcom,cpu0-llcc-ddr-lat/min_freq not supported
07-17 14:39:28.129  1319  1486 E ANDR-PERF-RESOURCEQS: Failed to apply optimization [13, 12]
07-17 14:39:28.142  1319  1486 E ANDR-PERF-OPTSHANDLER: Perflock resource /sys/class/devfreq/soc:qcom,cpubw/bw_hwmon/io_percent not supported
07-17 14:39:28.142  1319  1486 E ANDR-PERF-RESOURCEQS: Failed to apply optimization [6, 2]
07-17 14:39:28.142  1319  1486 E ANDR-PERF-OPTSHANDLER: Perflock resource /sys/class/devfreq/soc:qcom,cpubw/bw_hwmon/sample_ms not supported
07-17 14:39:28.142  1319  1486 E ANDR-PERF-RESOURCEQS: Failed to apply optimization [6, 8]
07-17 14:39:28.142  1319  1486 E ANDR-PERF-OPTSHANDLER: Perflock resource /sys/class/devfreq/soc:qcom,cpubw/min_freq not supported
07-17 14:39:28.142  1319  1486 E ANDR-PERF-RESOURCEQS: Failed to apply optimization [6, 0]
07-17 14:39:28.143  1319  1486 E ANDR-PERF-OPTSHANDLER: Perflock resource /sys/class/devfreq/soc:qcom,cpu0-llcc-ddr-lat/min_freq not supported
07-17 14:39:28.143  1319  1486 E ANDR-PERF-RESOURCEQS: Failed to apply optimization [13, 12]
07-17 14:39:28.143  1319  1486 E ANDR-PERF-OPTSHANDLER: Perflock resource /sys/class/devfreq/soc:qcom,cpu0-llcc-ddr-lat/min_freq not supported
07-17 14:39:28.143  1319  1486 E ANDR-PERF-RESOURCEQS: Failed to apply optimization [13, 12]
07-17 14:39:28.145  1319  1486 E ANDR-PERF-OPTSHANDLER: Perflock resource /sys/class/devfreq/soc:qcom,cpubw/bw_hwmon/io_percent not supported
07-17 14:39:28.145  1319  1486 E ANDR-PERF-RESOURCEQS: Failed to apply optimization [6, 2]
07-17 14:39:28.145  1319  1486 E ANDR-PERF-OPTSHANDLER: Perflock resource /sys/class/devfreq/soc:qcom,cpubw/bw_hwmon/sample_ms not supported
07-17 14:39:28.145  1319  1486 E ANDR-PERF-RESOURCEQS: Failed to apply optimization [6, 8]
07-17 14:39:28.145  1319  1486 E ANDR-PERF-OPTSHANDLER: Perflock resource /sys/class/devfreq/soc:qcom,cpubw/min_freq not supported
07-17 14:39:28.145  1319  1486 E ANDR-PERF-RESOURCEQS: Failed to apply optimization [6, 0]
07-17 14:39:28.196 11795 11795 E AppFeatureProviderUtils: getInt: getStringForFeature return null
07-17 14:39:28.201  1319  1486 E ANDR-PERF-OPTSHANDLER: Perflock resource /sys/class/devfreq/soc:qcom,cpu0-llcc-ddr-lat/min_freq not supported
07-17 14:39:28.201  1319  1486 E ANDR-PERF-RESOURCEQS: Failed to apply optimization [13, 12]
07-17 14:39:28.201  1319  1486 E ANDR-PERF-OPTSHANDLER: Perflock resource /sys/class/devfreq/soc:qcom,cpu0-llcc-ddr-lat/min_freq not supported
07-17 14:39:28.201  1319  1486 E ANDR-PERF-RESOURCEQS: Failed to apply optimization [13, 12]
07-17 14:39:28.204  1319  1486 E ANDR-PERF-OPTSHANDLER: Perflock resource /sys/class/devfreq/soc:qcom,cpubw/bw_hwmon/io_percent not supported
07-17 14:39:28.204  1319  1486 E ANDR-PERF-RESOURCEQS: Failed to apply optimization [6, 2]
07-17 14:39:28.204  1319  1486 E ANDR-PERF-OPTSHANDLER: Perflock resource /sys/class/devfreq/soc:qcom,cpubw/bw_hwmon/sample_ms not supported
07-17 14:39:28.204  1319  1486 E ANDR-PERF-RESOURCEQS: Failed to apply optimization [6, 8]
07-17 14:39:28.204  1319  1486 E ANDR-PERF-OPTSHANDLER: Perflock resource /sys/class/devfreq/soc:qcom,cpubw/min_freq not supported
07-17 14:39:28.204  1319  1486 E ANDR-PERF-RESOURCEQS: Failed to apply optimization [6, 0]
07-17 14:39:28.205  2094  3726 E OplusCustomizeRestrictionManagerService: getMobileDataMode error :s == null
07-17 14:39:28.211  2094  3715 E OplusCustomizeRestrictionManagerService: getMobileDataMode error :s == null
07-17 14:39:28.220  2094  3726 E OplusCustomizeRestrictionManagerService: getMobileDataMode error :s == null
07-17 14:39:28.225  1319  1486 E ANDR-PERF-OPTSHANDLER: Perflock resource /sys/class/devfreq/soc:qcom,cpu0-llcc-ddr-lat/min_freq not supported
07-17 14:39:28.225  1319  1486 E ANDR-PERF-RESOURCEQS: Failed to apply optimization [13, 12]
07-17 14:39:28.225  1319  1486 E ANDR-PERF-OPTSHANDLER: Perflock resource /sys/class/devfreq/soc:qcom,cpu0-llcc-ddr-lat/min_freq not supported
07-17 14:39:28.225  1319  1486 E ANDR-PERF-RESOURCEQS: Failed to apply optimization [13, 12]
07-17 14:39:28.226  1319  1486 E ANDR-PERF-OPTSHANDLER: Perflock resource /sys/class/devfreq/soc:qcom,cpubw/bw_hwmon/io_percent not supported
07-17 14:39:28.226  1319  1486 E ANDR-PERF-RESOURCEQS: Failed to apply optimization [6, 2]
07-17 14:39:28.226  1319  1486 E ANDR-PERF-OPTSHANDLER: Perflock resource /sys/class/devfreq/soc:qcom,cpubw/bw_hwmon/sample_ms not supported
07-17 14:39:28.226  1319  1486 E ANDR-PERF-RESOURCEQS: Failed to apply optimization [6, 8]
07-17 14:39:28.226  1319  1486 E ANDR-PERF-OPTSHANDLER: Perflock resource /sys/class/devfreq/soc:qcom,cpubw/min_freq not supported
07-17 14:39:28.226  1319  1486 E ANDR-PERF-RESOURCEQS: Failed to apply optimization [6, 0]
07-17 14:39:28.227  2094  3726 E OplusCustomizeRestrictionManagerService: getMobileDataMode error :s == null
07-17 14:39:28.235  2094  3726 E OplusCustomizeRestrictionManagerService: getMobileDataMode error :s == null
07-17 14:39:28.269  1319  1486 E ANDR-PERF-OPTSHANDLER: Perflock resource /sys/class/devfreq/soc:qcom,cpu0-llcc-ddr-lat/min_freq not supported
07-17 14:39:28.269  1319  1486 E ANDR-PERF-RESOURCEQS: Failed to apply optimization [13, 12]
07-17 14:39:28.269  1319  1486 E ANDR-PERF-OPTSHANDLER: Perflock resource /sys/class/devfreq/soc:qcom,cpu0-llcc-ddr-lat/min_freq not supported
07-17 14:39:28.269  1319  1486 E ANDR-PERF-RESOURCEQS: Failed to apply optimization [13, 12]
07-17 14:39:28.270  1319  1486 E ANDR-PERF-OPTSHANDLER: Perflock resource /sys/class/devfreq/soc:qcom,cpubw/bw_hwmon/io_percent not supported
07-17 14:39:28.270  1319  1486 E ANDR-PERF-RESOURCEQS: Failed to apply optimization [6, 2]
07-17 14:39:28.270  1319  1486 E ANDR-PERF-OPTSHANDLER: Perflock resource /sys/class/devfreq/soc:qcom,cpubw/bw_hwmon/sample_ms not supported
07-17 14:39:28.270  1319  1486 E ANDR-PERF-RESOURCEQS: Failed to apply optimization [6, 8]
07-17 14:39:28.270  1319  1486 E ANDR-PERF-OPTSHANDLER: Perflock resource /sys/class/devfreq/soc:qcom,cpubw/min_freq not supported
07-17 14:39:28.270  1319  1486 E ANDR-PERF-RESOURCEQS: Failed to apply optimization [6, 0]
07-17 14:39:28.274  1319  1486 E ANDR-PERF-OPTSHANDLER: Perflock resource /sys/class/devfreq/soc:qcom,cpu0-llcc-ddr-lat/min_freq not supported
07-17 14:39:28.274  1319  1486 E ANDR-PERF-RESOURCEQS: Failed to apply optimization [13, 12]
07-17 14:39:28.274  1319  1486 E ANDR-PERF-OPTSHANDLER: Perflock resource /sys/class/devfreq/soc:qcom,cpu0-llcc-ddr-lat/min_freq not supported
07-17 14:39:28.274  1319  1486 E ANDR-PERF-RESOURCEQS: Failed to apply optimization [13, 12]
07-17 14:39:28.274  1319  1486 E ANDR-PERF-OPTSHANDLER: Perflock resource /sys/class/devfreq/soc:qcom,cpubw/bw_hwmon/io_percent not supported
07-17 14:39:28.274  1319  1486 E ANDR-PERF-RESOURCEQS: Failed to apply optimization [6, 2]
07-17 14:39:28.274  1319  1486 E ANDR-PERF-OPTSHANDLER: Perflock resource /sys/class/devfreq/soc:qcom,cpubw/bw_hwmon/sample_ms not supported
07-17 14:39:28.274  1319  1486 E ANDR-PERF-RESOURCEQS: Failed to apply optimization [6, 8]
07-17 14:39:28.274  1319  1486 E ANDR-PERF-OPTSHANDLER: Perflock resource /sys/class/devfreq/soc:qcom,cpubw/min_freq not supported
07-17 14:39:28.274  1319  1486 E ANDR-PERF-RESOURCEQS: Failed to apply optimization [6, 0]
07-17 14:39:28.399  1863 27346 E ListServiceUtils: checkInListByPid module:disable-nuplayer-try-ffmpeg pid:11795 cost 2446us return 0
07-17 14:39:28.402  4611  4611 E OplusBluetoothAudioGuard: enter onPlaybackConfigChanged
07-17 14:39:28.406  4611  4611 E OplusBluetoothAudioGuard: enter onPlaybackConfigChanged
07-17 14:39:28.406  4611  4611 E OplusBluetoothAudioGuard: enter onPlaybackConfigChanged
07-17 14:39:28.407  1863 27355 E MULTIMEDIAConfig: [getInt32:L80] Not find config, Returning default
07-17 14:39:28.441  2046  5424 E Codec2-ComponentInterface: We have a failed config
07-17 14:39:28.471 11795 11795 E AppFeatureProviderUtils: getInt: getStringForFeature return null
07-17 14:39:28.477  2094  3726 E OplusCustomizeRestrictionManagerService: getMobileDataMode error :s == null
07-17 14:39:28.491  2094  6932 E OplusCustomizeRestrictionManagerService: getMobileDataMode error :s == null
07-17 14:39:28.495  2094  3726 E OplusCustomizeRestrictionManagerService: getMobileDataMode error :s == null
07-17 14:39:28.499  2094  6932 E OplusCustomizeRestrictionManagerService: getMobileDataMode error :s == null
07-17 14:39:28.502  2094  3726 E OplusCustomizeRestrictionManagerService: getMobileDataMode error :s == null
07-17 14:39:29.065  1319  1486 E ANDR-PERF-OPTSHANDLER: Perflock resource /sys/class/devfreq/soc:qcom,cpu0-llcc-ddr-lat/min_freq not supported
07-17 14:39:29.065  1319  1486 E ANDR-PERF-RESOURCEQS: Failed to apply optimization [13, 12]
07-17 14:39:29.065  1319  1486 E ANDR-PERF-OPTSHANDLER: Perflock resource /sys/class/devfreq/soc:qcom,cpu0-llcc-ddr-lat/min_freq not supported
07-17 14:39:29.065  1319  1486 E ANDR-PERF-RESOURCEQS: Failed to apply optimization [13, 12]
07-17 14:39:29.071  1319  1486 E ANDR-PERF-OPTSHANDLER: Perflock resource /sys/class/devfreq/soc:qcom,cpubw/bw_hwmon/io_percent not supported
07-17 14:39:29.071  1319  1486 E ANDR-PERF-RESOURCEQS: Failed to apply optimization [6, 2]
07-17 14:39:29.071  1319  1486 E ANDR-PERF-OPTSHANDLER: Perflock resource /sys/class/devfreq/soc:qcom,cpubw/bw_hwmon/sample_ms not supported
07-17 14:39:29.071  1319  1486 E ANDR-PERF-RESOURCEQS: Failed to apply optimization [6, 8]
07-17 14:39:29.071  1319  1486 E ANDR-PERF-OPTSHANDLER: Perflock resource /sys/class/devfreq/soc:qcom,cpubw/min_freq not supported
07-17 14:39:29.071  1319  1486 E ANDR-PERF-RESOURCEQS: Failed to apply optimization [6, 0]
07-17 14:39:29.087  2094 26547 E AdbDebuggingManager: Caught an exception opening the socket: java.io.IOException: No such file or directory
07-17 14:39:29.179  1319  1486 E ANDR-PERF-OPTSHANDLER: Perflock resource /sys/class/devfreq/soc:qcom,cpu0-llcc-ddr-lat/min_freq not supported
07-17 14:39:29.179  1319  1486 E ANDR-PERF-RESOURCEQS: Failed to apply optimization [13, 12]
07-17 14:39:29.179  1319  1486 E ANDR-PERF-OPTSHANDLER: Perflock resource /sys/class/devfreq/soc:qcom,cpu0-llcc-ddr-lat/min_freq not supported
07-17 14:39:29.179  1319  1486 E ANDR-PERF-RESOURCEQS: Failed to apply optimization [13, 12]
07-17 14:39:29.181  1319  1486 E ANDR-PERF-OPTSHANDLER: Perflock resource /sys/class/devfreq/soc:qcom,cpubw/bw_hwmon/io_percent not supported
07-17 14:39:29.181  1319  1486 E ANDR-PERF-RESOURCEQS: Failed to apply optimization [6, 2]
07-17 14:39:29.181  1319  1486 E ANDR-PERF-OPTSHANDLER: Perflock resource /sys/class/devfreq/soc:qcom,cpubw/bw_hwmon/sample_ms not supported
07-17 14:39:29.181  1319  1486 E ANDR-PERF-RESOURCEQS: Failed to apply optimization [6, 8]
07-17 14:39:29.181  1319  1486 E ANDR-PERF-OPTSHANDLER: Perflock resource /sys/class/devfreq/soc:qcom,cpubw/min_freq not supported
07-17 14:39:29.181  1319  1486 E ANDR-PERF-RESOURCEQS: Failed to apply optimization [6, 0]
07-17 14:39:29.210  1319  1486 E ANDR-PERF-OPTSHANDLER: Perflock resource /sys/class/devfreq/soc:qcom,cpu0-llcc-ddr-lat/min_freq not supported
07-17 14:39:29.210  1319  1486 E ANDR-PERF-RESOURCEQS: Failed to apply optimization [13, 12]
07-17 14:39:29.210  1319  1486 E ANDR-PERF-OPTSHANDLER: Perflock resource /sys/class/devfreq/soc:qcom,cpu0-llcc-ddr-lat/min_freq not supported
07-17 14:39:29.210  1319  1486 E ANDR-PERF-RESOURCEQS: Failed to apply optimization [13, 12]
07-17 14:39:29.210  1319  1486 E ANDR-PERF-OPTSHANDLER: Perflock resource /sys/class/devfreq/soc:qcom,cpubw/bw_hwmon/io_percent not supported
07-17 14:39:29.210  1319  1486 E ANDR-PERF-RESOURCEQS: Failed to apply optimization [6, 2]
07-17 14:39:29.210  1319  1486 E ANDR-PERF-OPTSHANDLER: Perflock resource /sys/class/devfreq/soc:qcom,cpubw/bw_hwmon/sample_ms not supported
07-17 14:39:29.210  1319  1486 E ANDR-PERF-RESOURCEQS: Failed to apply optimization [6, 8]
07-17 14:39:29.210  1319  1486 E ANDR-PERF-OPTSHANDLER: Perflock resource /sys/class/devfreq/soc:qcom,cpubw/min_freq not supported
07-17 14:39:29.210  1319  1486 E ANDR-PERF-RESOURCEQS: Failed to apply optimization [6, 0]
07-17 14:39:29.483  7115  7969 E Battery : AppStats: Uid = 10280; pkgName = com.microsoft.teams; CpuTime = 2611 ms; CpuTotalTime = 2588 ms
07-17 14:39:29.483  7115  7969 E Battery : AppStats: Uid = 10280; pkgName = com.microsoft.teams; CpuKernelTime = 1258 ms; CpuTotalKernelTime = 1247 ms
07-17 14:39:29.483  7115  7969 E Battery : AppStats: Uid = 10280; pkgName = com.microsoft.teams; CpuUserTime = 1353 ms; CpuTotalUserTime = 1341 ms
07-17 14:39:29.483  7115  7969 E Battery : AppStats: Uid = 10280; pkgName = com.microsoft.teams; CpuPower = 0.05106726861111111 mAh.; CpuTotalPower = 0.050613921388888886 mAh.
07-17 14:39:29.483  7115  7969 E Battery : AppStats: Uid = 10280; pkgName = com.microsoft.teams; AlarmWakeupCount = 0; AlarmTotalWakeupCount = 0
07-17 14:39:29.483  7115  7969 E Battery : AppStats: Uid = 10280; pkgName = com.microsoft.teams; JobCount = 2; JobTime = 5374; JobTotalCount = 2; JobTotalTime = 5374
07-17 14:39:29.483  7115  7969 E Battery : AppStats: Uid = 10280; pkgName = com.microsoft.teams; SyncCount = 0; SyncTime = 0; SyncTotalCount = 0; SyncTotalTime = 0
07-17 14:39:29.483  7115  7969 E Battery : AppStats: Uid = 10280; pkgName = com.microsoft.teams; WakeLockTime = 5460 ms; WakeLockPower = 0.0 mAh.; WakeLockTotalTime = 5460 ms; WakeLockTotalPower = 0.009858333333333334 mAh.
07-17 14:39:29.483  7115  7969 E Battery : AppStats: Uid = 10280; pkgName = com.microsoft.teams; MobileRxBytes = 2646843 Bytes; MobileTxBytes = 1128471 Bytes; MobileRxPackets = 3909 ; MobileTxPackets = 4441 ; MobileActiveCount = 8 ; MobileActiveTime = 2941 ; MobileTotalRxBytes = 2158394613 Bytes; MobileTotalTxBytes = 163846016 Bytes; MobileTotalRxPackets = 1940878 ; MobileTotalTxPackets = 916962 ; MobileTotalActiveCount = 7 ; MobileTotalActiveTime = 2784 
07-17 14:39:29.483  7115  7969 E Battery : AppStats: Uid = 10280; pkgName = com.microsoft.teams; MobileRxPacketsPower = 0.004731723851851851 mAh; MobileTxPacketsPower = 0.005375693432098766 mAh; MobileTotalPower = 0.010107417283950617 mAh; MobileTotalRxPacketsPower = 2.3493729153580243 mAh; MobileTotalTxPacketsPower = 1.1099541997037037 mAh; MobileTotalTotalPower = 3.459327115061728 mAh
07-17 14:39:29.483  7115  7969 E Battery : AppStats: Uid = 10280; pkgName = com.microsoft.teams; GpsTime = 0 ms; GpsTotalTime = 0 ms
07-17 14:39:29.483  7115  7969 E Battery : AppStats: Uid = 10280; pkgName = com.microsoft.teams; GpsPower = 0.0 mAh; GpsTotalPower = 0.0 mAh
07-17 14:39:29.483  7115  7969 E Battery : AppStats: Uid = 10280; pkgName = com.microsoft.teams; SensorTime = 0 ms; SensorTotalTime = 0 ms
07-17 14:39:29.483  7115  7969 E Battery : AppStats: Uid = 10280; pkgName = com.microsoft.teams; SensorPower = 0.0 mAh; SensorTotalPower = 0.0 mAh
07-17 14:39:29.483  7115  7969 E Battery : AppStats: Uid = 10280; pkgName = com.microsoft.teams; CameraTime = 0 ms; CameraTotalTime = 0 ms
07-17 14:39:29.483  7115  7969 E Battery : AppStats: Uid = 10280; pkgName = com.microsoft.teams; CameraPower = 0.0 mAh; CameraTotalPower = 0.0 ms
07-17 14:39:29.483  7115  7969 E Battery : AppStats: Uid = 10280; pkgName = com.microsoft.teams; FlashLightTime = 0 ms; FlashLightTotalTime = 0 ms
07-17 14:39:29.483  7115  7969 E Battery : AppStats: Uid = 10280; pkgName = com.microsoft.teams; FlashLightPower = 0.0 mAh; FlashLightTotalPower = 0.0 mAh
07-17 14:39:29.492  7115  7969 E Battery : AppStats: Uid = 11001; pkgName = com.instagram.android; CpuTime = 3921263 ms; CpuTotalTime = 617333 ms
07-17 14:39:29.492  7115  7969 E Battery : AppStats: Uid = 11001; pkgName = com.instagram.android; CpuKernelTime = 1040398 ms; CpuTotalKernelTime = 213638 ms
07-17 14:39:29.492  7115  7969 E Battery : AppStats: Uid = 11001; pkgName = com.instagram.android; CpuUserTime = 2880865 ms; CpuTotalUserTime = 403695 ms
07-17 14:39:29.492  7115  7969 E Battery : AppStats: Uid = 11001; pkgName = com.instagram.android; CpuPower = 35.932554269444445 mAh.; CpuTotalPower = 11.568088028055584 mAh.
07-17 14:39:29.492  7115  7969 E Battery : AppStats: Uid = 11001; pkgName = com.instagram.android; AlarmWakeupCount = 4; AlarmTotalWakeupCount = 3
07-17 14:39:29.492  7115  7969 E Battery : AppStats: Uid = 11001; pkgName = com.instagram.android; JobCount = 18; JobTime = 66019; JobTotalCount = 8; JobTotalTime = 39152
07-17 14:39:29.492  7115  7969 E Battery : AppStats: Uid = 11001; pkgName = com.instagram.android; SyncCount = 0; SyncTime = 0; SyncTotalCount = 0; SyncTotalTime = 0
07-17 14:39:29.492  7115  7969 E Battery : AppStats: Uid = 11001; pkgName = com.instagram.android; WakeLockTime = 51822 ms; WakeLockPower = 0.0 mAh.; WakeLockTotalTime = 38438 ms; WakeLockTotalPower = 0.06940194444444445 mAh.
07-17 14:39:29.492  7115  7969 E Battery : AppStats: Uid = 11001; pkgName = com.instagram.android; MobileRxBytes = 39505540337 Bytes; MobileTxBytes = 4720981339 Bytes; MobileRxPackets = 35124563 ; MobileTxPackets = 7619728 ; MobileActiveCount = 848 ; MobileActiveTime = 5986437 ; MobileTotalRxBytes = 58514043 Bytes; MobileTotalTxBytes = 10648786 Bytes; MobileTotalRxPackets = 58314 ; MobileTotalTxPackets = 19684 ; MobileTotalActiveCount = 399 ; MobileTotalActiveTime = 1681140 
07-17 14:39:29.492  7115  7969 E Battery : AppStats: Uid = 11001; pkgName = com.instagram.android; MobileRxPacketsPower = 42.51719942004938 mAh; MobileTxPacketsPower = 9.223445567209877 mAh; MobileTotalPower = 51.74064498725926 mAh; MobileTotalRxPacketsPower = 0.07058729718516332 mAh; MobileTotalTxPacketsPower = 0.02382687446913323 mAh; MobileTotalTotalPower = 0.0944141716543001 mAh
07-17 14:39:29.492  7115  7969 E Battery : AppStats: Uid = 11001; pkgName = com.instagram.android; GpsTime = 0 ms; GpsTotalTime = 0 ms
07-17 14:39:29.493  7115  7969 E Battery : AppStats: Uid = 11001; pkgName = com.instagram.android; GpsPower = 0.0 mAh; GpsTotalPower = 0.0 mAh
07-17 14:39:29.493  7115  7969 E Battery : AppStats: Uid = 11001; pkgName = com.instagram.android; SensorTime = 920052 ms; SensorTotalTime = 29486 ms
07-17 14:39:29.493  7115  7969 E Battery : AppStats: Uid = 11001; pkgName = com.instagram.android; SensorPower = 0.3616315424442291 mAh; SensorTotalPower = 0.011589616537094116 mAh
07-17 14:39:29.493  7115  7969 E Battery : AppStats: Uid = 11001; pkgName = com.instagram.android; CameraTime = 1789 ms; CameraTotalTime = 0 ms
07-17 14:39:29.493  7115  7969 E Battery : AppStats: Uid = 11001; pkgName = com.instagram.android; CameraPower = 0.26437444444444447 mAh; CameraTotalPower = 0.0 ms
07-17 14:39:29.493  7115  7969 E Battery : AppStats: Uid = 11001; pkgName = com.instagram.android; FlashLightTime = 0 ms; FlashLightTotalTime = 0 ms
07-17 14:39:29.493  7115  7969 E Battery : AppStats: Uid = 11001; pkgName = com.instagram.android; FlashLightPower = 0.0 mAh; FlashLightTotalPower = 0.0 mAh
07-17 14:39:29.503  7115  7969 E Battery : AppStats: Uid = 10301; pkgName = com.jio.myjio; CpuTime = 136116 ms; CpuTotalTime = 56846 ms
07-17 14:39:29.503  7115  7969 E Battery : AppStats: Uid = 10301; pkgName = com.jio.myjio; CpuKernelTime = 48185 ms; CpuTotalKernelTime = 18922 ms
07-17 14:39:29.503  7115  7969 E Battery : AppStats: Uid = 10301; pkgName = com.jio.myjio; CpuUserTime = 87931 ms; CpuTotalUserTime = 37924 ms
07-17 14:39:29.503  7115  7969 E Battery : AppStats: Uid = 10301; pkgName = com.jio.myjio; CpuPower = 2.6406748372222224 mAh.; CpuTotalPower = 1.0852262441666682 mAh.
07-17 14:39:29.503  7115  7969 E Battery : AppStats: Uid = 10301; pkgName = com.jio.myjio; AlarmWakeupCount = 90; AlarmTotalWakeupCount = 63
07-17 14:39:29.503  7115  7969 E Battery : AppStats: Uid = 10301; pkgName = com.jio.myjio; JobCount = 4; JobTime = 4337; JobTotalCount = 2; JobTotalTime = 3040
07-17 14:39:29.503  7115  7969 E Battery : AppStats: Uid = 10301; pkgName = com.jio.myjio; SyncCount = 0; SyncTime = 0; SyncTotalCount = 0; SyncTotalTime = 0
07-17 14:39:29.503  7115  7969 E Battery : AppStats: Uid = 10301; pkgName = com.jio.myjio; WakeLockTime = 17126 ms; WakeLockPower = 0.0 mAh.; WakeLockTotalTime = 8060 ms; WakeLockTotalPower = 0.014552777777777777 mAh.
07-17 14:39:29.503  7115  7969 E Battery : AppStats: Uid = 10301; pkgName = com.jio.myjio; MobileRxBytes = 210889468 Bytes; MobileTxBytes = 35582471 Bytes; MobileRxPackets = 273886 ; MobileTxPackets = 229161 ; MobileActiveCount = 19 ; MobileActiveTime = 3883 ; MobileTotalRxBytes = 74174 Bytes; MobileTotalTxBytes = 34430 Bytes; MobileTotalRxPackets = 178 ; MobileTotalTxPackets = 175 ; MobileTotalActiveCount = 5 ; MobileTotalActiveTime = 1087 
07-17 14:39:29.503  7115  7969 E Battery : AppStats: Uid = 10301; pkgName = com.jio.myjio; MobileRxPacketsPower = 0.3315305497283951 mAh; MobileTxPacketsPower = 0.2773923176296296 mAh; MobileTotalPower = 0.6089228673580247 mAh; MobileTotalRxPacketsPower = 2.154635061728527E-4 mAh; MobileTotalTxPacketsPower = 2.1183209876535214E-4 mAh; MobileTotalTotalPower = 4.272956049383714E-4 mAh
07-17 14:39:29.503  7115  7969 E Battery : AppStats: Uid = 10301; pkgName = com.jio.myjio; GpsTime = 0 ms; GpsTotalTime = 0 ms
07-17 14:39:29.503  7115  7969 E Battery : AppStats: Uid = 10301; pkgName = com.jio.myjio; GpsPower = 0.0 mAh; GpsTotalPower = 0.0 mAh
07-17 14:39:29.503  7115  7969 E Battery : AppStats: Uid = 10301; pkgName = com.jio.myjio; SensorTime = 0 ms; SensorTotalTime = 0 ms
07-17 14:39:29.503  7115  7969 E Battery : AppStats: Uid = 10301; pkgName = com.jio.myjio; SensorPower = 0.0 mAh; SensorTotalPower = 0.0 mAh
07-17 14:39:29.503  7115  7969 E Battery : AppStats: Uid = 10301; pkgName = com.jio.myjio; CameraTime = 0 ms; CameraTotalTime = 0 ms
07-17 14:39:29.503  7115  7969 E Battery : AppStats: Uid = 10301; pkgName = com.jio.myjio; CameraPower = 0.0 mAh; CameraTotalPower = 0.0 ms
07-17 14:39:29.503  7115  7969 E Battery : AppStats: Uid = 10301; pkgName = com.jio.myjio; FlashLightTime = 0 ms; FlashLightTotalTime = 0 ms
07-17 14:39:29.503  7115  7969 E Battery : AppStats: Uid = 10301; pkgName = com.jio.myjio; FlashLightPower = 0.0 mAh; FlashLightTotalPower = 0.0 mAh
07-17 14:39:29.521  7115  7969 E Battery : AppStats: Uid = 10318; pkgName = com.whatsapp; CpuTime = 1352956 ms; CpuTotalTime = 436113 ms
07-17 14:39:29.521  7115  7969 E Battery : AppStats: Uid = 10318; pkgName = com.whatsapp; CpuKernelTime = 541976 ms; CpuTotalKernelTime = 199113 ms
07-17 14:39:29.521  7115  7969 E Battery : AppStats: Uid = 10318; pkgName = com.whatsapp; CpuUserTime = 810980 ms; CpuTotalUserTime = 237000 ms
07-17 14:39:29.521  7115  7969 E Battery : AppStats: Uid = 10318; pkgName = com.whatsapp; CpuPower = 26.54510431888889 mAh.; CpuTotalPower = 8.10429910055556 mAh.
07-17 14:39:29.521  7115  7969 E Battery : AppStats: Uid = 10318; pkgName = com.whatsapp; AlarmWakeupCount = 10; AlarmTotalWakeupCount = 6
07-17 14:39:29.521  7115  7969 E Battery : AppStats: Uid = 10318; pkgName = com.whatsapp; JobCount = 183; JobTime = 4703927; JobTotalCount = 57; JobTotalTime = 3307090
07-17 14:39:29.521  7115  7969 E Battery : AppStats: Uid = 10318; pkgName = com.whatsapp; SyncCount = 13; SyncTime = 108302; SyncTotalCount = 4; SyncTotalTime = 62456
07-17 14:39:29.521  7115  7969 E Battery : AppStats: Uid = 10318; pkgName = com.whatsapp; WakeLockTime = 1004721 ms; WakeLockPower = 0.0 mAh.; WakeLockTotalTime = 606430 ms; WakeLockTotalPower = 1.0949430555555555 mAh.
07-17 14:39:29.521  7115  7969 E Battery : AppStats: Uid = 10318; pkgName = com.whatsapp; MobileRxBytes = 6779292457 Bytes; MobileTxBytes = 974291370 Bytes; MobileRxPackets = 6355640 ; MobileTxPackets = 2655564 ; MobileActiveCount = 824 ; MobileActiveTime = 2837886 ; MobileTotalRxBytes = -4316996906 Bytes; MobileTotalTxBytes = -809079419 Bytes; MobileTotalRxPackets = -4187164 ; MobileTotalTxPackets = -1725635 ; MobileTotalActiveCount = 287 ; MobileTotalActiveTime = 847694 
07-17 14:39:29.522  7115  7969 E Battery : AppStats: Uid = 10318; pkgName = com.whatsapp; MobileRxPacketsPower = 7.693306058271605 mAh; MobileTxPacketsPower = 3.214478260148148 mAh; MobileTotalPower = 10.907784318419754 mAh; MobileTotalRxPacketsPower = -5.068432788543208 mAh; MobileTotalTxPacketsPower = -2.088827907160493 mAh; MobileTotalTotalPower = -7.157260695703702 mAh
07-17 14:39:29.522  7115  7969 E Battery : AppStats: Uid = 10318; pkgName = com.whatsapp; GpsTime = 0 ms; GpsTotalTime = 0 ms
07-17 14:39:29.522  7115  7969 E Battery : AppStats: Uid = 10318; pkgName = com.whatsapp; GpsPower = 0.0 mAh; GpsTotalPower = 0.0 mAh
07-17 14:39:29.522  7115  7969 E Battery : AppStats: Uid = 10318; pkgName = com.whatsapp; SensorTime = 311 ms; SensorTotalTime = 0 ms
07-17 14:39:29.522  7115  7969 E Battery : AppStats: Uid = 10318; pkgName = com.whatsapp; SensorPower = 1.2224027886986732E-4 mAh; SensorTotalPower = 0.0 mAh
07-17 14:39:29.522  7115  7969 E Battery : AppStats: Uid = 10318; pkgName = com.whatsapp; CameraTime = 805 ms; CameraTotalTime = 0 ms
07-17 14:39:29.522  7115  7969 E Battery : AppStats: Uid = 10318; pkgName = com.whatsapp; CameraPower = 0.11896111111111111 mAh; CameraTotalPower = 0.0 ms
07-17 14:39:29.522  7115  7969 E Battery : AppStats: Uid = 10318; pkgName = com.whatsapp; FlashLightTime = 0 ms; FlashLightTotalTime = 0 ms
07-17 14:39:29.522  7115  7969 E Battery : AppStats: Uid = 10318; pkgName = com.whatsapp; FlashLightPower = 0.0 mAh; FlashLightTotalPower = 0.0 mAh
07-17 14:39:29.532  7115  7969 E Battery : AppStats: Uid = 10273; pkgName = com.nearme.gamecenter; CpuTime = 28128 ms; CpuTotalTime = 12446 ms
07-17 14:39:29.532  7115  7969 E Battery : AppStats: Uid = 10273; pkgName = com.nearme.gamecenter; CpuKernelTime = 13375 ms; CpuTotalKernelTime = 4826 ms
07-17 14:39:29.532  7115  7969 E Battery : AppStats: Uid = 10273; pkgName = com.nearme.gamecenter; CpuUserTime = 14753 ms; CpuTotalUserTime = 7620 ms
07-17 14:39:29.532  7115  7969 E Battery : AppStats: Uid = 10273; pkgName = com.nearme.gamecenter; CpuPower = 0.5604609047222222 mAh.; CpuTotalPower = 0.23614883694444438 mAh.
07-17 14:39:29.532  7115  7969 E Battery : AppStats: Uid = 10273; pkgName = com.nearme.gamecenter; AlarmWakeupCount = 6; AlarmTotalWakeupCount = 5
07-17 14:39:29.532  7115  7969 E Battery : AppStats: Uid = 10273; pkgName = com.nearme.gamecenter; JobCount = 0; JobTime = 0; JobTotalCount = 0; JobTotalTime = 0
07-17 14:39:29.532  7115  7969 E Battery : AppStats: Uid = 10273; pkgName = com.nearme.gamecenter; SyncCount = 0; SyncTime = 0; SyncTotalCount = 0; SyncTotalTime = 0
07-17 14:39:29.532  7115  7969 E Battery : AppStats: Uid = 10273; pkgName = com.nearme.gamecenter; WakeLockTime = 3482 ms; WakeLockPower = 0.0 mAh.; WakeLockTotalTime = 3291 ms; WakeLockTotalPower = 0.005942083333333333 mAh.
07-17 14:39:29.532  7115  7969 E Battery : AppStats: Uid = 10273; pkgName = com.nearme.gamecenter; MobileRxBytes = 25592696 Bytes; MobileTxBytes = 15433656 Bytes; MobileRxPackets = 52042 ; MobileTxPackets = 54458 ; MobileActiveCount = 33 ; MobileActiveTime = 104365 ; MobileTotalRxBytes = 91636 Bytes; MobileTotalTxBytes = 84271 Bytes; MobileTotalRxPackets = 265 ; MobileTotalTxPackets = 300 ; MobileTotalActiveCount = 23 ; MobileTotalActiveTime = 77475 
07-17 14:39:29.532  7115  7969 E Battery : AppStats: Uid = 10273; pkgName = com.nearme.gamecenter; MobileRxPacketsPower = 0.0629952347654321 mAh; MobileTxPacketsPower = 0.06591972819753086 mAh; MobileTotalPower = 0.12891496296296295 mAh; MobileTotalRxPacketsPower = 3.20774320987649E-4 mAh; MobileTotalTxPacketsPower = 3.6314074074073055E-4 mAh; MobileTotalTotalPower = 6.839150617282963E-4 mAh
07-17 14:39:29.532  7115  7969 E Battery : AppStats: Uid = 10273; pkgName = com.nearme.gamecenter; GpsTime = 0 ms; GpsTotalTime = 0 ms
07-17 14:39:29.532  7115  7969 E Battery : AppStats: Uid = 10273; pkgName = com.nearme.gamecenter; GpsPower = 0.0 mAh; GpsTotalPower = 0.0 mAh
07-17 14:39:29.532  7115  7969 E Battery : AppStats: Uid = 10273; pkgName = com.nearme.gamecenter; SensorTime = 0 ms; SensorTotalTime = 0 ms
07-17 14:39:29.532  7115  7969 E Battery : AppStats: Uid = 10273; pkgName = com.nearme.gamecenter; SensorPower = 0.0 mAh; SensorTotalPower = 0.0 mAh
07-17 14:39:29.532  7115  7969 E Battery : AppStats: Uid = 10273; pkgName = com.nearme.gamecenter; CameraTime = 0 ms; CameraTotalTime = 0 ms
07-17 14:39:29.532  7115  7969 E Battery : AppStats: Uid = 10273; pkgName = com.nearme.gamecenter; CameraPower = 0.0 mAh; CameraTotalPower = 0.0 ms
07-17 14:39:29.532  7115  7969 E Battery : AppStats: Uid = 10273; pkgName = com.nearme.gamecenter; FlashLightTime = 0 ms; FlashLightTotalTime = 0 ms
07-17 14:39:29.532  7115  7969 E Battery : AppStats: Uid = 10273; pkgName = com.nearme.gamecenter; FlashLightPower = 0.0 mAh; FlashLightTotalPower = 0.0 mAh
07-17 14:39:29.538  7115  7969 E Battery : AppStats: Uid = 10343; pkgName = sun.way2sms.hyd.com; CpuTime = 62670 ms; CpuTotalTime = 22472 ms
07-17 14:39:29.539  7115  7969 E Battery : AppStats: Uid = 10343; pkgName = sun.way2sms.hyd.com; CpuKernelTime = 22776 ms; CpuTotalKernelTime = 7862 ms
07-17 14:39:29.539  7115  7969 E Battery : AppStats: Uid = 10343; pkgName = sun.way2sms.hyd.com; CpuUserTime = 39894 ms; CpuTotalUserTime = 14610 ms
07-17 14:39:29.539  7115  7969 E Battery : AppStats: Uid = 10343; pkgName = sun.way2sms.hyd.com; CpuPower = 1.0737303077777778 mAh.; CpuTotalPower = 0.3811933430555557 mAh.
07-17 14:39:29.539  7115  7969 E Battery : AppStats: Uid = 10343; pkgName = sun.way2sms.hyd.com; AlarmWakeupCount = 0; AlarmTotalWakeupCount = 0
07-17 14:39:29.539  7115  7969 E Battery : AppStats: Uid = 10343; pkgName = sun.way2sms.hyd.com; JobCount = 1; JobTime = 1875; JobTotalCount = 1; JobTotalTime = 1875
07-17 14:39:29.539  7115  7969 E Battery : AppStats: Uid = 10343; pkgName = sun.way2sms.hyd.com; SyncCount = 0; SyncTime = 0; SyncTotalCount = 0; SyncTotalTime = 0
07-17 14:39:29.539  7115  7969 E Battery : AppStats: Uid = 10343; pkgName = sun.way2sms.hyd.com; WakeLockTime = 29139 ms; WakeLockPower = 0.0 mAh.; WakeLockTotalTime = 17058 ms; WakeLockTotalPower = 0.030799166666666666 mAh.
07-17 14:39:29.539  7115  7969 E Battery : AppStats: Uid = 10343; pkgName = sun.way2sms.hyd.com; MobileRxBytes = 2158407271 Bytes; MobileTxBytes = 163849784 Bytes; MobileRxPackets = 1940902 ; MobileTxPackets = 916985 ; MobileActiveCount = 94 ; MobileActiveTime = 111980 ; MobileTotalRxBytes = 1867606 Bytes; MobileTotalTxBytes = 231868 Bytes; MobileTotalRxPackets = 1999 ; MobileTotalTxPackets = 1357 ; MobileTotalActiveCount = 35 ; MobileTotalActiveTime = 63042 
07-17 14:39:29.539  7115  7969 E Battery : AppStats: Uid = 10343; pkgName = sun.way2sms.hyd.com; MobileRxPacketsPower = 2.349401966617284 mAh; MobileTxPacketsPower = 1.1099820404938272 mAh; MobileTotalPower = 3.459384007111111 mAh; MobileTotalRxPacketsPower = 0.0024197278024691293 mAh; MobileTotalTxPacketsPower = 0.0016426066172841036 mAh; MobileTotalTotalPower = 0.004062334419751679 mAh
07-17 14:39:29.539  7115  7969 E Battery : AppStats: Uid = 10343; pkgName = sun.way2sms.hyd.com; GpsTime = 0 ms; GpsTotalTime = 0 ms
07-17 14:39:29.539  7115  7969 E Battery : AppStats: Uid = 10343; pkgName = sun.way2sms.hyd.com; GpsPower = 0.0 mAh; GpsTotalPower = 0.0 mAh
07-17 14:39:29.539  7115  7969 E Battery : AppStats: Uid = 10343; pkgName = sun.way2sms.hyd.com; SensorTime = 3426699 ms; SensorTotalTime = 1357322 ms
07-17 14:39:29.539  7115  7969 E Battery : AppStats: Uid = 10343; pkgName = sun.way2sms.hyd.com; SensorPower = 0.840773344039917 mAh; SensorTotalPower = 0.35518863797187805 mAh
07-17 14:39:29.539  7115  7969 E Battery : AppStats: Uid = 10343; pkgName = sun.way2sms.hyd.com; CameraTime = 0 ms; CameraTotalTime = 0 ms
07-17 14:39:29.539  7115  7969 E Battery : AppStats: Uid = 10343; pkgName = sun.way2sms.hyd.com; CameraPower = 0.0 mAh; CameraTotalPower = 0.0 ms
07-17 14:39:29.539  7115  7969 E Battery : AppStats: Uid = 10343; pkgName = sun.way2sms.hyd.com; FlashLightTime = 0 ms; FlashLightTotalTime = 0 ms
07-17 14:39:29.539  7115  7969 E Battery : AppStats: Uid = 10343; pkgName = sun.way2sms.hyd.com; FlashLightPower = 0.0 mAh; FlashLightTotalPower = 0.0 mAh
07-17 14:39:29.548  7115  7969 E Battery : AppStats: Uid = 10284; pkgName = in.startv.hotstar; CpuTime = 16557 ms; CpuTotalTime = 3472 ms
07-17 14:39:29.548  7115  7969 E Battery : AppStats: Uid = 10284; pkgName = in.startv.hotstar; CpuKernelTime = 5754 ms; CpuTotalKernelTime = 1237 ms
07-17 14:39:29.548  7115  7969 E Battery : AppStats: Uid = 10284; pkgName = in.startv.hotstar; CpuUserTime = 10803 ms; CpuTotalUserTime = 2235 ms
07-17 14:39:29.548  7115  7969 E Battery : AppStats: Uid = 10284; pkgName = in.startv.hotstar; CpuPower = 0.3312239038888889 mAh.; CpuTotalPower = 0.06970584777777777 mAh.
07-17 14:39:29.548  7115  7969 E Battery : AppStats: Uid = 10284; pkgName = in.startv.hotstar; AlarmWakeupCount = 0; AlarmTotalWakeupCount = 0
07-17 14:39:29.548  7115  7969 E Battery : AppStats: Uid = 10284; pkgName = in.startv.hotstar; JobCount = 1; JobTime = 1932; JobTotalCount = 0; JobTotalTime = 0
07-17 14:39:29.548  7115  7969 E Battery : AppStats: Uid = 10284; pkgName = in.startv.hotstar; SyncCount = 0; SyncTime = 0; SyncTotalCount = 0; SyncTotalTime = 0
07-17 14:39:29.548  7115  7969 E Battery : AppStats: Uid = 10284; pkgName = in.startv.hotstar; WakeLockTime = 7422 ms; WakeLockPower = 0.0 mAh.; WakeLockTotalTime = 9 ms; WakeLockTotalPower = 1.625E-5 mAh.
