07-17 14:10:12.569  7708  7708 E AndroidRuntime: 	at androidx.core.app.CoreComponentFactory.instantiateActivity(CoreComponentFactory.java:44)
07-17 14:10:12.569  7708  7708 E AndroidRuntime: 	at android.app.Instrumentation.newActivity(Instrumentation.java:1347)
07-17 14:10:12.569  7708  7708 E AndroidRuntime: 	at android.app.ActivityThread.performLaunchActivity(ActivityThread.java:3740)
07-17 14:10:12.569  7708  7708 E AndroidRuntime: 	... 12 more
07-17 14:19:12.889 10937 10937 E AndroidRuntime: FATAL EXCEPTION: main
07-17 14:19:12.889 10937 10937 E AndroidRuntime: Process: com.example.ecommerce_app, PID: 10937
07-17 14:19:12.889 10937 10937 E AndroidRuntime: java.lang.RuntimeException: Unable to instantiate activity ComponentInfo{com.example.ecommerce_app/com.example.ecommerce_app.MainActivity}: java.lang.ClassNotFoundException: Didn't find class "com.example.ecommerce_app.MainActivity" on path: DexPathList[[zip file "/data/app/~~xv8-Hzn65zdomQ5h0nqM1g==/com.example.ecommerce_app-MLZv3z_D1q4-V0RIINHnrg==/base.apk"],nativeLibraryDirectories=[/data/app/~~xv8-Hzn65zdomQ5h0nqM1g==/com.example.ecommerce_app-MLZv3z_D1q4-V0RIINHnrg==/lib/arm64, /data/app/~~xv8-Hzn65zdomQ5h0nqM1g==/com.example.ecommerce_app-MLZv3z_D1q4-V0RIINHnrg==/base.apk!/lib/arm64-v8a, /system/lib64, /system_ext/lib64]]
07-17 14:19:12.889 10937 10937 E AndroidRuntime: 	at android.app.ActivityThread.performLaunchActivity(ActivityThread.java:3753)
07-17 14:19:12.889 10937 10937 E AndroidRuntime: 	at android.app.ActivityThread.handleLaunchActivity(ActivityThread.java:4006)
07-17 14:19:12.889 10937 10937 E AndroidRuntime: 	at android.app.servertransaction.LaunchActivityItem.execute(LaunchActivityItem.java:111)
07-17 14:19:12.889 10937 10937 E AndroidRuntime: 	at android.app.servertransaction.TransactionExecutor.executeCallbacks(TransactionExecutor.java:135)
07-17 14:19:12.889 10937 10937 E AndroidRuntime: 	at android.app.servertransaction.TransactionExecutor.execute(TransactionExecutor.java:95)
07-17 14:19:12.889 10937 10937 E AndroidRuntime: 	at android.app.ActivityThread$H.handleMessage(ActivityThread.java:2462)
07-17 14:19:12.889 10937 10937 E AndroidRuntime: 	at android.os.Handler.dispatchMessage(Handler.java:106)
07-17 14:19:12.889 10937 10937 E AndroidRuntime: 	at android.os.Looper.loopOnce(Looper.java:240)
07-17 14:19:12.889 10937 10937 E AndroidRuntime: 	at android.os.Looper.loop(Looper.java:351)
07-17 14:19:12.889 10937 10937 E AndroidRuntime: 	at android.app.ActivityThread.main(ActivityThread.java:8377)
07-17 14:19:12.889 10937 10937 E AndroidRuntime: 	at java.lang.reflect.Method.invoke(Native Method)
07-17 14:19:12.889 10937 10937 E AndroidRuntime: 	at com.android.internal.os.RuntimeInit$MethodAndArgsCaller.run(RuntimeInit.java:584)
07-17 14:19:12.889 10937 10937 E AndroidRuntime: 	at com.android.internal.os.ZygoteInit.main(ZygoteInit.java:1013)
07-17 14:19:12.889 10937 10937 E AndroidRuntime: Caused by: java.lang.ClassNotFoundException: Didn't find class "com.example.ecommerce_app.MainActivity" on path: DexPathList[[zip file "/data/app/~~xv8-Hzn65zdomQ5h0nqM1g==/com.example.ecommerce_app-MLZv3z_D1q4-V0RIINHnrg==/base.apk"],nativeLibraryDirectories=[/data/app/~~xv8-Hzn65zdomQ5h0nqM1g==/com.example.ecommerce_app-MLZv3z_D1q4-V0RIINHnrg==/lib/arm64, /data/app/~~xv8-Hzn65zdomQ5h0nqM1g==/com.example.ecommerce_app-MLZv3z_D1q4-V0RIINHnrg==/base.apk!/lib/arm64-v8a, /system/lib64, /system_ext/lib64]]
07-17 14:19:12.889 10937 10937 E AndroidRuntime: 	at dalvik.system.BaseDexClassLoader.findClass(BaseDexClassLoader.java:259)
07-17 14:19:12.889 10937 10937 E AndroidRuntime: 	at java.lang.ClassLoader.loadClass(ClassLoader.java:644)
07-17 14:19:12.889 10937 10937 E AndroidRuntime: 	at java.lang.ClassLoader.loadClass(ClassLoader.java:580)
07-17 14:19:12.889 10937 10937 E AndroidRuntime: 	at android.app.AppComponentFactory.instantiateActivity(AppComponentFactory.java:95)
07-17 14:19:12.889 10937 10937 E AndroidRuntime: 	at androidx.core.app.CoreComponentFactory.instantiateActivity(CoreComponentFactory.java:44)
07-17 14:19:12.889 10937 10937 E AndroidRuntime: 	at android.app.Instrumentation.newActivity(Instrumentation.java:1347)
07-17 14:19:12.889 10937 10937 E AndroidRuntime: 	at android.app.ActivityThread.performLaunchActivity(ActivityThread.java:3740)
07-17 14:19:12.889 10937 10937 E AndroidRuntime: 	... 12 more
07-17 14:19:18.300 15669 15669 E AndroidRuntime: FATAL EXCEPTION: main
07-17 14:19:18.300 15669 15669 E AndroidRuntime: Process: com.example.ecommerce_app, PID: 15669
07-17 14:19:18.300 15669 15669 E AndroidRuntime: java.lang.RuntimeException: Unable to instantiate activity ComponentInfo{com.example.ecommerce_app/com.example.ecommerce_app.MainActivity}: java.lang.ClassNotFoundException: Didn't find class "com.example.ecommerce_app.MainActivity" on path: DexPathList[[zip file "/data/app/~~xv8-Hzn65zdomQ5h0nqM1g==/com.example.ecommerce_app-MLZv3z_D1q4-V0RIINHnrg==/base.apk"],nativeLibraryDirectories=[/data/app/~~xv8-Hzn65zdomQ5h0nqM1g==/com.example.ecommerce_app-MLZv3z_D1q4-V0RIINHnrg==/lib/arm64, /data/app/~~xv8-Hzn65zdomQ5h0nqM1g==/com.example.ecommerce_app-MLZv3z_D1q4-V0RIINHnrg==/base.apk!/lib/arm64-v8a, /system/lib64, /system_ext/lib64]]
07-17 14:19:18.300 15669 15669 E AndroidRuntime: 	at android.app.ActivityThread.performLaunchActivity(ActivityThread.java:3753)
07-17 14:19:18.300 15669 15669 E AndroidRuntime: 	at android.app.ActivityThread.handleLaunchActivity(ActivityThread.java:4006)
07-17 14:19:18.300 15669 15669 E AndroidRuntime: 	at android.app.servertransaction.LaunchActivityItem.execute(LaunchActivityItem.java:111)
07-17 14:19:18.300 15669 15669 E AndroidRuntime: 	at android.app.servertransaction.TransactionExecutor.executeCallbacks(TransactionExecutor.java:135)
07-17 14:19:18.300 15669 15669 E AndroidRuntime: 	at android.app.servertransaction.TransactionExecutor.execute(TransactionExecutor.java:95)
07-17 14:19:18.300 15669 15669 E AndroidRuntime: 	at android.app.ActivityThread$H.handleMessage(ActivityThread.java:2462)
07-17 14:19:18.300 15669 15669 E AndroidRuntime: 	at android.os.Handler.dispatchMessage(Handler.java:106)
07-17 14:19:18.300 15669 15669 E AndroidRuntime: 	at android.os.Looper.loopOnce(Looper.java:240)
07-17 14:19:18.300 15669 15669 E AndroidRuntime: 	at android.os.Looper.loop(Looper.java:351)
07-17 14:19:18.300 15669 15669 E AndroidRuntime: 	at android.app.ActivityThread.main(ActivityThread.java:8377)
07-17 14:19:18.300 15669 15669 E AndroidRuntime: 	at java.lang.reflect.Method.invoke(Native Method)
07-17 14:19:18.300 15669 15669 E AndroidRuntime: 	at com.android.internal.os.RuntimeInit$MethodAndArgsCaller.run(RuntimeInit.java:584)
07-17 14:19:18.300 15669 15669 E AndroidRuntime: 	at com.android.internal.os.ZygoteInit.main(ZygoteInit.java:1013)
07-17 14:19:18.300 15669 15669 E AndroidRuntime: Caused by: java.lang.ClassNotFoundException: Didn't find class "com.example.ecommerce_app.MainActivity" on path: DexPathList[[zip file "/data/app/~~xv8-Hzn65zdomQ5h0nqM1g==/com.example.ecommerce_app-MLZv3z_D1q4-V0RIINHnrg==/base.apk"],nativeLibraryDirectories=[/data/app/~~xv8-Hzn65zdomQ5h0nqM1g==/com.example.ecommerce_app-MLZv3z_D1q4-V0RIINHnrg==/lib/arm64, /data/app/~~xv8-Hzn65zdomQ5h0nqM1g==/com.example.ecommerce_app-MLZv3z_D1q4-V0RIINHnrg==/base.apk!/lib/arm64-v8a, /system/lib64, /system_ext/lib64]]
07-17 14:19:18.300 15669 15669 E AndroidRuntime: 	at dalvik.system.BaseDexClassLoader.findClass(BaseDexClassLoader.java:259)
07-17 14:19:18.300 15669 15669 E AndroidRuntime: 	at java.lang.ClassLoader.loadClass(ClassLoader.java:644)
07-17 14:19:18.300 15669 15669 E AndroidRuntime: 	at java.lang.ClassLoader.loadClass(ClassLoader.java:580)
07-17 14:19:18.300 15669 15669 E AndroidRuntime: 	at android.app.AppComponentFactory.instantiateActivity(AppComponentFactory.java:95)
07-17 14:19:18.300 15669 15669 E AndroidRuntime: 	at androidx.core.app.CoreComponentFactory.instantiateActivity(CoreComponentFactory.java:44)
07-17 14:19:18.300 15669 15669 E AndroidRuntime: 	at android.app.Instrumentation.newActivity(Instrumentation.java:1347)
07-17 14:19:18.300 15669 15669 E AndroidRuntime: 	at android.app.ActivityThread.performLaunchActivity(ActivityThread.java:3740)
07-17 14:19:18.300 15669 15669 E AndroidRuntime: 	... 12 more
07-17 14:22:19.277 16294 16294 E AndroidRuntime: FATAL EXCEPTION: main
07-17 14:22:19.277 16294 16294 E AndroidRuntime: Process: com.example.ecommerce_app, PID: 16294
07-17 14:22:19.277 16294 16294 E AndroidRuntime: java.lang.RuntimeException: Unable to instantiate activity ComponentInfo{com.example.ecommerce_app/com.example.ecommerce_app.MainActivity}: java.lang.ClassNotFoundException: Didn't find class "com.example.ecommerce_app.MainActivity" on path: DexPathList[[zip file "/data/app/~~xv8-Hzn65zdomQ5h0nqM1g==/com.example.ecommerce_app-MLZv3z_D1q4-V0RIINHnrg==/base.apk"],nativeLibraryDirectories=[/data/app/~~xv8-Hzn65zdomQ5h0nqM1g==/com.example.ecommerce_app-MLZv3z_D1q4-V0RIINHnrg==/lib/arm64, /data/app/~~xv8-Hzn65zdomQ5h0nqM1g==/com.example.ecommerce_app-MLZv3z_D1q4-V0RIINHnrg==/base.apk!/lib/arm64-v8a, /system/lib64, /system_ext/lib64]]
07-17 14:22:19.277 16294 16294 E AndroidRuntime: 	at android.app.ActivityThread.performLaunchActivity(ActivityThread.java:3753)
07-17 14:22:19.277 16294 16294 E AndroidRuntime: 	at android.app.ActivityThread.handleLaunchActivity(ActivityThread.java:4006)
07-17 14:22:19.277 16294 16294 E AndroidRuntime: 	at android.app.servertransaction.LaunchActivityItem.execute(LaunchActivityItem.java:111)
07-17 14:22:19.277 16294 16294 E AndroidRuntime: 	at android.app.servertransaction.TransactionExecutor.executeCallbacks(TransactionExecutor.java:135)
07-17 14:22:19.277 16294 16294 E AndroidRuntime: 	at android.app.servertransaction.TransactionExecutor.execute(TransactionExecutor.java:95)
07-17 14:22:19.277 16294 16294 E AndroidRuntime: 	at android.app.ActivityThread$H.handleMessage(ActivityThread.java:2462)
07-17 14:22:19.277 16294 16294 E AndroidRuntime: 	at android.os.Handler.dispatchMessage(Handler.java:106)
07-17 14:22:19.277 16294 16294 E AndroidRuntime: 	at android.os.Looper.loopOnce(Looper.java:240)
07-17 14:22:19.277 16294 16294 E AndroidRuntime: 	at android.os.Looper.loop(Looper.java:351)
07-17 14:22:19.277 16294 16294 E AndroidRuntime: 	at android.app.ActivityThread.main(ActivityThread.java:8377)
07-17 14:22:19.277 16294 16294 E AndroidRuntime: 	at java.lang.reflect.Method.invoke(Native Method)
07-17 14:22:19.277 16294 16294 E AndroidRuntime: 	at com.android.internal.os.RuntimeInit$MethodAndArgsCaller.run(RuntimeInit.java:584)
07-17 14:22:19.277 16294 16294 E AndroidRuntime: 	at com.android.internal.os.ZygoteInit.main(ZygoteInit.java:1013)
07-17 14:22:19.277 16294 16294 E AndroidRuntime: Caused by: java.lang.ClassNotFoundException: Didn't find class "com.example.ecommerce_app.MainActivity" on path: DexPathList[[zip file "/data/app/~~xv8-Hzn65zdomQ5h0nqM1g==/com.example.ecommerce_app-MLZv3z_D1q4-V0RIINHnrg==/base.apk"],nativeLibraryDirectories=[/data/app/~~xv8-Hzn65zdomQ5h0nqM1g==/com.example.ecommerce_app-MLZv3z_D1q4-V0RIINHnrg==/lib/arm64, /data/app/~~xv8-Hzn65zdomQ5h0nqM1g==/com.example.ecommerce_app-MLZv3z_D1q4-V0RIINHnrg==/base.apk!/lib/arm64-v8a, /system/lib64, /system_ext/lib64]]
07-17 14:22:19.277 16294 16294 E AndroidRuntime: 	at dalvik.system.BaseDexClassLoader.findClass(BaseDexClassLoader.java:259)
07-17 14:22:19.277 16294 16294 E AndroidRuntime: 	at java.lang.ClassLoader.loadClass(ClassLoader.java:644)
07-17 14:22:19.277 16294 16294 E AndroidRuntime: 	at java.lang.ClassLoader.loadClass(ClassLoader.java:580)
07-17 14:22:19.277 16294 16294 E AndroidRuntime: 	at android.app.AppComponentFactory.instantiateActivity(AppComponentFactory.java:95)
07-17 14:22:19.277 16294 16294 E AndroidRuntime: 	at androidx.core.app.CoreComponentFactory.instantiateActivity(CoreComponentFactory.java:44)
07-17 14:22:19.277 16294 16294 E AndroidRuntime: 	at android.app.Instrumentation.newActivity(Instrumentation.java:1347)
07-17 14:22:19.277 16294 16294 E AndroidRuntime: 	at android.app.ActivityThread.performLaunchActivity(ActivityThread.java:3740)
07-17 14:22:19.277 16294 16294 E AndroidRuntime: 	... 12 more
07-17 14:22:22.401 16438 16438 E AndroidRuntime: FATAL EXCEPTION: main
07-17 14:22:22.401 16438 16438 E AndroidRuntime: Process: com.example.ecommerce_app, PID: 16438
07-17 14:22:22.401 16438 16438 E AndroidRuntime: java.lang.RuntimeException: Unable to instantiate activity ComponentInfo{com.example.ecommerce_app/com.example.ecommerce_app.MainActivity}: java.lang.ClassNotFoundException: Didn't find class "com.example.ecommerce_app.MainActivity" on path: DexPathList[[zip file "/data/app/~~xv8-Hzn65zdomQ5h0nqM1g==/com.example.ecommerce_app-MLZv3z_D1q4-V0RIINHnrg==/base.apk"],nativeLibraryDirectories=[/data/app/~~xv8-Hzn65zdomQ5h0nqM1g==/com.example.ecommerce_app-MLZv3z_D1q4-V0RIINHnrg==/lib/arm64, /data/app/~~xv8-Hzn65zdomQ5h0nqM1g==/com.example.ecommerce_app-MLZv3z_D1q4-V0RIINHnrg==/base.apk!/lib/arm64-v8a, /system/lib64, /system_ext/lib64]]
07-17 14:22:22.401 16438 16438 E AndroidRuntime: 	at android.app.ActivityThread.performLaunchActivity(ActivityThread.java:3753)
07-17 14:22:22.401 16438 16438 E AndroidRuntime: 	at android.app.ActivityThread.handleLaunchActivity(ActivityThread.java:4006)
07-17 14:22:22.401 16438 16438 E AndroidRuntime: 	at android.app.servertransaction.LaunchActivityItem.execute(LaunchActivityItem.java:111)
07-17 14:22:22.401 16438 16438 E AndroidRuntime: 	at android.app.servertransaction.TransactionExecutor.executeCallbacks(TransactionExecutor.java:135)
07-17 14:22:22.401 16438 16438 E AndroidRuntime: 	at android.app.servertransaction.TransactionExecutor.execute(TransactionExecutor.java:95)
07-17 14:22:22.401 16438 16438 E AndroidRuntime: 	at android.app.ActivityThread$H.handleMessage(ActivityThread.java:2462)
07-17 14:22:22.401 16438 16438 E AndroidRuntime: 	at android.os.Handler.dispatchMessage(Handler.java:106)
07-17 14:22:22.401 16438 16438 E AndroidRuntime: 	at android.os.Looper.loopOnce(Looper.java:240)
07-17 14:22:22.401 16438 16438 E AndroidRuntime: 	at android.os.Looper.loop(Looper.java:351)
07-17 14:22:22.401 16438 16438 E AndroidRuntime: 	at android.app.ActivityThread.main(ActivityThread.java:8377)
07-17 14:22:22.401 16438 16438 E AndroidRuntime: 	at java.lang.reflect.Method.invoke(Native Method)
07-17 14:22:22.401 16438 16438 E AndroidRuntime: 	at com.android.internal.os.RuntimeInit$MethodAndArgsCaller.run(RuntimeInit.java:584)
07-17 14:22:22.401 16438 16438 E AndroidRuntime: 	at com.android.internal.os.ZygoteInit.main(ZygoteInit.java:1013)
07-17 14:22:22.401 16438 16438 E AndroidRuntime: Caused by: java.lang.ClassNotFoundException: Didn't find class "com.example.ecommerce_app.MainActivity" on path: DexPathList[[zip file "/data/app/~~xv8-Hzn65zdomQ5h0nqM1g==/com.example.ecommerce_app-MLZv3z_D1q4-V0RIINHnrg==/base.apk"],nativeLibraryDirectories=[/data/app/~~xv8-Hzn65zdomQ5h0nqM1g==/com.example.ecommerce_app-MLZv3z_D1q4-V0RIINHnrg==/lib/arm64, /data/app/~~xv8-Hzn65zdomQ5h0nqM1g==/com.example.ecommerce_app-MLZv3z_D1q4-V0RIINHnrg==/base.apk!/lib/arm64-v8a, /system/lib64, /system_ext/lib64]]
07-17 14:22:22.401 16438 16438 E AndroidRuntime: 	at dalvik.system.BaseDexClassLoader.findClass(BaseDexClassLoader.java:259)
07-17 14:22:22.401 16438 16438 E AndroidRuntime: 	at java.lang.ClassLoader.loadClass(ClassLoader.java:644)
07-17 14:22:22.401 16438 16438 E AndroidRuntime: 	at java.lang.ClassLoader.loadClass(ClassLoader.java:580)
07-17 14:22:22.401 16438 16438 E AndroidRuntime: 	at android.app.AppComponentFactory.instantiateActivity(AppComponentFactory.java:95)
07-17 14:22:22.401 16438 16438 E AndroidRuntime: 	at androidx.core.app.CoreComponentFactory.instantiateActivity(CoreComponentFactory.java:44)
07-17 14:22:22.401 16438 16438 E AndroidRuntime: 	at android.app.Instrumentation.newActivity(Instrumentation.java:1347)
07-17 14:22:22.401 16438 16438 E AndroidRuntime: 	at android.app.ActivityThread.performLaunchActivity(ActivityThread.java:3740)
07-17 14:22:22.401 16438 16438 E AndroidRuntime: 	... 12 more
07-17 14:23:13.871 18083 18083 E AndroidRuntime: FATAL EXCEPTION: main
07-17 14:23:13.871 18083 18083 E AndroidRuntime: Process: com.example.ecommerce_app, PID: 18083
07-17 14:23:13.871 18083 18083 E AndroidRuntime: java.lang.RuntimeException: Unable to instantiate activity ComponentInfo{com.example.ecommerce_app/com.example.ecommerce_app.MainActivity}: java.lang.ClassNotFoundException: Didn't find class "com.example.ecommerce_app.MainActivity" on path: DexPathList[[zip file "/data/app/~~xv8-Hzn65zdomQ5h0nqM1g==/com.example.ecommerce_app-MLZv3z_D1q4-V0RIINHnrg==/base.apk"],nativeLibraryDirectories=[/data/app/~~xv8-Hzn65zdomQ5h0nqM1g==/com.example.ecommerce_app-MLZv3z_D1q4-V0RIINHnrg==/lib/arm64, /data/app/~~xv8-Hzn65zdomQ5h0nqM1g==/com.example.ecommerce_app-MLZv3z_D1q4-V0RIINHnrg==/base.apk!/lib/arm64-v8a, /system/lib64, /system_ext/lib64]]
07-17 14:23:13.871 18083 18083 E AndroidRuntime: 	at android.app.ActivityThread.performLaunchActivity(ActivityThread.java:3753)
07-17 14:23:13.871 18083 18083 E AndroidRuntime: 	at android.app.ActivityThread.handleLaunchActivity(ActivityThread.java:4006)
07-17 14:23:13.871 18083 18083 E AndroidRuntime: 	at android.app.servertransaction.LaunchActivityItem.execute(LaunchActivityItem.java:111)
07-17 14:23:13.871 18083 18083 E AndroidRuntime: 	at android.app.servertransaction.TransactionExecutor.executeCallbacks(TransactionExecutor.java:135)
07-17 14:23:13.871 18083 18083 E AndroidRuntime: 	at android.app.servertransaction.TransactionExecutor.execute(TransactionExecutor.java:95)
07-17 14:23:13.871 18083 18083 E AndroidRuntime: 	at android.app.ActivityThread$H.handleMessage(ActivityThread.java:2462)
07-17 14:23:13.871 18083 18083 E AndroidRuntime: 	at android.os.Handler.dispatchMessage(Handler.java:106)
07-17 14:23:13.871 18083 18083 E AndroidRuntime: 	at android.os.Looper.loopOnce(Looper.java:240)
07-17 14:23:13.871 18083 18083 E AndroidRuntime: 	at android.os.Looper.loop(Looper.java:351)
07-17 14:23:13.871 18083 18083 E AndroidRuntime: 	at android.app.ActivityThread.main(ActivityThread.java:8377)
07-17 14:23:13.871 18083 18083 E AndroidRuntime: 	at java.lang.reflect.Method.invoke(Native Method)
07-17 14:23:13.871 18083 18083 E AndroidRuntime: 	at com.android.internal.os.RuntimeInit$MethodAndArgsCaller.run(RuntimeInit.java:584)
07-17 14:23:13.871 18083 18083 E AndroidRuntime: 	at com.android.internal.os.ZygoteInit.main(ZygoteInit.java:1013)
07-17 14:23:13.871 18083 18083 E AndroidRuntime: Caused by: java.lang.ClassNotFoundException: Didn't find class "com.example.ecommerce_app.MainActivity" on path: DexPathList[[zip file "/data/app/~~xv8-Hzn65zdomQ5h0nqM1g==/com.example.ecommerce_app-MLZv3z_D1q4-V0RIINHnrg==/base.apk"],nativeLibraryDirectories=[/data/app/~~xv8-Hzn65zdomQ5h0nqM1g==/com.example.ecommerce_app-MLZv3z_D1q4-V0RIINHnrg==/lib/arm64, /data/app/~~xv8-Hzn65zdomQ5h0nqM1g==/com.example.ecommerce_app-MLZv3z_D1q4-V0RIINHnrg==/base.apk!/lib/arm64-v8a, /system/lib64, /system_ext/lib64]]
07-17 14:23:13.871 18083 18083 E AndroidRuntime: 	at dalvik.system.BaseDexClassLoader.findClass(BaseDexClassLoader.java:259)
07-17 14:23:13.871 18083 18083 E AndroidRuntime: 	at java.lang.ClassLoader.loadClass(ClassLoader.java:644)
07-17 14:23:13.871 18083 18083 E AndroidRuntime: 	at java.lang.ClassLoader.loadClass(ClassLoader.java:580)
07-17 14:23:13.871 18083 18083 E AndroidRuntime: 	at android.app.AppComponentFactory.instantiateActivity(AppComponentFactory.java:95)
07-17 14:23:13.871 18083 18083 E AndroidRuntime: 	at androidx.core.app.CoreComponentFactory.instantiateActivity(CoreComponentFactory.java:44)
07-17 14:23:13.871 18083 18083 E AndroidRuntime: 	at android.app.Instrumentation.newActivity(Instrumentation.java:1347)
07-17 14:23:13.871 18083 18083 E AndroidRuntime: 	at android.app.ActivityThread.performLaunchActivity(ActivityThread.java:3740)
07-17 14:23:13.871 18083 18083 E AndroidRuntime: 	... 12 more
07-17 14:23:18.669 18211 18211 E AndroidRuntime: FATAL EXCEPTION: main
07-17 14:23:18.669 18211 18211 E AndroidRuntime: Process: com.example.ecommerce_app, PID: 18211
07-17 14:23:18.669 18211 18211 E AndroidRuntime: java.lang.RuntimeException: Unable to instantiate activity ComponentInfo{com.example.ecommerce_app/com.example.ecommerce_app.MainActivity}: java.lang.ClassNotFoundException: Didn't find class "com.example.ecommerce_app.MainActivity" on path: DexPathList[[zip file "/data/app/~~xv8-Hzn65zdomQ5h0nqM1g==/com.example.ecommerce_app-MLZv3z_D1q4-V0RIINHnrg==/base.apk"],nativeLibraryDirectories=[/data/app/~~xv8-Hzn65zdomQ5h0nqM1g==/com.example.ecommerce_app-MLZv3z_D1q4-V0RIINHnrg==/lib/arm64, /data/app/~~xv8-Hzn65zdomQ5h0nqM1g==/com.example.ecommerce_app-MLZv3z_D1q4-V0RIINHnrg==/base.apk!/lib/arm64-v8a, /system/lib64, /system_ext/lib64]]
07-17 14:23:18.669 18211 18211 E AndroidRuntime: 	at android.app.ActivityThread.performLaunchActivity(ActivityThread.java:3753)
07-17 14:23:18.669 18211 18211 E AndroidRuntime: 	at android.app.ActivityThread.handleLaunchActivity(ActivityThread.java:4006)
07-17 14:23:18.669 18211 18211 E AndroidRuntime: 	at android.app.servertransaction.LaunchActivityItem.execute(LaunchActivityItem.java:111)
07-17 14:23:18.669 18211 18211 E AndroidRuntime: 	at android.app.servertransaction.TransactionExecutor.executeCallbacks(TransactionExecutor.java:135)
07-17 14:23:18.669 18211 18211 E AndroidRuntime: 	at android.app.servertransaction.TransactionExecutor.execute(TransactionExecutor.java:95)
07-17 14:23:18.669 18211 18211 E AndroidRuntime: 	at android.app.ActivityThread$H.handleMessage(ActivityThread.java:2462)
07-17 14:23:18.669 18211 18211 E AndroidRuntime: 	at android.os.Handler.dispatchMessage(Handler.java:106)
07-17 14:23:18.669 18211 18211 E AndroidRuntime: 	at android.os.Looper.loopOnce(Looper.java:240)
07-17 14:23:18.669 18211 18211 E AndroidRuntime: 	at android.os.Looper.loop(Looper.java:351)
07-17 14:23:18.669 18211 18211 E AndroidRuntime: 	at android.app.ActivityThread.main(ActivityThread.java:8377)
07-17 14:23:18.669 18211 18211 E AndroidRuntime: 	at java.lang.reflect.Method.invoke(Native Method)
07-17 14:23:18.669 18211 18211 E AndroidRuntime: 	at com.android.internal.os.RuntimeInit$MethodAndArgsCaller.run(RuntimeInit.java:584)
07-17 14:23:18.669 18211 18211 E AndroidRuntime: 	at com.android.internal.os.ZygoteInit.main(ZygoteInit.java:1013)
07-17 14:23:18.669 18211 18211 E AndroidRuntime: Caused by: java.lang.ClassNotFoundException: Didn't find class "com.example.ecommerce_app.MainActivity" on path: DexPathList[[zip file "/data/app/~~xv8-Hzn65zdomQ5h0nqM1g==/com.example.ecommerce_app-MLZv3z_D1q4-V0RIINHnrg==/base.apk"],nativeLibraryDirectories=[/data/app/~~xv8-Hzn65zdomQ5h0nqM1g==/com.example.ecommerce_app-MLZv3z_D1q4-V0RIINHnrg==/lib/arm64, /data/app/~~xv8-Hzn65zdomQ5h0nqM1g==/com.example.ecommerce_app-MLZv3z_D1q4-V0RIINHnrg==/base.apk!/lib/arm64-v8a, /system/lib64, /system_ext/lib64]]
07-17 14:23:18.669 18211 18211 E AndroidRuntime: 	at dalvik.system.BaseDexClassLoader.findClass(BaseDexClassLoader.java:259)
07-17 14:23:18.669 18211 18211 E AndroidRuntime: 	at java.lang.ClassLoader.loadClass(ClassLoader.java:644)
07-17 14:23:18.669 18211 18211 E AndroidRuntime: 	at java.lang.ClassLoader.loadClass(ClassLoader.java:580)
07-17 14:23:18.669 18211 18211 E AndroidRuntime: 	at android.app.AppComponentFactory.instantiateActivity(AppComponentFactory.java:95)
07-17 14:23:18.669 18211 18211 E AndroidRuntime: 	at androidx.core.app.CoreComponentFactory.instantiateActivity(CoreComponentFactory.java:44)
07-17 14:23:18.669 18211 18211 E AndroidRuntime: 	at android.app.Instrumentation.newActivity(Instrumentation.java:1347)
07-17 14:23:18.669 18211 18211 E AndroidRuntime: 	at android.app.ActivityThread.performLaunchActivity(ActivityThread.java:3740)
07-17 14:23:18.669 18211 18211 E AndroidRuntime: 	... 12 more
07-17 14:26:52.154 18758 18758 E AndroidRuntime: FATAL EXCEPTION: main
07-17 14:26:52.154 18758 18758 E AndroidRuntime: Process: com.example.ecommerce_app, PID: 18758
07-17 14:26:52.154 18758 18758 E AndroidRuntime: java.lang.RuntimeException: Unable to instantiate activity ComponentInfo{com.example.ecommerce_app/com.example.ecommerce_app.MainActivity}: java.lang.ClassNotFoundException: Didn't find class "com.example.ecommerce_app.MainActivity" on path: DexPathList[[zip file "/data/app/~~xv8-Hzn65zdomQ5h0nqM1g==/com.example.ecommerce_app-MLZv3z_D1q4-V0RIINHnrg==/base.apk"],nativeLibraryDirectories=[/data/app/~~xv8-Hzn65zdomQ5h0nqM1g==/com.example.ecommerce_app-MLZv3z_D1q4-V0RIINHnrg==/lib/arm64, /data/app/~~xv8-Hzn65zdomQ5h0nqM1g==/com.example.ecommerce_app-MLZv3z_D1q4-V0RIINHnrg==/base.apk!/lib/arm64-v8a, /system/lib64, /system_ext/lib64]]
07-17 14:26:52.154 18758 18758 E AndroidRuntime: 	at android.app.ActivityThread.performLaunchActivity(ActivityThread.java:3753)
07-17 14:26:52.154 18758 18758 E AndroidRuntime: 	at android.app.ActivityThread.handleLaunchActivity(ActivityThread.java:4006)
07-17 14:26:52.154 18758 18758 E AndroidRuntime: 	at android.app.servertransaction.LaunchActivityItem.execute(LaunchActivityItem.java:111)
07-17 14:26:52.154 18758 18758 E AndroidRuntime: 	at android.app.servertransaction.TransactionExecutor.executeCallbacks(TransactionExecutor.java:135)
07-17 14:26:52.154 18758 18758 E AndroidRuntime: 	at android.app.servertransaction.TransactionExecutor.execute(TransactionExecutor.java:95)
07-17 14:26:52.154 18758 18758 E AndroidRuntime: 	at android.app.ActivityThread$H.handleMessage(ActivityThread.java:2462)
07-17 14:26:52.154 18758 18758 E AndroidRuntime: 	at android.os.Handler.dispatchMessage(Handler.java:106)
07-17 14:26:52.154 18758 18758 E AndroidRuntime: 	at android.os.Looper.loopOnce(Looper.java:240)
07-17 14:26:52.154 18758 18758 E AndroidRuntime: 	at android.os.Looper.loop(Looper.java:351)
07-17 14:26:52.154 18758 18758 E AndroidRuntime: 	at android.app.ActivityThread.main(ActivityThread.java:8377)
07-17 14:26:52.154 18758 18758 E AndroidRuntime: 	at java.lang.reflect.Method.invoke(Native Method)
07-17 14:26:52.154 18758 18758 E AndroidRuntime: 	at com.android.internal.os.RuntimeInit$MethodAndArgsCaller.run(RuntimeInit.java:584)
07-17 14:26:52.154 18758 18758 E AndroidRuntime: 	at com.android.internal.os.ZygoteInit.main(ZygoteInit.java:1013)
07-17 14:26:52.154 18758 18758 E AndroidRuntime: Caused by: java.lang.ClassNotFoundException: Didn't find class "com.example.ecommerce_app.MainActivity" on path: DexPathList[[zip file "/data/app/~~xv8-Hzn65zdomQ5h0nqM1g==/com.example.ecommerce_app-MLZv3z_D1q4-V0RIINHnrg==/base.apk"],nativeLibraryDirectories=[/data/app/~~xv8-Hzn65zdomQ5h0nqM1g==/com.example.ecommerce_app-MLZv3z_D1q4-V0RIINHnrg==/lib/arm64, /data/app/~~xv8-Hzn65zdomQ5h0nqM1g==/com.example.ecommerce_app-MLZv3z_D1q4-V0RIINHnrg==/base.apk!/lib/arm64-v8a, /system/lib64, /system_ext/lib64]]
07-17 14:26:52.154 18758 18758 E AndroidRuntime: 	at dalvik.system.BaseDexClassLoader.findClass(BaseDexClassLoader.java:259)
07-17 14:26:52.154 18758 18758 E AndroidRuntime: 	at java.lang.ClassLoader.loadClass(ClassLoader.java:644)
07-17 14:26:52.154 18758 18758 E AndroidRuntime: 	at java.lang.ClassLoader.loadClass(ClassLoader.java:580)
07-17 14:26:52.154 18758 18758 E AndroidRuntime: 	at android.app.AppComponentFactory.instantiateActivity(AppComponentFactory.java:95)
07-17 14:26:52.154 18758 18758 E AndroidRuntime: 	at androidx.core.app.CoreComponentFactory.instantiateActivity(CoreComponentFactory.java:44)
07-17 14:26:52.154 18758 18758 E AndroidRuntime: 	at android.app.Instrumentation.newActivity(Instrumentation.java:1347)
07-17 14:26:52.154 18758 18758 E AndroidRuntime: 	at android.app.ActivityThread.performLaunchActivity(ActivityThread.java:3740)
07-17 14:26:52.154 18758 18758 E AndroidRuntime: 	... 12 more
--------- beginning of system
07-17 14:28:41.450  1313  1313 E android.hardware.wifi@1.0-service: Failed to open directory: Permission denied
07-17 14:28:41.451  1313  1313 E android.hardware.wifi@1.0-service: Error occurred while deleting old tombstone files
07-17 14:28:41.451  1313  1313 E android.hardware.wifi@1.0-service: Error writing files to flash
07-17 14:28:41.854  2094 15907 E AdbDebuggingManager: Caught an exception opening the socket: java.io.IOException: No such file or directory
07-17 14:28:42.130  2094  4267 E OplusCustomizeRestrictionManagerService: isBiometricDisabled start
07-17 14:28:42.171  2094  6854 E OplusCustomizeRestrictionManagerService: getUnlockByFingerprintPolicies fail, return default value.
07-17 14:28:42.235  2094  6854 E OplusCustomizeRestrictionManagerService: getUnlockByFingerprintPolicies fail, return default value.
07-17 14:28:43.857  2094 15907 E AdbDebuggingManager: Caught an exception opening the socket: java.io.IOException: No such file or directory
07-17 14:28:45.861  2094 15907 E AdbDebuggingManager: Caught an exception opening the socket: java.io.IOException: No such file or directory
07-17 14:28:47.869  2094 15907 E AdbDebuggingManager: Caught an exception opening the socket: java.io.IOException: No such file or directory
07-17 14:28:49.877  2094 15907 E AdbDebuggingManager: Caught an exception opening the socket: java.io.IOException: No such file or directory
07-17 14:28:51.882  2094 15907 E AdbDebuggingManager: Caught an exception opening the socket: java.io.IOException: No such file or directory
07-17 14:28:53.888  2094 15907 E AdbDebuggingManager: Caught an exception opening the socket: java.io.IOException: No such file or directory
07-17 14:31:32.282  2094  3717 E OplusCustomizeRestrictionManagerService: isBiometricDisabled start
07-17 14:31:32.283  2094  6828 E OplusCustomizeRestrictionManagerService: isBiometricDisabled start
07-17 14:31:32.404  2094  3064 E AppOps  : attributionTag  not declared in manifest of com.oplus.exsystemservice
07-17 14:31:32.408  2094  3064 E AppOps  : attributionTag  not declared in manifest of com.coloros.assistantscreen
07-17 14:31:33.485  2094 15907 E AdbDebuggingManager: Caught an exception opening the socket: java.io.IOException: No such file or directory
07-17 14:31:41.219  2094 15907 E AdbDebuggingManager: Caught an exception opening the socket: java.io.IOException: No such file or directory
07-17 14:33:38.276  2094  6829 E OplusCustomizeRestrictionManagerService: isBiometricDisabled start
07-17 14:33:38.277  2094  3717 E OplusCustomizeRestrictionManagerService: isBiometricDisabled start
07-17 14:33:38.469  2094  3469 E DeviceIdleController: Tried to add unknown package to power save whitelist: com.oppo.launcher
07-17 14:33:38.470  2094  3469 E DeviceIdleController: Tried to add unknown package to power save whitelist: org.simalliance.openmobileapi.service
07-17 14:33:38.470  2094  3469 E DeviceIdleController: Tried to add unknown package to power save whitelist: com.android.documentsui
07-17 14:33:38.470  2094  3469 E DeviceIdleController: Tried to add unknown package to power save whitelist: com.android.soundrecorder
07-17 14:33:38.470  2094  3469 E DeviceIdleController: Tried to add unknown package to power save whitelist: com.android.defcontainer
07-17 14:33:38.470  2094  3469 E DeviceIdleController: Tried to add unknown package to power save whitelist: com.android.contacts
07-17 14:33:38.470  2094  3469 E DeviceIdleController: Tried to add unknown package to power save whitelist: com.android.mms
07-17 14:33:38.470  2094  3469 E DeviceIdleController: Tried to add unknown package to power save whitelist: com.android.calendar
07-17 14:33:38.470  2094  3469 E DeviceIdleController: Tried to add unknown package to power save whitelist: com.google.android.music
07-17 14:33:38.470  2094  3469 E DeviceIdleController: Tried to add unknown package to power save whitelist: com.android.incallui
07-17 14:33:38.471  2094  3469 E DeviceIdleController: Tried to add unknown package to power save whitelist: com.google.android.syncadapters.contacts
07-17 14:33:38.471  2094  3469 E DeviceIdleController: Tried to add unknown package to power save whitelist: com.android.keyguard
07-17 14:33:38.471  2094  3469 E DeviceIdleController: Tried to add unknown package to power save whitelist: com.google.android.syncadapters.calendar
07-17 14:33:38.471  2094  3469 E DeviceIdleController: Tried to add unknown package to power save whitelist: com.google.android.gsf.login
07-17 14:33:38.471  2094  3469 E DeviceIdleController: Tried to add unknown package to power save whitelist: com.google.android.backuptransport
07-17 14:33:38.471  2094  3469 E DeviceIdleController: Tried to add unknown package to power save whitelist: com.android.calculator2
07-17 14:33:38.471  2094  3469 E DeviceIdleController: Tried to add unknown package to power save whitelist: com.android.deskclock
07-17 14:33:38.471  2094  3469 E DeviceIdleController: Tried to add unknown package to power save whitelist: com.android.captiveportallogin
07-17 14:33:38.472  2094  3469 E DeviceIdleController: Tried to add unknown package to power save whitelist: com.oppoex.afterservice
07-17 14:33:38.472  2094  3469 E DeviceIdleController: Tried to add unknown package to power save whitelist: com.oppo.statistics
07-17 14:33:38.472  2094  3469 E DeviceIdleController: Tried to add unknown package to power save whitelist: com.nearme.romupdate
07-17 14:33:38.472  2094  3469 E DeviceIdleController: Tried to add unknown package to power save whitelist: com.oppo.marketcheck
07-17 14:33:38.472  2094  3469 E DeviceIdleController: Tried to add unknown package to power save whitelist: com.coloros.sau
07-17 14:33:38.472  2094  3469 E DeviceIdleController: Tried to add unknown package to power save whitelist: com.oppo.ota
07-17 14:33:38.472  2094  3469 E DeviceIdleController: Tried to add unknown package to power save whitelist: com.oppo.screenlock.pictorial
07-17 14:33:38.472  2094  3469 E DeviceIdleController: Tried to add unknown package to power save whitelist: com.coloros.simsettings
07-17 14:33:38.473  2094  3469 E DeviceIdleController: Tried to add unknown package to power save whitelist: com.nearme.feedback1
07-17 14:33:38.473  2094  3469 E DeviceIdleController: Tried to add unknown package to power save whitelist: com.oppo.service.account
07-17 14:33:38.473  2094  3469 E DeviceIdleController: Tried to add unknown package to power save whitelist: com.nearme.sync
07-17 14:33:38.473  2094  3469 E DeviceIdleController: Tried to add unknown package to power save whitelist: com.coloros.wirelesssettings
07-17 14:33:38.473  2094  3469 E DeviceIdleController: Tried to add unknown package to power save whitelist: com.android.browser
07-17 14:33:38.473  2094  3469 E DeviceIdleController: Tried to add unknown package to power save whitelist: com.coloros.browser
07-17 14:33:38.473  2094  3469 E DeviceIdleController: Tried to add unknown package to power save whitelist: com.nearme.browser
07-17 14:33:38.473  2094  3469 E DeviceIdleController: Tried to add unknown package to power save whitelist: com.google.android.talk
07-17 14:33:38.474  2094  3469 E DeviceIdleController: Tried to add unknown package to power save whitelist: com.android.email
07-17 14:33:38.474  2094  3469 E DeviceIdleController: Tried to add unknown package to power save whitelist: com.android.exchange
07-17 14:33:38.474  2094  3469 E DeviceIdleController: Tried to add unknown package to power save whitelist: jp.naver.line.android
07-17 14:33:38.474  2094  3469 E DeviceIdleController: Tried to add unknown package to power save whitelist: com.zing.zalo
07-17 14:33:38.474  2094  3469 E DeviceIdleController: Tried to add unknown package to power save whitelist: com.jb.gosms
07-17 14:33:38.474  2094  3469 E DeviceIdleController: Tried to add unknown package to power save whitelist: com.yeecall.app
07-17 14:33:38.474  2094  3469 E DeviceIdleController: Tried to add unknown package to power save whitelist: com.linecorp.linelite
07-17 14:33:38.474  2094  3469 E DeviceIdleController: Tried to add unknown package to power save whitelist: com.revesoft.itelmobiledialer.dialer
07-17 14:33:38.474  2094  3469 E DeviceIdleController: Tried to add unknown package to power save whitelist: com.discord
07-17 14:33:38.474  2094  3469 E DeviceIdleController: Tried to add unknown package to power save whitelist: com.path
07-17 14:33:38.474  2094  3469 E DeviceIdleController: Tried to add unknown package to power save whitelist: com.tumblr
07-17 14:33:38.474  2094  3469 E DeviceIdleController: Tried to add unknown package to power save whitelist: com.askfm
07-17 14:33:38.474  2094  3469 E DeviceIdleController: Tried to add unknown package to power save whitelist: com.myyearbook.m
07-17 14:33:38.474  2094  3469 E DeviceIdleController: Tried to add unknown package to power save whitelist: com.weheartit
07-17 14:33:38.474  2094  3469 E DeviceIdleController: Tried to add unknown package to power save whitelist: com.viettel.mocha.app
07-17 14:33:38.475  2094  3469 E DeviceIdleController: Tried to add unknown package to power save whitelist: com.rediff.mail.and
07-17 14:33:38.475  2094  3469 E DeviceIdleController: Tried to add unknown package to power save whitelist: com.telepacket.tpsmart
07-17 14:33:38.475  2094  3469 E DeviceIdleController: Tried to add unknown package to power save whitelist: com.alibaba.mobileim
07-17 14:33:38.475  2094  3469 E DeviceIdleController: Tried to add unknown package to power save whitelist: finarea.mobilevoip
07-17 14:33:38.475  2094  3469 E DeviceIdleController: Tried to add unknown package to power save whitelist: com.rts.ic.ym
07-17 14:33:38.475  2094  3469 E DeviceIdleController: Tried to add unknown package to power save whitelist: mong.moptt
07-17 14:33:38.475  2094  3469 E DeviceIdleController: Tried to add unknown package to power save whitelist: in.mohalla.sharechat
07-17 14:33:38.475  2094  3469 E DeviceIdleController: Tried to add unknown package to power save whitelist: com.camshare.camfrog.android
07-17 14:33:38.475  2094  3469 E DeviceIdleController: Tried to add unknown package to power save whitelist: com.facebook.katana
07-17 14:33:38.475  2094  3469 E DeviceIdleController: Tried to add unknown package to power save whitelist: com.jiochat.jiochatapp
07-17 14:33:38.475  2094  3469 E DeviceIdleController: Tried to add unknown package to power save whitelist: chat.ola.vn
07-17 14:33:38.475  2094  3469 E DeviceIdleController: Tried to add unknown package to power save whitelist: com.tencent.mobileqq
07-17 14:33:38.476  2094  3469 E DeviceIdleController: Tried to add unknown package to power save whitelist: com.google.android.apps.plus
07-17 14:33:38.476  2094  3469 E DeviceIdleController: Tried to add unknown package to power save whitelist: com.beetalk.app.mm
07-17 14:33:38.477  2094  3469 E DeviceIdleController: Tried to add unknown package to power save whitelist: com.igg.android.im
07-17 14:33:38.477  2094  3469 E DeviceIdleController: Tried to add unknown package to power save whitelist: com.sina.weibo
07-17 14:33:38.477  2094  3469 E DeviceIdleController: Tried to add unknown package to power save whitelist: com.tencent.mobileqqi
07-17 14:33:38.477  2094  3469 E DeviceIdleController: Tried to add unknown package to power save whitelist: com.tencent.mm
07-17 14:33:38.477  2094  3469 E DeviceIdleController: Tried to add unknown package to power save whitelist: com.baidu.map.location
07-17 14:33:38.477  2094  3469 E DeviceIdleController: Tried to add unknown package to power save whitelist: com.amap.android.location
07-17 14:33:38.477  2094  3469 E DeviceIdleController: Tried to add unknown package to power save whitelist: com.alibaba.android.rimet
07-17 14:33:38.477  2094  3469 E DeviceIdleController: Tried to add unknown package to power save whitelist: com.oppo.market
07-17 14:33:38.478  2094  3469 E DeviceIdleController: Tried to add unknown package to power save whitelist: com.heytap.gamecenter
07-17 14:33:38.478  2094  3469 E DeviceIdleController: Tried to add unknown package to power save whitelist: com.coloros.pictorial
07-17 14:33:38.478  2094  3469 E DeviceIdleController: Tried to add unknown package to power save whitelist: com.coloros.mcs
07-17 14:33:38.478  2094  3469 E DeviceIdleController: Tried to add unknown package to power save whitelist: com.coloros.cloud
07-17 14:33:38.478  2094  3469 E DeviceIdleController: Tried to add unknown package to power save whitelist: com.heytap.instant.platform
07-17 14:33:38.478  2094  3469 E DeviceIdleController: Tried to add unknown package to power save whitelist: com.nearme.themespace
07-17 14:33:38.478  2094  3469 E DeviceIdleController: Tried to add unknown package to power save whitelist: com.nearme.themestore
07-17 14:33:38.478  2094  3469 E DeviceIdleController: Tried to add unknown package to power save whitelist: com.heytap.themestore
07-17 14:33:38.478  2094  3469 E DeviceIdleController: Tried to add unknown package to power save whitelist: com.realmestore.app
07-17 14:33:38.478  2094  3469 E DeviceIdleController: Tried to add unknown package to power save whitelist: com.realmecomm.app
07-17 14:33:38.478  2094  3469 E DeviceIdleController: Tried to add unknown package to power save whitelist: com.coloros.videoeditor
07-17 14:33:38.478  2094  3469 E DeviceIdleController: Tried to add unknown package to power save whitelist: sg.gov.tech.bluetrace
07-17 14:33:38.479  2094  3469 E DeviceIdleController: Tried to add unknown package to power save whitelist: fr.gouv.android.stopcovid
07-17 14:33:38.479  2094  3469 E DeviceIdleController: Tried to add unknown package to power save whitelist: covid.trace.morocco
07-17 14:33:38.479  2094  3469 E DeviceIdleController: Tried to add unknown package to power save whitelist: sg.gov.homer
07-17 14:33:38.479  2094  3469 E DeviceIdleController: Tried to add unknown package to power save whitelist: com.coloros.sharescreen
07-17 14:33:38.479  2094  3469 E DeviceIdleController: Tried to add unknown package to power save whitelist: com.oplus.sharescreen
07-17 14:33:38.479  2094  3469 E DeviceIdleController: Tried to add unknown package to power save whitelist: ch.admin.bag.dp3t
07-17 14:33:38.479  2094  3469 E DeviceIdleController: Tried to add unknown package to power save whitelist: com.coloros.backuprestore
07-17 14:33:38.479  2094  3469 E DeviceIdleController: Tried to add unknown package to power save whitelist: com.heytap.cast
07-17 14:33:38.479  2094  3469 E DeviceIdleController: Tried to add unknown package to power save whitelist: com.heytap.synergy
07-17 14:33:38.479  2094  3469 E DeviceIdleController: Tried to add unknown package to power save whitelist: com.oneplus.backuprestore
07-17 14:33:38.479  2094  3469 E DeviceIdleController: Tried to add unknown package to power save whitelist: net.oneplus.launcher
07-17 14:33:38.479  2094  3469 E DeviceIdleController: Tried to add unknown package to power save whitelist: com.oneplus.setupwizard
07-17 14:33:38.480  2094  3469 E DeviceIdleController: Tried to add unknown package to power save whitelist: com.oneplus.calculator
07-17 14:33:38.480  2094  3469 E DeviceIdleController: Tried to add unknown package to power save whitelist: cn.oneplus.photos
07-17 14:33:38.480  2094  3469 E DeviceIdleController: Tried to add unknown package to power save whitelist: com.oneplus.screenrecord
07-17 14:33:38.480  2094  3469 E DeviceIdleController: Tried to add unknown package to power save whitelist: net.oneplus.push
07-17 14:33:38.480  2094  3469 E DeviceIdleController: Tried to add unknown package to power save whitelist: com.oneplus.deskclock
07-17 14:33:38.480  2094  3469 E DeviceIdleController: Tried to add unknown package to power save whitelist: com.oneplus.soundrecorder
07-17 14:33:38.480  2094  3469 E DeviceIdleController: Tried to add unknown package to power save whitelist: com.oplus.padconnect
07-17 14:33:39.686  2094 15907 E AdbDebuggingManager: Caught an exception opening the socket: java.io.IOException: No such file or directory
07-17 14:34:00.367  2094  6932 E OplusCustomizeRestrictionManagerService: isBiometricDisabled start
07-17 14:34:00.372  2094  6932 E OplusCustomizeRestrictionManagerService: isBiometricDisabled start
07-17 14:34:01.103  2094 15907 E AdbDebuggingManager: Caught an exception opening the socket: java.io.IOException: No such file or directory
07-17 14:34:01.162  2094  6860 E OplusCustomizeRestrictionManagerService: getMobileDataMode error :s == null
07-17 14:34:01.329  2094  6860 E OplusCustomizeRestrictionManagerService: getMobileDataMode error :s == null
07-17 14:34:14.793  2094  4267 E OplusCustomizeRestrictionManagerService: isBiometricDisabled start
07-17 14:34:14.794  2094  4267 E OplusCustomizeRestrictionManagerService: isBiometricDisabled start
07-17 14:34:14.797  2094  4267 E OplusCustomizeRestrictionManagerService: isBiometricDisabled start
07-17 14:34:14.813  2094  6857 E OplusCustomizeRestrictionManagerService: getUnlockByFingerprintPolicies fail, return default value.
07-17 14:34:14.816  2094  4267 E OplusCustomizeRestrictionManagerService: getUnlockByFingerprintPolicies fail, return default value.
07-17 14:34:14.819  2094  4267 E OplusCustomizeRestrictionManagerService: getUnlockByFingerprintPolicies fail, return default value.
07-17 14:34:15.737  2094 15907 E AdbDebuggingManager: Caught an exception opening the socket: java.io.IOException: No such file or directory
07-17 14:34:15.820  2094  6835 E OplusCustomizeRestrictionManagerService: isBiometricDisabled start
07-17 14:34:15.921  2094  2948 E OplusCustomizeRestrictionManagerService: getUnlockByFacePolicies fail, return default value.
07-17 14:34:17.739  2094 15907 E AdbDebuggingManager: Caught an exception opening the socket: java.io.IOException: No such file or directory
07-17 14:34:22.933  2094 15907 E AdbDebuggingManager: Caught an exception opening the socket: java.io.IOException: No such file or directory
07-17 14:34:23.221  2094  2704 E OplusDisplayPowerControllerExtImpl: execute mBlockReasonList.clear
07-17 14:34:23.312  2094  2705 E ActivityManager: Cancel pending or running compactions as system is awake
07-17 14:34:23.362  2094  6852 E OplusCustomizeRestrictionManagerService: getUnlockByFingerprintPolicies fail, return default value.
07-17 14:34:23.377  2094  2339 E OplusStorageManagerFeature: clear Ae Be key
07-17 14:34:23.498  2094  3726 E OplusCustomizeRestrictionManagerService: isBiometricDisabled start
07-17 14:34:23.500  2094  3726 E OplusCustomizeRestrictionManagerService: isBiometricDisabled start
07-17 14:34:23.515  2094  3230 E Biometrics/Fingerprint21/Fingerprint21ServiceProviderExtImpl: mFingerprintCommandCallback is null
07-17 14:34:23.523  2094  6835 E OplusCustomizeRestrictionManagerService: isBiometricDisabled start
07-17 14:34:23.524  2094  2949 E OplusCustomizeRestrictionManagerService: isBiometricDisabled start
07-17 14:34:23.525  2094  3726 E OplusCustomizeRestrictionManagerService: isBiometricDisabled start
07-17 14:34:23.528  2094  3726 E OplusCustomizeRestrictionManagerService: isBiometricDisabled start
07-17 14:34:23.528  2094  3726 E OplusCustomizeRestrictionManagerService: isBiometricDisabled start
07-17 14:34:23.529  2094  3726 E OplusCustomizeRestrictionManagerService: isBiometricDisabled start
07-17 14:34:23.533  2094  6810 E OplusCustomizeRestrictionManagerService: isBiometricDisabled start
07-17 14:34:23.533  2094  6835 E OplusCustomizeRestrictionManagerService: isBiometricDisabled start
07-17 14:34:23.534  2094  6852 E OplusCustomizeRestrictionManagerService: isBiometricDisabled start
07-17 14:34:23.535  2094  6857 E OplusCustomizeRestrictionManagerService: isBiometricDisabled start
07-17 14:34:23.775  2094  6932 E OplusCustomizeRestrictionManagerService: isBiometricDisabled start
07-17 14:34:23.801  2094  3727 E OplusCustomizeRestrictionManagerService: isBiometricDisabled start
07-17 14:34:23.803  2094  3555 E OplusCustomizeRestrictionManagerService: isBiometricDisabled start
07-17 14:34:23.804  2094  2158 E OplusCustomizeRestrictionManagerService: isBiometricDisabled start
07-17 14:34:23.913  2094  3727 E AppOps  : Bad call made by uid 1002. Package "com.google.android.gms" does not belong to uid 1002.
07-17 14:34:23.924  2094  3148 E AppOps  : package wifi not found, can't check for attributionTag null
07-17 14:34:23.924  2094  3148 E AppOps  : Bad call made by uid 1000. Package "wifi" does not belong to uid 1010.
07-17 14:34:23.949  2094  3181 E AppOps  : package wifi not found, can't check for attributionTag null
07-17 14:34:23.949  2094  3181 E AppOps  : Bad call made by uid 1000. Package "wifi" does not belong to uid 1010.
07-17 14:34:24.082  2094  3727 E OplusCustomizeRestrictionManagerService: getUnlockByFingerprintPolicies fail, return default value.
07-17 14:34:24.096  2094  6932 E OplusCustomizeRestrictionManagerService: isBiometricDisabled start
07-17 14:34:24.098  2094  2949 E OplusCustomizeRestrictionManagerService: isBiometricDisabled start
07-17 14:34:24.099  2094  2949 E OplusCustomizeRestrictionManagerService: isBiometricDisabled start
07-17 14:34:24.101  2094  2094 E OplusCustomizeRestrictionManagerService: isBiometricDisabled start
07-17 14:34:24.105  2094  6932 E OplusCustomizeRestrictionManagerService: getUnlockByFingerprintPolicies fail, return default value.
07-17 14:34:24.119  2094  3726 E OplusCustomizeRestrictionManagerService: isBiometricDisabled start
07-17 14:34:24.119  2094  3726 E Biometrics/Fingerprint21/Fingerprint21ServiceProviderExtImpl: [handleCancelAuthentication] Tokens are mismatched
07-17 14:34:24.140  2094  6854 E OplusCustomizeRestrictionManagerService: isBiometricDisabled start
07-17 14:34:24.141  2094  6850 E OplusCustomizeRestrictionManagerService: isBiometricDisabled start
07-17 14:34:24.244  2094  2340 E WindowManager: create RemoteAnimationController com.android.server.wm.RemoteAnimationController@24fc2ad
07-17 14:34:24.278  2094  6810 E OplusCustomizeRestrictionManagerService: getUnlockByFingerprintPolicies fail, return default value.
07-17 14:34:24.385  2094  6835 E OplusCustomizeRestrictionManagerService: isBiometricDisabled start
