error - app.dart:25:21 - The argument type 'Provider<GoRouter>' can't be assigned to the parameter type 'RouterConfig<Object>?'.  - argument_type_not_assignable
error - core\widgets\product_card.dart:119:36 - Undefined name 'GoogleFonts'. Try correcting the name to one that is defined, or defining the name. - undefined_identifier
error - core\widgets\product_card.dart:142:36 - Undefined name 'GoogleFonts'. Try correcting the name to one that is defined, or defining the name. - undefined_identifier
error - core\widgets\product_card.dart:196:40 - Undefined name 'GoogleFonts'. Try correcting the name to one that is defined, or defining the name. - undefined_identifier
error - core\widgets\product_card.dart:219:32 - Undefined name 'GoogleFonts'. Try correcting the name to one that is defined, or defining the name. - undefined_identifier
error - core\widgets\product_card.dart:236:38 - Undefined name 'GoogleFonts'. Try correcting the name to one that is defined, or defining the name. - undefined_identifier
error - core\widgets\product_card.dart:247:34 - Undefined name 'GoogleFonts'. Try correcting the name to one that is defined, or defining the name. - undefined_identifier
error - core\widgets\product_card.dart:256:32 - Undefined name 'GoogleFonts'. Try correcting the name to one that is defined, or defining the name. - undefined_identifier
error - core\widgets\product_card.dart:273:42 - Undefined name 'GoogleFonts'. Try correcting the name to one that is defined, or defining the name. - undefined_identifier
error - core\widgets\product_card.dart:282:40 - Undefined name 'GoogleFonts'. Try correcting the name to one that is defined, or defining the name. - undefined_identifier
error - core\widgets\product_card.dart:357:24 - Undefined name 'GoogleFonts'. Try correcting the name to one that is defined, or defining the name. - undefined_identifier
error - features\authentication\login_screen.dart:89:37 - The constructor being called isn't a const constructor. Try removing 'const' from the constructor invocation. - const_with_non_const
error - features\cart\cart_screen.dart:35:72 - Undefined name 'GoogleFonts'. Try correcting the name to one that is defined, or defining the name. - undefined_identifier
error - features\cart\cart_screen.dart:45:55 - Undefined name 'GoogleFonts'. Try correcting the name to one that is defined, or defining the name. - undefined_identifier
error - features\cart\cart_screen.dart:72:20 - Undefined name 'GoogleFonts'. Try correcting the name to one that is defined, or defining the name. - undefined_identifier
error - features\cart\cart_screen.dart:86:57 - Undefined name 'GoogleFonts'. Try correcting the name to one that is defined, or defining the name. - undefined_identifier
error - features\cart\cart_screen.dart:154:20 - Undefined name 'GoogleFonts'. Try correcting the name to one that is defined, or defining the name. - undefined_identifier
error - features\cart\cart_screen.dart:163:22 - Undefined name 'GoogleFonts'. Try correcting the name to one that is defined, or defining the name. - undefined_identifier
error - features\cart\cart_screen.dart:180:53 - Undefined name 'GoogleFonts'. Try correcting the name to one that is defined, or defining the name. - undefined_identifier
error - features\cart\cart_screen.dart:181:76 - Undefined name 'GoogleFonts'. Try correcting the name to one that is defined, or defining the name. - undefined_identifier
error - features\cart\cart_screen.dart:185:52 - Undefined name 'GoogleFonts'. Try correcting the name to one that is defined, or defining the name. - undefined_identifier
error - features\cart\cart_screen.dart:195:55 - Undefined name 'GoogleFonts'. Try correcting the name to one that is defined, or defining the name. - undefined_identifier
error - features\cart\cart_screen.dart:206:22 - Undefined name 'GoogleFonts'. Try correcting the name to one that is defined, or defining the name. - undefined_identifier
error - features\cart\cart_screen.dart:256:26 - Undefined name 'GoogleFonts'. Try correcting the name to one that is defined, or defining the name. - undefined_identifier
error - features\cart\cart_screen.dart:265:26 - Undefined name 'GoogleFonts'. Try correcting the name to one that is defined, or defining the name. - undefined_identifier
error - features\cart\cart_screen.dart:287:24 - Undefined name 'GoogleFonts'. Try correcting the name to one that is defined, or defining the name. - undefined_identifier
error - features\cart\cart_screen.dart:363:30 - Undefined name 'GoogleFonts'. Try correcting the name to one that is defined, or defining the name. - undefined_identifier
error - features\cart\cart_screen.dart:375:30 - Undefined name 'GoogleFonts'. Try correcting the name to one that is defined, or defining the name. - undefined_identifier
error - features\cart\cart_screen.dart:386:34 - Undefined name 'GoogleFonts'. Try correcting the name to one that is defined, or defining the name. - undefined_identifier
error - features\cart\cart_screen.dart:396:36 - Undefined name 'GoogleFonts'. Try correcting the name to one that is defined, or defining the name. - undefined_identifier
error - features\cart\cart_screen.dart:453:32 - Undefined name 'GoogleFonts'. Try correcting the name to one that is defined, or defining the name. - undefined_identifier
error - features\cart\cart_screen.dart:520:32 - Undefined name 'GoogleFonts'. Try correcting the name to one that is defined, or defining the name. - undefined_identifier
error - features\cart\cart_screen.dart:529:32 - Undefined name 'GoogleFonts'. Try correcting the name to one that is defined, or defining the name. - undefined_identifier
error - features\cart\cart_screen.dart:539:28 - Undefined name 'GoogleFonts'. Try correcting the name to one that is defined, or defining the name. - undefined_identifier
error - features\cart\cart_screen.dart:542:34 - Undefined name 'GoogleFonts'. Try correcting the name to one that is defined, or defining the name. - undefined_identifier
error - features\cart\cart_screen.dart:558:22 - Undefined name 'GoogleFonts'. Try correcting the name to one that is defined, or defining the name. - undefined_identifier
error - features\cart\cart_screen.dart:590:20 - Undefined name 'GoogleFonts'. Try correcting the name to one that is defined, or defining the name. - undefined_identifier
error - features\cart\cart_screen.dart:623:24 - Undefined name 'GoogleFonts'. Try correcting the name to one that is defined, or defining the name. - undefined_identifier
error - features\cart\cart_screen.dart:631:24 - Undefined name 'GoogleFonts'. Try correcting the name to one that is defined, or defining the name. - undefined_identifier
error - features\cart\cart_screen.dart:653:28 - Undefined name 'GoogleFonts'. Try correcting the name to one that is defined, or defining the name. - undefined_identifier
error - features\cart\cart_screen.dart:674:18 - Undefined name 'GoogleFonts'. Try correcting the name to one that is defined, or defining the name. - undefined_identifier
error - features\cart\cart_screen.dart:682:18 - Undefined name 'GoogleFonts'. Try correcting the name to one that is defined, or defining the name. - undefined_identifier
error - features\cart\cart_screen.dart:710:20 - Undefined name 'GoogleFonts'. Try correcting the name to one that is defined, or defining the name. - undefined_identifier
error - features\cart\cart_screen.dart:754:30 - Undefined name 'GoogleFonts'. Try correcting the name to one that is defined, or defining the name. - undefined_identifier
error - features\cart\cart_screen.dart:765:30 - Undefined name 'GoogleFonts'. Try correcting the name to one that is defined, or defining the name. - undefined_identifier
error - features\cart\cart_screen.dart:776:34 - Undefined name 'GoogleFonts'. Try correcting the name to one that is defined, or defining the name. - undefined_identifier
error - features\cart\cart_screen.dart:787:79 - Undefined name 'GoogleFonts'. Try correcting the name to one that is defined, or defining the name. - undefined_identifier
error - features\cart\cart_screen.dart:803:38 - Undefined name 'GoogleFonts'. Try correcting the name to one that is defined, or defining the name. - undefined_identifier
error - features\cart\cart_screen.dart:849:26 - Undefined name 'GoogleFonts'. Try correcting the name to one that is defined, or defining the name. - undefined_identifier
error - features\cart\cart_screen.dart:857:26 - Undefined name 'GoogleFonts'. Try correcting the name to one that is defined, or defining the name. - undefined_identifier
error - features\cart\cart_screen.dart:898:32 - Undefined name 'GoogleFonts'. Try correcting the name to one that is defined, or defining the name. - undefined_identifier
error - features\cart\cart_screen.dart:908:17 - The argument for the named parameter 'child' was already specified. Try removing one of the named arguments, or correcting one of the names to reference a different named parameter. - duplicate_named_argument
error - features\cart\cart_screen.dart:943:22 - Undefined name 'GoogleFonts'. Try correcting the name to one that is defined, or defining the name. - undefined_identifier
error - features\cart\cart_screen.dart:953:22 - Undefined name 'GoogleFonts'. Try correcting the name to one that is defined, or defining the name. - undefined_identifier
error - features\cart\cart_screen.dart:975:26 - Undefined name 'GoogleFonts'. Try correcting the name to one that is defined, or defining the name. - undefined_identifier
error - features\cart\cart_screen.dart:1000:22 - Undefined name 'GoogleFonts'. Try correcting the name to one that is defined, or defining the name. - undefined_identifier
error - features\delivery\delivery_dashboard_screen.dart:66:34 - Undefined name 'GoogleFonts'. Try correcting the name to one that is defined, or defining the name. - undefined_identifier
error - features\delivery\delivery_dashboard_screen.dart:74:34 - Undefined name 'GoogleFonts'. Try correcting the name to one that is defined, or defining the name. - undefined_identifier
error - features\delivery\delivery_dashboard_screen.dart:109:36 - Undefined name 'GoogleFonts'. Try correcting the name to one that is defined, or defining the name. - undefined_identifier
error - features\delivery\delivery_dashboard_screen.dart:141:44 - Undefined name 'profileState'. Try correcting the name to one that is defined, or defining the name. - undefined_identifier
error - features\delivery\delivery_dashboard_screen.dart:167:22 - Undefined name 'GoogleFonts'. Try correcting the name to one that is defined, or defining the name. - undefined_identifier
error - features\delivery\delivery_dashboard_screen.dart:178:43 - Undefined name 'GoogleFonts'. Try correcting the name to one that is defined, or defining the name. - undefined_identifier
error - features\delivery\delivery_dashboard_screen.dart:222:24 - Undefined name 'GoogleFonts'. Try correcting the name to one that is defined, or defining the name. - undefined_identifier
error - features\delivery\delivery_dashboard_screen.dart:300:24 - Undefined name 'GoogleFonts'. Try correcting the name to one that is defined, or defining the name. - undefined_identifier
error - features\delivery\delivery_dashboard_screen.dart:309:24 - Undefined name 'GoogleFonts'. Try correcting the name to one that is defined, or defining the name. - undefined_identifier
error - features\delivery\delivery_dashboard_screen.dart:337:20 - Undefined name 'GoogleFonts'. Try correcting the name to one that is defined, or defining the name. - undefined_identifier
error - features\delivery\delivery_dashboard_screen.dart:349:24 - Undefined name 'GoogleFonts'. Try correcting the name to one that is defined, or defining the name. - undefined_identifier
error - features\delivery\delivery_dashboard_screen.dart:360:32 - Undefined name 'GoogleFonts'. Try correcting the name to one that is defined, or defining the name. - undefined_identifier
error - features\delivery\delivery_dashboard_screen.dart:368:32 - Undefined name 'GoogleFonts'. Try correcting the name to one that is defined, or defining the name. - undefined_identifier
error - features\delivery\delivery_dashboard_screen.dart:392:22 - Undefined name 'GoogleFonts'. Try correcting the name to one that is defined, or defining the name. - undefined_identifier
error - features\delivery\delivery_dashboard_screen.dart:408:26 - Undefined name 'GoogleFonts'. Try correcting the name to one that is defined, or defining the name. - undefined_identifier
error - features\delivery\delivery_dashboard_screen.dart:440:26 - Undefined name 'GoogleFonts'. Try correcting the name to one that is defined, or defining the name. - undefined_identifier
error - features\delivery\delivery_dashboard_screen.dart:479:18 - Undefined name 'GoogleFonts'. Try correcting the name to one that is defined, or defining the name. - undefined_identifier
error - features\delivery\delivery_dashboard_screen.dart:489:20 - Undefined name 'GoogleFonts'. Try correcting the name to one that is defined, or defining the name. - undefined_identifier
error - features\delivery\delivery_dashboard_screen.dart:506:7 - The named parameter 'subtitle' isn't defined. Try correcting the name to an existing named parameter's name, or defining a named parameter with the name 'subtitle'. - undefined_named_parameter
error - features\delivery\delivery_dashboard_screen.dart:510:7 - The named parameter 'trailing' isn't defined. Try correcting the name to an existing named parameter's name, or defining a named parameter with the name 'trailing'. - undefined_named_parameter
error - features\delivery\delivery_dashboard_screen.dart:511:7 - The named parameter 'onTap' isn't defined. Try correcting the name to an existing named parameter's name, or defining a named parameter with the name 'onTap'. - undefined_named_parameter
error - features\delivery\delivery_detail_screen.dart:40:55 - Undefined name 'GoogleFonts'. Try correcting the name to one that is defined, or defining the name. - undefined_identifier
error - features\delivery\delivery_detail_screen.dart:51:54 - Undefined name 'GoogleFonts'. Try correcting the name to one that is defined, or defining the name. - undefined_identifier
error - features\delivery\delivery_detail_screen.dart:70:20 - Undefined name 'GoogleFonts'. Try correcting the name to one that is defined, or defining the name. - undefined_identifier
error - features\delivery\delivery_detail_screen.dart:106:17 - Expected an identifier. - missing_identifier
error - features\delivery\delivery_detail_screen.dart:106:17 - Expected to find ')'. - expected_token
error - features\delivery\delivery_detail_screen.dart:109:6 - Expected to find ')'. - expected_token
error - features\delivery\delivery_detail_screen.dart:138:44 - Undefined name 'GoogleFonts'. Try correcting the name to one that is defined, or defining the name. - undefined_identifier
error - features\delivery\delivery_detail_screen.dart:178:34 - Undefined name 'GoogleFonts'. Try correcting the name to one that is defined, or defining the name. - undefined_identifier
error - features\delivery\delivery_detail_screen.dart:187:34 - Undefined name 'GoogleFonts'. Try correcting the name to one that is defined, or defining the name. - undefined_identifier
error - features\delivery\delivery_detail_screen.dart:192:17 - Expected to find ')'. - expected_token
error - features\delivery\delivery_detail_screen.dart:197:7 - Expected to find ';'. - expected_token
error - features\delivery\delivery_detail_screen.dart:197:8 - Expected an identifier. - missing_identifier
error - features\delivery\delivery_detail_screen.dart:197:8 - Expected to find ';'. - expected_token
error - features\delivery\delivery_detail_screen.dart:197:8 - Unexpected text ';'. Try removing the text. - unexpected_token
error - features\delivery\delivery_detail_screen.dart:198:5 - Expected an identifier. - missing_identifier
error - features\delivery\delivery_detail_screen.dart:198:5 - Unexpected text ';'. Try removing the text. - unexpected_token
error - features\delivery\delivery_detail_screen.dart:219:36 - Undefined name 'GoogleFonts'. Try correcting the name to one that is defined, or defining the name. - undefined_identifier
error - features\delivery\delivery_detail_screen.dart:239:55 - Undefined name 'GoogleFonts'. Try correcting the name to one that is defined, or defining the name. - undefined_identifier
error - features\delivery\delivery_detail_screen.dart:242:34 - Undefined name 'GoogleFonts'. Try correcting the name to one that is defined, or defining the name. - undefined_identifier
error - features\delivery\delivery_detail_screen.dart:245:34 - Undefined name 'GoogleFonts'. Try correcting the name to one that is defined, or defining the name. - undefined_identifier
error - features\delivery\delivery_detail_screen.dart:254:42 - Undefined name 'GoogleFonts'. Try correcting the name to one that is defined, or defining the name. - undefined_identifier
error - features\delivery\delivery_detail_screen.dart:283:64 - Undefined name 'GoogleFonts'. Try correcting the name to one that is defined, or defining the name. - undefined_identifier
error - features\delivery\delivery_detail_screen.dart:286:34 - Undefined name 'GoogleFonts'. Try correcting the name to one that is defined, or defining the name. - undefined_identifier
error - features\delivery\delivery_detail_screen.dart:289:34 - Undefined name 'GoogleFonts'. Try correcting the name to one that is defined, or defining the name. - undefined_identifier
error - features\delivery\delivery_detail_screen.dart:298:42 - Undefined name 'GoogleFonts'. Try correcting the name to one that is defined, or defining the name. - undefined_identifier
error - features\delivery\delivery_detail_screen.dart:331:22 - Undefined name 'GoogleFonts'. Try correcting the name to one that is defined, or defining the name. - undefined_identifier
error - features\delivery\delivery_detail_screen.dart:340:34 - Undefined name 'GoogleFonts'. Try correcting the name to one that is defined, or defining the name. - undefined_identifier
error - features\delivery\delivery_detail_screen.dart:343:32 - Undefined name 'GoogleFonts'. Try correcting the name to one that is defined, or defining the name. - undefined_identifier
error - features\delivery\delivery_detail_screen.dart:370:42 - Undefined name 'GoogleFonts'. Try correcting the name to one that is defined, or defining the name. - undefined_identifier
error - features\delivery\delivery_detail_screen.dart:376:41 - Undefined name 'GoogleFonts'. Try correcting the name to one that is defined, or defining the name. - undefined_identifier
error - features\delivery\delivery_detail_screen.dart:377:87 - Undefined name 'GoogleFonts'. Try correcting the name to one that is defined, or defining the name. - undefined_identifier
error - features\delivery\delivery_detail_screen.dart:385:50 - Undefined name 'GoogleFonts'. Try correcting the name to one that is defined, or defining the name. - undefined_identifier
error - features\delivery\delivery_detail_screen.dart:387:26 - Undefined name 'GoogleFonts'. Try correcting the name to one that is defined, or defining the name. - undefined_identifier
error - features\delivery\delivery_detail_screen.dart:394:42 - Undefined name 'GoogleFonts'. Try correcting the name to one that is defined, or defining the name. - undefined_identifier
error - features\delivery\delivery_detail_screen.dart:397:24 - Undefined name 'GoogleFonts'. Try correcting the name to one that is defined, or defining the name. - undefined_identifier
error - features\delivery\delivery_detail_screen.dart:411:52 - Undefined name 'GoogleFonts'. Try correcting the name to one that is defined, or defining the name. - undefined_identifier
error - features\delivery\delivery_detail_screen.dart:422:9 - Expected to find ']'. - expected_token
error - features\delivery\delivery_detail_screen.dart:423:7 - Expected to find ';'. - expected_token
error - features\delivery\delivery_detail_screen.dart:423:8 - Expected an identifier. - missing_identifier
error - features\delivery\delivery_detail_screen.dart:423:8 - Expected to find ';'. - expected_token
error - features\delivery\delivery_detail_screen.dart:423:8 - Unexpected text ';'. Try removing the text. - unexpected_token
error - features\delivery\delivery_detail_screen.dart:424:5 - Expected an identifier. - missing_identifier
error - features\delivery\delivery_detail_screen.dart:424:5 - Unexpected text ';'. Try removing the text. - unexpected_token
error - features\delivery\delivery_detail_screen.dart:445:28 - Undefined name 'GoogleFonts'. Try correcting the name to one that is defined, or defining the name. - undefined_identifier
error - features\delivery\delivery_detail_screen.dart:447:60 - Undefined name 'GoogleFonts'. Try correcting the name to one that is defined, or defining the name. - undefined_identifier
error - features\delivery\delivery_detail_screen.dart:450:11 - Expected to find ')'. - expected_token
error - features\delivery\delivery_detail_screen.dart:452:7 - Expected to find ';'. - expected_token
error - features\delivery\delivery_detail_screen.dart:452:8 - Expected an identifier. - missing_identifier
error - features\delivery\delivery_detail_screen.dart:452:8 - Expected to find ';'. - expected_token
error - features\delivery\delivery_detail_screen.dart:452:8 - Unexpected text ';'. Try removing the text. - unexpected_token
error - features\delivery\delivery_detail_screen.dart:453:5 - Expected an identifier. - missing_identifier
error - features\delivery\delivery_detail_screen.dart:453:5 - Unexpected text ';'. Try removing the text. - unexpected_token
error - features\delivery\delivery_detail_screen.dart:510:26 - Undefined name 'GoogleFonts'. Try correcting the name to one that is defined, or defining the name. - undefined_identifier
error - features\delivery\delivery_detail_screen.dart:516:7 - Expected to find ';'. - expected_token
error - features\delivery\delivery_detail_screen.dart:516:8 - Expected an identifier. - missing_identifier
error - features\delivery\delivery_detail_screen.dart:516:8 - Unexpected text ')'. Try removing the text. - unexpected_token
error - features\delivery\delivery_detail_screen.dart:550:18 - Undefined name 'GoogleFonts'. Try correcting the name to one that is defined, or defining the name. - undefined_identifier
error - features\delivery\delivery_detail_screen.dart:553:28 - Undefined name 'color'. Try correcting the name to one that is defined, or defining the name. - undefined_identifier
error - features\delivery\delivery_detail_screen.dart:569:51 - Undefined name 'GoogleFonts'. Try correcting the name to one that is defined, or defining the name. - undefined_identifier
error - features\delivery\delivery_detail_screen.dart:573:73 - Undefined name 'GoogleFonts'. Try correcting the name to one that is defined, or defining the name. - undefined_identifier
error - features\delivery\delivery_detail_screen.dart:580:22 - Undefined name 'GoogleFonts'. Try correcting the name to one that is defined, or defining the name. - undefined_identifier
error - features\delivery\delivery_detail_screen.dart:583:28 - Undefined name 'GoogleFonts'. Try correcting the name to one that is defined, or defining the name. - undefined_identifier
error - features\delivery\delivery_detail_screen.dart:596:42 - Undefined name 'GoogleFonts'. Try correcting the name to one that is defined, or defining the name. - undefined_identifier
error - features\delivery\delivery_detail_screen.dart:604:76 - Undefined name 'GoogleFonts'. Try correcting the name to one that is defined, or defining the name. - undefined_identifier
error - features\delivery\delivery_detail_screen.dart:621:53 - Undefined name 'GoogleFonts'. Try correcting the name to one that is defined, or defining the name. - undefined_identifier
error - features\delivery\delivery_earnings_screen.dart:29:18 - Undefined name 'GoogleFonts'. Try correcting the name to one that is defined, or defining the name. - undefined_identifier
error - features\delivery\delivery_earnings_screen.dart:71:36 - Undefined name 'GoogleFonts'. Try correcting the name to one that is defined, or defining the name. - undefined_identifier
error - features\delivery\delivery_earnings_screen.dart:81:36 - Undefined name 'GoogleFonts'. Try correcting the name to one that is defined, or defining the name. - undefined_identifier
error - features\delivery\delivery_earnings_screen.dart:112:30 - Undefined name 'GoogleFonts'. Try correcting the name to one that is defined, or defining the name. - undefined_identifier
error - features\delivery\delivery_earnings_screen.dart:136:40 - Undefined name 'GoogleFonts'. Try correcting the name to one that is defined, or defining the name. - undefined_identifier
error - features\delivery\delivery_earnings_screen.dart:154:46 - Undefined name 'GoogleFonts'. Try correcting the name to one that is defined, or defining the name. - undefined_identifier
error - features\delivery\delivery_earnings_screen.dart:159:23 - Expected an identifier. - missing_identifier
error - features\delivery\delivery_earnings_screen.dart:159:23 - Expected to find ']'. - expected_token
error - features\delivery\delivery_earnings_screen.dart:210:20 - Undefined name 'GoogleFonts'. Try correcting the name to one that is defined, or defining the name. - undefined_identifier
error - features\delivery\delivery_earnings_screen.dart:219:20 - Undefined name 'GoogleFonts'. Try correcting the name to one that is defined, or defining the name. - undefined_identifier
error - features\delivery\delivery_earnings_screen.dart:270:18 - Undefined name 'GoogleFonts'. Try correcting the name to one that is defined, or defining the name. - undefined_identifier
error - features\delivery\delivery_earnings_screen.dart:274:18 - Undefined name 'GoogleFonts'. Try correcting the name to one that is defined, or defining the name. - undefined_identifier
error - features\delivery\delivery_earnings_screen.dart:278:18 - Undefined name 'GoogleFonts'. Try correcting the name to one that is defined, or defining the name. - undefined_identifier
error - features\delivery\delivery_history_screen.dart:31:18 - Undefined name 'GoogleFonts'. Try correcting the name to one that is defined, or defining the name. - undefined_identifier
error - features\delivery\delivery_history_screen.dart:62:38 - Undefined name 'GoogleFonts'. Try correcting the name to one that is defined, or defining the name. - undefined_identifier
error - features\delivery\delivery_history_screen.dart:68:38 - Undefined name 'GoogleFonts'. Try correcting the name to one that is defined, or defining the name. - undefined_identifier
error - features\delivery\delivery_history_screen.dart:128:30 - Undefined name 'GoogleFonts'. Try correcting the name to one that is defined, or defining the name. - undefined_identifier
error - features\delivery\delivery_history_screen.dart:138:32 - Undefined name 'GoogleFonts'. Try correcting the name to one that is defined, or defining the name. - undefined_identifier
error - features\delivery\delivery_history_screen.dart:152:34 - Undefined name 'GoogleFonts'. Try correcting the name to one that is defined, or defining the name. - undefined_identifier
error - features\delivery\delivery_history_screen.dart:166:32 - Undefined name 'GoogleFonts'. Try correcting the name to one that is defined, or defining the name. - undefined_identifier
error - features\delivery\delivery_history_screen.dart:172:34 - Undefined name 'GoogleFonts'. Try correcting the name to one that is defined, or defining the name. - undefined_identifier
error - features\delivery\delivery_history_screen.dart:180:36 - Undefined name 'GoogleFonts'. Try correcting the name to one that is defined, or defining the name. - undefined_identifier
error - features\delivery\delivery_main_screen.dart:101:35 - Undefined name 'GoogleFonts'. Try correcting the name to one that is defined, or defining the name. - undefined_identifier
error - features\delivery\delivery_main_screen.dart:115:28 - Undefined name 'deliveryOrdersState'. Try correcting the name to one that is defined, or defining the name. - undefined_identifier
error - features\delivery\delivery_main_screen.dart:119:28 - Undefined name 'deliveryOrdersState'. Try correcting the name to one that is defined, or defining the name. - undefined_identifier
error - features\delivery\delivery_main_screen.dart:176:9 - Expected an identifier. - missing_identifier
error - features\delivery\delivery_main_screen.dart:176:9 - Expected to find ')'. - expected_token
error - features\delivery\delivery_main_screen.dart:178:6 - Expected to find ')'. - expected_token
error - features\delivery\delivery_main_screen.dart:198:24 - Undefined name 'GoogleFonts'. Try correcting the name to one that is defined, or defining the name. - undefined_identifier
error - features\delivery\delivery_orders_screen.dart:38:55 - Undefined name 'GoogleFonts'. Try correcting the name to one that is defined, or defining the name. - undefined_identifier
error - features\delivery\delivery_orders_screen.dart:49:54 - Undefined name 'GoogleFonts'. Try correcting the name to one that is defined, or defining the name. - undefined_identifier
error - features\delivery\delivery_orders_screen.dart:71:26 - Undefined name 'GoogleFonts'. Try correcting the name to one that is defined, or defining the name. - undefined_identifier
error - features\delivery\delivery_orders_screen.dart:95:31 - Undefined name 'GoogleFonts'. Try correcting the name to one that is defined, or defining the name. - undefined_identifier
error - features\delivery\delivery_orders_screen.dart:96:41 - Undefined name 'GoogleFonts'. Try correcting the name to one that is defined, or defining the name. - undefined_identifier
error - features\delivery\delivery_orders_screen.dart:147:24 - Undefined name 'GoogleFonts'. Try correcting the name to one that is defined, or defining the name. - undefined_identifier
error - features\delivery\delivery_orders_screen.dart:152:24 - Undefined name 'GoogleFonts'. Try correcting the name to one that is defined, or defining the name. - undefined_identifier
error - features\delivery\delivery_orders_screen.dart:193:26 - Undefined name 'GoogleFonts'. Try correcting the name to one that is defined, or defining the name. - undefined_identifier
error - features\delivery\delivery_orders_screen.dart:204:28 - Undefined name 'GoogleFonts'. Try correcting the name to one that is defined, or defining the name. - undefined_identifier
error - features\delivery\delivery_orders_screen.dart:224:28 - Undefined name 'GoogleFonts'. Try correcting the name to one that is defined, or defining the name. - undefined_identifier
error - features\delivery\delivery_orders_screen.dart:233:28 - Undefined name 'GoogleFonts'. Try correcting the name to one that is defined, or defining the name. - undefined_identifier
error - features\delivery\delivery_orders_screen.dart:254:34 - Undefined name 'GoogleFonts'. Try correcting the name to one that is defined, or defining the name. - undefined_identifier
error - features\delivery\delivery_orders_screen.dart:258:21 - The argument for the named parameter 'child' was already specified. Try removing one of the named arguments, or correcting one of the names to reference a different named parameter. - duplicate_named_argument
error - features\delivery\delivery_orders_screen.dart:281:34 - Undefined name 'GoogleFonts'. Try correcting the name to one that is defined, or defining the name. - undefined_identifier
error - features\delivery\delivery_orders_screen.dart:285:21 - The argument for the named parameter 'child' was already specified. Try removing one of the named arguments, or correcting one of the names to reference a different named parameter. - duplicate_named_argument
error - features\delivery\delivery_orders_screen.dart:324:24 - Undefined name 'GoogleFonts'. Try correcting the name to one that is defined, or defining the name. - undefined_identifier
error - features\delivery\delivery_orders_screen.dart:329:24 - Undefined name 'GoogleFonts'. Try correcting the name to one that is defined, or defining the name. - undefined_identifier
error - features\delivery\delivery_orders_screen.dart:333:24 - Undefined name 'GoogleFonts'. Try correcting the name to one that is defined, or defining the name. - undefined_identifier
error - features\delivery\delivery_orders_screen.dart:365:24 - Undefined name 'GoogleFonts'. Try correcting the name to one that is defined, or defining the name. - undefined_identifier
error - features\delivery\delivery_orders_screen.dart:370:24 - Undefined name 'GoogleFonts'. Try correcting the name to one that is defined, or defining the name. - undefined_identifier
error - features\delivery\delivery_orders_screen.dart:417:30 - Undefined name 'GoogleFonts'. Try correcting the name to one that is defined, or defining the name. - undefined_identifier
error - features\delivery\delivery_orders_screen.dart:428:32 - Undefined name 'GoogleFonts'. Try correcting the name to one that is defined, or defining the name. - undefined_identifier
error - features\delivery\delivery_orders_screen.dart:442:34 - Undefined name 'GoogleFonts'. Try correcting the name to one that is defined, or defining the name. - undefined_identifier
error - features\delivery\delivery_orders_screen.dart:454:30 - Undefined name 'GoogleFonts'. Try correcting the name to one that is defined, or defining the name. - undefined_identifier
error - features\delivery\delivery_orders_screen.dart:481:6 - Expected to find ')'. - expected_token
error - features\delivery\delivery_orders_screen.dart:490:50 - Undefined name 'GoogleFonts'. Try correcting the name to one that is defined, or defining the name. - undefined_identifier
error - features\delivery\delivery_orders_screen.dart:491:85 - Undefined name 'GoogleFonts'. Try correcting the name to one that is defined, or defining the name. - undefined_identifier
error - features\delivery\delivery_orders_screen.dart:495:42 - Undefined name 'GoogleFonts'. Try correcting the name to one that is defined, or defining the name. - undefined_identifier
error - features\delivery\delivery_orders_screen.dart:504:46 - Undefined name 'GoogleFonts'. Try correcting the name to one that is defined, or defining the name. - undefined_identifier
error - features\delivery\delivery_orders_screen.dart:521:50 - Undefined name 'GoogleFonts'. Try correcting the name to one that is defined, or defining the name. - undefined_identifier
error - features\delivery\delivery_orders_screen.dart:525:76 - Undefined name 'GoogleFonts'. Try correcting the name to one that is defined, or defining the name. - undefined_identifier
error - features\delivery\delivery_orders_screen.dart:529:22 - Undefined name 'GoogleFonts'. Try correcting the name to one that is defined, or defining the name. - undefined_identifier
error - features\delivery\delivery_orders_screen.dart:532:29 - Undefined name 'GoogleFonts'. Try correcting the name to one that is defined, or defining the name. - undefined_identifier
error - features\delivery\delivery_orders_screen.dart:543:42 - Undefined name 'GoogleFonts'. Try correcting the name to one that is defined, or defining the name. - undefined_identifier
error - features\delivery\delivery_orders_screen.dart:558:46 - Undefined name 'GoogleFonts'. Try correcting the name to one that is defined, or defining the name. - undefined_identifier
error - features\delivery\delivery_profile_screen.dart:30:55 - Undefined name 'GoogleFonts'. Try correcting the name to one that is defined, or defining the name. - undefined_identifier
error - features\delivery\delivery_profile_screen.dart:41:54 - Undefined name 'GoogleFonts'. Try correcting the name to one that is defined, or defining the name. - undefined_identifier
error - features\delivery\delivery_profile_screen.dart:58:18 - Undefined name 'GoogleFonts'. Try correcting the name to one that is defined, or defining the name. - undefined_identifier
error - features\delivery\delivery_profile_screen.dart:108:7 - The argument for the named parameter 'padding' was already specified. Try removing one of the named arguments, or correcting one of the names to reference a different named parameter. - duplicate_named_argument
error - features\delivery\delivery_profile_screen.dart:135:20 - Undefined name 'GoogleFonts'. Try correcting the name to one that is defined, or defining the name. - undefined_identifier
error - features\delivery\delivery_profile_screen.dart:144:20 - Undefined name 'GoogleFonts'. Try correcting the name to one that is defined, or defining the name. - undefined_identifier
error - features\delivery\delivery_profile_screen.dart:154:22 - Undefined name 'GoogleFonts'. Try correcting the name to one that is defined, or defining the name. - undefined_identifier
error - features\delivery\delivery_profile_screen.dart:169:24 - Undefined name 'GoogleFonts'. Try correcting the name to one that is defined, or defining the name. - undefined_identifier
error - features\delivery\delivery_profile_screen.dart:184:24 - Undefined name 'GoogleFonts'. Try correcting the name to one that is defined, or defining the name. - undefined_identifier
error - features\delivery\delivery_profile_screen.dart:216:18 - Undefined name 'GoogleFonts'. Try correcting the name to one that is defined, or defining the name. - undefined_identifier
error - features\delivery\delivery_profile_screen.dart:222:20 - Undefined name 'GoogleFonts'. Try correcting the name to one that is defined, or defining the name. - undefined_identifier
error - features\delivery\delivery_profile_screen.dart:286:26 - Undefined name 'GoogleFonts'. Try correcting the name to one that is defined, or defining the name. - undefined_identifier
error - features\delivery\delivery_profile_screen.dart:314:24 - Undefined name 'GoogleFonts'. Try correcting the name to one that is defined, or defining the name. - undefined_identifier
error - features\delivery\delivery_profile_screen.dart:332:18 - Undefined name 'GoogleFonts'. Try correcting the name to one that is defined, or defining the name. - undefined_identifier
error - features\delivery\delivery_profile_screen.dart:348:44 - Undefined name 'GoogleFonts'. Try correcting the name to one that is defined, or defining the name. - undefined_identifier
error - features\delivery\delivery_profile_screen.dart:349:73 - Undefined name 'GoogleFonts'. Try correcting the name to one that is defined, or defining the name. - undefined_identifier
error - features\delivery\delivery_profile_screen.dart:351:105 - Undefined name 'GoogleFonts'. Try correcting the name to one that is defined, or defining the name. - undefined_identifier
error - features\delivery\delivery_profile_screen.dart:354:48 - Undefined name 'GoogleFonts'. Try correcting the name to one that is defined, or defining the name. - undefined_identifier
error - features\delivery\delivery_profile_screen.dart:367:18 - Undefined name 'GoogleFonts'. Try correcting the name to one that is defined, or defining the name. - undefined_identifier
error - features\delivery\delivery_profile_screen.dart:392:51 - Undefined name 'GoogleFonts'. Try correcting the name to one that is defined, or defining the name. - undefined_identifier
error - features\delivery\delivery_profile_screen.dart:397:60 - Undefined name 'GoogleFonts'. Try correcting the name to one that is defined, or defining the name. - undefined_identifier
error - features\delivery\delivery_profile_screen.dart:397:181 - Undefined name 'GoogleFonts'. Try correcting the name to one that is defined, or defining the name. - undefined_identifier
error - features\delivery\delivery_profile_screen.dart:398:60 - Undefined name 'GoogleFonts'. Try correcting the name to one that is defined, or defining the name. - undefined_identifier
error - features\delivery\delivery_profile_screen.dart:398:173 - Undefined name 'GoogleFonts'. Try correcting the name to one that is defined, or defining the name. - undefined_identifier
error - features\delivery\delivery_profile_screen.dart:399:61 - Undefined name 'GoogleFonts'. Try correcting the name to one that is defined, or defining the name. - undefined_identifier
error - features\delivery\delivery_profile_screen.dart:399:175 - Undefined name 'GoogleFonts'. Try correcting the name to one that is defined, or defining the name. - undefined_identifier
error - features\delivery\delivery_profile_screen.dart:400:61 - Undefined name 'GoogleFonts'. Try correcting the name to one that is defined, or defining the name. - undefined_identifier
error - features\delivery\delivery_profile_screen.dart:400:182 - Undefined name 'GoogleFonts'. Try correcting the name to one that is defined, or defining the name. - undefined_identifier
error - features\delivery\delivery_profile_screen.dart:405:92 - Undefined name 'GoogleFonts'. Try correcting the name to one that is defined, or defining the name. - undefined_identifier
error - features\delivery\delivery_profile_screen.dart:418:45 - Undefined name 'GoogleFonts'. Try correcting the name to one that is defined, or defining the name. - undefined_identifier
error - features\delivery\delivery_profile_screen.dart:437:51 - Undefined name 'GoogleFonts'. Try correcting the name to one that is defined, or defining the name. - undefined_identifier
error - features\delivery\delivery_profile_screen.dart:442:64 - Undefined name 'GoogleFonts'. Try correcting the name to one that is defined, or defining the name. - undefined_identifier
error - features\delivery\delivery_profile_screen.dart:442:182 - Undefined name 'GoogleFonts'. Try correcting the name to one that is defined, or defining the name. - undefined_identifier
error - features\delivery\delivery_profile_screen.dart:443:63 - Undefined name 'GoogleFonts'. Try correcting the name to one that is defined, or defining the name. - undefined_identifier
error - features\delivery\delivery_profile_screen.dart:443:186 - Undefined name 'GoogleFonts'. Try correcting the name to one that is defined, or defining the name. - undefined_identifier
error - features\delivery\delivery_profile_screen.dart:444:62 - Undefined name 'GoogleFonts'. Try correcting the name to one that is defined, or defining the name. - undefined_identifier
error - features\delivery\delivery_profile_screen.dart:444:190 - Undefined name 'GoogleFonts'. Try correcting the name to one that is defined, or defining the name. - undefined_identifier
error - features\delivery\delivery_profile_screen.dart:449:92 - Undefined name 'GoogleFonts'. Try correcting the name to one that is defined, or defining the name. - undefined_identifier
error - features\delivery\delivery_profile_screen.dart:461:45 - Undefined name 'GoogleFonts'. Try correcting the name to one that is defined, or defining the name. - undefined_identifier
error - features\delivery\delivery_profile_screen.dart:481:24 - Undefined name 'GoogleFonts'. Try correcting the name to one that is defined, or defining the name. - undefined_identifier
error - features\delivery\delivery_profile_screen.dart:492:59 - Undefined name 'GoogleFonts'. Try correcting the name to one that is defined, or defining the name. - undefined_identifier
error - features\delivery\delivery_profile_screen.dart:511:33 - Undefined name 'GoogleFonts'. Try correcting the name to one that is defined, or defining the name. - undefined_identifier
error - features\delivery\delivery_profile_screen.dart:527:42 - Undefined name 'GoogleFonts'. Try correcting the name to one that is defined, or defining the name. - undefined_identifier
error - features\farmer\farmer_home_screen.dart:18:43 - The getter 'orders' isn't defined for the type 'OrderState'. Try importing the library that defines 'orders', correcting the name to the name of an existing getter, or defining a getter or field named 'orders'. - undefined_getter
error - features\farmer\farmer_home_screen.dart:24:38 - The getter 'orders' isn't defined for the type 'OrderState'. Try importing the library that defines 'orders', correcting the name to the name of an existing getter, or defining a getter or field named 'orders'. - undefined_getter
error - features\farmer\farmer_home_screen.dart:29:37 - The getter 'orders' isn't defined for the type 'OrderState'. Try importing the library that defines 'orders', correcting the name to the name of an existing getter, or defining a getter or field named 'orders'. - undefined_getter
error - features\home\customer_main_screen.dart:139:32 - Undefined name 'GoogleFonts'. Try correcting the name to one that is defined, or defining the name. - undefined_identifier
error - features\home\customer_main_screen.dart:156:26 - Undefined name 'GoogleFonts'. Try correcting the name to one that is defined, or defining the name. - undefined_identifier
error - features\home\home_screen.dart:28:25 - Undefined name 'addressState'. Try correcting the name to one that is defined, or defining the name. - undefined_identifier
error - features\home\home_screen.dart:29:11 - Undefined name 'addressState'. Try correcting the name to one that is defined, or defining the name. - undefined_identifier
error - features\home\home_screen.dart:31:27 - Undefined name 'addressState'. Try correcting the name to one that is defined, or defining the name. - undefined_identifier
