07-17 14:46:28.322  2094  2704 D DisplayManagerServiceExtImpl: request size(1,1),dpc=com.android.server.display.DisplayPowerController@e4b7597 size(0,1),flags=0X200F,id(0,0,local:4630946385424322177), phase=1, enable=true, ready=false,prox=false policy=DIM,dozeState=UNKNOWN,screenBrightnessOverride=-1.000000,useAuto=false,lowPower=false,lowPowerFactor=1.000000
07-17 14:46:28.323  2094  2704 I OplusSmartBrightnessController: handleBrightnessTotalRateType: manual->dim
07-17 14:46:28.323  2094  2704 D OplusDisplayPowerControllerExtImpl: original brightness:195 final brightness:195.0 scale:1.0 reason:1 darkLevel:0
07-17 14:46:28.327  2094  2704 D OplusDisplayPowerControllerExtImpl: Animating brightness: target=1018->195,rate=1600->1600,type=dim,byUse=false local:4630946385424322177
07-17 14:46:28.327  2094  2704 D DisplayPowerController[0]: Brightness [195.0] reason changing to: 'manual [ dim ]', previous reason: 'manual'. id=local:4630946385424322177
07-17 14:46:28.327  2094  2704 I DisplayPowerController[0]: BrightnessEvent: disp=0, brt=195.0, rcmdBrt=NaN, preBrt=NaN, lux=0.0, preLux=0.0, hbmMax=1.0, hbmMode=off, thrmMax=1.0, flags=, reason=manual [ dim ]
07-17 14:46:28.327  2094  2704 D OplusDisplayPowerControllerExtImpl: RECORD:onUpdatePowerState policy:2 state:2 brightness:195
07-17 14:46:28.327  2094  2704 D VRR [OPlusRefreshRateService]: notifyBrightnessChange brightness: 195.0
07-17 14:46:28.328  2094  2704 D VRR [OPlusRefreshRateService]: notifyNitsChange nits: 2.1161888 discrete nits: 82.923645
07-17 14:46:28.328  2094  2732 D VRR [OPlusRefreshRateService]: handleBrightnessChange nits: 2.1161888
07-17 14:46:28.336  2094  2704 D OplusFeatureHDREnhanceBrightness: setAnimating : animating = true
07-17 14:46:28.336  2094  2704 D OplusFeatureReduceBrightness: setAnimating : animating = true
07-17 14:46:28.852  2094  2704 D OplusFeatureHDREnhanceBrightness: setAnimating : animating = false
07-17 14:46:28.853  2094  2704 D OplusFeatureReduceBrightness: setAnimating : animating = false
07-17 14:46:28.853  2094  2704 I OplusSmartBrightnessController: setHDRAnimatingState = false
07-17 14:46:28.853  2094  2704 D OplusDisplayPowerControllerExtImpl: original brightness:195 final brightness:195.0 scale:1.0 reason:1 darkLevel:0
07-17 14:46:28.854  2094  2704 D VRR [OPlusRefreshRateService]: notifyBrightnessChange brightness: 195.0
07-17 14:46:30.322  2094  2704 I PowerGroup: Napping power group (groupId=0, uid=1000)...
07-17 14:46:30.323  2094  2704 I PowerManagerService: Nap time (uid 1000)...
07-17 14:46:30.325  2094  2704 D OplusFeatureAOD: notifySfUnBlockScreenOn
07-17 14:46:30.329  2094  2704 I PowerManagerService: handleSandman: TIMEOUT dozePowerGroupLocked
07-17 14:46:30.329  2094  2704 D OplusPowerManagerHelper: goToSleepNoUpdateLocked  needIntercepet: false
07-17 14:46:30.329  2094  2704 D OplusPowerManagerHelper: [onGoToSleep]
07-17 14:46:30.330  2094  2704 I PowerGroup: Powering off display group due to timeout (groupId= 0, uid= 1000)...
07-17 14:46:30.330  2094  2704 I PowerManagerService: Going to sleep due to timeout (uid 1000)...
07-17 14:46:30.333  2094  3230 E Biometrics/Fingerprint21/Fingerprint21ServiceProviderExtImpl: mFingerprintCommandCallback is null
07-17 14:46:30.335  2094  3112 D InputMethodManagerService: onHandleImeWindowVisibleStatus: vis = 0, needsToShowImeSwitcher = false
07-17 14:46:30.335  2094  2704 D DisplayManagerServiceExtImpl: request size(1,1),dpc=com.android.server.display.DisplayPowerController@e4b7597 size(0,1),flags=0X200F,id(0,0,local:4630946385424322177), phase=1, enable=true, ready=false,prox=false policy=OFF,dozeState=UNKNOWN,screenBrightnessOverride=-1.000000,useAuto=false,lowPower=false,lowPowerFactor=1.000000
07-17 14:46:30.358  2094  6857 D LockSettingsService: [getSeparateProfileChallengeEnabled] userId = 10
07-17 14:46:30.368  2094  6857 E OplusCustomizeRestrictionManagerService: isBiometricDisabled start
07-17 14:46:30.369  2094  6857 E OplusCustomizeRestrictionManagerService: isBiometricDisabled start
07-17 14:46:30.370 11795 11813 D OneHandedController: setLockedDisabled locked = true, enabled = false ,FeatureEnabled = false
07-17 14:46:30.392  2094  2704 I OplusSmartBrightnessController: handleBrightnessTotalRateType: dim->manual
07-17 14:46:30.392  2094  2704 D DisplayPowerController[0]: Brightness [1018.0] reason changing to: 'manual', previous reason: 'manual [ dim ]'. id=local:4630946385424322177
07-17 14:46:30.392  2094  2704 I DisplayPowerController[0]: BrightnessEvent: disp=0, brt=1018.0, rcmdBrt=NaN, preBrt=NaN, lux=0.0, preLux=0.0, hbmMax=1.0, hbmMode=off, thrmMax=1.0, flags=, reason=manual
07-17 14:46:30.392  2094  2704 D VRR [OPlusRefreshRateService]: notifyBrightnessChange brightness: 1018.0
07-17 14:46:30.392  2094  2704 D VRR [OPlusRefreshRateService]: notifyNitsChange nits: 82.923645 discrete nits: 2.1161888
07-17 14:46:30.393  2094  2732 D VRR [OPlusRefreshRateService]: handleBrightnessChange nits: 82.923645
07-17 14:46:30.410  2094  2704 D DisplayPowerState[0]: setColorFadeLevel: level=0.9822787
07-17 14:46:30.427  2094  2704 D DisplayPowerState[0]: setColorFadeLevel: level=0.9343158
07-17 14:46:30.444  2094  2704 D DisplayPowerState[0]: setColorFadeLevel: level=0.8535534
07-17 14:46:30.461  2094  2704 D DisplayPowerState[0]: setColorFadeLevel: level=0.75452065
07-17 14:46:30.477  2094  2704 D DisplayPowerState[0]: setColorFadeLevel: level=0.63193655
07-17 14:46:30.493  2094  2704 D DisplayPowerState[0]: setColorFadeLevel: level=0.5
07-17 14:46:30.510  2094  2704 D DisplayPowerState[0]: setColorFadeLevel: level=0.37565517
07-17 14:46:30.527  2094  2704 D DisplayPowerState[0]: setColorFadeLevel: level=0.2522707
07-17 14:46:30.543  2094  2704 D DisplayPowerState[0]: setColorFadeLevel: level=0.15204358
07-17 14:46:30.560  2094  2704 D DisplayPowerState[0]: setColorFadeLevel: level=0.06962907
07-17 14:46:30.577  2094  2704 D DisplayPowerState[0]: setColorFadeLevel: level=0.017721295
07-17 14:46:30.593  2094  2704 D DisplayPowerState[0]: setColorFadeLevel: level=6.169081E-5
07-17 14:46:30.610  2094  2704 D DisplayPowerState[0]: setColorFadeLevel: level=0.0
07-17 14:46:30.610  2094  2704 D OplusDisplayPowerControllerExtImpl: RECORD: Animation finished when screen is off
07-17 14:46:30.610  2094  2704 D OplusDisplayPowerControllerExtImpl: [onGoToSleepFinish]
07-17 14:46:30.623  2094  2704 D DisplayPowerState[0]: updateRunnable run fadeLevle=0.0 state=ON brightness changed:195.0->-1.0
07-17 14:46:30.623  2094  2704 I DisplayPowerController[0]: Blocking screen off
07-17 14:46:30.625  2094  2704 I DisplayPowerController[0]: Unblocked screen off after 1 ms
07-17 14:46:30.625  2094  2704 D VRR [OPlusRefreshRateService]: screenStateChange state: 1
07-17 14:46:30.625  2094  2704 D OplusSmartBrightnessController: onScreenEvent, isScreenOn:false
07-17 14:46:30.625  2094  2704 D OplusSmartBrightnessController: NeedResetSpline:false, NeedResetSplineByLargeChange:false
07-17 14:46:30.625  2094  2706 I OplusSmartBrightnessController: handleMessage MSG_NEXT_LUX_WILL_CHANGED.
07-17 14:46:30.626  2094  2732 D VRR [OPlusRefreshRateService]: handleScreenStateChange state: 1
07-17 14:46:30.629  2094  2704 D DisplayPowerState[0]: setScreenState: state=1
07-17 14:46:30.629  2094  2704 D BackLightStat: setScreenState: state changed:ON->OFF
07-17 14:46:30.634  2094  2704 D DisplayPowerController[0]: Brightness [-1.0] reason changing to: 'screen_off', previous reason: 'manual'. id=local:4630946385424322177
07-17 14:46:30.634  2094  2704 I DisplayPowerController[0]: BrightnessEvent: disp=0, brt=-1.0, rcmdBrt=NaN, preBrt=NaN, lux=0.0, preLux=0.0, hbmMax=1.0, hbmMode=off, thrmMax=1.0, flags=, reason=screen_off
07-17 14:46:30.634  2094  2704 D VRR [OPlusRefreshRateService]: notifyBrightnessChange brightness: -1.0
07-17 14:46:30.634  2094  2704 D VRR [OPlusRefreshRateService]: brightness is negative, set to zero directly: -1.0
07-17 14:46:30.634  2094  2704 D VRR [OPlusRefreshRateService]: notifyNitsChange nits: 0.0 discrete nits: 82.923645
07-17 14:46:30.635  2094  2732 D VRR [OPlusRefreshRateService]: handleBrightnessChange nits: 0.0
07-17 14:46:30.635  2094  2704 D DisplayPowerState[0]: updateRunnable run fadeLevle=0.0 state=OFF brightness changed:195.0->-1.0
07-17 14:46:30.638  2094  6809 E OplusCustomizeRestrictionManagerService: isBiometricDisabled start
07-17 14:46:30.639  2094  6809 E OplusCustomizeRestrictionManagerService: isBiometricDisabled start
07-17 14:46:30.640  2094  6809 E OplusCustomizeRestrictionManagerService: isBiometricDisabled start
07-17 14:46:30.640  2094  6809 E OplusCustomizeRestrictionManagerService: isBiometricDisabled start
07-17 14:46:30.641  2094  6809 E OplusCustomizeRestrictionManagerService: isBiometricDisabled start
07-17 14:46:30.643  2094  6850 E OplusCustomizeRestrictionManagerService: isBiometricDisabled start
07-17 14:46:30.643  2094  6809 E OplusCustomizeRestrictionManagerService: isBiometricDisabled start
07-17 14:46:30.643  2094  3272 D DisplayPowerState[0]: Updating screen state: id=0, state=OFF, backlight=-1.0, sdrBacklight=-1.0
07-17 14:46:30.644  2094  6809 E OplusCustomizeRestrictionManagerService: isBiometricDisabled start
07-17 14:46:30.644  2094  3272 D OplusSmartBrightnessController: requestDisplayState isFirstDisplay=true state=1 globalDisplayState=0x0
07-17 14:46:30.644  2094  3272 D LocalDisplayAdapter: setDisplayState(id=4630946385424322177 isFirstDisplay=true state changed:ON->OFF) t-Name=PhotonicModulator
07-17 14:46:30.645  2094  6850 D OplusUserManagerServiceEnhance: getMultiSystemUserId  res = -10000
07-17 14:46:30.646  2094  2339 I DisplayDeviceRepository: Display device changed state: "Built-in Screen", OFF
07-17 14:46:30.646  2094  6809 E OplusCustomizeRestrictionManagerService: isBiometricDisabled start
07-17 14:46:30.646  2094  6850 E OplusCustomizeRestrictionManagerService: isBiometricDisabled start
07-17 14:46:30.647  2094  6850 E OplusCustomizeRestrictionManagerService: isBiometricDisabled start
07-17 14:46:30.647  2094  2339 D DisplayManagerServiceExtImpl: scheduleTraversalLocked intraversal=false
07-17 14:46:30.647  2094  2339 I DisplayManagerServiceExtImpl: handle logical display changed logicalDisplay=id=0,phase=1,stack=0,content=true,displayInfo{stack=0,type=1,id=0,uId=local:4630946385424322177,state=OFF,pkg=null}
07-17 14:46:30.649  2094  6850 E OplusCustomizeRestrictionManagerService: isBiometricDisabled start
07-17 14:46:30.649  2094  2339 D DisplayManagerService: Delivering display event: displayId=0, event=2
07-17 14:46:30.650  2094  6850 E OplusCustomizeRestrictionManagerService: isBiometricDisabled start
07-17 14:46:30.650  2094  3059 D OplusDisplayStateMonitor: screenState: STATE_OFF  last screenState: STATE_ON
07-17 14:46:30.650  2094  3059 D OplusDisplayStateMonitor: start stats due to screen off
07-17 14:46:30.650  2094  2094 I WallpaperManagerServiceExt: removeDisplayData. displayId = 0
07-17 14:46:30.651  2094  6850 E OplusCustomizeRestrictionManagerService: isBiometricDisabled start
07-17 14:46:30.651  2094  6850 E OplusCustomizeRestrictionManagerService: isBiometricDisabled start
07-17 14:46:30.652  2094  6850 E OplusCustomizeRestrictionManagerService: isBiometricDisabled start
07-17 14:46:30.654  2094  2337 D OplusVFXScreenEffectFeature: notifySFCompatWindowStateChange entered false
07-17 14:46:30.658  2094  6824 E OplusCustomizeRestrictionManagerService: isBiometricDisabled start
07-17 14:46:30.658  2094  2340 D DisplayManagerService: performTraversalInternal pendingTraversal
07-17 14:46:30.658  2094  2340 D DisplayDevice: setLayerStackLocked id=local:4630946385424322177 token=android.os.BinderProxy@84cfd78 stack=0->-1
07-17 14:46:30.659  2094  3729 E OplusCustomizeRestrictionManagerService: isBiometricDisabled start
07-17 14:46:30.660  2094  2948 E OplusCustomizeRestrictionManagerService: isBiometricDisabled start
07-17 14:46:30.661  2094  3556 E OplusCustomizeRestrictionManagerService: isBiometricDisabled start
07-17 14:46:30.662  2094  6829 E OplusCustomizeRestrictionManagerService: isBiometricDisabled start
07-17 14:46:30.663  2094  3554 E OplusCustomizeRestrictionManagerService: isBiometricDisabled start
07-17 14:46:30.663  2094  6829 E OplusCustomizeRestrictionManagerService: isBiometricDisabled start
07-17 14:46:30.664  2094  6809 E OplusCustomizeRestrictionManagerService: isBiometricDisabled start
07-17 14:46:30.665  2094  2339 D DisplayManagerService: MSG_REQUEST_TRAVERSAL pendingCompleted=false
07-17 14:46:30.666  2094  6835 D OplusUserManagerServiceEnhance: getMultiSystemUserId  res = -10000
07-17 14:46:30.666  2094  6829 E OplusCustomizeRestrictionManagerService: isBiometricDisabled start
07-17 14:46:30.667  2094  2949 E OplusCustomizeRestrictionManagerService: isBiometricDisabled start
07-17 14:46:30.668  2094  6809 E OplusCustomizeRestrictionManagerService: isBiometricDisabled start
07-17 14:46:30.669  2094  3554 E OplusCustomizeRestrictionManagerService: isBiometricDisabled start
07-17 14:46:30.675  2094  4267 V WindowManager: Relayout Window{edcc2c1 u0 NotificationShade}: viewVisibility=0, oldvis=0, req=1080x2400
07-17 14:46:30.692  2094  6809 V WindowManager: Relayout Window{edcc2c1 u0 NotificationShade}: viewVisibility=0, oldvis=0, req=1080x2400
07-17 14:46:30.765  2094  3230 V Biometrics/AcquisitionClient: Acquired: 6 6, shouldSend: true
07-17 14:46:30.766 11795 11795 W FingerprintManager: Invalid acquired message: 6, 6
07-17 14:46:31.065  2094  3272 D OplusDisplayPanelFeature: getDisplayPanelFeatureValue +++, featureID:20
07-17 14:46:31.067  2094  3272 D OplusDisplayPanelFeature: getDisplayPanelFeatureValue, ret = 0
07-17 14:46:31.067  2094  3272 I OplusDisplayPanelFeature: [0]
07-17 14:46:31.067  2094  3272 D OplusDisplayPanelFeature: getDisplayPanelFeatureValue ---, result = [0]
07-17 14:46:31.067  2094  3272 D OplusSilentRebootManager: silence flags file value is :0
07-17 14:46:31.068  2094  2704 D DisplayPowerState[0]: updateRunnable run fadeLevle=0.0 state=OFF brightness changed:195.0->-1.0
07-17 14:46:31.069  2094  2704 D VRR [OPlusRefreshRateService]: notifyBrightnessChange brightness: -1.0
07-17 14:46:31.069  2094  2704 D VRR [OPlusRefreshRateService]: brightness is negative, set to zero directly: -1.0
07-17 14:46:31.069  2094  2704 D PowerManagerServiceExtImpl: aodEnable: true
07-17 14:46:31.070  2094  2704 I DreamManagerService: Entering dreamland.
07-17 14:46:31.073  2094  2704 I PowerManagerService: Dozing...
07-17 14:46:31.074  2094  2336 I DreamController: Starting dream: name=ComponentInfo{com.android.systemui/com.android.systemui.doze.DozeService}, isPreviewMode=false, canDoze=true, userId=0
07-17 14:46:31.079  2094  2411 W BroadcastQueue: Background execution not allowed: receiving Intent { act=android.intent.action.CLOSE_SYSTEM_DIALOGS flg=0x10 (has extras) } to com.rapido.passenger/bike.rapido.pip.receiver.ServiceActionsReceiver
07-17 14:46:31.097  2094  3115 W OplusStorageManagerFeature: turn screenOff, maintPrepared:false
07-17 14:46:31.115  2094  3556 D WindowManager: finishDrawingWindow: Window{edcc2c1 u0 NotificationShade} mDrawState=HAS_DRAWN
07-17 14:46:31.115  2094  6809 D OplusFeatureAOD: key:2094 tmp:0
07-17 14:46:31.116  2094  6809 D DisplayManagerServiceExtImpl: request size(1,1),dpc=com.android.server.display.DisplayPowerController@e4b7597 size(0,1),flags=0X200F,id(0,0,local:4630946385424322177), phase=1, enable=true, ready=false,prox=false policy=DOZE,dozeState=OFF,screenBrightnessOverride=-1.000000,useAuto=false,lowPower=false,lowPowerFactor=1.000000
07-17 14:46:31.119  2094  2704 D VRR [OPlusRefreshRateService]: notifyBrightnessChange brightness: -1.0
07-17 14:46:31.119  2094  2704 D VRR [OPlusRefreshRateService]: brightness is negative, set to zero directly: -1.0
07-17 14:46:31.119  2094  2704 D OplusFeatureAOD: notifySfUnBlockScreenOn
07-17 14:46:31.122  2094  2704 I Quality : ScreenOnOff: OFF 791 2
07-17 14:46:31.125  2094  4267 D LockSettingsService: [getSeparateProfileChallengeEnabled] userId = 10
07-17 14:46:31.126  2094  2948 E OplusCustomizeRestrictionManagerService: getUnlockByFingerprintPolicies fail, return default value.
07-17 14:46:31.128  2094  2705 D NotifierExtImpl: notifyScreenOnOff: on = false
07-17 14:46:31.128  2094  2705 D OplusPowerManagerServiceEnhance: notifyScreenOnOff on=false
07-17 14:46:31.129  2094  6835 E OplusCustomizeRestrictionManagerService: getUnlockByFingerprintPolicies fail, return default value.
07-17 14:46:31.131  2094  3112 D InputMethodManagerService: onHandleImeWindowVisibleStatus: vis = 0, needsToShowImeSwitcher = false
07-17 14:46:31.132  2094  2339 V UsbDeviceManager: onKeyguardStateChanged: isShowing:true secure:true user:0
07-17 14:46:31.132   676   695 I vold    : evict_sensitive_key: 1,sensitiveType=0
07-17 14:46:31.132   676   695 I vold    : evict_sensitive_key: 1
07-17 14:46:31.133   676   695 D vold    : Cannot find key for 0
07-17 14:46:31.133   676   695 D vold    : Cannot find key for 0
07-17 14:46:31.133   676   695 I vold    : evict_sensitive_key: 1,sensitiveType=1
07-17 14:46:31.133   676   695 I vold    : evict_sensitive_key: 1
07-17 14:46:31.133  2094  2339 E OplusStorageManagerFeature: clear Ae Be key
07-17 14:46:31.136  2094  2948 E OplusCustomizeRestrictionManagerService: isBiometricDisabled start
07-17 14:46:31.137  2094  2948 E OplusCustomizeRestrictionManagerService: isBiometricDisabled start
07-17 14:46:31.137  2094  6809 D OplusGuardElfFeature: ICharger set value = 0
07-17 14:46:31.137  2094  6809 D OplusGuardElfFeature: calling class name = ThermalControlUtils
07-17 14:46:31.137  7115  7733 D OplusBatteryManager: set charge value = 0
07-17 14:46:31.137  2094  2948 E OplusCustomizeRestrictionManagerService: isBiometricDisabled start
07-17 14:46:31.138  2094  4267 E OplusCustomizeRestrictionManagerService: isBiometricDisabled start
07-17 14:46:31.138  2094  6809 E OplusCustomizeRestrictionManagerService: isBiometricDisabled start
07-17 14:46:31.139  2094  6809 E OplusCustomizeRestrictionManagerService: isBiometricDisabled start
07-17 14:46:31.140  2094  6809 E OplusCustomizeRestrictionManagerService: isBiometricDisabled start
07-17 14:46:31.140  2094  6809 E OplusCustomizeRestrictionManagerService: isBiometricDisabled start
07-17 14:46:31.142  2094  6809 D OplusUserManagerServiceEnhance: getMultiSystemUserId  res = -10000
07-17 14:46:31.142  2094  4267 E OplusCustomizeRestrictionManagerService: isBiometricDisabled start
07-17 14:46:31.143  2094  4267 E OplusCustomizeRestrictionManagerService: isBiometricDisabled start
07-17 14:46:31.143  2094  4267 E OplusCustomizeRestrictionManagerService: isBiometricDisabled start
07-17 14:46:31.144  2094  4267 E OplusCustomizeRestrictionManagerService: isBiometricDisabled start
07-17 14:46:31.145  2094  2948 E OplusCustomizeRestrictionManagerService: isBiometricDisabled start
07-17 14:46:31.146  2094  2948 E OplusCustomizeRestrictionManagerService: isBiometricDisabled start
07-17 14:46:31.147  2094  2948 E OplusCustomizeRestrictionManagerService: isBiometricDisabled start
07-17 14:46:31.147  2094  2948 E OplusCustomizeRestrictionManagerService: isBiometricDisabled start
07-17 14:46:31.151  2094  2948 D DisplayManagerService: setSpecBrightness gear = 0 reason = com.android.launcher@temperature@37@normal rate = -1
07-17 14:46:31.152  2094  2706 I OplusSmartBrightnessController: handleMessage MSG_TEMPERATURE_LIMIT_BRIGHTNESS_CHANGED.
07-17 14:46:31.152  2094  2706 D OplusFeatureTemperatureLimitBrightness: new parameter! gear = 0 set reason = com.android.launcher@temperature@37@normal brightness = 4095 package = com.android.launcher type = temperature temperature = 37 priority = normal rate = -1 HadDragPoint = false mode = 0
07-17 14:46:31.152  2094  2704 D ColorAutomaticBrightnessController: MSG_UPDATE_BRIGHTNESS
07-17 14:46:31.153  2094  2704 D VRR [OPlusRefreshRateService]: notifyBrightnessChange brightness: -1.0
07-17 14:46:31.153  2094  2704 D VRR [OPlusRefreshRateService]: brightness is negative, set to zero directly: -1.0
07-17 14:46:31.156  2094  2948 V WindowManager: Relayout Window{edcc2c1 u0 NotificationShade}: viewVisibility=0, oldvis=0, req=1080x2400
07-17 14:46:31.157  2094  3556 D OplusFeatureAOD: key:2094 tmp:2
07-17 14:46:31.157  2094  3556 D DisplayManagerServiceExtImpl: request size(1,1),dpc=com.android.server.display.DisplayPowerController@e4b7597 size(0,1),flags=0X200F,id(0,0,local:4630946385424322177), phase=1, enable=true, ready=false,prox=false policy=DOZE,dozeState=DOZE,screenBrightnessOverride=-1.000000,useAuto=false,lowPower=false,lowPowerFactor=1.000000
07-17 14:46:31.157  2094  2704 D VRR [OPlusRefreshRateService]: screenStateChange state: 3
07-17 14:46:31.157  2094  2732 D VRR [OPlusRefreshRateService]: handleScreenStateChange state: 3
07-17 14:46:31.158  2094  2094 D PowerManagerService: onFlip: isFaceDown=false
07-17 14:46:31.158  2094  2094 D PowerManagerService: userActivityNoUpdateLocked: groupId=0, eventTime=700178126, event=0, flags=0x0, uid=1000
07-17 14:46:31.160  2094  6835 D VRR [OPlusRefreshRateService]:  setFrameRateTargetControl [ 0.0 , com.android.launcher , false , com.oplus.battery ]
07-17 14:46:31.161  2094  6835 D VRR [OPlusRefreshRateService]:  setFrameRateTargetControl from [0, 1000, android.uid.system:1000]
07-17 14:46:31.161  2094  6835 D VRR [OPlusExternalRefreshRateManager]:  [FRTC] FrameRate : 0 com.android.launcher false com.oplus.battery 0 1000
07-17 14:46:31.161  2094  2732 D VRR [OPlusSurfaceFlingerController]:  add frtc FrameRate : 0 com.android.launcher false com.oplus.battery
07-17 14:46:31.166  2094  2705 D OplusPowerManagerHelper: setDozeLightSensorEnabled:true
07-17 14:46:31.181  2094  3115 W OplusStorageManagerFeature: turn screenOff, maintPrepared:false
07-17 14:46:31.228  2094  2339 V UsbDeviceManager: onKeyguardStateChanged: isShowing:true secure:true user:0
07-17 14:46:31.229   676   695 I vold    : evict_sensitive_key: 1,sensitiveType=0
07-17 14:46:31.229   676   695 I vold    : evict_sensitive_key: 1
07-17 14:46:31.229  2094  2704 D BackLightStat: setScreenState: state changed:OFF->DOZE
07-17 14:46:31.229   676   695 D vold    : Cannot find key for 0
07-17 14:46:31.229   676   695 D vold    : Cannot find key for 0
07-17 14:46:31.229   676   695 I vold    : evict_sensitive_key: 1,sensitiveType=1
07-17 14:46:31.229   676   695 I vold    : evict_sensitive_key: 1
07-17 14:46:31.230  2094  2339 E OplusStorageManagerFeature: clear Ae Be key
07-17 14:46:31.230  2094  2704 D DisplayPowerState[0]: setColorFadeLevel: level=1.0
07-17 14:46:31.233  2094  2704 D DisplayPowerController[0]: Brightness [0.0] reason changing to: 'doze_default', previous reason: 'screen_off'. id=local:4630946385424322177
07-17 14:46:31.233  2094  2704 I DisplayPowerController[0]: BrightnessEvent: disp=0, brt=0.0, rcmdBrt=NaN, preBrt=NaN, lux=0.0, preLux=0.0, hbmMax=1.0, hbmMode=off, thrmMax=1.0, flags=, reason=doze_default
07-17 14:46:31.233  2094  2704 D VRR [OPlusRefreshRateService]: notifyBrightnessChange brightness: 0.0
07-17 14:46:31.234  2094  2704 D OplusPowerManagerHelper: light event lux:1.0
07-17 14:46:31.234  2094  3272 D DisplayPowerState[0]: Updating screen state: id=0, state=DOZE, backlight=1.0, sdrBacklight=1273.0
07-17 14:46:31.234  2094  3272 D OplusSmartBrightnessController: requestDisplayState isFirstDisplay=true state=3 globalDisplayState=0x3
07-17 14:46:31.234  2094  3272 D LocalDisplayAdapter: setDisplayState(id=4630946385424322177 isFirstDisplay=true state changed:OFF->DOZE) t-Name=PhotonicModulator
07-17 14:46:31.253  2094  2094 D OplusPowerMonitor: Receive broadcast android.intent.action.SCREEN_OFF
07-17 14:46:31.254  2094  2094 D OplusFeatureBrightnessBarController: screen state:false
07-17 14:46:31.255  2094  3059 D WakeLockHelper: enable wakelock PowerMonior:work, timeout=500
07-17 14:46:31.255  2094  3059 D OplusPowerMonitor: mScreenOffCurrentTime = 1784279791255, mScreenOffElapsedRealTime = 971744565, mScreenOffUpTime = 700178223
07-17 14:46:31.258  2094  3059 D WakeLockHelper: disable wakelock PowerMonior:work
07-17 14:46:31.264  2094  2339 I DisplayDeviceRepository: Display device changed state: "Built-in Screen", DOZE
07-17 14:46:31.265  2094  2339 D DisplayManagerServiceExtImpl: scheduleTraversalLocked intraversal=false
07-17 14:46:31.265  2094  2339 I DisplayManagerServiceExtImpl: handle logical display changed logicalDisplay=id=0,phase=1,stack=0,content=true,displayInfo{stack=0,type=1,id=0,uId=local:4630946385424322177,state=DOZE,pkg=null}
07-17 14:46:31.265  2094  2339 D DisplayManagerService: Delivering display event: displayId=0, event=2
07-17 14:46:31.265  2094  3059 D OplusDisplayStateMonitor: screenState: STATE_DOZE  last screenState: STATE_OFF
07-17 14:46:31.266  2094  3059 D OplusDisplayStateMonitor: DisplayDozeTime:971744575
07-17 14:46:31.266  2094  2094 I WallpaperManagerServiceExt: removeDisplayData. displayId = 0
07-17 14:46:31.266  2094  3059 D OplusDisplayStateMonitor: Last DisplayDozeSuspendTime:0
07-17 14:46:31.266  2094  3059 D OplusDisplayStateMonitor: Display doze suspend time delta: 2904 / 0 ratio:0.0
07-17 14:46:31.268  2094  2339 D DisplayManagerService: MSG_REQUEST_TRAVERSAL pendingCompleted=false
07-17 14:46:31.269  2094  2340 D DisplayManagerService: performTraversalInternal pendingTraversal
07-17 14:46:31.269  2094  2340 D DisplayDevice: setLayerStackLocked id=local:4630946385424322177 token=android.os.BinderProxy@84cfd78 stack=-1->0
07-17 14:46:31.269  2094  2339 I VRR [OPlusRefreshRateManager]: hasADFRFeature return false
07-17 14:46:31.269  2094  2339 I DisplayManagerService: Comparing display specs: baseModeId=1 allowGroupSwitching=false primaryRefreshRateRange=[0 240] appRequestRefreshRateRange=[0 240] vrrPolicy=POLICY_DEFAULT, existing: baseModeId=1 allowGroupSwitching=false primaryRefreshRateRange=[0 240] appRequestRefreshRateRange=[0 240] vrrPolicy=POLICY_DEFAULT
07-17 14:46:31.275  2094  2337 D OplusVFXScreenEffectFeature: notifySFCompatWindowStateChange entered false
07-17 14:46:31.303  2094  3213 D OplusFeatureColorMode: +updateUserDreaming
07-17 14:46:31.351  2094  6829 I OplusAppSwitchManagerService: appswitch unregisterAppSwitchObserver pkgName = com.heytap.accessory config = OplusAppSwitchConfig = {  mConfigs = {} observerFingerPrint = 12879489}
07-17 14:46:31.352  2094  6829 I OplusAppSwitchStateDispatcher: unregisterAppSwitchObserver ok, pkgName = com.heytap.accessory info = OplusAppSwitchRuleInfo = {  observer = null observerFingerPrint = 12879489}
07-17 14:46:31.734  2094  2704 D OplusPowerManagerHelper: handleMessage:113
07-17 14:46:31.735  2094  2704 D OplusPowerManagerHelper: processLightSensorEvent: lux1.0
07-17 14:46:31.735  2094  2704 D OplusDisplayPanelFeature: setDisplayPanelFeatureValue +++, ID:7, value:0
07-17 14:46:31.833  2094  2704 D VRR [OPlusRefreshRateService]: notifyBrightnessChange brightness: 0.0
07-17 14:46:32.276  2094  6857 D OplusFeatureAOD: key:2094 tmp:1
07-17 14:46:32.278  2094  2704 D VRR [OPlusRefreshRateService]: screenStateChange state: 4
07-17 14:46:32.278  2094  6857 D DisplayManagerServiceExtImpl: request size(1,1),dpc=com.android.server.display.DisplayPowerController@e4b7597 size(0,1),flags=0X200F,id(0,0,local:4630946385424322177), phase=1, enable=true, ready=false,prox=false policy=DOZE,dozeState=DOZE_SUSPEND,screenBrightnessOverride=-1.000000,useAuto=false,lowPower=false,lowPowerFactor=1.000000
07-17 14:46:32.278  2094  2732 D VRR [OPlusRefreshRateService]: handleScreenStateChange state: 4
07-17 14:46:32.283  2094  2704 D BackLightStat: setScreenState: state changed:DOZE->DOZE_SUSPEND
07-17 14:46:32.284  2094  2704 D VRR [OPlusRefreshRateService]: notifyBrightnessChange brightness: 0.0
07-17 14:46:32.284  2094  3272 D DisplayPowerState[0]: Updating screen state: id=0, state=DOZE_SUSPEND, backlight=1.0, sdrBacklight=1273.0
07-17 14:46:32.285  2094  3272 D OplusSmartBrightnessController: requestDisplayState isFirstDisplay=true state=4 globalDisplayState=0x7
07-17 14:46:32.285  2094  3272 D LocalDisplayAdapter: setDisplayState(id=4630946385424322177 isFirstDisplay=true state changed:DOZE->DOZE_SUSPEND) t-Name=PhotonicModulator
07-17 14:46:32.287  2094  2339 I DisplayDeviceRepository: Display device changed state: "Built-in Screen", DOZE_SUSPEND
07-17 14:46:32.291  2094  2339 D DisplayManagerServiceExtImpl: scheduleTraversalLocked intraversal=false
07-17 14:46:32.291  2094  2339 I DisplayManagerServiceExtImpl: handle logical display changed logicalDisplay=id=0,phase=1,stack=0,content=true,displayInfo{stack=0,type=1,id=0,uId=local:4630946385424322177,state=DOZE_SUSPEND,pkg=null}
07-17 14:46:32.293  2094  2339 D DisplayManagerService: Delivering display event: displayId=0, event=2
07-17 14:46:32.295  2094  2094 I WallpaperManagerServiceExt: removeDisplayData. displayId = 0
07-17 14:46:32.299  2094  2337 D OplusVFXScreenEffectFeature: notifySFCompatWindowStateChange entered false
07-17 14:46:32.301  2094  2339 D DisplayManagerService: MSG_REQUEST_TRAVERSAL pendingCompleted=false
07-17 14:46:32.302  2094  3059 D OplusDisplayStateMonitor: screenState: STATE_DOZE_SUSPEND  last screenState: STATE_DOZE
07-17 14:46:32.302  2094  3059 D OplusDisplayStateMonitor: DisplayDozeTime:971744575
07-17 14:46:32.302  2094  3059 D OplusDisplayStateMonitor: DisplayDozeSuspendTime:971745612
07-17 14:46:32.302  2094  3059 D OplusDisplayStateMonitor: Display doze suspend time delta: 1037 / 1036 ratio:0.6271186440677966
07-17 14:46:32.321  2094  2340 D DisplayManagerService: performTraversalInternal pendingTraversal
07-17 14:46:32.321  2094  2340 D DisplayDevice: setLayerStackLocked id=local:4630946385424322177 token=android.os.BinderProxy@84cfd78 stack=0->0
07-17 14:46:32.535  2094  2704 D VRR [OPlusRefreshRateService]: notifyBrightnessChange brightness: 0.0
07-17 14:46:35.219  2094  6849 D OplusFeatureAOD: key:2094 tmp:2
07-17 14:46:35.220  2094  2704 D VRR [OPlusRefreshRateService]: screenStateChange state: 3
07-17 14:46:35.220  2094  6849 D DisplayManagerServiceExtImpl: request size(1,1),dpc=com.android.server.display.DisplayPowerController@e4b7597 size(0,1),flags=0X200F,id(0,0,local:4630946385424322177), phase=1, enable=true, ready=false,prox=false policy=DOZE,dozeState=DOZE,screenBrightnessOverride=-1.000000,useAuto=false,lowPower=false,lowPowerFactor=1.000000
07-17 14:46:35.221  2094  2732 D VRR [OPlusRefreshRateService]: handleScreenStateChange state: 3
07-17 14:46:35.226  2094  2704 D BackLightStat: setScreenState: state changed:DOZE_SUSPEND->DOZE
07-17 14:46:35.229  2094  2704 D VRR [OPlusRefreshRateService]: notifyBrightnessChange brightness: 0.0
07-17 14:46:35.230  2094  3272 D DisplayPowerState[0]: Updating screen state: id=0, state=DOZE, backlight=1.0, sdrBacklight=1273.0
07-17 14:46:35.231  2094  3272 D OplusSmartBrightnessController: requestDisplayState isFirstDisplay=true state=3 globalDisplayState=0x7
07-17 14:46:35.231  2094  3272 D LocalDisplayAdapter: setDisplayState(id=4630946385424322177 isFirstDisplay=true state changed:DOZE_SUSPEND->DOZE) t-Name=PhotonicModulator
07-17 14:46:35.232  2094  2339 I DisplayDeviceRepository: Display device changed state: "Built-in Screen", DOZE
07-17 14:46:35.237  2094  2339 D DisplayManagerServiceExtImpl: scheduleTraversalLocked intraversal=false
07-17 14:46:35.237  2094  2339 I DisplayManagerServiceExtImpl: handle logical display changed logicalDisplay=id=0,phase=1,stack=0,content=true,displayInfo{stack=0,type=1,id=0,uId=local:4630946385424322177,state=DOZE,pkg=null}
07-17 14:46:35.237  2094  2339 D DisplayManagerService: Delivering display event: displayId=0, event=2
07-17 14:46:35.238  2094  2704 D VRR [OPlusRefreshRateService]: notifyBrightnessChange brightness: 0.0
07-17 14:46:35.240  2094  3059 D OplusDisplayStateMonitor: screenState: STATE_DOZE  last screenState: STATE_DOZE_SUSPEND
07-17 14:46:35.241  2094  3059 D OplusDisplayStateMonitor: DisplayDozeTime:971748551
07-17 14:46:35.241  2094  3059 D OplusDisplayStateMonitor: Last DisplayDozeSuspendTime:971745612
07-17 14:46:35.246  2094  3059 D OplusDisplayStateMonitor: Display doze suspend time delta: 2939 / 3975 ratio:0.8658244391200174
07-17 14:46:35.249  2094  2339 D DisplayManagerService: MSG_REQUEST_TRAVERSAL pendingCompleted=false
07-17 14:46:35.250  2094  2094 I WallpaperManagerServiceExt: removeDisplayData. displayId = 0
07-17 14:46:35.253  2094  2337 D OplusVFXScreenEffectFeature: notifySFCompatWindowStateChange entered false
07-17 14:46:35.255  2094  2340 D DisplayManagerService: performTraversalInternal pendingTraversal
07-17 14:46:35.255  2094  2340 D DisplayDevice: setLayerStackLocked id=local:4630946385424322177 token=android.os.BinderProxy@84cfd78 stack=0->0
07-17 14:46:35.768  2094  3230 V Biometrics/AcquisitionClient: Acquired: 6 6, shouldSend: true
07-17 14:46:35.770 11795 11795 W FingerprintManager: Invalid acquired message: 6, 6
07-17 14:46:36.258  2094  6860 D OplusFeatureAOD: key:2094 tmp:1
07-17 14:46:36.259  2094  2704 D VRR [OPlusRefreshRateService]: screenStateChange state: 4
07-17 14:46:36.259  2094  6860 D DisplayManagerServiceExtImpl: request size(1,1),dpc=com.android.server.display.DisplayPowerController@e4b7597 size(0,1),flags=0X200F,id(0,0,local:4630946385424322177), phase=1, enable=true, ready=false,prox=false policy=DOZE,dozeState=DOZE_SUSPEND,screenBrightnessOverride=-1.000000,useAuto=false,lowPower=false,lowPowerFactor=1.000000
07-17 14:46:36.260  2094  2732 D VRR [OPlusRefreshRateService]: handleScreenStateChange state: 4
07-17 14:46:36.264  2094  2704 D BackLightStat: setScreenState: state changed:DOZE->DOZE_SUSPEND
07-17 14:46:36.265  2094  2704 D VRR [OPlusRefreshRateService]: notifyBrightnessChange brightness: 0.0
07-17 14:46:36.266  2094  3272 D DisplayPowerState[0]: Updating screen state: id=0, state=DOZE_SUSPEND, backlight=1.0, sdrBacklight=1273.0
07-17 14:46:36.267  2094  3272 D OplusSmartBrightnessController: requestDisplayState isFirstDisplay=true state=4 globalDisplayState=0x7
07-17 14:46:36.267  2094  3272 D LocalDisplayAdapter: setDisplayState(id=4630946385424322177 isFirstDisplay=true state changed:DOZE->DOZE_SUSPEND) t-Name=PhotonicModulator
07-17 14:46:36.269  2094  2339 I DisplayDeviceRepository: Display device changed state: "Built-in Screen", DOZE_SUSPEND
07-17 14:46:36.276  2094  2339 D DisplayManagerServiceExtImpl: scheduleTraversalLocked intraversal=false
07-17 14:46:36.277  2094  2339 I DisplayManagerServiceExtImpl: handle logical display changed logicalDisplay=id=0,phase=1,stack=0,content=true,displayInfo{stack=0,type=1,id=0,uId=local:4630946385424322177,state=DOZE_SUSPEND,pkg=null}
07-17 14:46:36.277  2094  2339 D DisplayManagerService: Delivering display event: displayId=0, event=2
07-17 14:46:36.279  2094  3059 D OplusDisplayStateMonitor: screenState: STATE_DOZE_SUSPEND  last screenState: STATE_DOZE
07-17 14:46:36.279  2094  3059 D OplusDisplayStateMonitor: DisplayDozeTime:971748551
07-17 14:46:36.279  2094  3059 D OplusDisplayStateMonitor: DisplayDozeSuspendTime:971749589
07-17 14:46:36.280  2094  3059 D OplusDisplayStateMonitor: Display doze suspend time delta: 1038 / 5013 ratio:0.8904085257548845
07-17 14:46:36.283  2094  2337 D OplusVFXScreenEffectFeature: notifySFCompatWindowStateChange entered false
07-17 14:46:36.287  2094  2094 I WallpaperManagerServiceExt: removeDisplayData. displayId = 0
07-17 14:46:36.292  2094  2340 D DisplayManagerService: performTraversalInternal pendingTraversal
07-17 14:46:36.293  2094  2340 D DisplayDevice: setLayerStackLocked id=local:4630946385424322177 token=android.os.BinderProxy@84cfd78 stack=0->0
07-17 14:46:36.301  2094  2339 D DisplayManagerService: MSG_REQUEST_TRAVERSAL pendingCompleted=false
07-17 14:46:36.546  2094  2704 D VRR [OPlusRefreshRateService]: notifyBrightnessChange brightness: 0.0
07-17 14:46:40.234 11795 11863 D FingerprintManager: Cancel fingerprint authentication requested for: 2208
07-17 14:46:40.236  2094  6824 E OplusCustomizeRestrictionManagerService: isBiometricDisabled start
07-17 14:46:40.236  2094  6824 D Fingerprint21: cancelAuthentication, sensorId: 0
07-17 14:46:40.236  2094  6824 D Biometrics/Fingerprint21/Fingerprint21ServiceProviderExtImpl: [handleOnPointerUp] dispatch to Auth
07-17 14:46:40.237  2094  3230 D BiometricScheduler/Fingerprint21: cancelAuthenticationOrDetection, requestId: 2208
07-17 14:46:40.237  2094  3230 D BiometricScheduler/Fingerprint21: Cancelling auth/detect op: {[5431] com.android.server.biometrics.sensors.fingerprint.hidl.FingerprintAuthenticationClient, proto=3, owner=com.android.systemui, cookie=0, requestId=2208, userId=0}, State: 2
07-17 14:46:40.237  2094  3230 D BiometricSchedulerOperation: [Cancelling] Current client: {[5431] com.android.server.biometrics.sensors.fingerprint.hidl.FingerprintAuthenticationClient, proto=3, owner=com.android.systemui, cookie=0, requestId=2208, userId=0}
07-17 14:46:40.241  2094  3729 D OplusFeatureAOD: key:2094 tmp:2
07-17 14:46:40.242  2094  2704 D VRR [OPlusRefreshRateService]: screenStateChange state: 3
07-17 14:46:40.242  2094  3729 D DisplayManagerServiceExtImpl: request size(1,1),dpc=com.android.server.display.DisplayPowerController@e4b7597 size(0,1),flags=0X200F,id(0,0,local:4630946385424322177), phase=1, enable=true, ready=false,prox=false policy=DOZE,dozeState=DOZE,screenBrightnessOverride=-1.000000,useAuto=false,lowPower=false,lowPowerFactor=1.000000
07-17 14:46:40.242  2094  2732 D VRR [OPlusRefreshRateService]: handleScreenStateChange state: 3
07-17 14:46:40.246  2094  2704 D BackLightStat: setScreenState: state changed:DOZE_SUSPEND->DOZE
07-17 14:46:40.248  2094  2704 D VRR [OPlusRefreshRateService]: notifyBrightnessChange brightness: 0.0
07-17 14:46:40.249  2094  3272 D DisplayPowerState[0]: Updating screen state: id=0, state=DOZE, backlight=1.0, sdrBacklight=1273.0
07-17 14:46:40.250  2094  3272 D OplusSmartBrightnessController: requestDisplayState isFirstDisplay=true state=3 globalDisplayState=0x7
07-17 14:46:40.250  2094  3272 D LocalDisplayAdapter: setDisplayState(id=4630946385424322177 isFirstDisplay=true state changed:DOZE_SUSPEND->DOZE) t-Name=PhotonicModulator
07-17 14:46:40.250  2094  2339 I DisplayDeviceRepository: Display device changed state: "Built-in Screen", DOZE
07-17 14:46:40.256  2094  2339 D DisplayManagerServiceExtImpl: scheduleTraversalLocked intraversal=false
07-17 14:46:40.256  2094  2339 I DisplayManagerServiceExtImpl: handle logical display changed logicalDisplay=id=0,phase=1,stack=0,content=true,displayInfo{stack=0,type=1,id=0,uId=local:4630946385424322177,state=DOZE,pkg=null}
07-17 14:46:40.257  2094  2339 D DisplayManagerService: Delivering display event: displayId=0, event=2
07-17 14:46:40.258  2094  2094 I WallpaperManagerServiceExt: removeDisplayData. displayId = 0
07-17 14:46:40.262  2094  2339 D DisplayManagerService: MSG_REQUEST_TRAVERSAL pendingCompleted=false
07-17 14:46:40.263  2094  3059 D OplusDisplayStateMonitor: screenState: STATE_DOZE  last screenState: STATE_DOZE_SUSPEND
07-17 14:46:40.263  2094  3059 D OplusDisplayStateMonitor: DisplayDozeTime:971753573
07-17 14:46:40.263  2094  3059 D OplusDisplayStateMonitor: Last DisplayDozeSuspendTime:971749589
07-17 14:46:40.263  2094  3059 D OplusDisplayStateMonitor: Display doze suspend time delta: 3984 / 8997 ratio:0.9359201081868304
07-17 14:46:40.266  2094  2704 D VRR [OPlusRefreshRateService]: notifyBrightnessChange brightness: 0.0
07-17 14:46:40.273  2094  2340 D DisplayManagerService: performTraversalInternal pendingTraversal
07-17 14:46:40.274  2094  2340 D DisplayDevice: setLayerStackLocked id=local:4630946385424322177 token=android.os.BinderProxy@84cfd78 stack=0->0
07-17 14:46:40.276  2094  6860 V WindowManager: Relayout Window{3c5f967 u0 OnScreenFingerprintIcon}: viewVisibility=8, oldvis=0, req=1080x1080
07-17 14:46:40.283  2094  2337 D OplusVFXScreenEffectFeature: notifySFCompatWindowStateChange entered false
07-17 14:46:40.288  2094  3717 E OplusCustomizeRestrictionManagerService: getUnlockByFingerprintPolicies fail, return default value.
07-17 14:46:40.337  2094  3230 D Fingerprint21: handleError, client: FingerprintAuthenticationClient, error: 5, vendorCode: 0
07-17 14:46:40.338  2094  3230 D Biometrics/AcquisitionClient: onErrorInternal code: 5, finish: true
07-17 14:46:40.338  2094  3230 V BiometricLogger: Error latency: -1
07-17 14:46:40.338  2094  3230 W BiometricFrameworkStatsLogger: found a negative latency : -1
07-17 14:46:40.339  2094  3230 D BiometricStateCallback: Client finished, state updated to 0, client {[5431] com.android.server.biometrics.sensors.fingerprint.hidl.FingerprintAuthenticationClient, proto=3, owner=com.android.systemui, cookie=0, requestId=2208, userId=0}
07-17 14:46:40.339  2094  3230 D BiometricSchedulerOperation: [Finished / destroy]: {[5431] com.android.server.biometrics.sensors.fingerprint.hidl.FingerprintAuthenticationClient, proto=3, owner=com.android.systemui, cookie=0, requestId=2208, userId=0}
07-17 14:46:40.340  2094  3230 V BiometricCoexCoordinator: no haptic shouldUsuallyVibrate: false, hapticSuppressedByCoex: false
07-17 14:46:40.341  2094  3230 D BiometricScheduler/Fingerprint21: [Finishing] {[5431] com.android.server.biometrics.sensors.fingerprint.hidl.FingerprintAuthenticationClient, proto=3, owner=com.android.systemui, cookie=0, requestId=2208, userId=0}, success: false
07-17 14:46:40.341  2094  3230 D BiometricCoexCoordinator: removeAuthenticationClient(Udfps), client: {[5431] com.android.server.biometrics.sensors.fingerprint.hidl.FingerprintAuthenticationClient, proto=3, owner=com.android.systemui, cookie=0, requestId=2208, userId=0}
07-17 14:46:40.341  2094  3230 D GestureAvailabilityTracker: Notifying gesture availability, active=true
07-17 14:46:40.341  2094  3230 D BiometricScheduler/Fingerprint21: No operations, returning to idle
07-17 14:46:40.343  2094  3717 E OplusCustomizeRestrictionManagerService: getUnlockByFingerprintPolicies fail, return default value.
07-17 14:46:40.738  2094  3229 D OplusPowerManagerHelper: gotoSleepWhenScreenOnBlocked reason= FINGERPRINT_AUTHENTICATE_SUSPEND
07-17 14:46:41.288  2094  3717 D OplusFeatureAOD: key:2094 tmp:0
07-17 14:46:41.289  2094  3717 D DisplayManagerServiceExtImpl: request size(1,1),dpc=com.android.server.display.DisplayPowerController@e4b7597 size(0,1),flags=0X200F,id(0,0,local:4630946385424322177), phase=1, enable=true, ready=false,prox=false policy=DOZE,dozeState=OFF,screenBrightnessOverride=-1.000000,useAuto=false,lowPower=false,lowPowerFactor=1.000000
07-17 14:46:41.289  2094  2704 D DisplayPowerState[0]: setColorFadeLevel: level=0.0
07-17 14:46:41.289  2094  2704 D OplusDisplayPowerControllerExtImpl: RECORD: Animation finished when screen is off
07-17 14:46:41.289  2094  2704 D OplusDisplayPowerControllerExtImpl: [onGoToSleepFinish]
07-17 14:46:41.290  2094  2704 D VRR [OPlusRefreshRateService]: notifyBrightnessChange brightness: 0.0
07-17 14:46:41.291  2094  2704 D DisplayPowerState[0]: updateRunnable run fadeLevle=0.0 state=DOZE brightness changed:195.0->1.0
07-17 14:46:41.291  2094  2704 D VRR [OPlusRefreshRateService]: screenStateChange state: 1
07-17 14:46:41.291  2094  2732 D VRR [OPlusRefreshRateService]: handleScreenStateChange state: 1
07-17 14:46:41.295  2094  2704 D BackLightStat: setScreenState: state changed:DOZE->OFF
07-17 14:46:41.295  2094  2704 D DisplayPowerController[0]: Brightness [-1.0] reason changing to: 'screen_off', previous reason: 'doze_default'. id=local:4630946385424322177
07-17 14:46:41.296  2094  2704 I DisplayPowerController[0]: BrightnessEvent: disp=0, brt=-1.0, rcmdBrt=NaN, preBrt=NaN, lux=0.0, preLux=0.0, hbmMax=1.0, hbmMode=off, thrmMax=1.0, flags=, reason=screen_off
07-17 14:46:41.296  2094  2704 D VRR [OPlusRefreshRateService]: notifyBrightnessChange brightness: -1.0
07-17 14:46:41.296  2094  2704 D VRR [OPlusRefreshRateService]: brightness is negative, set to zero directly: -1.0
07-17 14:46:41.296  2094  2704 D DisplayPowerState[0]: updateRunnable run fadeLevle=0.0 state=OFF brightness changed:195.0->-1.0
07-17 14:46:41.297  2094  3272 D DisplayPowerState[0]: Updating screen state: id=0, state=OFF, backlight=-1.0, sdrBacklight=-1.0
07-17 14:46:41.298  2094  2339 I DisplayDeviceRepository: Display device changed state: "Built-in Screen", OFF
07-17 14:46:41.301  2094  2339 D DisplayManagerServiceExtImpl: scheduleTraversalLocked intraversal=false
07-17 14:46:41.301  2094  2339 I DisplayManagerServiceExtImpl: handle logical display changed logicalDisplay=id=0,phase=1,stack=0,content=true,displayInfo{stack=0,type=1,id=0,uId=local:4630946385424322177,state=OFF,pkg=null}
07-17 14:46:41.301  2094  2339 D DisplayManagerService: Delivering display event: displayId=0, event=2
07-17 14:46:41.302  2094  3059 D OplusDisplayStateMonitor: screenState: STATE_OFF  last screenState: STATE_DOZE
07-17 14:46:41.302  2094  3059 D OplusDisplayStateMonitor: screen state off for power save
07-17 14:46:41.302  2094  2094 I WallpaperManagerServiceExt: removeDisplayData. displayId = 0
07-17 14:46:41.305  2094  2339 D DisplayManagerService: MSG_REQUEST_TRAVERSAL pendingCompleted=false
07-17 14:46:41.310  2094  2337 D OplusVFXScreenEffectFeature: notifySFCompatWindowStateChange entered false
07-17 14:46:41.314  2094  2340 D DisplayManagerService: performTraversalInternal pendingTraversal
07-17 14:46:41.314  2094  2340 D DisplayDevice: setLayerStackLocked id=local:4630946385424322177 token=android.os.BinderProxy@84cfd78 stack=0->-1
07-17 14:46:41.317  2094  2339 I VRR [OPlusRefreshRateManager]: hasADFRFeature return false
07-17 14:46:41.318  2094  2339 I DisplayManagerService: Comparing display specs: baseModeId=1 allowGroupSwitching=false primaryRefreshRateRange=[0 240] appRequestRefreshRateRange=[0 240] vrrPolicy=POLICY_DEFAULT, existing: baseModeId=1 allowGroupSwitching=false primaryRefreshRateRange=[0 240] appRequestRefreshRateRange=[0 240] vrrPolicy=POLICY_DEFAULT
07-17 14:46:41.408  2094  3272 D OplusSmartBrightnessController: requestDisplayState isFirstDisplay=true state=1 globalDisplayState=0x0
07-17 14:46:41.408  2094  3272 D LocalDisplayAdapter: setDisplayState(id=4630946385424322177 isFirstDisplay=true state changed:DOZE->OFF) t-Name=PhotonicModulator
07-17 14:46:41.763  2094  3272 D OplusPowerManagerHelper: setDozeLightSensorEnabled:false
07-17 14:46:41.763  2094  3272 D OplusDisplayPanelFeature: getDisplayPanelFeatureValue +++, featureID:20
07-17 14:46:41.764  2094  3272 D OplusDisplayPanelFeature: getDisplayPanelFeatureValue, ret = 0
07-17 14:46:41.764  2094  3272 I OplusDisplayPanelFeature: [0]
07-17 14:46:41.764  2094  3272 D OplusDisplayPanelFeature: getDisplayPanelFeatureValue ---, result = [0]
07-17 14:46:41.764  2094  3272 D OplusSilentRebootManager: silence flags file value is :0
07-17 14:46:41.765  2094  2704 D DisplayPowerState[0]: updateRunnable run fadeLevle=0.0 state=OFF brightness changed:195.0->-1.0
07-17 14:46:41.765  2094  2704 D VRR [OPlusRefreshRateService]: notifyBrightnessChange brightness: -1.0
07-17 14:46:41.765  2094  2704 D VRR [OPlusRefreshRateService]: brightness is negative, set to zero directly: -1.0
07-17 14:46:47.785  2094  3555 W AppOps  : Noting op not finished: uid 10098 pkg com.google.android.gms code 113 startTime of in progress event=1784279076233
07-17 14:46:47.791  2094  3555 W AppOps  : Noting op not finished: uid 10098 pkg com.google.android.gms code 113 startTime of in progress event=1784279076233
07-17 14:46:47.799  2094  3555 W AppOps  : Noting op not finished: uid 10098 pkg com.google.android.gms code 79 startTime of in progress event=1784279076931
07-17 14:46:47.805  2094  3555 W AppOps  : Noting op not finished: uid 10098 pkg com.google.android.gms code 113 startTime of in progress event=1784279076233
07-17 14:46:47.818  2094  3555 W AppOps  : Noting op not finished: uid 10098 pkg com.google.android.gms code 113 startTime of in progress event=1784279079707
07-17 14:46:47.824  2094  3555 W AppOps  : Noting op not finished: uid 10098 pkg com.google.android.gms code 113 startTime of in progress event=1784279076233
07-17 14:46:47.838  2094  6829 W AppOps  : Noting op not finished: uid 10098 pkg com.google.android.gms code 113 startTime of in progress event=1784279076233
07-17 14:46:47.851  2094  3555 W AppOps  : Noting op not finished: uid 10098 pkg com.google.android.gms code 113 startTime of in progress event=1784279076233
07-17 14:46:47.861  2094  3555 W AppOps  : Noting op not finished: uid 10098 pkg com.google.android.gms code 79 startTime of in progress event=1784279076931
07-17 14:46:47.869  2094  3555 W AppOps  : Noting op not finished: uid 10098 pkg com.google.android.gms code 113 startTime of in progress event=1784279076233
07-17 14:46:47.877  2094  6824 W AppOps  : Noting op not finished: uid 10098 pkg com.google.android.gms code 113 startTime of in progress event=1784279079707
07-17 14:46:47.889  2094  3555 W AppOps  : Noting op not finished: uid 10098 pkg com.google.android.gms code 113 startTime of in progress event=1784279076233
07-17 14:46:49.816  2094  3064 E AppOps  : attributionTag  not declared in manifest of com.coloros.assistantscreen
07-17 14:46:49.819  2094  3064 E AppOps  : attributionTag  not declared in manifest of com.oplus.exsystemservice
07-17 14:46:50.695  2094  3144 V OplusNPMS: getWarningNotification numWarningNotificaion10
07-17 14:46:50.696  2094  3144 V OplusNPMS: getWarningNotification numWarningNotificaion10
07-17 14:46:50.696  2094  3144 V OplusNPMS: getLimitNotificationState subID=5
07-17 14:46:50.696  2094  3144 V OplusNPMS: getLimitNotificationState mSubidToIccId != null
07-17 14:46:55.471  2094  6849 W BatteryExternalStatsWorker: error reading Bluetooth stats: 11
07-17 14:46:59.512  2094  2694 D ProcessCpuTrackerExtImpl: mContext is already set, return now! 
07-17 14:46:59.526  2094  6849 W BatteryExternalStatsWorker: error reading Bluetooth stats: 11
07-17 14:47:00.457  2094 30927 W OplusSelfProtectManager: pkg[com.oplus.crashbox] not in policy list
07-17 14:47:05.019  2094  2694 D ProcessCpuTrackerExtImpl: mContext is already set, return now! 
