07-17 14:45:55.961  2094  2094 D OplusPowerMonitor: Receive broadcast android.intent.action.SCREEN_OFF
07-17 14:45:55.962  2094  3059 D WakeLockHelper: enable wakelock PowerMonior:work, timeout=500
07-17 14:45:55.962  2094  2094 D OplusFeatureBrightnessBarController: screen state:false
07-17 14:45:55.962  2094  3059 D OplusPowerMonitor: mScreenOffCurrentTime = 1784279755962, mScreenOffElapsedRealTime = 971709272, mScreenOffUpTime = 700142930
07-17 14:45:55.966  2094  3059 D WakeLockHelper: disable wakelock PowerMonior:work
07-17 14:45:55.994  2094  3213 D OplusFeatureColorMode: +updateUserDreaming
07-17 14:45:56.131  2094  6849 I OplusAppSwitchManagerService: appswitch unregisterAppSwitchObserver pkgName = com.heytap.accessory config = OplusAppSwitchConfig = {  mConfigs = {} observerFingerPrint = 12879489}
07-17 14:45:56.132  2094  6849 I OplusAppSwitchStateDispatcher: unregisterAppSwitchObserver ok, pkgName = com.heytap.accessory info = OplusAppSwitchRuleInfo = {  observer = null observerFingerPrint = 12879489}
07-17 14:45:56.201  2094  6810 D CompatibilityChangeReporter: Compat change id reported: 161145287; UID 11001; state: DISABLED
07-17 14:45:56.272  2094  2704 D OplusPowerManagerHelper: handleMessage:113
07-17 14:45:56.272  2094  2704 D OplusPowerManagerHelper: processLightSensorEvent: lux1.0
07-17 14:45:56.272  2094  2704 D OplusDisplayPanelFeature: setDisplayPanelFeatureValue +++, ID:7, value:0
07-17 14:45:56.291  2094  2704 D VRR [OPlusRefreshRateService]: notifyBrightnessChange brightness: 0.0
07-17 14:45:56.414  2094  6810 D CompatibilityChangeReporter: Compat change id reported: 183164979; UID 11001; state: ENABLED
07-17 14:45:56.457  2094  6828 W ActivityManager: Receiver with filter android.content.IntentFilter@e4b6ba2 already registered for pid 11795, callerPackage is com.android.systemui
07-17 14:45:56.621  2094  6828 W PackageManager: package unknown uid 11001 pid 30148 call SetEnabledSetting(com.instagram.android component = com.instagram.share.handleractivity.ShareHandlerActivity, 1, 0)
07-17 14:45:56.623  2094  6828 W PackageManager: package unknown uid 11001 pid 30148 call SetEnabledSetting(com.instagram.android component = com.instagram.share.handleractivity.ShareHandlerActivityMultipleFeedAlias, 1, 0)
07-17 14:45:56.766  2094  6828 D OplusFeatureAOD: key:2094 tmp:1
07-17 14:45:56.766  2094  2704 D VRR [OPlusRefreshRateService]: screenStateChange state: 4
07-17 14:45:56.766  2094  6828 D DisplayManagerServiceExtImpl: request size(1,1),dpc=com.android.server.display.DisplayPowerController@e4b7597 size(0,1),flags=0X200F,id(0,0,local:4630946385424322177), phase=1, enable=true, ready=false,prox=false policy=DOZE,dozeState=DOZE_SUSPEND,screenBrightnessOverride=-1.000000,useAuto=false,lowPower=false,lowPowerFactor=1.000000
07-17 14:45:56.766  2094  2732 D VRR [OPlusRefreshRateService]: handleScreenStateChange state: 4
07-17 14:45:56.769  2094  2704 D BackLightStat: setScreenState: state changed:DOZE->DOZE_SUSPEND
07-17 14:45:56.773  2094  2704 D VRR [OPlusRefreshRateService]: notifyBrightnessChange brightness: 0.0
07-17 14:45:56.774  2094  3272 D DisplayPowerState[0]: Updating screen state: id=0, state=DOZE_SUSPEND, backlight=1.0, sdrBacklight=1273.0
07-17 14:45:56.778  2094  3272 D OplusSmartBrightnessController: requestDisplayState isFirstDisplay=true state=4 globalDisplayState=0x7
07-17 14:45:56.779  2094  3272 D LocalDisplayAdapter: setDisplayState(id=4630946385424322177 isFirstDisplay=true state changed:DOZE->DOZE_SUSPEND) t-Name=PhotonicModulator
07-17 14:45:56.791  2094  2339 I DisplayDeviceRepository: Display device changed state: "Built-in Screen", DOZE_SUSPEND
07-17 14:45:56.793  2094  2339 D DisplayManagerServiceExtImpl: scheduleTraversalLocked intraversal=false
07-17 14:45:56.793  2094  2339 I DisplayManagerServiceExtImpl: handle logical display changed logicalDisplay=id=0,phase=1,stack=0,content=true,displayInfo{stack=0,type=1,id=0,uId=local:4630946385424322177,state=DOZE_SUSPEND,pkg=null}
07-17 14:45:56.794  2094  2339 D DisplayManagerService: Delivering display event: displayId=0, event=2
07-17 14:45:56.797  2094  2337 D OplusVFXScreenEffectFeature: notifySFCompatWindowStateChange entered false
07-17 14:45:56.799  2094  2340 D DisplayManagerService: performTraversalInternal pendingTraversal
07-17 14:45:56.800  2094  2340 D DisplayDevice: setLayerStackLocked id=local:4630946385424322177 token=android.os.BinderProxy@84cfd78 stack=0->0
07-17 14:45:56.802  2094  2339 D DisplayManagerService: MSG_REQUEST_TRAVERSAL pendingCompleted=false
07-17 14:45:56.802  2094  3059 D OplusDisplayStateMonitor: screenState: STATE_DOZE_SUSPEND  last screenState: STATE_DOZE
07-17 14:45:56.802  2094  3059 D OplusDisplayStateMonitor: DisplayDozeTime:971709041
07-17 14:45:56.802  2094  3059 D OplusDisplayStateMonitor: DisplayDozeSuspendTime:971710112
07-17 14:45:56.802  2094  3059 D OplusDisplayStateMonitor: Display doze suspend time delta: 1071 / 1071 ratio:0.669375
07-17 14:45:56.802  2094  2094 I WallpaperManagerServiceExt: removeDisplayData. displayId = 0
07-17 14:45:56.840  2094  6849 W PackageManager: package unknown uid 11001 pid 30148 call SetEnabledSetting(com.instagram.android component = com.instagram.fbpay.w3c.ipc.IsReadyToPayServiceImpl, 2, 0)
07-17 14:45:56.841  2094  6849 W PackageManager: package unknown uid 11001 pid 30148 call SetEnabledSetting(com.instagram.android component = com.instagram.fbpay.w3c.ipc.FBPaymentServiceImpl, 2, 0)
07-17 14:45:56.842  2094  6932 W PackageManager: package unknown uid 11001 pid 30148 call SetEnabledSetting(com.instagram.android component = com.instagram.fbpay.w3c.views.PaymentActivity, 2, 0)
07-17 14:45:56.880  2094  6849 D CompatibilityChangeReporter: Compat change id reported: 319212206; UID 11001; state: ENABLED
07-17 14:45:57.022  2094  3555 W PackageManager: package unknown uid 11001 pid 30148 call SetEnabledSetting(com.instagram.android component = com.instagram.push.FbnsInitBroadcastReceiver, 1, 0)
07-17 14:45:57.024  2094  2704 D VRR [OPlusRefreshRateService]: notifyBrightnessChange brightness: 0.0
07-17 14:45:57.117  2094  6932 W PackageManager: package unknown uid 11001 pid 30148 call SetEnabledSetting(com.instagram.android component = com.instagram.push.FbnsInitBroadcastReceiver, 1, 0)
07-17 14:45:57.277  2094  3555 D CompatibilityChangeReporter: Compat change id reported: 194532703; UID 11001; state: ENABLED
07-17 14:45:59.689  2094  6932 D OplusFeatureAOD: key:2094 tmp:2
07-17 14:45:59.690  2094  2704 D VRR [OPlusRefreshRateService]: screenStateChange state: 3
07-17 14:45:59.690  2094  6932 D DisplayManagerServiceExtImpl: request size(1,1),dpc=com.android.server.display.DisplayPowerController@e4b7597 size(0,1),flags=0X200F,id(0,0,local:4630946385424322177), phase=1, enable=true, ready=false,prox=false policy=DOZE,dozeState=DOZE,screenBrightnessOverride=-1.000000,useAuto=false,lowPower=false,lowPowerFactor=1.000000
07-17 14:45:59.690  2094  2732 D VRR [OPlusRefreshRateService]: handleScreenStateChange state: 3
07-17 14:45:59.692  2094  2704 D BackLightStat: setScreenState: state changed:DOZE_SUSPEND->DOZE
07-17 14:45:59.696  2094  2704 D VRR [OPlusRefreshRateService]: notifyBrightnessChange brightness: 0.0
07-17 14:45:59.697  2094  3272 D DisplayPowerState[0]: Updating screen state: id=0, state=DOZE, backlight=1.0, sdrBacklight=1273.0
07-17 14:45:59.698  2094  3272 D OplusSmartBrightnessController: requestDisplayState isFirstDisplay=true state=3 globalDisplayState=0x7
07-17 14:45:59.698  2094  3272 D LocalDisplayAdapter: setDisplayState(id=4630946385424322177 isFirstDisplay=true state changed:DOZE_SUSPEND->DOZE) t-Name=PhotonicModulator
07-17 14:45:59.698  2094  2339 I DisplayDeviceRepository: Display device changed state: "Built-in Screen", DOZE
07-17 14:45:59.703  2094  2704 D VRR [OPlusRefreshRateService]: notifyBrightnessChange brightness: 0.0
07-17 14:45:59.704  2094  2339 D DisplayManagerServiceExtImpl: scheduleTraversalLocked intraversal=false
07-17 14:45:59.704  2094  2339 I DisplayManagerServiceExtImpl: handle logical display changed logicalDisplay=id=0,phase=1,stack=0,content=true,displayInfo{stack=0,type=1,id=0,uId=local:4630946385424322177,state=DOZE,pkg=null}
07-17 14:45:59.704  2094  2339 D DisplayManagerService: Delivering display event: displayId=0, event=2
07-17 14:45:59.706  2094  3059 D OplusDisplayStateMonitor: screenState: STATE_DOZE  last screenState: STATE_DOZE_SUSPEND
07-17 14:45:59.706  2094  3059 D OplusDisplayStateMonitor: DisplayDozeTime:971713016
07-17 14:45:59.706  2094  3059 D OplusDisplayStateMonitor: Last DisplayDozeSuspendTime:971710112
07-17 14:45:59.706  2094  3059 D OplusDisplayStateMonitor: Display doze suspend time delta: 2904 / 3975 ratio:0.8825488454706927
07-17 14:45:59.706  2094  2094 I WallpaperManagerServiceExt: removeDisplayData. displayId = 0
07-17 14:45:59.707  2094  2337 D OplusVFXScreenEffectFeature: notifySFCompatWindowStateChange entered false
07-17 14:45:59.710  2094  2340 D DisplayManagerService: performTraversalInternal pendingTraversal
07-17 14:45:59.710  2094  2340 D DisplayDevice: setLayerStackLocked id=local:4630946385424322177 token=android.os.BinderProxy@84cfd78 stack=0->0
07-17 14:45:59.713  2094  2339 D DisplayManagerService: MSG_REQUEST_TRAVERSAL pendingCompleted=false
07-17 14:46:00.727  2094  2158 D OplusFeatureAOD: key:2094 tmp:1
07-17 14:46:00.730  2094  2704 D VRR [OPlusRefreshRateService]: screenStateChange state: 4
07-17 14:46:00.730  2094  2158 D DisplayManagerServiceExtImpl: request size(1,1),dpc=com.android.server.display.DisplayPowerController@e4b7597 size(0,1),flags=0X200F,id(0,0,local:4630946385424322177), phase=1, enable=true, ready=false,prox=false policy=DOZE,dozeState=DOZE_SUSPEND,screenBrightnessOverride=-1.000000,useAuto=false,lowPower=false,lowPowerFactor=1.000000
07-17 14:46:00.730  2094  2732 D VRR [OPlusRefreshRateService]: handleScreenStateChange state: 4
07-17 14:46:00.735  2094  2704 D BackLightStat: setScreenState: state changed:DOZE->DOZE_SUSPEND
07-17 14:46:00.746  2094  2704 D VRR [OPlusRefreshRateService]: notifyBrightnessChange brightness: 0.0
07-17 14:46:00.748  2094  3272 D DisplayPowerState[0]: Updating screen state: id=0, state=DOZE_SUSPEND, backlight=1.0, sdrBacklight=1273.0
07-17 14:46:00.749  2094  2392 W NotificationHistory: Attempted to remove conversation for locked/gone/disabled user 0
07-17 14:46:00.750  2094  3272 D OplusSmartBrightnessController: requestDisplayState isFirstDisplay=true state=4 globalDisplayState=0x7
07-17 14:46:00.750  2094  3272 D LocalDisplayAdapter: setDisplayState(id=4630946385424322177 isFirstDisplay=true state changed:DOZE->DOZE_SUSPEND) t-Name=PhotonicModulator
07-17 14:46:00.750  2094  2339 I DisplayDeviceRepository: Display device changed state: "Built-in Screen", DOZE_SUSPEND
07-17 14:46:00.754  2094  2339 D DisplayManagerServiceExtImpl: scheduleTraversalLocked intraversal=false
07-17 14:46:00.754  2094  2339 I DisplayManagerServiceExtImpl: handle logical display changed logicalDisplay=id=0,phase=1,stack=0,content=true,displayInfo{stack=0,type=1,id=0,uId=local:4630946385424322177,state=DOZE_SUSPEND,pkg=null}
07-17 14:46:00.754  2094  2339 D DisplayManagerService: Delivering display event: displayId=0, event=2
07-17 14:46:00.755  2094  2094 I WallpaperManagerServiceExt: removeDisplayData. displayId = 0
07-17 14:46:00.755  2094  3059 D OplusDisplayStateMonitor: screenState: STATE_DOZE_SUSPEND  last screenState: STATE_DOZE
07-17 14:46:00.755  2094  3059 D OplusDisplayStateMonitor: DisplayDozeTime:971713016
07-17 14:46:00.755  2094  3059 D OplusDisplayStateMonitor: DisplayDozeSuspendTime:971714065
07-17 14:46:00.755  2094  3059 D OplusDisplayStateMonitor: Display doze suspend time delta: 1049 / 5024 ratio:0.9047361786421754
07-17 14:46:00.759  2094  3230 V Biometrics/AcquisitionClient: Acquired: 6 6, shouldSend: true
07-17 14:46:00.761 11795 11795 W FingerprintManager: Invalid acquired message: 6, 6
07-17 14:46:00.769  2094  2337 D OplusVFXScreenEffectFeature: notifySFCompatWindowStateChange entered false
07-17 14:46:00.770  2094  2339 D DisplayManagerService: MSG_REQUEST_TRAVERSAL pendingCompleted=false
07-17 14:46:00.771  2094  2340 D DisplayManagerService: performTraversalInternal pendingTraversal
07-17 14:46:00.771  2094  2340 D DisplayDevice: setLayerStackLocked id=local:4630946385424322177 token=android.os.BinderProxy@84cfd78 stack=0->0
07-17 14:46:00.885  2094  3194 D LockSettingsService: [getSeparateProfileChallengeEnabled] userId = 10
07-17 14:46:00.885  2094  3194 D LockSettingsService: [getSeparateProfileChallengeEnabled] userId = 10
07-17 14:46:00.886  2094  3194 D LockSettingsService: [getSeparateProfileChallengeEnabled] userId = 10
07-17 14:46:00.886  2094  3194 D LockSettingsService: [getSeparateProfileChallengeEnabled] userId = 10
07-17 14:46:00.886  2094  3194 D LockSettingsService: [getSeparateProfileChallengeEnabled] userId = 10
07-17 14:46:00.887  2094  3194 D LockSettingsService: [getSeparateProfileChallengeEnabled] userId = 10
07-17 14:46:00.887  2094  3194 D LockSettingsService: [getSeparateProfileChallengeEnabled] userId = 10
07-17 14:46:00.887  2094  3194 D LockSettingsService: [getSeparateProfileChallengeEnabled] userId = 10
07-17 14:46:00.888  2094  3194 D LockSettingsService: [getSeparateProfileChallengeEnabled] userId = 10
07-17 14:46:00.888  2094  3194 D LockSettingsService: [getSeparateProfileChallengeEnabled] userId = 10
07-17 14:46:00.889  2094  3194 D LockSettingsService: [getSeparateProfileChallengeEnabled] userId = 10
07-17 14:46:00.889  2094  3194 D LockSettingsService: [getSeparateProfileChallengeEnabled] userId = 10
07-17 14:46:00.899  2094  3194 D LockSettingsService: [getSeparateProfileChallengeEnabled] userId = 10
07-17 14:46:00.900  2094  3194 D LockSettingsService: [getSeparateProfileChallengeEnabled] userId = 10
07-17 14:46:00.901  2094  3194 D LockSettingsService: [getSeparateProfileChallengeEnabled] userId = 10
07-17 14:46:00.901  2094  3194 D LockSettingsService: [getSeparateProfileChallengeEnabled] userId = 10
07-17 14:46:00.902  2094  3194 D LockSettingsService: [getSeparateProfileChallengeEnabled] userId = 10
07-17 14:46:00.902  2094  3194 D LockSettingsService: [getSeparateProfileChallengeEnabled] userId = 10
07-17 14:46:00.902  2094  3194 D LockSettingsService: [getSeparateProfileChallengeEnabled] userId = 10
07-17 14:46:00.903  2094  3194 D LockSettingsService: [getSeparateProfileChallengeEnabled] userId = 10
07-17 14:46:00.904  2094  3194 D LockSettingsService: [getSeparateProfileChallengeEnabled] userId = 10
07-17 14:46:00.904  2094  3194 D LockSettingsService: [getSeparateProfileChallengeEnabled] userId = 10
07-17 14:46:00.904  2094  3194 D LockSettingsService: [getSeparateProfileChallengeEnabled] userId = 10
07-17 14:46:00.904  2094  3194 D LockSettingsService: [getSeparateProfileChallengeEnabled] userId = 10
07-17 14:46:00.906  2094  3194 D LockSettingsService: [getSeparateProfileChallengeEnabled] userId = 10
07-17 14:46:00.907  2094  3194 D LockSettingsService: [getSeparateProfileChallengeEnabled] userId = 10
07-17 14:46:00.907  2094  3194 D LockSettingsService: [getSeparateProfileChallengeEnabled] userId = 10
07-17 14:46:00.907  2094  3194 D LockSettingsService: [getSeparateProfileChallengeEnabled] userId = 10
07-17 14:46:00.909  2094  3194 D LockSettingsService: [getSeparateProfileChallengeEnabled] userId = 10
07-17 14:46:00.909  2094  3194 D LockSettingsService: [getSeparateProfileChallengeEnabled] userId = 10
07-17 14:46:00.909  2094  3194 D LockSettingsService: [getSeparateProfileChallengeEnabled] userId = 10
07-17 14:46:00.909  2094  3194 D LockSettingsService: [getSeparateProfileChallengeEnabled] userId = 10
07-17 14:46:00.911  2094  3194 D LockSettingsService: [getSeparateProfileChallengeEnabled] userId = 10
07-17 14:46:00.911  2094  3194 D LockSettingsService: [getSeparateProfileChallengeEnabled] userId = 10
07-17 14:46:00.911  2094  3194 D LockSettingsService: [getSeparateProfileChallengeEnabled] userId = 10
07-17 14:46:00.911  2094  3194 D LockSettingsService: [getSeparateProfileChallengeEnabled] userId = 10
07-17 14:46:00.913  2094  3194 D LockSettingsService: [getSeparateProfileChallengeEnabled] userId = 10
07-17 14:46:00.913  2094  3194 D LockSettingsService: [getSeparateProfileChallengeEnabled] userId = 10
07-17 14:46:00.914  2094  3194 D LockSettingsService: [getSeparateProfileChallengeEnabled] userId = 10
07-17 14:46:00.914  2094  3194 D LockSettingsService: [getSeparateProfileChallengeEnabled] userId = 10
07-17 14:46:00.915  2094  3194 D LockSettingsService: [getSeparateProfileChallengeEnabled] userId = 10
07-17 14:46:00.915  2094  3194 D LockSettingsService: [getSeparateProfileChallengeEnabled] userId = 10
07-17 14:46:00.916  2094  3194 D LockSettingsService: [getSeparateProfileChallengeEnabled] userId = 10
07-17 14:46:00.916  2094  3194 D LockSettingsService: [getSeparateProfileChallengeEnabled] userId = 10
07-17 14:46:00.917  2094  3194 D LockSettingsService: [getSeparateProfileChallengeEnabled] userId = 10
07-17 14:46:00.918  2094  3194 D LockSettingsService: [getSeparateProfileChallengeEnabled] userId = 10
07-17 14:46:00.918  2094  3194 D LockSettingsService: [getSeparateProfileChallengeEnabled] userId = 10
07-17 14:46:00.918  2094  3194 D LockSettingsService: [getSeparateProfileChallengeEnabled] userId = 10
07-17 14:46:00.920  2094  3194 D LockSettingsService: [getSeparateProfileChallengeEnabled] userId = 10
07-17 14:46:00.920  2094  3194 D LockSettingsService: [getSeparateProfileChallengeEnabled] userId = 10
07-17 14:46:00.920  2094  3194 D LockSettingsService: [getSeparateProfileChallengeEnabled] userId = 10
07-17 14:46:00.921  2094  3194 D LockSettingsService: [getSeparateProfileChallengeEnabled] userId = 10
07-17 14:46:00.922  2094  3194 D LockSettingsService: [getSeparateProfileChallengeEnabled] userId = 10
07-17 14:46:00.923  2094  3194 D LockSettingsService: [getSeparateProfileChallengeEnabled] userId = 10
07-17 14:46:00.923  2094  3194 D LockSettingsService: [getSeparateProfileChallengeEnabled] userId = 10
07-17 14:46:00.923  2094  3194 D LockSettingsService: [getSeparateProfileChallengeEnabled] userId = 10
07-17 14:46:00.925  2094  3194 D LockSettingsService: [getSeparateProfileChallengeEnabled] userId = 10
07-17 14:46:00.925  2094  3194 D LockSettingsService: [getSeparateProfileChallengeEnabled] userId = 10
07-17 14:46:00.926  2094  3194 D LockSettingsService: [getSeparateProfileChallengeEnabled] userId = 10
07-17 14:46:00.926  2094  3194 D LockSettingsService: [getSeparateProfileChallengeEnabled] userId = 10
07-17 14:46:00.927  2094  3194 D LockSettingsService: [getSeparateProfileChallengeEnabled] userId = 10
07-17 14:46:00.927  2094  3194 D LockSettingsService: [getSeparateProfileChallengeEnabled] userId = 10
07-17 14:46:00.928  2094  3194 D LockSettingsService: [getSeparateProfileChallengeEnabled] userId = 10
07-17 14:46:00.928  2094  3194 D LockSettingsService: [getSeparateProfileChallengeEnabled] userId = 10
07-17 14:46:00.931  2094  3194 D LockSettingsService: [getSeparateProfileChallengeEnabled] userId = 10
07-17 14:46:00.932  2094  3194 D LockSettingsService: [getSeparateProfileChallengeEnabled] userId = 10
07-17 14:46:00.932  2094  3194 D LockSettingsService: [getSeparateProfileChallengeEnabled] userId = 10
07-17 14:46:00.932  2094  3194 D LockSettingsService: [getSeparateProfileChallengeEnabled] userId = 10
07-17 14:46:00.934  2094  3194 D LockSettingsService: [getSeparateProfileChallengeEnabled] userId = 10
07-17 14:46:00.935  2094  3194 D LockSettingsService: [getSeparateProfileChallengeEnabled] userId = 10
07-17 14:46:00.935  2094  3194 D LockSettingsService: [getSeparateProfileChallengeEnabled] userId = 10
07-17 14:46:00.935  2094  3194 D LockSettingsService: [getSeparateProfileChallengeEnabled] userId = 10
07-17 14:46:00.939  2094  3194 D LockSettingsService: [getSeparateProfileChallengeEnabled] userId = 10
07-17 14:46:00.939  2094  3194 D LockSettingsService: [getSeparateProfileChallengeEnabled] userId = 10
07-17 14:46:00.939  2094  3194 D LockSettingsService: [getSeparateProfileChallengeEnabled] userId = 10
07-17 14:46:00.939  2094  3194 D LockSettingsService: [getSeparateProfileChallengeEnabled] userId = 10
07-17 14:46:00.943  2094  3194 D LockSettingsService: [getSeparateProfileChallengeEnabled] userId = 10
07-17 14:46:00.943  2094  3194 D LockSettingsService: [getSeparateProfileChallengeEnabled] userId = 10
07-17 14:46:00.943  2094  3194 D LockSettingsService: [getSeparateProfileChallengeEnabled] userId = 10
07-17 14:46:00.943  2094  3194 D LockSettingsService: [getSeparateProfileChallengeEnabled] userId = 10
07-17 14:46:00.945  2094  3194 D LockSettingsService: [getSeparateProfileChallengeEnabled] userId = 10
07-17 14:46:00.945  2094  3194 D LockSettingsService: [getSeparateProfileChallengeEnabled] userId = 10
07-17 14:46:00.945  2094  3194 D LockSettingsService: [getSeparateProfileChallengeEnabled] userId = 10
07-17 14:46:00.945  2094  3194 D LockSettingsService: [getSeparateProfileChallengeEnabled] userId = 10
07-17 14:46:00.947  2094  3194 D LockSettingsService: [getSeparateProfileChallengeEnabled] userId = 10
07-17 14:46:00.947  2094  3194 D LockSettingsService: [getSeparateProfileChallengeEnabled] userId = 10
07-17 14:46:00.947  2094  3194 D LockSettingsService: [getSeparateProfileChallengeEnabled] userId = 10
07-17 14:46:00.947  2094  3194 D LockSettingsService: [getSeparateProfileChallengeEnabled] userId = 10
07-17 14:46:00.949  2094  3194 D LockSettingsService: [getSeparateProfileChallengeEnabled] userId = 10
07-17 14:46:00.949  2094  3194 D LockSettingsService: [getSeparateProfileChallengeEnabled] userId = 10
07-17 14:46:00.949  2094  3194 D LockSettingsService: [getSeparateProfileChallengeEnabled] userId = 10
07-17 14:46:00.950  2094  3194 D LockSettingsService: [getSeparateProfileChallengeEnabled] userId = 10
07-17 14:46:00.953  2094  3194 D LockSettingsService: [getSeparateProfileChallengeEnabled] userId = 10
07-17 14:46:00.953  2094  3194 D LockSettingsService: [getSeparateProfileChallengeEnabled] userId = 10
07-17 14:46:00.954  2094  3194 D LockSettingsService: [getSeparateProfileChallengeEnabled] userId = 10
07-17 14:46:00.954  2094  3194 D LockSettingsService: [getSeparateProfileChallengeEnabled] userId = 10
07-17 14:46:00.956  2094  3194 D LockSettingsService: [getSeparateProfileChallengeEnabled] userId = 10
07-17 14:46:00.957  2094  3194 D LockSettingsService: [getSeparateProfileChallengeEnabled] userId = 10
07-17 14:46:00.957  2094  3194 D LockSettingsService: [getSeparateProfileChallengeEnabled] userId = 10
07-17 14:46:00.957  2094  3194 D LockSettingsService: [getSeparateProfileChallengeEnabled] userId = 10
07-17 14:46:00.968 30148 30529 D OplusInputMethodUtil: init sDebug to false, init sDebugIme to false, init sAlwaysOn to false
07-17 14:46:00.968 30148 30529 D OplusInputMethodUtil: updateDebugToClass InputMethodManager.DEBUG = false
07-17 14:46:00.968 30148 30529 D OplusInputMethodUtil: updateDebugToClass ImeFocusController.DEBUG = false
07-17 14:46:00.969 30148 30529 D OplusInputMethodUtil: updateDebugToClass BaseInputConnection.DEBUG = false
07-17 14:46:00.969 30148 30529 D OplusInputMethodUtil: updateDebugToClass ImeFocusController.sDebugIme = false
07-17 14:46:00.998  2094  2704 D VRR [OPlusRefreshRateService]: notifyBrightnessChange brightness: 0.0
07-17 14:46:05.759  2094  3230 V Biometrics/AcquisitionClient: Acquired: 6 6, shouldSend: true
07-17 14:46:05.761 11795 11795 W FingerprintManager: Invalid acquired message: 6, 6
07-17 14:46:07.824  2094  2411 D CompatibilityChangeReporter: Compat change id reported: 135634846; UID 11023; state: DISABLED
07-17 14:46:07.825  2094  2411 D CompatibilityChangeReporter: Compat change id reported: 177438394; UID 11023; state: DISABLED
07-17 14:46:07.825  2094  2411 D CompatibilityChangeReporter: Compat change id reported: 135772972; UID 11023; state: DISABLED
07-17 14:46:07.825  2094  2411 D CompatibilityChangeReporter: Compat change id reported: 135754954; UID 11023; state: ENABLED
07-17 14:46:07.826  2094  2404 D CompatibilityChangeReporter: Compat change id reported: 143937733; UID 11023; state: ENABLED
07-17 14:46:07.854  2094  2404 I ActivityManager: Start proc 30588:com.rapido.passenger/u0a1023 for broadcast {com.rapido.passenger/com.clevertap.android.geofence.CTLocationUpdateReceiver}
07-17 14:46:07.895  2094  3554 D CompatibilityChangeReporter: Compat change id reported: 168419799; UID 11023; state: DISABLED
07-17 14:46:08.475  2094  3726 D CompatibilityChangeReporter: Compat change id reported: 161145287; UID 11023; state: DISABLED
07-17 14:46:08.648 30588 30632 E ResourcesImplExt: the AssetManager's apkAsset: ApkAssets{path=<empty> and /system/framework/framework-res.apk}
07-17 14:46:08.648 30588 30632 E ResourcesImplExt: the AssetManager's apkAsset: ApkAssets{path=/my_bigball/overlay/GmsConfigOverlayASI_Infrastructure/GmsConfigOverlayASI_Infrastructure.apk}
07-17 14:46:08.648 30588 30632 E ResourcesImplExt: the AssetManager's apkAsset: ApkAssets{path=/my_bigball/overlay/GmsConfigOverlayCommonEx/GmsConfigOverlayCommonEx.apk}
07-17 14:46:08.648 30588 30632 E ResourcesImplExt: the AssetManager's apkAsset: ApkAssets{path=/my_bigball/overlay/GmsConfigOverlayComms/GmsConfigOverlayComms.apk}
07-17 14:46:08.648 30588 30632 E ResourcesImplExt: the AssetManager's apkAsset: ApkAssets{path=/my_bigball/overlay/GmsConfigOverlayGSA/GmsConfigOverlayGSA.apk}
07-17 14:46:08.648 30588 30632 E ResourcesImplExt: the AssetManager's apkAsset: ApkAssets{path=/my_bigball/overlay/GmsConfigOverlayNoSafetyCenter/GmsConfigOverlayNoSafetyCenter.apk}
07-17 14:46:08.648 30588 30632 E ResourcesImplExt: the AssetManager's apkAsset: ApkAssets{path=/product/overlay/CaptivePortalLoginFrameworkOverlay.apk}
07-17 14:46:08.648 30588 30632 E ResourcesImplExt: the AssetManager's apkAsset: ApkAssets{path=/product/overlay/GoogleExtServicesConfigOverlay.apk}
07-17 14:46:08.648 30588 30632 E ResourcesImplExt: the AssetManager's apkAsset: ApkAssets{path=/product/overlay/GooglePermissionControllerFrameworkOverlay.apk}
07-17 14:46:08.648 30588 30632 E ResourcesImplExt: the AssetManager's apkAsset: ApkAssets{path=/product/overlay/ModuleMetadataGoogleOverlay.apk}
07-17 14:46:08.648 30588 30632 E ResourcesImplExt: the AssetManager's apkAsset: ApkAssets{path=/my_bigball/overlay/OplusGmsConfigOverlayCommon/OplusGmsConfigOverlayCommon.apk}
07-17 14:46:08.648 30588 30632 E ResourcesImplExt: the AssetManager's apkAsset: ApkAssets{path=/product/overlay/FrameworksResCommon_Sys.apk}
07-17 14:46:08.648 30588 30632 E ResourcesImplExt: the AssetManager's apkAsset: ApkAssets{path=/vendor/overlay/FrameworksResTarget.apk}
07-17 14:46:08.649 30588 30632 E ResourcesImplExt: the AssetManager's apkAsset: ApkAssets{path=/system_ext/overlay/framework_res_overlay_Network.apk}
07-17 14:46:08.649 30588 30632 E ResourcesImplExt: the AssetManager's apkAsset: ApkAssets{path=/product/overlay/android_framework_res_overlay.display.product.21295.apk}
07-17 14:46:08.649 30588 30632 E ResourcesImplExt: the AssetManager's apkAsset: ApkAssets{path=/product/overlay/aon_framework_res_overlay.display.product.apk}
07-17 14:46:08.649 30588 30632 E ResourcesImplExt: the AssetManager's apkAsset: ApkAssets{path=/system_ext/overlay/ConnectivityBaseOverlay.apk}
07-17 14:46:08.649 30588 30632 E ResourcesImplExt: the AssetManager's apkAsset: ApkAssets{path=/system_ext/overlay/OplusFrameworkBluetoothResource.apk}
07-17 14:46:08.649 30588 30632 E ResourcesImplExt: the AssetManager's apkAsset: ApkAssets{path=<empty> and /system_ext/framework/oplus-framework-res.apk}
07-17 14:46:08.649 30588 30632 E ResourcesImplExt: the AssetManager's apkAsset: ApkAssets{path=/product/overlay/oplus_framework_res_overlay.display.product.21295.apk}
07-17 14:46:08.649 30588 30632 E ResourcesImplExt: the AssetManager's apkAsset: ApkAssets{path=/product/overlay/oplus_framework_res_rro_oppo.apk}
07-17 14:46:08.649 30588 30632 E ResourcesImplExt: the AssetManager's apkAsset: ApkAssets{path=<empty> and /data/app/~~WUsN8tx3lrSgU-szqOHCPA==/com.rapido.passenger-z8Sx_H5Pnz1yG_AMygnRVA==/base.apk}
07-17 14:46:08.649 30588 30632 E ResourcesImplExt: the AssetManager's apkAsset: ApkAssets{path=<empty> and /data/app/~~WUsN8tx3lrSgU-szqOHCPA==/com.rapido.passenger-z8Sx_H5Pnz1yG_AMygnRVA==/split_config.arm64_v8a.apk}
07-17 14:46:08.649 30588 30632 E ResourcesImplExt: the AssetManager's apkAsset: ApkAssets{path=<empty> and /data/app/~~WUsN8tx3lrSgU-szqOHCPA==/com.rapido.passenger-z8Sx_H5Pnz1yG_AMygnRVA==/split_config.xxxhdpi.apk}
07-17 14:46:08.649 30588 30632 E ResourcesImplExt: the AssetManager's apkAsset: ApkAssets{path=<empty> and /data/app/~~WUsN8tx3lrSgU-szqOHCPA==/com.rapido.passenger-z8Sx_H5Pnz1yG_AMygnRVA==/split_config.zh.apk}
07-17 14:46:08.649 30588 30632 E ResourcesImplExt: the AssetManager's apkAsset: ApkAssets{path=/product/overlay/NavigationBarMode3Button/NavigationBarMode3ButtonOverlay.apk}
07-17 14:46:08.649 30588 30632 E ResourcesImplExt: the AssetManager's apkAsset: ApkAssets{path=/data/resource-cache/com.android.systemui-neutral-hxpl.frro}
07-17 14:46:08.649 30588 30632 E ResourcesImplExt: the AssetManager's apkAsset: ApkAssets{path=/data/resource-cache/com.android.systemui-accent-I0rn.frro}
07-17 14:46:08.820  2094  6828 D CompatibilityChangeReporter: Compat change id reported: 319212206; UID 11023; state: ENABLED
07-17 14:46:10.681  2094  6826 D UsageStatsService: User[0] type=0 b=1784279623155 e=1784279770678 cb=1784207713976 ce=1784279768857 disk=0 all=28
07-17 14:46:10.762  2094  3230 V Biometrics/AcquisitionClient: Acquired: 6 6, shouldSend: true
07-17 14:46:10.764 11795 11795 W FingerprintManager: Invalid acquired message: 6, 6
07-17 14:46:13.696   699 30137 I keystore2: keystore2::watchdog: Watchdog thread idle -> terminating. Have a great day.
07-17 14:46:15.763  2094  3230 V Biometrics/AcquisitionClient: Acquired: 6 6, shouldSend: true
07-17 14:46:15.766 11795 11795 W FingerprintManager: Invalid acquired message: 6, 6
07-17 14:46:16.531  2094  3102 W PhoneWindowManagerExtImpl: Failed to set property : java.lang.RuntimeException: failed to set system property (check logcat for reason)
07-17 14:46:16.551  2094  3102 I OplusJoystickManager: read game pad state for game manager -> false
07-17 14:46:16.551  2094  3102 W OplusJoystickManager: mInterceptGamepadKey is false
07-17 14:46:16.553  2094  3102 I OplusJoystickManager: read game pad state for game manager -> false
07-17 14:46:16.553  2094  3102 W OplusJoystickManager: mInterceptGamepadKey is false
07-17 14:46:16.553  2094  3101 E OplusSplitScreenManagerService: shouldInterceptBackKeyForSplitScreen error! connection is null
07-17 14:46:16.572  2094  3554 D OplusAONSmartDim: onWakeLockAcquireLocked: lock=236418420, flags=0x3000001a, packageName=com.android.systemui, tag="OplusBlackScreenGestureDoubleTapController:blackGestureWake", ws=null, uid=10189, pid=11795
07-17 14:46:16.573  2094  3554 E OplusDisplayPowerControllerExtImpl: execute mBlockReasonList.clear
07-17 14:46:16.573  2094  3554 D OplusFeatureAOD: notifySfUnBlockScreenOn
07-17 14:46:16.573  2094  2704 D VRR [OPlusRefreshRateService]: notifyBrightnessChange brightness: 0.0
07-17 14:46:16.574  2094  3554 D OplusPowerManagerHelper: scheduleNotifyStopDream
07-17 14:46:16.574  2094  3554 D OplusPowerManagerHelper: [onWakeUp]
07-17 14:46:16.574  2094  2704 D OplusPowerManagerHelper: handleMessage:102
07-17 14:46:16.574  2094  2704 D OplusPowerManagerHelper: MSG_STOP_DEAM
07-17 14:46:16.574  2094  3554 D OplusPowerManagerHelper: [requestKeyguard]
07-17 14:46:16.575  2094  2704 I DreamManagerService: Leaving dreamland.
07-17 14:46:16.576  2094  3554 I PowerGroup: Waking up power group from Dozing (groupId=0, uid=10189, reason=WAKE_REASON_APPLICATION, details=OplusBlackScreenGestureDoubleTapController:blackGestureWake)...
07-17 14:46:16.576  2094  3554 D PowerManagerService: userActivityNoUpdateLocked: groupId=0, eventTime=700163540, event=0, flags=0x0, uid=10189
07-17 14:46:16.579  2094  3554 I PowerManagerService: Waking up from Dozing (uid=10189, reason=WAKE_REASON_APPLICATION, details=OplusBlackScreenGestureDoubleTapController:blackGestureWake)...
07-17 14:46:16.582  2094  2705 E ActivityManager: Cancel pending or running compactions as system is awake
07-17 14:46:16.583  2094  3112 D InputMethodManagerService: onHandleImeWindowVisibleStatus: vis = 0, needsToShowImeSwitcher = false
07-17 14:46:16.587  2094  3554 D OplusVFXScreenEffectFeature: notifySFUpdateVFXEffectState state VFX_SCREEN_POWER_ON NeedNotify true
07-17 14:46:16.594  2094  2706 I OplusSmartBrightnessController: handleMessage MSG_UPDATE_BRIGHTNESS_NO_ANIMATION changed:true
07-17 14:46:16.594  2094  3554 D DisplayManagerServiceExtImpl: request size(1,1),dpc=com.android.server.display.DisplayPowerController@e4b7597 size(0,1),flags=0X200F,id(0,0,local:4630946385424322177), phase=1, enable=true, ready=false,prox=false policy=BRIGHT,dozeState=UNKNOWN,screenBrightnessOverride=-1.000000,useAuto=false,lowPower=false,lowPowerFactor=1.000000
07-17 14:46:16.602  2094  2704 D OplusFeatureAOD: clearDozeStateMap
07-17 14:46:16.602  2094  2704 D VRR [OPlusRefreshRateService]: screenStateChange state: 2
07-17 14:46:16.602  2094  2704 D OplusSmartBrightnessController: onScreenEvent, isScreenOn:true
07-17 14:46:16.602  2094  6828 E OplusCustomizeRestrictionManagerService: isBiometricDisabled start
07-17 14:46:16.602  2094  3554 D OplusAONSmartDim: onWakeLockReleaseLocked: lock=236418420, flags=0x3000001a, packageName=com.android.systemui, tag="OplusBlackScreenGestureDoubleTapController:blackGestureWake", ws=null, uid=10189, pid=11795
07-17 14:46:16.602  2094  3554 D PowerManagerService: userActivityNoUpdateLocked: groupId=0, eventTime=700163570, event=0, flags=0x1, uid=10189
07-17 14:46:16.603  2094  2732 D VRR [OPlusRefreshRateService]: handleScreenStateChange state: 2
07-17 14:46:16.604  2094  2336 I DreamManagerService: Performing gentle wake from dream.
07-17 14:46:16.604  2094  2336 I DreamController: Stopping dream: name=ComponentInfo{com.android.systemui/com.android.systemui.doze.DozeService}, isPreviewMode=false, canDoze=true, userId=0, reason='requested stopDream'
07-17 14:46:16.608  2094  2704 D DisplayPowerState[0]: setScreenState: state=2
07-17 14:46:16.608  2094  2704 D BackLightStat: setScreenState: state changed:DOZE_SUSPEND->ON
07-17 14:46:16.609  2094  3726 E OplusCustomizeRestrictionManagerService: isBiometricDisabled start
07-17 14:46:16.609  2094  2704 D OplusVFXScreenEffectFeature:  setColorFadeLevel 1.0
07-17 14:46:16.609  2094  2704 D OplusVFXScreenEffectFeature: notifySFUpdateVFXEffectState state BRIGHTNESS_CHANGED NeedNotify false
07-17 14:46:16.613  2094 30722 W ContextImpl: Calling a method in the system process without a qualified user: android.app.ContextImpl.sendBroadcast:1220 com.android.server.policy.PhoneWindowManagerExtImpl$9.run:1953 java.lang.Thread.run:1572 <bottom of call stack> <bottom of call stack> 
07-17 14:46:16.613  2094  2704 D OplusDisplayPowerControllerExtImpl: original brightness:1018 final brightness:1018.0 scale:1.0 reason:1 darkLevel:0
07-17 14:46:16.613  2094  2704 D OplusDisplayPowerControllerExtImpl: Animating brightness: target=1018->1018,rate=3->1600,type=manual,byUse=false local:4630946385424322177
07-17 14:46:16.613  2094  2704 D DisplayPowerController[0]: Brightness [1018.0] reason changing to: 'manual', previous reason: 'doze_default'. id=local:4630946385424322177
07-17 14:46:16.613  2094  2704 I DisplayPowerController[0]: BrightnessEvent: disp=0, brt=1018.0, rcmdBrt=NaN, preBrt=NaN, lux=0.0, preLux=0.0, hbmMax=1.0, hbmMode=off, thrmMax=1.0, flags=, reason=manual
07-17 14:46:16.613  2094  2704 D VRR [OPlusRefreshRateService]: notifyBrightnessChange brightness: 1018.0
07-17 14:46:16.613  2094  2704 D VRR [OPlusRefreshRateService]: notifyNitsChange nits: 82.923645 discrete nits: 0.0
07-17 14:46:16.614  2094  3115 W OplusStorageManagerFeature: turn screenOn, maintPrepared:false
07-17 14:46:16.614  2094  3272 D DisplayPowerState[0]: Updating screen state: id=0, state=ON, backlight=1018.0, sdrBacklight=1273.0
07-17 14:46:16.614  2094  2705 W ContextImpl: Calling a method in the system process without a qualified user: android.app.ContextImpl.sendBroadcast:1205 com.android.server.am.OplusAppStartupConfig.handleCountRestrictedList:1282 com.android.server.am.OplusAppStartupManager.updateScreenStatus:5342 com.android.server.OplusSysStateManager$LocalService.onWakefulnessChanged:412 com.android.server.power.NotifierExtImpl.onWakefulnessChanged:130 
07-17 14:46:16.614  2094  2732 D VRR [OPlusRefreshRateService]: handleBrightnessChange nits: 82.923645
07-17 14:46:16.615  2094  3272 D OplusSmartBrightnessController: requestDisplayState isFirstDisplay=true state=2 globalDisplayState=0x7
07-17 14:46:16.615  2094  3272 D LocalDisplayAdapter: setDisplayState(id=4630946385424322177 isFirstDisplay=true state changed:DOZE_SUSPEND->ON) t-Name=PhotonicModulator
07-17 14:46:16.617  2094  3726 D WindowManager: mKeyguardDelegate.ShowListener.onDrawn.
07-17 14:46:16.617  2094  2337 W WindowManager: Setting mKeyguardDrawComplete
07-17 14:46:16.617  2094  2339 I DisplayDeviceRepository: Display device changed state: "Built-in Screen", ON
07-17 14:46:16.618  2094  2337 I WindowManager: Waiting for drawn Window{edcc2c1 u0 NotificationShade}: removed=false visible=true mHasSurface=true drawState=1
07-17 14:46:16.619   676 30723 D vold    : idle maintenance stopped
07-17 14:46:16.622  2094  2339 D DisplayManagerServiceExtImpl: scheduleTraversalLocked intraversal=false
07-17 14:46:16.622  2094  2339 I DisplayManagerServiceExtImpl: handle logical display changed logicalDisplay=id=0,phase=1,stack=0,content=true,displayInfo{stack=0,type=1,id=0,uId=local:4630946385424322177,state=ON,pkg=null}
07-17 14:46:16.622  2094  2340 D DisplayManagerService: performTraversalInternal pendingTraversal
07-17 14:46:16.622  2094  2340 D DisplayDevice: setLayerStackLocked id=local:4630946385424322177 token=android.os.BinderProxy@84cfd78 stack=0->0
07-17 14:46:16.624  2094  2340 I WindowManager: Waiting for drawn Window{edcc2c1 u0 NotificationShade}: removed=false visible=true mHasSurface=true drawState=1
07-17 14:46:16.625  2094  6828 E OplusCustomizeRestrictionManagerService: getUnlockByFingerprintPolicies fail, return default value.
07-17 14:46:16.625  2094  2339 D DisplayManagerService: Delivering display event: displayId=0, event=2
07-17 14:46:16.626  2094  3059 D OplusDisplayStateMonitor: screenState: STATE_ON  last screenState: STATE_DOZE_SUSPEND
07-17 14:46:16.626  2094  3059 D OplusDisplayStateMonitor: Display doze summary : 20895 / 21424 ratio:0.0
07-17 14:46:16.627  2094  2094 I WallpaperManagerServiceExt: removeDisplayData. displayId = 0
07-17 14:46:16.628  2094  2337 D OplusVFXScreenEffectFeature: notifySFCompatWindowStateChange entered false
07-17 14:46:16.630  2094  2339 D DisplayManagerService: MSG_REQUEST_TRAVERSAL pendingCompleted=false
07-17 14:46:16.641  2094  6829 I WindowManager: Waiting for drawn Window{edcc2c1 u0 NotificationShade}: removed=false visible=true mHasSurface=true drawState=1
07-17 14:46:16.642  2094  3112 D InputMethodManagerService: onHandleImeWindowVisibleStatus: vis = 0, needsToShowImeSwitcher = false
07-17 14:46:16.643  2094  2340 I WindowManager: Waiting for drawn Window{edcc2c1 u0 NotificationShade}: removed=false visible=true mHasSurface=true drawState=1
07-17 14:46:16.645  2094  2339 I VRR [OPlusRefreshRateManager]: hasADFRFeature return false
07-17 14:46:16.645  2094  2339 I DisplayManagerService: Comparing display specs: baseModeId=1 allowGroupSwitching=false primaryRefreshRateRange=[0 240] appRequestRefreshRateRange=[0 240] vrrPolicy=POLICY_DEFAULT, existing: baseModeId=1 allowGroupSwitching=false primaryRefreshRateRange=[0 240] appRequestRefreshRateRange=[0 240] vrrPolicy=POLICY_DEFAULT
07-17 14:46:16.646  2094  2705 D NotifierExtImpl: notifyScreenOnOff: on = true
07-17 14:46:16.646  2094  2705 D OplusPowerManagerServiceEnhance: notifyScreenOnOff on=true
07-17 14:46:16.647  2094  2339 V UsbDeviceManager: onKeyguardStateChanged: isShowing:true secure:true user:0
07-17 14:46:16.647  2094  2949 V WindowManager: Relayout Window{edcc2c1 u0 NotificationShade}: viewVisibility=0, oldvis=0, req=1080x2400
07-17 14:46:16.649   676   693 I vold    : evict_sensitive_key: 1,sensitiveType=0
07-17 14:46:16.649   676   693 I vold    : evict_sensitive_key: 1
07-17 14:46:16.649  2094  2949 I WindowManager: Waiting for drawn Window{edcc2c1 u0 NotificationShade}: removed=false visible=true mHasSurface=true drawState=1
07-17 14:46:16.651   676   695 D vold    : Cannot find key for 0
07-17 14:46:16.651   676   695 D vold    : Cannot find key for 0
07-17 14:46:16.651   676   695 I vold    : evict_sensitive_key: 1,sensitiveType=1
07-17 14:46:16.651   676   695 I vold    : evict_sensitive_key: 1
07-17 14:46:16.651  2094  2339 E OplusStorageManagerFeature: clear Ae Be key
07-17 14:46:16.666  2094  2949 E OplusCustomizeRestrictionManagerService: isBiometricDisabled start
07-17 14:46:16.667  2094  2705 D OplusPowerManagerHelper: setDozeLightSensorEnabled:false
07-17 14:46:16.668  2094  4267 I WindowManager: Waiting for drawn Window{edcc2c1 u0 NotificationShade}: removed=false visible=true mHasSurface=true drawState=1
07-17 14:46:16.668  2094  2949 E OplusCustomizeRestrictionManagerService: isBiometricDisabled start
07-17 14:46:16.673  2094  4267 D WindowManager: finishDrawingWindow: Window{edcc2c1 u0 NotificationShade} mDrawState=DRAW_PENDING
07-17 14:46:16.677  2094  6857 D OplusGuardElfFeature: ICharger set value = 0
07-17 14:46:16.677  2094  6857 D OplusGuardElfFeature: calling class name = ThermalControlUtils
07-17 14:46:16.677  7115  8398 D OplusBatteryManager: set charge value = 0
07-17 14:46:16.686  2094  2340 I WindowManager: Waiting for drawn Window{edcc2c1 u0 NotificationShade}: removed=false visible=true mHasSurface=true drawState=4
07-17 14:46:16.686  2094  2340 D WindowManager: All windows drawn!
07-17 14:46:16.691  2094  2948 D WindowManager: finishDrawingWindow: Window{edcc2c1 u0 NotificationShade} mDrawState=HAS_DRAWN
07-17 14:46:16.693  2094  2340 D WindowManager: All windows drawn!
07-17 14:46:16.693  2094  2339 I WindowManager: All windows ready for every display
07-17 14:46:16.694  2094  2337 W WindowManager: Setting mWindowManagerDrawComplete
07-17 14:46:16.694  2094  2948 D VRR [OPlusRefreshRateService]:  setFrameRateTargetControl [ 0.0 , com.android.launcher , false , com.oplus.battery ]
07-17 14:46:16.694  2094  2948 D VRR [OPlusRefreshRateService]:  setFrameRateTargetControl from [0, 1000, android.uid.system:1000]
07-17 14:46:16.694  2094  2948 D VRR [OPlusExternalRefreshRateManager]:  [FRTC] FrameRate : 0 com.android.launcher false com.oplus.battery 0 1000
07-17 14:46:16.694  2094  2732 D VRR [OPlusSurfaceFlingerController]:  add frtc FrameRate : 0 com.android.launcher false com.oplus.battery
07-17 14:46:16.694  2094  2337 I WindowManager: Finished screen turning on...
07-17 14:46:16.713  2094  2948 E OplusCustomizeRestrictionManagerService: isBiometricDisabled start
07-17 14:46:16.715  2094  6850 E OplusCustomizeRestrictionManagerService: isBiometricDisabled start
07-17 14:46:16.725  2094  6809 D OplusActivityManagerServiceEnhance: setGlThreads detect 11795 30728
07-17 14:46:16.752  2094  2705 D AlarmWakeupCheck: SCREEN_ON: CntAlarmWakeup = 0
07-17 14:46:16.757  2094  3115 W OplusStorageManagerFeature: turn screenOn, maintPrepared:false
07-17 14:46:16.758   676 30737 D vold    : idle maintenance stopped
07-17 14:46:16.792  2094  6809 E AppOps  : Bad call made by uid 1002. Package "com.google.android.gms" does not belong to uid 1002.
07-17 14:46:16.798  2094  2706 I OplusSmartBrightnessController: handleMessage MSG_UPDATE_BRIGHTNESS_NO_ANIMATION changed:false
07-17 14:46:16.798  2094  2704 D OplusDisplayPowerControllerExtImpl: original brightness:1018 final brightness:1018.0 scale:1.0 reason:1 darkLevel:0
07-17 14:46:16.799  2094  2704 D DisplayPowerController[0]: screenTurnedOn state=2 brightnessState=1018.0 mustNotify=true
07-17 14:46:16.800  2094  2704 D OplusDisplayPowerControllerExtImpl: RECORD:onUpdatePowerState policy:3 state:2 brightness:1018
07-17 14:46:16.800  2094  2704 D VRR [OPlusRefreshRateService]: notifyBrightnessChange brightness: 1018.0
07-17 14:46:16.800  2094  2704 W PowerManagerService: Screen on took 228 ms. groupId = 0
07-17 14:46:16.800  2094  2704 D OplusPowerManagerHelper: [onWakeUpFinish]
07-17 14:46:16.800  2094  2704 D OplusPowerManagerHelper: scheduleNotifyStopDream
07-17 14:46:16.800  2094  2704 D OplusFeatureAOD: notifySfUnBlockScreenOn
07-17 14:46:16.801  2094  2704 I Quality : ScreenOnOff: ON 229 2
07-17 14:46:16.801  2094  2704 D OplusPowerManagerHelper: handleMessage:102
07-17 14:46:16.801  2094  2704 D OplusPowerManagerHelper: MSG_STOP_DEAM
07-17 14:46:16.803  2094  3230 E Biometrics/Fingerprint21/Fingerprint21ServiceProviderExtImpl: mFingerprintCommandCallback is null
07-17 14:46:16.823  2094  6809 E OplusCustomizeRestrictionManagerService: isBiometricDisabled start
07-17 14:46:16.824  2094  6809 E OplusCustomizeRestrictionManagerService: isBiometricDisabled start
07-17 14:46:16.824  2094  6809 E OplusCustomizeRestrictionManagerService: isBiometricDisabled start
07-17 14:46:16.825  2094  6809 E OplusCustomizeRestrictionManagerService: isBiometricDisabled start
07-17 14:46:16.825  2094  6809 E OplusCustomizeRestrictionManagerService: isBiometricDisabled start
07-17 14:46:16.826  2094  2949 E OplusCustomizeRestrictionManagerService: isBiometricDisabled start
07-17 14:46:16.827  2094  6809 D OplusUserManagerServiceEnhance: getMultiSystemUserId  res = -10000
07-17 14:46:16.827  2094  2949 E OplusCustomizeRestrictionManagerService: isBiometricDisabled start
07-17 14:46:16.828  2094  6809 E OplusCustomizeRestrictionManagerService: isBiometricDisabled start
07-17 14:46:16.829  2094  2949 E OplusCustomizeRestrictionManagerService: isBiometricDisabled start
07-17 14:46:16.829  2094  2094 D NotificationService: on screen turned on, screen locked:true
07-17 14:46:16.830  2094  6809 E OplusCustomizeRestrictionManagerService: isBiometricDisabled start
07-17 14:46:16.839 11795 11813 D OneHandedController: setLockedDisabled locked = false, enabled = false ,FeatureEnabled = false
07-17 14:46:16.840  2094  6850 E OplusCustomizeRestrictionManagerService: isBiometricDisabled start
07-17 14:46:16.840  2094  6850 E OplusCustomizeRestrictionManagerService: isBiometricDisabled start
07-17 14:46:16.848  2094  2094 D OplusPowerMonitor: Receive broadcast android.intent.action.SCREEN_ON
07-17 14:46:16.848  2094  2094 D NetworkDiagnostics: notifyStopMonitorScreenOn
07-17 14:46:16.851  2094  2094 D OplusFeatureBrightnessBarController: screen state:true
07-17 14:46:16.946  2094  6824 I OplusAppSwitchManagerService: appswitch registerAppSwitchObserver pName = com@@heytap@@accessory observer = com.oplus.app.IOplusAppSwitchObserver$Stub$Proxy@bb7030f config = OplusAppSwitchConfig = {  mConfigs = {1=[TOM@@NM@@wirelesssettings@@bluetooth@@DevicePickerActivity, TOM@@android@@internal@@app@@ChooserActivity, TOM@@NM@@melody@@TOMponent@@discovery@@DiscoveryDialogActivity, TOM@@heytap@@smarthome@@webview@@PolicyWebviewActivityHalfScreen, TOM@@heytap@@smarthome@@ipc@@halfcreen@@HalfScreenDeviceFindActivity], 2=[]} observerFingerPrint = 12879489}
07-17 14:46:16.946  2094  6824 I OplusAppSwitchStateDispatcher: registerAppSwitchObserver addDynamicListener OK, info = OplusAppSwitchRuleInfo = {  observer = com.oplus.app.IOplusAppSwitchObserver$Stub$Proxy@bb7030f observerFingerPrint = 12879489} rule size =0
07-17 14:46:17.857  2094  3059 D WakeLockHelper: enable wakelock PowerMonior:work, timeout=500
07-17 14:46:17.858  2094  3059 D OplusPowerMonitor: statr analyze standby 
07-17 14:46:17.860  2094  3059 D WakeLockHelper: disable wakelock PowerMonior:work
07-17 14:46:20.321  2094  2949 D PowerManagerService: userActivityNoUpdateLocked: groupId=0, eventTime=700167289, event=0, flags=0x0, uid=10189
07-17 14:46:20.501  2094  2949 D OplusUserManagerServiceEnhance: getMultiSystemUserId  res = -10000
07-17 14:46:20.545  2094  2949 W ActivityManager: Receiver with filter android.content.IntentFilter@715d766 already registered for pid 11795, callerPackage is com.android.systemui
07-17 14:46:20.546  2094  2948 W ActivityManager: Receiver with filter android.content.IntentFilter@ad1faa7 already registered for pid 11795, callerPackage is com.android.systemui
07-17 14:46:20.556  2094  6857 E OplusCustomizeRestrictionManagerService: getMobileDataMode error :s == null
07-17 14:46:20.559  2094  6857 D OplusUserManagerServiceEnhance: getMultiSystemUserId  res = -10000
07-17 14:46:20.563  2094  6857 E OplusCustomizeRestrictionManagerService: getMobileDataMode error :s == null
07-17 14:46:20.567  2094  6857 E OplusCustomizeRestrictionManagerService: getMobileDataMode error :s == null
07-17 14:46:20.577  2094  2948 E OplusCustomizeRestrictionManagerService: getMobileDataMode error :s == null
07-17 14:46:20.583  2094  6857 E OplusCustomizeRestrictionManagerService: getMobileDataMode error :s == null
07-17 14:46:20.714  2094  2337 V WindowOrientationListener: onSensorChanged mDesiredRotation = 4
07-17 14:46:20.732  2094  6857 E OplusCustomizeRestrictionManagerService: getMobileDataMode error :s == null
07-17 14:46:20.762  2094  3230 V Biometrics/AcquisitionClient: Acquired: 6 6, shouldSend: true
07-17 14:46:20.774 11795 11795 W FingerprintManager: Invalid acquired message: 6, 6
07-17 14:46:25.765  2094  3230 V Biometrics/AcquisitionClient: Acquired: 6 6, shouldSend: true
07-17 14:46:25.770 11795 11795 W FingerprintManager: Invalid acquired message: 6, 6
07-17 14:46:26.893  2094  3059 D NetworkDiagnostics: unbind service
