07-17 14:45:51.995  2094  3550 D OplusSplitScreenManagerService: com.android.settings unSupportsSplitScreen by blockList or ForbidActivityList
07-17 14:45:51.995  2094  3550 D OplusSplitScreenManagerService: com.android.settings unSupportsSplitScreen by blockList or ForbidActivityList
07-17 14:45:51.995  2094  3550 D OplusAppListInterceptManager: shouldFilterTask
07-17 14:45:51.995  2094  3550 D OplusAppListInterceptManager: shouldFilterTask::packageName = com.oplus.wirelesssettings
07-17 14:45:52.019  2094  3550 I WallpaperManagerServiceExt: getFoldWallpaperInfo user=0 which=32 phyDisplay=1
07-17 14:45:52.019  2094  3550 I WallpaperManagerServiceExt: getFoldWallpaperInfo user=0 which=16 phyDisplay=1
07-17 14:45:52.020  2094  3550 E OplusAthenaAm: AthenaAmManagerInternal transact code hello:6,flags:0
07-17 14:45:52.020  2094  3550 E OplusAthenaAm: AthenaAmManagerInternal transact code hello:7,flags:0
07-17 14:45:52.039  2094  3101 D PowerManagerService: userActivityNoUpdateLocked: groupId=0, eventTime=700139003, event=2, flags=0x0, uid=1000
07-17 14:45:52.047  2094  3550 D OplusAppListInterceptManager: shouldFilterTask
07-17 14:45:52.047  2094  3550 D OplusAppListInterceptManager: shouldFilterTask::packageName = com.android.settings
07-17 14:45:52.047  2094  3550 D OplusSplitScreenManagerService: com.android.settings unSupportsSplitScreen by blockList or ForbidActivityList
07-17 14:45:52.047  2094  3550 D OplusSplitScreenManagerService: com.android.settings unSupportsSplitScreen by blockList or ForbidActivityList
07-17 14:45:52.047  2094  3550 D OplusAppListInterceptManager: shouldFilterTask
07-17 14:45:52.047  2094  3550 D OplusAppListInterceptManager: shouldFilterTask::packageName = com.android.settings
07-17 14:45:52.047  2094  3550 D OplusSplitScreenManagerService: com.android.settings unSupportsSplitScreen by blockList or ForbidActivityList
07-17 14:45:52.047  2094  3550 D OplusSplitScreenManagerService: com.android.settings unSupportsSplitScreen by blockList or ForbidActivityList
07-17 14:45:52.047  2094  3550 D OplusAppListInterceptManager: shouldFilterTask
07-17 14:45:52.047  2094  3550 D OplusAppListInterceptManager: shouldFilterTask::packageName = com.oplus.wirelesssettings
07-17 14:45:52.091  2094  6835 D OplusAppListInterceptManager: shouldFilterTask
07-17 14:45:52.091  2094  6835 D OplusAppListInterceptManager: shouldFilterTask::packageName = com.android.settings
07-17 14:45:52.091  2094  6835 D OplusSplitScreenManagerService: com.android.settings unSupportsSplitScreen by blockList or ForbidActivityList
07-17 14:45:52.091  2094  6835 D OplusSplitScreenManagerService: com.android.settings unSupportsSplitScreen by blockList or ForbidActivityList
07-17 14:45:52.091  2094  6835 D OplusAppListInterceptManager: shouldFilterTask
07-17 14:45:52.091  2094  6835 D OplusAppListInterceptManager: shouldFilterTask::packageName = com.android.settings
07-17 14:45:52.091  2094  6835 D OplusSplitScreenManagerService: com.android.settings unSupportsSplitScreen by blockList or ForbidActivityList
07-17 14:45:52.092  2094  6835 D OplusSplitScreenManagerService: com.android.settings unSupportsSplitScreen by blockList or ForbidActivityList
07-17 14:45:52.139  2094  3101 D PowerManagerService: userActivityNoUpdateLocked: groupId=0, eventTime=700139105, event=2, flags=0x0, uid=1000
07-17 14:45:52.495  2094  3550 I WallpaperManagerServiceExt: getFoldWallpaperInfo user=0 which=32 phyDisplay=1
07-17 14:45:52.496  2094  3550 I WallpaperManagerServiceExt: getFoldWallpaperInfo user=0 which=16 phyDisplay=1
07-17 14:45:52.497  2094  3550 D OplusAppListInterceptManager: shouldFilterTask
07-17 14:45:52.497  2094  3550 D OplusAppListInterceptManager: shouldFilterTask::packageName = com.android.settings
07-17 14:45:52.497  2094  3550 D OplusSplitScreenManagerService: com.android.settings unSupportsSplitScreen by blockList or ForbidActivityList
07-17 14:45:52.497  2094  3550 D OplusSplitScreenManagerService: com.android.settings unSupportsSplitScreen by blockList or ForbidActivityList
07-17 14:45:52.497  2094  3550 D OplusAppListInterceptManager: shouldFilterTask
07-17 14:45:52.497  2094  3550 D OplusAppListInterceptManager: shouldFilterTask::packageName = com.oplus.wirelesssettings
07-17 14:45:52.509  2094  3550 I WallpaperManagerServiceExt: getFoldWallpaperInfo user=0 which=32 phyDisplay=1
07-17 14:45:52.509  2094  3550 I WallpaperManagerServiceExt: getFoldWallpaperInfo user=0 which=16 phyDisplay=1
07-17 14:45:52.510  2094  3550 E OplusAthenaAm: AthenaAmManagerInternal transact code hello:6,flags:0
07-17 14:45:52.511  2094  3550 E OplusAthenaAm: AthenaAmManagerInternal transact code hello:7,flags:0
07-17 14:45:52.533  2094  3101 D PowerManagerService: userActivityNoUpdateLocked: groupId=0, eventTime=700139499, event=2, flags=0x0, uid=1000
07-17 14:45:52.545  2094  3550 D OplusAppListInterceptManager: shouldFilterTask
07-17 14:45:52.545  2094  3550 D OplusAppListInterceptManager: shouldFilterTask::packageName = com.android.settings
07-17 14:45:52.545  2094  3550 D OplusSplitScreenManagerService: com.android.settings unSupportsSplitScreen by blockList or ForbidActivityList
07-17 14:45:52.545  2094  3550 D OplusSplitScreenManagerService: com.android.settings unSupportsSplitScreen by blockList or ForbidActivityList
07-17 14:45:52.545  2094  3550 D OplusAppListInterceptManager: shouldFilterTask
07-17 14:45:52.545  2094  3550 D OplusAppListInterceptManager: shouldFilterTask::packageName = com.oplus.wirelesssettings
07-17 14:45:52.585  2094  6835 D OplusAppListInterceptManager: shouldFilterTask
07-17 14:45:52.585  2094  6835 D OplusAppListInterceptManager: shouldFilterTask::packageName = com.android.settings
07-17 14:45:52.585  2094  6835 D OplusSplitScreenManagerService: com.android.settings unSupportsSplitScreen by blockList or ForbidActivityList
07-17 14:45:52.585  2094  6835 D OplusSplitScreenManagerService: com.android.settings unSupportsSplitScreen by blockList or ForbidActivityList
07-17 14:45:52.585  2094  6835 D OplusAppListInterceptManager: shouldFilterTask
07-17 14:45:52.585  2094  6835 D OplusAppListInterceptManager: shouldFilterTask::packageName = com.oplus.wirelesssettings
07-17 14:45:52.610  2094  6851 D CoreBackPreview: Window{cc7cc31 u0 com.android.settings/com.android.settings.Settings$DevelopmentSettingsDashboardActivity}: Setting back callback null
07-17 14:45:52.611 19188 19188 V ZoomWindowDecorView: removeZoomView
07-17 14:45:52.620  2094  6835 D OplusMirageWindowManagerService: onTaskRemoved displayid:0 taskId:1144 callers:com.android.server.wm.MirageWindowManagerExtImpl.onTaskRemoved:47 com.android.server.wm.TaskDisplayArea.removeChildTask:398 com.android.server.wm.TaskDisplayArea.removeChild:387 com.android.server.wm.WindowContainer.removeImmediately:891 com.android.server.wm.TaskFragment.removeImmediately:2904 
07-17 14:45:52.620  2094  6835 I OplusScreenSecurityMask: onStackRemoved task = Task{6fbeaca #1144 type=standard A=1000:com.android.settings U=0 visible=false visibleRequested=false mode=fullscreen translucent=true sz=0} record = null displayId = 0
07-17 14:45:52.621  2094  6835 D TaskFragmentExtImpl: remove ActivityRecord{c9b306c u0 com.android.settings/.Settings$DevelopmentSettingsDashboardActivity} t-1 f}} to mActivityRecordSum = Counter{ }
07-17 14:45:52.622  2094  2964 W UsageStatsService: Unexpected activity event reported! (com.android.settings/com.android.settings.Settings$DevelopmentSettingsDashboardActivity event : 23 instanceId : 218674235)
07-17 14:45:52.631  2094  6835 D OplusAppListInterceptManager: shouldFilterTask
07-17 14:45:52.631  2094  6835 D OplusAppListInterceptManager: shouldFilterTask::packageName = com.android.settings
07-17 14:45:52.632  2094  6835 D OplusSplitScreenManagerService: com.android.settings unSupportsSplitScreen by blockList or ForbidActivityList
07-17 14:45:52.632  2094  6835 D OplusSplitScreenManagerService: com.android.settings unSupportsSplitScreen by blockList or ForbidActivityList
07-17 14:45:52.632  2094  6835 D OplusAppListInterceptManager: shouldFilterTask
07-17 14:45:52.632  2094  6835 D OplusAppListInterceptManager: shouldFilterTask::packageName = com.oplus.wirelesssettings
07-17 14:45:52.635  2094  6835 D OplusAppListInterceptManager: shouldFilterTask
07-17 14:45:52.636  2094  6835 D OplusAppListInterceptManager: shouldFilterTask::packageName = com.android.settings
07-17 14:45:52.636  2094  6835 D OplusSplitScreenManagerService: com.android.settings unSupportsSplitScreen by blockList or ForbidActivityList
07-17 14:45:52.636  2094  6835 D OplusSplitScreenManagerService: com.android.settings unSupportsSplitScreen by blockList or ForbidActivityList
07-17 14:45:52.636  2094  6835 D OplusAppListInterceptManager: shouldFilterTask
07-17 14:45:52.636  2094  6835 D OplusAppListInterceptManager: shouldFilterTask::packageName = com.oplus.wirelesssettings
07-17 14:45:52.639  2094  3101 D PowerManagerService: userActivityNoUpdateLocked: groupId=0, eventTime=700139606, event=2, flags=0x0, uid=1000
07-17 14:45:52.928  1433  1433 I Quality : SFJankCountInfo: 1508;1;0-0-0-0-0-0-0-0-0-0;1-0-0-0-0-0-0-0-0-0;2-0-1-0-0-0-0-0-0-0;3-0-0-0-0-0-0-0-0-0;4-0-0-0-0-0-0-0-0-0;5-0-0-0-0-0-0-0-0-0;6-0-0-0-0-0-0-0-0-0;7-0-0-0-0-0-0-0-0-0;8-0-0-0-0-0-0-0-0-0;9-0-0-0-0-0-0-0-0-0;
07-17 14:45:52.968  2094  2339 I ActivityManager: Killing 19188:com.android.settings/1000 (adj 900): remove task
07-17 14:45:52.991  2094  3550 I WallpaperManagerServiceExt: getFoldWallpaperInfo user=0 which=32 phyDisplay=1
07-17 14:45:52.991  2094  3550 I WallpaperManagerServiceExt: getFoldWallpaperInfo user=0 which=16 phyDisplay=1
07-17 14:45:52.992  2094  3550 D OplusAppListInterceptManager: shouldFilterTask
07-17 14:45:52.992  2094  3550 D OplusAppListInterceptManager: shouldFilterTask::packageName = com.oplus.wirelesssettings
07-17 14:45:53.004  2094  3550 I WallpaperManagerServiceExt: getFoldWallpaperInfo user=0 which=32 phyDisplay=1
07-17 14:45:53.004  2094  3550 I WallpaperManagerServiceExt: getFoldWallpaperInfo user=0 which=16 phyDisplay=1
07-17 14:45:53.005  2094  3550 E OplusAthenaAm: AthenaAmManagerInternal transact code hello:6,flags:0
07-17 14:45:53.005  2094  3550 E OplusAthenaAm: AthenaAmManagerInternal transact code hello:7,flags:0
07-17 14:45:53.029  2094  3101 D PowerManagerService: userActivityNoUpdateLocked: groupId=0, eventTime=700139994, event=2, flags=0x0, uid=1000
07-17 14:45:53.032  2094  3550 D OplusAppListInterceptManager: shouldFilterTask
07-17 14:45:53.032  2094  3550 D OplusAppListInterceptManager: shouldFilterTask::packageName = com.oplus.wirelesssettings
07-17 14:45:53.033  2094  6828 I WindowManager: WIN DEATH: Window{90f8265 u0 com.android.settings/com.android.settings.Settings}
07-17 14:45:53.039  2094  6810 D DisplayManagerService: Display listener for pid 19188 died.
07-17 14:45:53.054  2094  2949 D OplusMirageWindowManagerService: onTaskRemoved displayid:0 taskId:1140 callers:com.android.server.wm.MirageWindowManagerExtImpl.onTaskRemoved:47 com.android.server.wm.TaskDisplayArea.removeChildTask:398 com.android.server.wm.TaskDisplayArea.removeChild:387 com.android.server.wm.WindowContainer.removeImmediately:891 com.android.server.wm.TaskFragment.removeImmediately:2904 
07-17 14:45:53.055  2094  2949 I OplusScreenSecurityMask: onStackRemoved task = Task{b6e024f #1140 type=standard A=1000:com.android.settings.root U=0 visible=false visibleRequested=false mode=fullscreen translucent=true sz=0} record = null displayId = 0
07-17 14:45:53.055  2094  2949 D TaskFragmentExtImpl: remove ActivityRecord{11d8929 u0 com.android.settings/.Settings} t-1 f}} to mActivityRecordSum = Counter{ }
07-17 14:45:53.069  2094  2339 W ActivityManager: setHasOverlayUi called on unknown pid: 19188
07-17 14:45:53.069  2094  2964 W UsageStatsService: Unexpected activity event reported! (com.android.settings/com.oplus.settings.feature.homepage.OplusSettingsHomepageActivity event : 23 instanceId : 178601436)
07-17 14:45:53.074  2094  6829 D OplusAppListInterceptManager: shouldFilterTask
07-17 14:45:53.074  2094  6829 D OplusAppListInterceptManager: shouldFilterTask::packageName = com.oplus.wirelesssettings
07-17 14:45:53.079  2094  4267 D OplusAppListInterceptManager: shouldFilterTask
07-17 14:45:53.079  2094  4267 D OplusAppListInterceptManager: shouldFilterTask::packageName = com.oplus.wirelesssettings
07-17 14:45:53.082  2094  2949 D OplusAppListInterceptManager: shouldFilterTask
07-17 14:45:53.082  2094  2949 D OplusAppListInterceptManager: shouldFilterTask::packageName = com.oplus.wirelesssettings
07-17 14:45:53.430  2094  2339 I ActivityManager: Killing 11122:com.oplus.wirelesssettings/1000 (adj 900): remove task
07-17 14:45:53.462  2094  3550 I WallpaperManagerServiceExt: getFoldWallpaperInfo user=0 which=32 phyDisplay=1
07-17 14:45:53.462  2094  3550 I WallpaperManagerServiceExt: getFoldWallpaperInfo user=0 which=16 phyDisplay=1
07-17 14:45:53.472  2094  6810 D DisplayManagerService: Display listener for pid 11122 died.
07-17 14:45:53.479  2094  3550 I WallpaperManagerServiceExt: getFoldWallpaperInfo user=0 which=32 phyDisplay=1
07-17 14:45:53.479  2094  3550 I WallpaperManagerServiceExt: getFoldWallpaperInfo user=0 which=16 phyDisplay=1
07-17 14:45:53.480  2094  2339 W ActivityManager: setHasOverlayUi called on unknown pid: 11122
07-17 14:45:53.480  2094  3550 E OplusAthenaAm: AthenaAmManagerInternal transact code hello:6,flags:0
07-17 14:45:53.480  2094  3550 E OplusAthenaAm: AthenaAmManagerInternal transact code hello:7,flags:0
07-17 14:45:53.990  2094  2704 D OplusFeatureHDREnhanceBrightness: setAnimating : animating = false
07-17 14:45:53.990  2094  2704 D OplusFeatureReduceBrightness: setAnimating : animating = false
07-17 14:45:53.990  2094  2704 I OplusSmartBrightnessController: setHDRAnimatingState = false
07-17 14:45:53.991  2094  2704 D OplusDisplayPowerControllerExtImpl: original brightness:1018 final brightness:1018.0 scale:1.0 reason:1 darkLevel:0
07-17 14:45:53.993  2094  2704 D VRR [OPlusRefreshRateService]: notifyBrightnessChange brightness: 1018.0
07-17 14:45:53.993  2094  2704 I OplusSmartBrightnessController: handleBrightnessTotalRateType: app->manual
07-17 14:45:54.308  2094  3556 W BatteryExternalStatsWorker: error reading Bluetooth stats: 11
07-17 14:45:54.617  2094  3102 I IColorScreenOffTorchHelper: blank IOplusScreenOffTorchHelper
07-17 14:45:54.617  2094  3102 I OplusJoystickManager: read game pad state for game manager -> false
07-17 14:45:54.617  2094  3102 W OplusJoystickManager: mInterceptGamepadKey is false
07-17 14:45:54.730  2094  3102 I OplusJoystickManager: read game pad state for game manager -> false
07-17 14:45:54.730  2094  3102 W OplusJoystickManager: mInterceptGamepadKey is false
07-17 14:45:54.731  2094  3102 D PhoneWindowManagerExtImpl: send check wallet message failed by switch close
07-17 14:45:54.731  2094  2094 V SinglePowerKeyMonitor:  p keyrule onPress.
07-17 14:45:54.731  2094  2094 D WindowManager: powerPress: eventTime=700141566 interactive=true count=1 beganFromNonInteractive=false mShortPressOnPowerBehavior=1
07-17 14:45:54.731  2094  2337 V ShutdownStrategy:  cancel Combined rule
07-17 14:45:54.733  2094  3102 I HwShutdownRecord: RecoverSqlFunc running start, setprop false
07-17 14:45:54.771  2094  2094 D OplusPowerManagerHelper: goToSleepNoUpdateLocked  needIntercepet: false
07-17 14:45:54.771  2094  2094 D OplusPowerManagerHelper: [onGoToSleep]
07-17 14:45:54.772  2094  2094 I PowerGroup: Powering off display group due to power_button (groupId= 0, uid= 1000)...
07-17 14:45:54.772  2094  2094 I PowerManagerService: Going to sleep due to power_button (uid 1000)...
07-17 14:45:54.773  2094  2094 D OplusVFXScreenEffectFeature: notifySFUpdateVFXEffectState state VFX_SCREEN_POWER_OFF NeedNotify false
07-17 14:45:54.773  2094  3112 D InputMethodManagerService: onHandleImeWindowVisibleStatus: vis = 0, needsToShowImeSwitcher = false
07-17 14:45:54.774  2094  3230 E Biometrics/Fingerprint21/Fingerprint21ServiceProviderExtImpl: mFingerprintCommandCallback is null
07-17 14:45:54.776  2094  2094 D DisplayManagerServiceExtImpl: request size(1,1),dpc=com.android.server.display.DisplayPowerController@e4b7597 size(0,1),flags=0X200F,id(0,0,local:4630946385424322177), phase=1, enable=true, ready=false,prox=false policy=OFF,dozeState=UNKNOWN,screenBrightnessOverride=-1.000000,useAuto=false,lowPower=false,lowPowerFactor=1.000000
07-17 14:45:54.802  2094  6810 D LockSettingsService: [getSeparateProfileChallengeEnabled] userId = 10
07-17 14:45:54.804  2094  2339 I VRR [OPlusRefreshRateManager]: hasADFRFeature return false
07-17 14:45:54.805  2094  2339 I DisplayManagerService: Comparing display specs: baseModeId=1 allowGroupSwitching=false primaryRefreshRateRange=[0 240] appRequestRefreshRateRange=[0 240] vrrPolicy=POLICY_DEFAULT, existing: baseModeId=1 allowGroupSwitching=false primaryRefreshRateRange=[0 240] appRequestRefreshRateRange=[0 240] vrrPolicy=POLICY_DEFAULT
07-17 14:45:54.817  2094  3556 E OplusCustomizeRestrictionManagerService: isBiometricDisabled start
07-17 14:45:54.820  2094  3556 E OplusCustomizeRestrictionManagerService: isBiometricDisabled start
07-17 14:45:54.833  2094  2704 D VRR [OPlusRefreshRateService]: notifyBrightnessChange brightness: 1018.0
07-17 14:45:54.834 11795 11813 D OneHandedController: setLockedDisabled locked = true, enabled = false ,FeatureEnabled = false
07-17 14:45:54.851  2094  2704 D DisplayPowerState[0]: setColorFadeLevel: level=0.9822787
07-17 14:45:54.868  2094  2704 D DisplayPowerState[0]: setColorFadeLevel: level=0.93037105
07-17 14:45:54.885  2094  2704 D DisplayPowerState[0]: setColorFadeLevel: level=0.8535534
07-17 14:45:54.901  2094  2704 D DisplayPowerState[0]: setColorFadeLevel: level=0.7477293
07-17 14:45:54.918  2094  2704 D DisplayPowerState[0]: setColorFadeLevel: level=0.63193655
07-17 14:45:54.935  2094  2704 D DisplayPowerState[0]: setColorFadeLevel: level=0.5
07-17 14:45:54.955  2094  2704 D DisplayPowerState[0]: setColorFadeLevel: level=0.36806345
07-17 14:45:54.970  2094  2704 D DisplayPowerState[0]: setColorFadeLevel: level=0.2522707
07-17 14:45:54.986  2094  2704 D DisplayPowerState[0]: setColorFadeLevel: level=0.14644659
07-17 14:45:55.001  2094  2704 D DisplayPowerState[0]: setColorFadeLevel: level=0.06962907
07-17 14:45:55.019  2094  2704 D DisplayPowerState[0]: setColorFadeLevel: level=0.017721295
07-17 14:45:55.036  2094  2704 D DisplayPowerState[0]: setColorFadeLevel: level=6.169081E-5
07-17 14:45:55.052  2094  2704 D DisplayPowerState[0]: setColorFadeLevel: level=0.0
07-17 14:45:55.052  2094  2704 D OplusDisplayPowerControllerExtImpl: RECORD: Animation finished when screen is off
07-17 14:45:55.052  2094  2704 D OplusDisplayPowerControllerExtImpl: [onGoToSleepFinish]
07-17 14:45:55.072  2094  2704 D DisplayPowerState[0]: updateRunnable run fadeLevle=0.0 state=ON brightness changed:1018.0->-1.0
07-17 14:45:55.072  2094  2704 I DisplayPowerController[0]: Blocking screen off
07-17 14:45:55.073  2094  2704 I DisplayPowerController[0]: Unblocked screen off after 1 ms
07-17 14:45:55.073  2094  2704 D VRR [OPlusRefreshRateService]: screenStateChange state: 1
07-17 14:45:55.073  2094  2704 D OplusSmartBrightnessController: onScreenEvent, isScreenOn:false
07-17 14:45:55.073  2094  2704 D OplusSmartBrightnessController: NeedResetSpline:false, NeedResetSplineByLargeChange:false
07-17 14:45:55.073  2094  2706 I OplusSmartBrightnessController: handleMessage MSG_NEXT_LUX_WILL_CHANGED.
07-17 14:45:55.073  2094  2732 D VRR [OPlusRefreshRateService]: handleScreenStateChange state: 1
07-17 14:45:55.080  2094  2704 D DisplayPowerState[0]: setScreenState: state=1
07-17 14:45:55.080  2094  2704 D BackLightStat: setScreenState: state changed:ON->OFF
07-17 14:45:55.147  2094  2704 D ActivityTaskManager: Top Process State changed to PROCESS_STATE_TOP_SLEEPING
07-17 14:45:55.153  2094  2704 D DisplayPowerController[0]: Brightness [-1.0] reason changing to: 'screen_off', previous reason: 'manual'. id=local:4630946385424322177
07-17 14:45:55.153  2094  2704 I DisplayPowerController[0]: BrightnessEvent: disp=0, brt=-1.0, rcmdBrt=NaN, preBrt=NaN, lux=0.0, preLux=0.0, hbmMax=1.0, hbmMode=off, thrmMax=1.0, flags=, reason=screen_off
07-17 14:45:55.154  2094  2704 D VRR [OPlusRefreshRateService]: notifyBrightnessChange brightness: -1.0
07-17 14:45:55.154  2094  2704 D VRR [OPlusRefreshRateService]: brightness is negative, set to zero directly: -1.0
07-17 14:45:55.154  2094  2704 D VRR [OPlusRefreshRateService]: notifyNitsChange nits: 0.0 discrete nits: 82.923645
07-17 14:45:55.154  2094  2704 D DisplayPowerState[0]: updateRunnable run fadeLevle=0.0 state=OFF brightness changed:1018.0->-1.0
07-17 14:45:55.154  2094  3272 D DisplayPowerState[0]: Updating screen state: id=0, state=OFF, backlight=-1.0, sdrBacklight=-1.0
07-17 14:45:55.155  2094  3272 D OplusSmartBrightnessController: requestDisplayState isFirstDisplay=true state=1 globalDisplayState=0x0
07-17 14:45:55.155  2094  3272 D LocalDisplayAdapter: setDisplayState(id=4630946385424322177 isFirstDisplay=true state changed:ON->OFF) t-Name=PhotonicModulator
07-17 14:45:55.156  2094  6828 V WindowManager: Changing focus from Window{1634df5 u0 com.android.launcher/com.android.launcher.Launcher} to null,diplayid=0
07-17 14:45:55.157  2094  6828 V OplusZoomWindowManagerService: onAnimationFinished:  r = ActivityRecord{c05e1b8 u0 com.android.launcher/.Launcher} t6}
07-17 14:45:55.158  2094  6828 I WindowStateExtImpl: onSurfaceShowChange show = false mPackageName = com.android.launcher parentPkgName = com.android.launcher
07-17 14:45:55.158  2094  2732 D VRR [OPlusRefreshRateService]: handleBrightnessChange nits: 0.0
07-17 14:45:55.170  2094  6828 V WindowManager: Relayout Window{cdbc618 u0 NavigationBar0}: viewVisibility=0, oldvis=0, req=1080x132
07-17 14:45:55.175  2094  3556 V WindowManager: Relayout Window{1634df5 u0 com.android.launcher/com.android.launcher.Launcher}: viewVisibility=8, oldvis=0, req=1080x2400
07-17 14:45:55.180  2094  6849 V WindowManager: Relayout Window{7f06e u0 GoogleDiscoverWindow}: viewVisibility=8, oldvis=0, req=1080x2400
07-17 14:45:55.190  2094  2339 I DisplayDeviceRepository: Display device changed state: "Built-in Screen", OFF
07-17 14:45:55.193  2094  2339 D DisplayManagerServiceExtImpl: scheduleTraversalLocked intraversal=false
07-17 14:45:55.193  2094  2339 I DisplayManagerServiceExtImpl: handle logical display changed logicalDisplay=id=0,phase=1,stack=0,content=true,displayInfo{stack=0,type=1,id=0,uId=local:4630946385424322177,state=OFF,pkg=null}
07-17 14:45:55.201  2094  2339 D DisplayManagerService: Delivering display event: displayId=0, event=2
07-17 14:45:55.202  2094  3059 D OplusDisplayStateMonitor: screenState: STATE_OFF  last screenState: STATE_ON
07-17 14:45:55.202  2094  3059 D OplusDisplayStateMonitor: start stats due to screen off
07-17 14:45:55.205  2094  2339 D DisplayManagerService: MSG_REQUEST_TRAVERSAL pendingCompleted=false
07-17 14:45:55.208  2094  2094 I WallpaperManagerServiceExt: removeDisplayData. displayId = 0
07-17 14:45:55.212  2094  3221 E OplusCustomizeRestrictionManagerService: isBiometricDisabled start
07-17 14:45:55.213  2094  3221 D BiometricService: Sensor ID(4), oemStrength: 255, updatedStrength: 255, modality 8, state: 0, cookie: 0, sensorId 4, hasEnrollments: false cannot participate in Keystore operations
07-17 14:45:55.215   699 13850 I keystore2: keystore2::authorization: on_lock_screen_event(LockScreenEvent(1), user_id=0, password.is_some()=false, unlocking_sids=Some([2868278589602815095]))
07-17 14:45:55.216   699 13850 I keystore2: keystore2::super_key: Locking screen bound for user 0 sids [2868278589602815095]
07-17 14:45:55.217  2094  2337 D OplusVFXScreenEffectFeature: notifySFCompatWindowStateChange entered false
07-17 14:45:55.224  2094  6849 D LockSettingsService: [getStrongAuthForUser]  userId = 0
07-17 14:45:55.226  2094  2340 D DisplayManagerService: performTraversalInternal pendingTraversal
07-17 14:45:55.226  2094  2340 D DisplayDevice: setLayerStackLocked id=local:4630946385424322177 token=android.os.BinderProxy@84cfd78 stack=0->-1
07-17 14:45:55.236  2094  3729 E OplusCustomizeRestrictionManagerService: getUnlockByFingerprintPolicies fail, return default value.
07-17 14:45:55.242  2094  6828 V WindowManager: Relayout Window{8c2fc80 u0 OnScreenFingerprintPressedIcon}: viewVisibility=0, oldvis=8, req=177x177
07-17 14:45:55.260  2094  4267 D WindowManager: finishDrawingWindow: Window{a22ddd8 u0 ScreenDecorOverlayBottom} mDrawState=DRAW_PENDING
07-17 14:45:55.260  2094  4267 D WindowManager: finishDrawingWindow: Window{d8a168a u0 ScreenDecorOverlay} mDrawState=DRAW_PENDING
07-17 14:45:55.262  2094  6849 I StatusBarManagerService: disableLocked, what:1200000, pkg:com.android.systemui userId: 0 token:android.os.BinderProxy@7442129 net1:1200000 net2:0
07-17 14:45:55.279  2094  3221 D LockSettingsService: [getSeparateProfileChallengeEnabled] userId = 10
07-17 14:45:55.279  2094  3221 D OplusUserManagerServiceEnhance: getMultiSystemUserId  res = -10000
07-17 14:45:55.280  2094  3556 D WindowManager: finishDrawingWindow: Window{8c2fc80 u0 OnScreenFingerprintPressedIcon} mDrawState=DRAW_PENDING
07-17 14:45:55.280  2094  3221 D BiometricService: Sensor ID(0), oemStrength: 15, updatedStrength: 15, modality 2, state: 4, cookie: 251663208, sensorId 0, hasEnrollments: false cannot participate in Keystore operations
07-17 14:45:55.280  2094  3221 E OplusCustomizeRestrictionManagerService: isBiometricDisabled start
07-17 14:45:55.281  2094  3221 D BiometricService: Sensor ID(4), oemStrength: 255, updatedStrength: 255, modality 8, state: 0, cookie: 0, sensorId 4, hasEnrollments: false cannot participate in Keystore operations
07-17 14:45:55.282   699 13850 I keystore2: keystore2::authorization: on_lock_screen_event(LockScreenEvent(1), user_id=10, password.is_some()=false, unlocking_sids=Some([]))
07-17 14:45:55.282   699 13850 I keystore2: keystore2::super_key: Locking screen bound for user 10 sids []
07-17 14:45:55.289  2094  3112 D InputMethodManagerService: onHandleImeWindowVisibleStatus: vis = 0, needsToShowImeSwitcher = false
07-17 14:45:55.290  2094  2339 V UsbDeviceManager: onKeyguardStateChanged: isShowing:true secure:true user:0
07-17 14:45:55.290   676   693 I vold    : evict_sensitive_key: 1,sensitiveType=0
07-17 14:45:55.290   676   693 I vold    : evict_sensitive_key: 1
07-17 14:45:55.292   676   693 D vold    : Cannot find key for 0
07-17 14:45:55.292   676   693 D vold    : Cannot find key for 0
07-17 14:45:55.292   676   693 I vold    : evict_sensitive_key: 1,sensitiveType=1
07-17 14:45:55.292   676   693 I vold    : evict_sensitive_key: 1
07-17 14:45:55.292  2094  2339 E OplusStorageManagerFeature: clear Ae Be key
07-17 14:45:55.317  2094  6810 E OplusCustomizeRestrictionManagerService: isBiometricDisabled start
07-17 14:45:55.318  2094  6810 E OplusCustomizeRestrictionManagerService: isBiometricDisabled start
07-17 14:45:55.319  2094  6810 E OplusCustomizeRestrictionManagerService: isBiometricDisabled start
07-17 14:45:55.319  2094  6810 E OplusCustomizeRestrictionManagerService: isBiometricDisabled start
07-17 14:45:55.321  2094  6810 D OplusUserManagerServiceEnhance: getMultiSystemUserId  res = -10000
07-17 14:45:55.322  2094  6810 E OplusCustomizeRestrictionManagerService: isBiometricDisabled start
07-17 14:45:55.322  2094  6810 E OplusCustomizeRestrictionManagerService: isBiometricDisabled start
07-17 14:45:55.323  2094  6810 E OplusCustomizeRestrictionManagerService: isBiometricDisabled start
07-17 14:45:55.323  2094  6810 E OplusCustomizeRestrictionManagerService: isBiometricDisabled start
07-17 14:45:55.327  2094  6810 D LockSettingsStorage: [readSyntheticPasswordState] userId = 0, handle = -7905025026871019856, name = pwd
07-17 14:45:55.331  2094  6810 E OplusCustomizeRestrictionManagerService: isBiometricDisabled start
07-17 14:45:55.332  2094  6810 E OplusCustomizeRestrictionManagerService: isBiometricDisabled start
07-17 14:45:55.332  2094  6810 E OplusCustomizeRestrictionManagerService: isBiometricDisabled start
07-17 14:45:55.333  2094  6857 E OplusCustomizeRestrictionManagerService: isBiometricDisabled start
07-17 14:45:55.334  2094  6857 E OplusCustomizeRestrictionManagerService: isBiometricDisabled start
07-17 14:45:55.334  2094  6857 E OplusCustomizeRestrictionManagerService: isBiometricDisabled start
07-17 14:45:55.341 11795 11795 V KeyguardStatusViewController: refresh statusview showing:true
07-17 14:45:55.347  2094  3556 D PowerManagerService: userActivityNoUpdateLocked: groupId=0, eventTime=700142314, event=0, flags=0x0, uid=10189
07-17 14:45:55.348  2094  6810 D LockSettingsService: [scheduleNonStrongBiometricIdleTimeout]  userId = 0
07-17 14:45:55.354  2094  6857 V WindowManager: Relayout Window{edcc2c1 u0 NotificationShade}: viewVisibility=0, oldvis=4, req=1080x2400
07-17 14:45:55.358  2094  6857 V WindowManager: Changing focus from null to Window{edcc2c1 u0 NotificationShade},diplayid=0
07-17 14:45:55.379  2094  6857 D WindowManager: finishDrawingWindow: Window{edcc2c1 u0 NotificationShade} mDrawState=DRAW_PENDING
07-17 14:45:55.386  2094  6810 D LockSettingsService: [getSeparateProfileChallengeEnabled] userId = 10
07-17 14:45:55.405  2094  3556 E OplusCustomizeRestrictionManagerService: isBiometricDisabled start
07-17 14:45:55.406  2094  3556 E OplusCustomizeRestrictionManagerService: isBiometricDisabled start
07-17 14:45:55.406  2094  3556 E OplusCustomizeRestrictionManagerService: isBiometricDisabled start
07-17 14:45:55.407  2094  3556 E OplusCustomizeRestrictionManagerService: isBiometricDisabled start
07-17 14:45:55.408  2094  3556 E OplusCustomizeRestrictionManagerService: isBiometricDisabled start
07-17 14:45:55.409  2094  3556 E OplusCustomizeRestrictionManagerService: isBiometricDisabled start
07-17 14:45:55.409  2094  3556 E OplusCustomizeRestrictionManagerService: isBiometricDisabled start
07-17 14:45:55.410  2094  3556 E OplusCustomizeRestrictionManagerService: isBiometricDisabled start
07-17 14:45:55.411  2094  3556 D OplusUserManagerServiceEnhance: getMultiSystemUserId  res = -10000
07-17 14:45:55.411  2094  3556 E OplusCustomizeRestrictionManagerService: isBiometricDisabled start
07-17 14:45:55.412  2094  3556 E OplusCustomizeRestrictionManagerService: isBiometricDisabled start
07-17 14:45:55.412  2094  3556 E OplusCustomizeRestrictionManagerService: isBiometricDisabled start
07-17 14:45:55.413  2094  3556 E OplusCustomizeRestrictionManagerService: isBiometricDisabled start
07-17 14:45:55.429  2094  3556 V WindowManager: Relayout Window{edcc2c1 u0 NotificationShade}: viewVisibility=0, oldvis=0, req=1080x2400
07-17 14:45:55.454  2094  4267 D OplusUserManagerServiceEnhance: getMultiSystemUserId  res = -10000
07-17 14:45:55.455  2094  6857 D OplusUserManagerServiceEnhance: getMultiSystemUserId  res = -10000
07-17 14:45:55.458  2094  6810 D WindowManager: finishDrawingWindow: Window{cdbc618 u0 NavigationBar0} mDrawState=DRAW_PENDING
07-17 14:45:55.458  2094  6810 D WindowManager: finishDrawingWindow: Window{de42143 u0 StatusBar} mDrawState=DRAW_PENDING
07-17 14:45:55.459  2094  2411 D CompatibilityChangeReporter: Compat change id reported: 135634846; UID 11001; state: DISABLED
07-17 14:45:55.459  2094  2411 D CompatibilityChangeReporter: Compat change id reported: 177438394; UID 11001; state: DISABLED
07-17 14:45:55.459  2094  2411 D CompatibilityChangeReporter: Compat change id reported: 135772972; UID 11001; state: DISABLED
07-17 14:45:55.459  2094  2411 D CompatibilityChangeReporter: Compat change id reported: 135754954; UID 11001; state: ENABLED
07-17 14:45:55.460  2094  2404 D CompatibilityChangeReporter: Compat change id reported: 143937733; UID 11001; state: ENABLED
07-17 14:45:55.475  2094  2404 I ActivityManager: Start proc 30148:com.instagram.android/u0a1001 for broadcast {com.instagram.android/com.instagram.util.startup.appwarmer.KeepWarmReceiver}
07-17 14:45:55.475  2094  6857 V WindowManager: Relayout Window{edcc2c1 u0 NotificationShade}: viewVisibility=0, oldvis=0, req=1080x2400
07-17 14:45:55.513  2094  3230 D Biometrics/Fingerprint21/Fingerprint21ServiceProviderExtImpl: dispatchTouchUp
07-17 14:45:55.587  2094  3272 D OplusDisplayPanelFeature: getDisplayPanelFeatureValue +++, featureID:20
07-17 14:45:55.587  2094  3272 D OplusDisplayPanelFeature: getDisplayPanelFeatureValue, ret = 0
07-17 14:45:55.587  2094  3272 I OplusDisplayPanelFeature: [0]
07-17 14:45:55.587  2094  3272 D OplusDisplayPanelFeature: getDisplayPanelFeatureValue ---, result = [0]
07-17 14:45:55.587  2094  3272 D OplusSilentRebootManager: silence flags file value is :0
07-17 14:45:55.588  2094  2704 D DisplayPowerState[0]: updateRunnable run fadeLevle=0.0 state=OFF brightness changed:1018.0->-1.0
07-17 14:45:55.588  2094  2704 D VRR [OPlusRefreshRateService]: notifyBrightnessChange brightness: -1.0
07-17 14:45:55.588  2094  2704 D VRR [OPlusRefreshRateService]: brightness is negative, set to zero directly: -1.0
07-17 14:45:55.588  2094  2704 D PowerManagerServiceExtImpl: aodEnable: true
07-17 14:45:55.589  2094  2704 I DreamManagerService: Entering dreamland.
07-17 14:45:55.590  2094  2704 I PowerManagerService: Dozing...
07-17 14:45:55.591  2094  2336 I DreamController: Starting dream: name=ComponentInfo{com.android.systemui/com.android.systemui.doze.DozeService}, isPreviewMode=false, canDoze=true, userId=0
07-17 14:45:55.615  2094  2411 W BroadcastQueue: Background execution not allowed: receiving Intent { act=android.intent.action.CLOSE_SYSTEM_DIALOGS flg=0x10 (has extras) } to com.rapido.passenger/bike.rapido.pip.receiver.ServiceActionsReceiver
07-17 14:45:55.620  2094  3115 W OplusStorageManagerFeature: turn screenOff, maintPrepared:false
07-17 14:45:55.633  2094  3555 D WindowManager: finishDrawingWindow: Window{edcc2c1 u0 NotificationShade} mDrawState=HAS_DRAWN
07-17 14:45:55.634  2094  3555 D OplusFeatureAOD: key:2094 tmp:0
07-17 14:45:55.634  2094  3555 D DisplayManagerServiceExtImpl: request size(1,1),dpc=com.android.server.display.DisplayPowerController@e4b7597 size(0,1),flags=0X200F,id(0,0,local:4630946385424322177), phase=1, enable=true, ready=false,prox=false policy=DOZE,dozeState=OFF,screenBrightnessOverride=-1.000000,useAuto=false,lowPower=false,lowPowerFactor=1.000000
07-17 14:45:55.636  2094  2704 D VRR [OPlusRefreshRateService]: notifyBrightnessChange brightness: -1.0
07-17 14:45:55.636  2094  2704 D VRR [OPlusRefreshRateService]: brightness is negative, set to zero directly: -1.0
07-17 14:45:55.637  2094  2704 D OplusFeatureAOD: notifySfUnBlockScreenOn
07-17 14:45:55.639  2094  2704 I Quality : ScreenOnOff: OFF 1039 4
07-17 14:45:55.640  2094  2705 D NotifierExtImpl: notifyScreenOnOff: on = false
07-17 14:45:55.640  2094  3555 D LockSettingsService: [getSeparateProfileChallengeEnabled] userId = 10
07-17 14:45:55.640  2094  2705 D OplusPowerManagerServiceEnhance: notifyScreenOnOff on=false
07-17 14:45:55.642  2094  6857 E OplusCustomizeRestrictionManagerService: getUnlockByFingerprintPolicies fail, return default value.
07-17 14:45:55.646  2094  3726 E OplusCustomizeRestrictionManagerService: getUnlockByFingerprintPolicies fail, return default value.
07-17 14:45:55.647  2094  3555 D OplusGuardElfFeature: ICharger set value = 0
07-17 14:45:55.647  2094  3555 D OplusGuardElfFeature: calling class name = ThermalControlUtils
07-17 14:45:55.648  2094  3112 D InputMethodManagerService: onHandleImeWindowVisibleStatus: vis = 0, needsToShowImeSwitcher = false
07-17 14:45:55.647  7115  7733 D OplusBatteryManager: set charge value = 0
07-17 14:45:55.649  2094  2339 V UsbDeviceManager: onKeyguardStateChanged: isShowing:true secure:true user:0
07-17 14:45:55.649   676   693 I vold    : evict_sensitive_key: 1,sensitiveType=0
07-17 14:45:55.650   676   693 I vold    : evict_sensitive_key: 1
07-17 14:45:55.650   676   693 D vold    : Cannot find key for 0
07-17 14:45:55.650   676   693 D vold    : Cannot find key for 0
07-17 14:45:55.650   676   693 I vold    : evict_sensitive_key: 1,sensitiveType=1
07-17 14:45:55.650   676   693 I vold    : evict_sensitive_key: 1
07-17 14:45:55.650  2094  2339 E OplusStorageManagerFeature: clear Ae Be key
07-17 14:45:55.658  2094  6857 E OplusCustomizeRestrictionManagerService: isBiometricDisabled start
07-17 14:45:55.659  2094  3555 E OplusCustomizeRestrictionManagerService: isBiometricDisabled start
07-17 14:45:55.660  2094  3556 E OplusCustomizeRestrictionManagerService: isBiometricDisabled start
07-17 14:45:55.660  2094  6857 E OplusCustomizeRestrictionManagerService: isBiometricDisabled start
07-17 14:45:55.661  2094  6857 E OplusCustomizeRestrictionManagerService: isBiometricDisabled start
07-17 14:45:55.662  2094  6857 E OplusCustomizeRestrictionManagerService: isBiometricDisabled start
07-17 14:45:55.663  2094  6857 E OplusCustomizeRestrictionManagerService: isBiometricDisabled start
07-17 14:45:55.663  2094  6857 E OplusCustomizeRestrictionManagerService: isBiometricDisabled start
07-17 14:45:55.665  2094  6857 D OplusUserManagerServiceEnhance: getMultiSystemUserId  res = -10000
07-17 14:45:55.666  2094  6857 E OplusCustomizeRestrictionManagerService: isBiometricDisabled start
07-17 14:45:55.666  2094  2339 V UsbDeviceManager: onKeyguardStateChanged: isShowing:true secure:true user:0
07-17 14:45:55.666  2094  6857 E OplusCustomizeRestrictionManagerService: isBiometricDisabled start
07-17 14:45:55.667  2094  4267 E OplusCustomizeRestrictionManagerService: isBiometricDisabled start
07-17 14:45:55.667   676   693 I vold    : evict_sensitive_key: 1,sensitiveType=0
07-17 14:45:55.667   676   693 I vold    : evict_sensitive_key: 1
07-17 14:45:55.668  2094  6857 E OplusCustomizeRestrictionManagerService: isBiometricDisabled start
07-17 14:45:55.668   676   693 D vold    : Cannot find key for 0
07-17 14:45:55.668   676   693 D vold    : Cannot find key for 0
07-17 14:45:55.668   676   693 I vold    : evict_sensitive_key: 1,sensitiveType=1
07-17 14:45:55.668  2094  4267 D DisplayManagerService: setSpecBrightness gear = 0 reason = com.android.launcher@temperature@37@normal rate = -1
07-17 14:45:55.668   676   693 I vold    : evict_sensitive_key: 1
07-17 14:45:55.668  2094  2339 E OplusStorageManagerFeature: clear Ae Be key
07-17 14:45:55.669  2094  2706 I OplusSmartBrightnessController: handleMessage MSG_TEMPERATURE_LIMIT_BRIGHTNESS_CHANGED.
07-17 14:45:55.669  2094  6857 E OplusCustomizeRestrictionManagerService: isBiometricDisabled start
07-17 14:45:55.669  2094  2706 D OplusFeatureTemperatureLimitBrightness: new parameter! gear = 0 set reason = com.android.launcher@temperature@37@normal brightness = 4095 package = com.android.launcher type = temperature temperature = 37 priority = normal rate = -1 HadDragPoint = false mode = 0
07-17 14:45:55.669  2094  2704 D ColorAutomaticBrightnessController: MSG_UPDATE_BRIGHTNESS
07-17 14:45:55.670  2094  2704 D VRR [OPlusRefreshRateService]: notifyBrightnessChange brightness: -1.0
07-17 14:45:55.670  2094  2704 D VRR [OPlusRefreshRateService]: brightness is negative, set to zero directly: -1.0
07-17 14:45:55.670  2094  4267 E OplusCustomizeRestrictionManagerService: isBiometricDisabled start
07-17 14:45:55.670  2094  3726 E OplusCustomizeRestrictionManagerService: isBiometricDisabled start
07-17 14:45:55.671  2094  3726 E OplusCustomizeRestrictionManagerService: isBiometricDisabled start
07-17 14:45:55.673  2094  6857 D VRR [OPlusRefreshRateService]:  setFrameRateTargetControl [ 0.0 , com.android.launcher , false , com.oplus.battery ]
07-17 14:45:55.673  2094  6857 D VRR [OPlusRefreshRateService]:  setFrameRateTargetControl from [0, 1000, android.uid.system:1000]
07-17 14:45:55.673  2094  6857 D VRR [OPlusExternalRefreshRateManager]:  [FRTC] FrameRate : 0 com.android.launcher false com.oplus.battery 0 1000
07-17 14:45:55.673  2094  2732 D VRR [OPlusSurfaceFlingerController]:  add frtc FrameRate : 0 com.android.launcher false com.oplus.battery
07-17 14:45:55.679  2094  2094 D PowerManagerService: onFlip: isFaceDown=false
07-17 14:45:55.680  2094  2094 D PowerManagerService: userActivityNoUpdateLocked: groupId=0, eventTime=700142647, event=0, flags=0x0, uid=1000
07-17 14:45:55.688  2094  6810 V WindowManager: Relayout Window{edcc2c1 u0 NotificationShade}: viewVisibility=0, oldvis=0, req=1080x2400
07-17 14:45:55.696  2094  3115 W OplusStorageManagerFeature: turn screenOff, maintPrepared:false
07-17 14:45:55.703  2094  3726 E OplusCustomizeRestrictionManagerService: isBiometricDisabled start
07-17 14:45:55.705  2094  3726 E OplusCustomizeRestrictionManagerService: isBiometricDisabled start
07-17 14:45:55.706  2094  3726 E OplusCustomizeRestrictionManagerService: isBiometricDisabled start
07-17 14:45:55.706  2094  3726 D LockSettingsService: [getStrongAuthForUser]  userId = 0
07-17 14:45:55.706  2094  3726 D BiometricUtils: isEncrypted: false isLockdown: false
07-17 14:45:55.707  2094  3230 D BiometricScheduler/Fingerprint21: [Added] {[5430] com.android.server.biometrics.sensors.fingerprint.hidl.FingerprintUpdateActiveUserClient, proto=1, owner=android, cookie=0, requestId=-1, userId=0}, new queue size: 1
07-17 14:45:55.707  2094  3230 D BiometricScheduler/Fingerprint21: [Polled] {[5430] com.android.server.biometrics.sensors.fingerprint.hidl.FingerprintUpdateActiveUserClient, proto=1, owner=android, cookie=0, requestId=-1, userId=0}, State: 0
07-17 14:45:55.707  2094  3230 D BiometricScheduler/Fingerprint21: [Started] {[5430] com.android.server.biometrics.sensors.fingerprint.hidl.FingerprintUpdateActiveUserClient, proto=1, owner=android, cookie=0, requestId=-1, userId=0}
07-17 14:45:55.707  2094  3230 D FingerprintUpdateActiveUserClient: Already user: com.android.server.biometrics.sensors.fingerprint.hidl.Fingerprint21$$ExternalSyntheticLambda1@9d12b0d, returning
07-17 14:45:55.707  2094  3230 D BiometricSchedulerOperation: [Finished / destroy]: {[5430] com.android.server.biometrics.sensors.fingerprint.hidl.FingerprintUpdateActiveUserClient, proto=1, owner=android, cookie=0, requestId=-1, userId=0}
07-17 14:45:55.707  2094  3230 V BiometricSchedulerOperation: started: {[5430] com.android.server.biometrics.sensors.fingerprint.hidl.FingerprintUpdateActiveUserClient, proto=1, owner=android, cookie=0, requestId=-1, userId=0}, State: 5
07-17 14:45:55.708  2094  3230 D BiometricScheduler/Fingerprint21: [Added] {[5431] com.android.server.biometrics.sensors.fingerprint.hidl.FingerprintAuthenticationClient, proto=3, owner=com.android.systemui, cookie=0, requestId=2208, userId=0}, new queue size: 1
07-17 14:45:55.708  2094  3230 V BiometricScheduler/Fingerprint21: Not idle, current operation: {[5430] com.android.server.biometrics.sensors.fingerprint.hidl.FingerprintUpdateActiveUserClient, proto=1, owner=android, cookie=0, requestId=-1, userId=0}, State: 5
07-17 14:45:55.708  2094  3230 D BiometricScheduler/Fingerprint21: [Finishing] {[5430] com.android.server.biometrics.sensors.fingerprint.hidl.FingerprintUpdateActiveUserClient, proto=1, owner=android, cookie=0, requestId=-1, userId=0}, success: true
07-17 14:45:55.708  2094  3230 D BiometricScheduler/Fingerprint21: [Polled] {[5431] com.android.server.biometrics.sensors.fingerprint.hidl.FingerprintAuthenticationClient, proto=3, owner=com.android.systemui, cookie=0, requestId=2208, userId=0}, State: 0
07-17 14:45:55.708  2094  3230 D GestureAvailabilityTracker: Notifying gesture availability, active=false
07-17 14:45:55.708  2094  3230 D BiometricScheduler/Fingerprint21: [Started] {[5431] com.android.server.biometrics.sensors.fingerprint.hidl.FingerprintAuthenticationClient, proto=3, owner=com.android.systemui, cookie=0, requestId=2208, userId=0}
07-17 14:45:55.708  2094  3230 D BiometricCoexCoordinator: addAuthenticationClient(Udfps), client: {[5431] com.android.server.biometrics.sensors.fingerprint.hidl.FingerprintAuthenticationClient, proto=3, owner=com.android.systemui, cookie=0, requestId=2208, userId=0}
07-17 14:45:55.708  2094  3230 D BiometricStateCallback: State updated from 0 to 2, client {[5431] com.android.server.biometrics.sensors.fingerprint.hidl.FingerprintAuthenticationClient, proto=3, owner=com.android.systemui, cookie=0, requestId=2208, userId=0}
07-17 14:45:55.708  2094  3230 D Biometrics/AuthenticationClient: Requesting auth for com.android.systemui
07-17 14:45:55.712  2094  6810 E OplusCustomizeRestrictionManagerService: getUnlockByFingerprintPolicies fail, return default value.
07-17 14:45:55.715  2094  3230 D OplusUserManagerServiceEnhance: getMultiSystemUserId  res = -10000
07-17 14:45:55.716  2094  3230 V BiometricSchedulerOperation: started: {[5431] com.android.server.biometrics.sensors.fingerprint.hidl.FingerprintAuthenticationClient, proto=3, owner=com.android.systemui, cookie=0, requestId=2208, userId=0}, State: 2
07-17 14:45:55.719  2094  6857 D OplusFeatureAOD: key:2094 tmp:2
07-17 14:45:55.719  2094  6810 E OplusCustomizeRestrictionManagerService: getUnlockByFingerprintPolicies fail, return default value.
07-17 14:45:55.720  2094  6857 D DisplayManagerServiceExtImpl: request size(1,1),dpc=com.android.server.display.DisplayPowerController@e4b7597 size(0,1),flags=0X200F,id(0,0,local:4630946385424322177), phase=1, enable=true, ready=false,prox=false policy=DOZE,dozeState=DOZE,screenBrightnessOverride=-1.000000,useAuto=false,lowPower=false,lowPowerFactor=1.000000
07-17 14:45:55.720  2094  2704 D VRR [OPlusRefreshRateService]: screenStateChange state: 3
07-17 14:45:55.720  2094  2732 D VRR [OPlusRefreshRateService]: handleScreenStateChange state: 3
07-17 14:45:55.720  2094  6810 E OplusCustomizeRestrictionManagerService: getUnlockByFingerprintPolicies fail, return default value.
07-17 14:45:55.722  2094  2704 D BackLightStat: setScreenState: state changed:OFF->DOZE
07-17 14:45:55.722  2094  2704 D DisplayPowerState[0]: setColorFadeLevel: level=1.0
07-17 14:45:55.725  2094  2704 D DisplayPowerController[0]: Brightness [0.0] reason changing to: 'doze_default', previous reason: 'screen_off'. id=local:4630946385424322177
07-17 14:45:55.725  2094  2704 I DisplayPowerController[0]: BrightnessEvent: disp=0, brt=0.0, rcmdBrt=NaN, preBrt=NaN, lux=0.0, preLux=0.0, hbmMax=1.0, hbmMode=off, thrmMax=1.0, flags=, reason=doze_default
07-17 14:45:55.725  2094  2704 D VRR [OPlusRefreshRateService]: notifyBrightnessChange brightness: 0.0
07-17 14:45:55.725  2094  3272 D DisplayPowerState[0]: Updating screen state: id=0, state=DOZE, backlight=1.0, sdrBacklight=1273.0
07-17 14:45:55.725  2094  3272 D OplusSmartBrightnessController: requestDisplayState isFirstDisplay=true state=3 globalDisplayState=0x3
07-17 14:45:55.726  2094  3272 D LocalDisplayAdapter: setDisplayState(id=4630946385424322177 isFirstDisplay=true state changed:OFF->DOZE) t-Name=PhotonicModulator
07-17 14:45:55.726  2094  2339 I DisplayDeviceRepository: Display device changed state: "Built-in Screen", DOZE
07-17 14:45:55.730  2094  2339 D DisplayManagerServiceExtImpl: scheduleTraversalLocked intraversal=false
07-17 14:45:55.730  2094  2339 I DisplayManagerServiceExtImpl: handle logical display changed logicalDisplay=id=0,phase=1,stack=0,content=true,displayInfo{stack=0,type=1,id=0,uId=local:4630946385424322177,state=DOZE,pkg=null}
07-17 14:45:55.730  2094  2339 D DisplayManagerService: Delivering display event: displayId=0, event=2
07-17 14:45:55.731  2094  3059 D OplusDisplayStateMonitor: screenState: STATE_DOZE  last screenState: STATE_OFF
07-17 14:45:55.731  2094  3059 D OplusDisplayStateMonitor: DisplayDozeTime:971709041
07-17 14:45:55.731  2094  3059 D OplusDisplayStateMonitor: Last DisplayDozeSuspendTime:0
07-17 14:45:55.731  2094  3059 D OplusDisplayStateMonitor: Display doze suspend time delta: 125304 / 0 ratio:0.0
07-17 14:45:55.731  2094  2094 I WallpaperManagerServiceExt: removeDisplayData. displayId = 0
07-17 14:45:55.732  2094  2337 D OplusVFXScreenEffectFeature: notifySFCompatWindowStateChange entered false
07-17 14:45:55.733  2094  2340 D DisplayManagerService: performTraversalInternal pendingTraversal
07-17 14:45:55.733  2094  2340 D DisplayDevice: setLayerStackLocked id=local:4630946385424322177 token=android.os.BinderProxy@84cfd78 stack=-1->0
07-17 14:45:55.737  2094  2339 D DisplayManagerService: MSG_REQUEST_TRAVERSAL pendingCompleted=false
07-17 14:45:55.739  2094  2339 I VRR [OPlusRefreshRateManager]: hasADFRFeature return false
07-17 14:45:55.740  2094  2339 I DisplayManagerService: Comparing display specs: baseModeId=1 allowGroupSwitching=false primaryRefreshRateRange=[0 240] appRequestRefreshRateRange=[0 240] vrrPolicy=POLICY_DEFAULT, existing: baseModeId=1 allowGroupSwitching=false primaryRefreshRateRange=[0 240] appRequestRefreshRateRange=[0 240] vrrPolicy=POLICY_DEFAULT
07-17 14:45:55.744  2094  2705 D OplusPowerManagerHelper: setDozeLightSensorEnabled:true
07-17 14:45:55.756  2094  3230 V Biometrics/AcquisitionClient: Acquired: 6 6, shouldSend: true
07-17 14:45:55.765  2094  6849 V WindowManager: Relayout Window{3c5f967 u0 OnScreenFingerprintIcon}: viewVisibility=0, oldvis=8, req=1080x1080
07-17 14:45:55.767 11795 11795 W FingerprintManager: Invalid acquired message: 6, 6
07-17 14:45:55.770  2094  2704 D OplusPowerManagerHelper: light event lux:1.0
07-17 14:45:55.781  2094  6849 D WindowManager: finishDrawingWindow: Window{3c5f967 u0 OnScreenFingerprintIcon} mDrawState=DRAW_PENDING
07-17 14:45:55.896  2094  6849 W ProcessCpuTracker: Failed to stat(/proc/30176): android.system.ErrnoException: stat failed: ENOENT (No such file or directory)
07-17 14:45:55.896  2094  6849 W ProcessCpuTracker: Skipping unknown process pid 30176
07-17 14:45:55.931  2094  2094 W LoadedApk: System took : 183ms in onReceive of class com.oplus.server.wifi.dcs.OplusConnLpmEventObsever$OplusBroadcastReceiver for action : android.intent.action.SCREEN_OFF
07-17 14:45:55.934  2094  2094 W Looper  : Slow dispatch took 186ms main h=android.app.ActivityThread$H c=android.app.LoadedApk$ReceiverDispatcher$Args$$ExternalSyntheticLambda0@bfe7a1f m=0
