07-17 14:47:10.199  2094  2694 D ProcessCpuTrackerExtImpl: mContext is already set, return now! 
07-17 14:47:10.698  2094  3144 V OplusNPMS: getWarningNotification numWarningNotificaion10
07-17 14:47:10.698  2094  3144 V OplusNPMS: getWarningNotification numWarningNotificaion10
07-17 14:47:10.698  2094  3144 V OplusNPMS: getLimitNotificationState subID=5
07-17 14:47:10.698  2094  3144 V OplusNPMS: getLimitNotificationState mSubidToIccId != null
07-17 14:47:15.354  2094  2694 D ProcessCpuTrackerExtImpl: mContext is already set, return now! 
07-17 14:47:52.945  2094  2414 D BatteryStatsImplExtImpl: updateDevicePowerDetails
07-17 14:47:52.959  2094  2414 D OplusRpmSubsystemManager: battery drained... 
07-17 14:47:52.964  2094  2414 D OplusRpmSubsystemManager: measureOplusRpmMasterStatsDelta... 
07-17 14:47:52.964  2094  2414 D OplusRpmSubsystemManager: elapsedRealTimeDelta :2122184
07-17 14:47:52.964  2094  2414 D OplusRpmSubsystemManager: mRpmSuspendRatioSummay: [ADSP:0.00,ADSP_ISLAND:0.00,APSS:28.19,CDSP:100.00,MPSS:36.40,VLOW:0.00,VMIN:0.00]
07-17 14:47:52.965  2094  2414 D BatteryStatsImplExtImpl: PowerDetails: time=2026-07-17-14-47-52, top=com.android.launcher.Launcher, ref_counts=7453254, ref_mode=0, brightness=0, refs_per_sec=11.0, modem_txTimeMs=[0, 0, 0, 0, 0], traffic=[0,0,0,0], ctr_drain=[16103,0,0,0], rpmstat=[ADSP:0.00,ADSP_ISLAND:0.00,APSS:26.45,CDSP:100.00,MPSS:33.09,VLOW:0.00,VMIN:0.00], sap=false, audio=[spk:0, headset:0]
07-17 14:47:52.965  2094  2414 D BatteryStatsImplExtImpl: , modem=[activity:SettleObj{ what=LO date=07-17 14:01:02.212 duration=3604 screenOnRatio=0.08 screenOffRatio=99.92 power=93 current=-1885.47 networkType=MOBILE dataNetworkType=20 signalStrength=-70 aodState=0 softAp=false charge=false simCount=1 defaultPhone=0 apssSleepC=12 apssSleepRatio=0 mpssSleepC=21387 mpssSleepRatio=71.28 vminSleepC=0 vminSleepRatio=0 vlowSleepC=0 vlowSleepRatio=0 modemPowermA[]=[288.03,201.03,375.03] sleepRatio=75.98 idleRatio=2.16 rxRatio=21.86 5gRxRatio=0 txSumRatio=0 txRatio[]=[0,0,0,0,0] 5gTxRatioSIM1=[0,0,0,0,0,0,0,0] 5gTxRatioSIM2=[0,0,0,0,50.00,50.00,0,0] 5gTxSumRatio[]=[1.94,0] techRatio[]=[0,0,0,0,0,0,0,0,0] rrcConn10sC[]=[0, 0] rrcConn20sC[]=[0, 0] rrcConnMore20sC[]=[0, 0] rrcConnC[]=[0, 3601] csChangedC[]=[0, 3601] psChangedC[]=[0, 0] nwSrchC[]=[0, 0] nwSrchRatio[]=[100.00,2.86] lteRrcConnRatio[]=[0,0] psRegRatio[]=[0,0] csRegRatio[]=[0,0] psNoRegRatio[]=[0,0] csNoRegRatio[]=[0,0] sigGrid0Ratio[]=[0.17,0] endcActRatio[]=[0.75,0] saActRatio[]=[86.26,0] gpsRatio=0.01 wlanRatio=0.02 qrtrWakeupC={} allWakeupC={} appInWakeupC={} appOutWakeupC={} appWakeupRatio={} appTrafficC={} regReqFbC=[0, 0] regReqTransAcqDbC=[0, 0] saRrcConn10sC[]=[0, 0] saRrcConn20sC[]=[0, 0] saRrcConnMore20sC[]=[0, 0] saRrcConnC[]=[0, 3601] lteHoC[]=[0, 0] saHoC[]=[0, 0] saRrcConnRatio[]=[0,0] lteBandRatiosim0[]=[0,0,0,0,0,0,0,0,0] lteBandRatiosim1[]=[0,0,0,0,0,0,0,0,0] nrBandRatiosim0[]=[0,0,0,0,0,0,0,0] nrBandRatiosim1[]=[0,0,0,0,0,0,0,0] sensorStationaryC=0 sensorStationaryT=0 modemStationaryC=0 modemStationaryT=0 cellUpdateC[]=[0, 0] iRatC[]=[0, 0]}]
07-17 14:47:52.965  2094  2414 D BatteryStatsImplExtImpl: , endc=0
07-17 14:47:53.090  2094  2392 D ProcessCpuTrackerExtImpl: mContext is already set, return now! 
07-17 14:47:53.902  2094  3555 E OplusCustomizeRestrictionManagerService: isBiometricDisabled start
07-17 14:47:53.905  2094  3555 E OplusCustomizeRestrictionManagerService: isBiometricDisabled start
07-17 14:47:53.912  2094  3555 E OplusCustomizeRestrictionManagerService: isBiometricDisabled start
07-17 14:47:53.913  2094  3555 D LockSettingsService: [getStrongAuthForUser]  userId = 0
07-17 14:47:53.913  2094  3555 D BiometricUtils: isEncrypted: false isLockdown: false
07-17 14:47:53.914  2094  3230 D BiometricScheduler/Fingerprint21: [Added] {[5432] com.android.server.biometrics.sensors.fingerprint.hidl.FingerprintUpdateActiveUserClient, proto=1, owner=android, cookie=0, requestId=-1, userId=0}, new queue size: 1
07-17 14:47:53.915  2094  3230 D BiometricScheduler/Fingerprint21: [Polled] {[5432] com.android.server.biometrics.sensors.fingerprint.hidl.FingerprintUpdateActiveUserClient, proto=1, owner=android, cookie=0, requestId=-1, userId=0}, State: 0
07-17 14:47:53.915  2094  3230 D BiometricScheduler/Fingerprint21: [Started] {[5432] com.android.server.biometrics.sensors.fingerprint.hidl.FingerprintUpdateActiveUserClient, proto=1, owner=android, cookie=0, requestId=-1, userId=0}
07-17 14:47:53.915  2094  3230 D FingerprintUpdateActiveUserClient: Already user: com.android.server.biometrics.sensors.fingerprint.hidl.Fingerprint21$$ExternalSyntheticLambda1@838883b, returning
07-17 14:47:53.915  2094  3230 D BiometricSchedulerOperation: [Finished / destroy]: {[5432] com.android.server.biometrics.sensors.fingerprint.hidl.FingerprintUpdateActiveUserClient, proto=1, owner=android, cookie=0, requestId=-1, userId=0}
07-17 14:47:53.915  2094  3230 V BiometricSchedulerOperation: started: {[5432] com.android.server.biometrics.sensors.fingerprint.hidl.FingerprintUpdateActiveUserClient, proto=1, owner=android, cookie=0, requestId=-1, userId=0}, State: 5
07-17 14:47:53.917  2094  3230 D BiometricScheduler/Fingerprint21: [Added] {[5433] com.android.server.biometrics.sensors.fingerprint.hidl.FingerprintAuthenticationClient, proto=3, owner=com.android.systemui, cookie=0, requestId=2209, userId=0}, new queue size: 1
07-17 14:47:53.917  2094  3230 V BiometricScheduler/Fingerprint21: Not idle, current operation: {[5432] com.android.server.biometrics.sensors.fingerprint.hidl.FingerprintUpdateActiveUserClient, proto=1, owner=android, cookie=0, requestId=-1, userId=0}, State: 5
07-17 14:47:53.917  2094  3230 D BiometricScheduler/Fingerprint21: [Finishing] {[5432] com.android.server.biometrics.sensors.fingerprint.hidl.FingerprintUpdateActiveUserClient, proto=1, owner=android, cookie=0, requestId=-1, userId=0}, success: true
07-17 14:47:53.917  2094  3230 D BiometricScheduler/Fingerprint21: [Polled] {[5433] com.android.server.biometrics.sensors.fingerprint.hidl.FingerprintAuthenticationClient, proto=3, owner=com.android.systemui, cookie=0, requestId=2209, userId=0}, State: 0
07-17 14:47:53.917  2094  3230 D GestureAvailabilityTracker: Notifying gesture availability, active=false
07-17 14:47:53.917  2094  3230 D BiometricScheduler/Fingerprint21: [Started] {[5433] com.android.server.biometrics.sensors.fingerprint.hidl.FingerprintAuthenticationClient, proto=3, owner=com.android.systemui, cookie=0, requestId=2209, userId=0}
07-17 14:47:53.918  2094  3230 D BiometricCoexCoordinator: addAuthenticationClient(Udfps), client: {[5433] com.android.server.biometrics.sensors.fingerprint.hidl.FingerprintAuthenticationClient, proto=3, owner=com.android.systemui, cookie=0, requestId=2209, userId=0}
07-17 14:47:53.918  2094  3230 D BiometricStateCallback: State updated from 0 to 2, client {[5433] com.android.server.biometrics.sensors.fingerprint.hidl.FingerprintAuthenticationClient, proto=3, owner=com.android.systemui, cookie=0, requestId=2209, userId=0}
07-17 14:47:53.918  2094  3230 D Biometrics/AuthenticationClient: Requesting auth for com.android.systemui
07-17 14:47:53.922  2094  3230 D OplusUserManagerServiceEnhance: getMultiSystemUserId  res = -10000
07-17 14:47:53.925  2094  3230 V BiometricSchedulerOperation: started: {[5433] com.android.server.biometrics.sensors.fingerprint.hidl.FingerprintAuthenticationClient, proto=3, owner=com.android.systemui, cookie=0, requestId=2209, userId=0}, State: 2
07-17 14:47:53.930  2094  6829 E OplusCustomizeRestrictionManagerService: getUnlockByFingerprintPolicies fail, return default value.
07-17 14:47:53.938  1433  1433 I Quality : SFJankCountInfo: 933;15;0-0-0-0-0-0-0-0-0-0;1-0-0-0-0-0-0-0-0-0;2-0-1-0-0-0-0-0-0-2;3-0-0-0-0-0-0-0-0-0;4-0-0-0-0-0-0-0-0-0;5-0-12-0-0-0-0-0-0-0;6-0-0-0-0-0-0-0-0-0;7-0-0-0-0-0-0-0-0-0;8-0-0-0-0-0-0-0-0-0;9-0-0-0-0-0-0-0-0-0;
07-17 14:47:53.938  2094  4267 D OplusFeatureAOD: key:2094 tmp:2
07-17 14:47:53.938  2094  2704 D VRR [OPlusRefreshRateService]: screenStateChange state: 3
07-17 14:47:53.938  2094  4267 D DisplayManagerServiceExtImpl: request size(1,1),dpc=com.android.server.display.DisplayPowerController@e4b7597 size(0,1),flags=0X200F,id(0,0,local:4630946385424322177), phase=1, enable=true, ready=false,prox=false policy=DOZE,dozeState=DOZE,screenBrightnessOverride=-1.000000,useAuto=false,lowPower=false,lowPowerFactor=1.000000
07-17 14:47:53.939  2094  2732 D VRR [OPlusRefreshRateService]: handleScreenStateChange state: 3
07-17 14:47:53.943  2094  2704 D BackLightStat: setScreenState: state changed:OFF->DOZE
07-17 14:47:53.943  2094  2704 D DisplayPowerState[0]: setColorFadeLevel: level=1.0
07-17 14:47:53.943  2094  2704 D DisplayPowerController[0]: Brightness [0.0] reason changing to: 'doze_default', previous reason: 'screen_off'. id=local:4630946385424322177
07-17 14:47:53.944  2094  2704 I DisplayPowerController[0]: BrightnessEvent: disp=0, brt=0.0, rcmdBrt=NaN, preBrt=NaN, lux=0.0, preLux=0.0, hbmMax=1.0, hbmMode=off, thrmMax=1.0, flags=, reason=doze_default
07-17 14:47:53.944  2094  2704 D VRR [OPlusRefreshRateService]: notifyBrightnessChange brightness: 0.0
07-17 14:47:53.944  2094  3272 D DisplayPowerState[0]: Updating screen state: id=0, state=DOZE, backlight=1.0, sdrBacklight=1273.0
07-17 14:47:53.945  2094  3272 D OplusSmartBrightnessController: requestDisplayState isFirstDisplay=true state=3 globalDisplayState=0x3
07-17 14:47:53.945  2094  3272 D LocalDisplayAdapter: setDisplayState(id=4630946385424322177 isFirstDisplay=true state changed:OFF->DOZE) t-Name=PhotonicModulator
07-17 14:47:53.948  2094  2339 I DisplayDeviceRepository: Display device changed state: "Built-in Screen", DOZE
07-17 14:47:53.951  2094  3555 V WindowManager: Relayout Window{3c5f967 u0 OnScreenFingerprintIcon}: viewVisibility=0, oldvis=8, req=1080x1080
07-17 14:47:53.952  2094  6829 E OplusCustomizeRestrictionManagerService: getUnlockByFingerprintPolicies fail, return default value.
07-17 14:47:53.954  2094  2339 D DisplayManagerServiceExtImpl: scheduleTraversalLocked intraversal=false
07-17 14:47:53.954  2094  3727 E OplusCustomizeRestrictionManagerService: getUnlockByFingerprintPolicies fail, return default value.
07-17 14:47:53.954  2094  2339 I DisplayManagerServiceExtImpl: handle logical display changed logicalDisplay=id=0,phase=1,stack=0,content=true,displayInfo{stack=0,type=1,id=0,uId=local:4630946385424322177,state=DOZE,pkg=null}
07-17 14:47:53.954  2094  2339 D DisplayManagerService: Delivering display event: displayId=0, event=2
07-17 14:47:53.955  2094  3059 D OplusDisplayStateMonitor: screenState: STATE_DOZE  last screenState: STATE_OFF
07-17 14:47:53.955  2094  3059 D OplusDisplayStateMonitor: DisplayDozeTime:971827265
07-17 14:47:53.955  2094  3059 D OplusDisplayStateMonitor: Last DisplayDozeSuspendTime:971749589
07-17 14:47:53.955  2094  3059 D OplusDisplayStateMonitor: Display doze suspend time delta: 77676 / 10036 ratio:0.12047296080667427
07-17 14:47:53.955  2094  2094 I WallpaperManagerServiceExt: removeDisplayData. displayId = 0
07-17 14:47:53.958  2094  3555 D DisplayManagerService: performTraversalInternal pendingTraversal
07-17 14:47:53.958  2094  3555 D DisplayDevice: setLayerStackLocked id=local:4630946385424322177 token=android.os.BinderProxy@84cfd78 stack=-1->0
07-17 14:47:53.961  2094  2339 D DisplayManagerService: MSG_REQUEST_TRAVERSAL pendingCompleted=false
07-17 14:47:53.965  2094  3230 V Biometrics/AcquisitionClient: Acquired: 6 6, shouldSend: true
07-17 14:47:53.970  2094  2337 D OplusVFXScreenEffectFeature: notifySFCompatWindowStateChange entered false
07-17 14:47:53.971  2094  2705 D OplusPowerManagerHelper: setDozeLightSensorEnabled:true
07-17 14:47:53.972  2094  2339 I VRR [OPlusRefreshRateManager]: hasADFRFeature return false
07-17 14:47:53.972  2094  2339 I DisplayManagerService: Comparing display specs: baseModeId=1 allowGroupSwitching=false primaryRefreshRateRange=[0 240] appRequestRefreshRateRange=[0 240] vrrPolicy=POLICY_DEFAULT, existing: baseModeId=1 allowGroupSwitching=false primaryRefreshRateRange=[0 240] appRequestRefreshRateRange=[0 240] vrrPolicy=POLICY_DEFAULT
07-17 14:47:53.975 11795 11795 W FingerprintManager: Invalid acquired message: 6, 6
07-17 14:47:53.983  2094  3727 D WindowManager: finishDrawingWindow: Window{3c5f967 u0 OnScreenFingerprintIcon} mDrawState=DRAW_PENDING
07-17 14:47:54.004  2094  2704 D OplusPowerManagerHelper: light event lux:1.0
07-17 14:47:54.507  2094  2704 D OplusPowerManagerHelper: handleMessage:113
07-17 14:47:54.507  2094  2704 D OplusPowerManagerHelper: processLightSensorEvent: lux1.0
07-17 14:47:54.507  2094  2704 D OplusDisplayPanelFeature: setDisplayPanelFeatureValue +++, ID:7, value:0
07-17 14:47:54.581  2094  2704 D VRR [OPlusRefreshRateService]: notifyBrightnessChange brightness: 0.0
07-17 14:47:54.975  2094  2158 D OplusFeatureAOD: key:2094 tmp:1
07-17 14:47:54.976  2094  2704 D VRR [OPlusRefreshRateService]: screenStateChange state: 4
07-17 14:47:54.977  2094  2158 D DisplayManagerServiceExtImpl: request size(1,1),dpc=com.android.server.display.DisplayPowerController@e4b7597 size(0,1),flags=0X200F,id(0,0,local:4630946385424322177), phase=1, enable=true, ready=false,prox=false policy=DOZE,dozeState=DOZE_SUSPEND,screenBrightnessOverride=-1.000000,useAuto=false,lowPower=false,lowPowerFactor=1.000000
07-17 14:47:54.977  2094  2732 D VRR [OPlusRefreshRateService]: handleScreenStateChange state: 4
07-17 14:47:54.981  2094  2704 D BackLightStat: setScreenState: state changed:DOZE->DOZE_SUSPEND
07-17 14:47:54.982  2094  2704 D VRR [OPlusRefreshRateService]: notifyBrightnessChange brightness: 0.0
07-17 14:47:54.984  2094  3272 D DisplayPowerState[0]: Updating screen state: id=0, state=DOZE_SUSPEND, backlight=1.0, sdrBacklight=1273.0
07-17 14:47:54.985  2094  3272 D OplusSmartBrightnessController: requestDisplayState isFirstDisplay=true state=4 globalDisplayState=0x7
07-17 14:47:54.985  2094  3272 D LocalDisplayAdapter: setDisplayState(id=4630946385424322177 isFirstDisplay=true state changed:DOZE->DOZE_SUSPEND) t-Name=PhotonicModulator
07-17 14:47:54.987  2094  2339 I DisplayDeviceRepository: Display device changed state: "Built-in Screen", DOZE_SUSPEND
07-17 14:47:54.994  2094  2339 D DisplayManagerServiceExtImpl: scheduleTraversalLocked intraversal=false
07-17 14:47:54.994  2094  2339 I DisplayManagerServiceExtImpl: handle logical display changed logicalDisplay=id=0,phase=1,stack=0,content=true,displayInfo{stack=0,type=1,id=0,uId=local:4630946385424322177,state=DOZE_SUSPEND,pkg=null}
07-17 14:47:54.995  2094  2339 D DisplayManagerService: Delivering display event: displayId=0, event=2
07-17 14:47:54.997  2094  2094 I WallpaperManagerServiceExt: removeDisplayData. displayId = 0
07-17 14:47:55.002  2094  2337 D OplusVFXScreenEffectFeature: notifySFCompatWindowStateChange entered false
07-17 14:47:55.009  2094  3059 D OplusDisplayStateMonitor: screenState: STATE_DOZE_SUSPEND  last screenState: STATE_DOZE
07-17 14:47:55.009  2094  3059 D OplusDisplayStateMonitor: DisplayDozeTime:971827265
07-17 14:47:55.009  2094  3059 D OplusDisplayStateMonitor: DisplayDozeSuspendTime:971828319
07-17 14:47:55.009  2094  3059 D OplusDisplayStateMonitor: Display doze suspend time delta: 1054 / 11090 ratio:0.13146196612098293
07-17 14:47:55.020  2094  2339 D DisplayManagerService: MSG_REQUEST_TRAVERSAL pendingCompleted=false
07-17 14:47:55.021  2094  2340 D DisplayManagerService: performTraversalInternal pendingTraversal
07-17 14:47:55.021  2094  2340 D DisplayDevice: setLayerStackLocked id=local:4630946385424322177 token=android.os.BinderProxy@84cfd78 stack=0->0
07-17 14:47:55.262  2094  2704 D VRR [OPlusRefreshRateService]: notifyBrightnessChange brightness: 0.0
07-17 14:47:58.965  2094  3230 V Biometrics/AcquisitionClient: Acquired: 6 6, shouldSend: true
07-17 14:47:58.967 11795 11795 W FingerprintManager: Invalid acquired message: 6, 6
07-17 14:47:59.014 11795 11863 D FingerprintManager: Cancel fingerprint authentication requested for: 2209
07-17 14:47:59.016  2094  3555 E OplusCustomizeRestrictionManagerService: isBiometricDisabled start
07-17 14:47:59.016  2094  3555 D Fingerprint21: cancelAuthentication, sensorId: 0
07-17 14:47:59.017  2094  3230 D BiometricScheduler/Fingerprint21: cancelAuthenticationOrDetection, requestId: 2209
07-17 14:47:59.018  2094  3230 D BiometricScheduler/Fingerprint21: Cancelling auth/detect op: {[5433] com.android.server.biometrics.sensors.fingerprint.hidl.FingerprintAuthenticationClient, proto=3, owner=com.android.systemui, cookie=0, requestId=2209, userId=0}, State: 2
07-17 14:47:59.018  2094  3230 D BiometricSchedulerOperation: [Cancelling] Current client: {[5433] com.android.server.biometrics.sensors.fingerprint.hidl.FingerprintAuthenticationClient, proto=3, owner=com.android.systemui, cookie=0, requestId=2209, userId=0}
07-17 14:47:59.023  2094  3555 D OplusFeatureAOD: key:2094 tmp:2
07-17 14:47:59.024  2094  2704 D VRR [OPlusRefreshRateService]: screenStateChange state: 3
07-17 14:47:59.025  2094  3555 D DisplayManagerServiceExtImpl: request size(1,1),dpc=com.android.server.display.DisplayPowerController@e4b7597 size(0,1),flags=0X200F,id(0,0,local:4630946385424322177), phase=1, enable=true, ready=false,prox=false policy=DOZE,dozeState=DOZE,screenBrightnessOverride=-1.000000,useAuto=false,lowPower=false,lowPowerFactor=1.000000
07-17 14:47:59.025  2094  2732 D VRR [OPlusRefreshRateService]: handleScreenStateChange state: 3
07-17 14:47:59.029  2094  2704 D BackLightStat: setScreenState: state changed:DOZE_SUSPEND->DOZE
07-17 14:47:59.031  2094  2704 D VRR [OPlusRefreshRateService]: notifyBrightnessChange brightness: 0.0
07-17 14:47:59.031  2094  3272 D DisplayPowerState[0]: Updating screen state: id=0, state=DOZE, backlight=1.0, sdrBacklight=1273.0
07-17 14:47:59.032  2094  3272 D OplusSmartBrightnessController: requestDisplayState isFirstDisplay=true state=3 globalDisplayState=0x7
07-17 14:47:59.032  2094  3272 D LocalDisplayAdapter: setDisplayState(id=4630946385424322177 isFirstDisplay=true state changed:DOZE_SUSPEND->DOZE) t-Name=PhotonicModulator
07-17 14:47:59.033  2094  2339 I DisplayDeviceRepository: Display device changed state: "Built-in Screen", DOZE
07-17 14:47:59.038  2094  2339 D DisplayManagerServiceExtImpl: scheduleTraversalLocked intraversal=false
07-17 14:47:59.038  2094  2339 I DisplayManagerServiceExtImpl: handle logical display changed logicalDisplay=id=0,phase=1,stack=0,content=true,displayInfo{stack=0,type=1,id=0,uId=local:4630946385424322177,state=DOZE,pkg=null}
07-17 14:47:59.038  2094  2339 D DisplayManagerService: Delivering display event: displayId=0, event=2
07-17 14:47:59.041  2094  3059 D OplusDisplayStateMonitor: screenState: STATE_DOZE  last screenState: STATE_DOZE_SUSPEND
07-17 14:47:59.041  2094  3059 D OplusDisplayStateMonitor: DisplayDozeTime:971832351
07-17 14:47:59.041  2094  3059 D OplusDisplayStateMonitor: Last DisplayDozeSuspendTime:971828319
07-17 14:47:59.041  2094  3059 D OplusDisplayStateMonitor: Display doze suspend time delta: 4032 / 15122 ratio:0.17108076614134923
07-17 14:47:59.043  2094  2094 I WallpaperManagerServiceExt: removeDisplayData. displayId = 0
07-17 14:47:59.046  2094  2337 D OplusVFXScreenEffectFeature: notifySFCompatWindowStateChange entered false
07-17 14:47:59.048  2094  2340 D DisplayManagerService: performTraversalInternal pendingTraversal
07-17 14:47:59.048  2094  2340 D DisplayDevice: setLayerStackLocked id=local:4630946385424322177 token=android.os.BinderProxy@84cfd78 stack=0->0
07-17 14:47:59.051  2094  2948 V WindowManager: Relayout Window{3c5f967 u0 OnScreenFingerprintIcon}: viewVisibility=8, oldvis=0, req=1080x1080
07-17 14:47:59.055  2094  2704 D VRR [OPlusRefreshRateService]: notifyBrightnessChange brightness: 0.0
07-17 14:47:59.056  2094  2948 D DisplayManagerService: performTraversalInternal pendingTraversal
07-17 14:47:59.056  2094  2948 D DisplayDevice: setLayerStackLocked id=local:4630946385424322177 token=android.os.BinderProxy@84cfd78 stack=0->0
07-17 14:47:59.061  2094  2339 D DisplayManagerService: MSG_REQUEST_TRAVERSAL pendingCompleted=false
07-17 14:47:59.064  2094  6849 E OplusCustomizeRestrictionManagerService: getUnlockByFingerprintPolicies fail, return default value.
07-17 14:47:59.090  2094  3230 D Fingerprint21: handleError, client: FingerprintAuthenticationClient, error: 5, vendorCode: 0
07-17 14:47:59.090  2094  3230 D Biometrics/AcquisitionClient: onErrorInternal code: 5, finish: true
07-17 14:47:59.090  2094  3230 V BiometricLogger: Error latency: -1
07-17 14:47:59.090  2094  3230 W BiometricFrameworkStatsLogger: found a negative latency : -1
07-17 14:47:59.091  2094  3230 D BiometricStateCallback: Client finished, state updated to 0, client {[5433] com.android.server.biometrics.sensors.fingerprint.hidl.FingerprintAuthenticationClient, proto=3, owner=com.android.systemui, cookie=0, requestId=2209, userId=0}
07-17 14:47:59.091  2094  3230 D BiometricSchedulerOperation: [Finished / destroy]: {[5433] com.android.server.biometrics.sensors.fingerprint.hidl.FingerprintAuthenticationClient, proto=3, owner=com.android.systemui, cookie=0, requestId=2209, userId=0}
07-17 14:47:59.091  2094  3230 V BiometricCoexCoordinator: no haptic shouldUsuallyVibrate: false, hapticSuppressedByCoex: false
07-17 14:47:59.092  2094  3230 D BiometricScheduler/Fingerprint21: [Finishing] {[5433] com.android.server.biometrics.sensors.fingerprint.hidl.FingerprintAuthenticationClient, proto=3, owner=com.android.systemui, cookie=0, requestId=2209, userId=0}, success: false
07-17 14:47:59.092  2094  3230 D BiometricCoexCoordinator: removeAuthenticationClient(Udfps), client: {[5433] com.android.server.biometrics.sensors.fingerprint.hidl.FingerprintAuthenticationClient, proto=3, owner=com.android.systemui, cookie=0, requestId=2209, userId=0}
07-17 14:47:59.092  2094  3230 D GestureAvailabilityTracker: Notifying gesture availability, active=true
07-17 14:47:59.092  2094  3230 D BiometricScheduler/Fingerprint21: No operations, returning to idle
07-17 14:47:59.093  2094  6849 E OplusCustomizeRestrictionManagerService: getUnlockByFingerprintPolicies fail, return default value.
07-17 14:48:00.061  2094  6849 D OplusFeatureAOD: key:2094 tmp:0
07-17 14:48:00.064  2094  2704 D DisplayPowerState[0]: setColorFadeLevel: level=0.0
07-17 14:48:00.064  2094  6849 D DisplayManagerServiceExtImpl: request size(1,1),dpc=com.android.server.display.DisplayPowerController@e4b7597 size(0,1),flags=0X200F,id(0,0,local:4630946385424322177), phase=1, enable=true, ready=false,prox=false policy=DOZE,dozeState=OFF,screenBrightnessOverride=-1.000000,useAuto=false,lowPower=false,lowPowerFactor=1.000000
07-17 14:48:00.064  2094  2704 D OplusDisplayPowerControllerExtImpl: RECORD: Animation finished when screen is off
07-17 14:48:00.064  2094  2704 D OplusDisplayPowerControllerExtImpl: [onGoToSleepFinish]
07-17 14:48:00.067  2094  2704 D VRR [OPlusRefreshRateService]: notifyBrightnessChange brightness: 0.0
07-17 14:48:00.067  2094  2704 D DisplayPowerState[0]: updateRunnable run fadeLevle=0.0 state=DOZE brightness changed:195.0->1.0
07-17 14:48:00.068  2094  2704 D VRR [OPlusRefreshRateService]: screenStateChange state: 1
07-17 14:48:00.069  2094  2732 D VRR [OPlusRefreshRateService]: handleScreenStateChange state: 1
07-17 14:48:00.073  2094  2704 D BackLightStat: setScreenState: state changed:DOZE->OFF
07-17 14:48:00.073  2094  2704 D DisplayPowerController[0]: Brightness [-1.0] reason changing to: 'screen_off', previous reason: 'doze_default'. id=local:4630946385424322177
07-17 14:48:00.074  2094  2704 I DisplayPowerController[0]: BrightnessEvent: disp=0, brt=-1.0, rcmdBrt=NaN, preBrt=NaN, lux=0.0, preLux=0.0, hbmMax=1.0, hbmMode=off, thrmMax=1.0, flags=, reason=screen_off
07-17 14:48:00.074  2094  2704 D VRR [OPlusRefreshRateService]: notifyBrightnessChange brightness: -1.0
07-17 14:48:00.074  2094  2704 D VRR [OPlusRefreshRateService]: brightness is negative, set to zero directly: -1.0
07-17 14:48:00.074  2094  2704 D DisplayPowerState[0]: updateRunnable run fadeLevle=0.0 state=OFF brightness changed:195.0->-1.0
07-17 14:48:00.079  2094  3272 D DisplayPowerState[0]: Updating screen state: id=0, state=OFF, backlight=-1.0, sdrBacklight=-1.0
07-17 14:48:00.084  2094  2339 I DisplayDeviceRepository: Display device changed state: "Built-in Screen", OFF
07-17 14:48:00.088  2094  2339 D DisplayManagerServiceExtImpl: scheduleTraversalLocked intraversal=false
07-17 14:48:00.088  2094  2339 I DisplayManagerServiceExtImpl: handle logical display changed logicalDisplay=id=0,phase=1,stack=0,content=true,displayInfo{stack=0,type=1,id=0,uId=local:4630946385424322177,state=OFF,pkg=null}
07-17 14:48:00.088  2094  2339 D DisplayManagerService: Delivering display event: displayId=0, event=2
07-17 14:48:00.089  2094  2094 I WallpaperManagerServiceExt: removeDisplayData. displayId = 0
07-17 14:48:00.091  2094  2339 D DisplayManagerService: MSG_REQUEST_TRAVERSAL pendingCompleted=false
07-17 14:48:00.093  2094  2337 D OplusVFXScreenEffectFeature: notifySFCompatWindowStateChange entered false
07-17 14:48:00.096  2094  2339 I VRR [OPlusRefreshRateManager]: hasADFRFeature return false
07-17 14:48:00.097  2094  2339 I DisplayManagerService: Comparing display specs: baseModeId=1 allowGroupSwitching=false primaryRefreshRateRange=[0 240] appRequestRefreshRateRange=[0 240] vrrPolicy=POLICY_DEFAULT, existing: baseModeId=1 allowGroupSwitching=false primaryRefreshRateRange=[0 240] appRequestRefreshRateRange=[0 240] vrrPolicy=POLICY_DEFAULT
07-17 14:48:00.108  2094  3059 D OplusDisplayStateMonitor: screenState: STATE_OFF  last screenState: STATE_DOZE
07-17 14:48:00.108  2094  3059 D OplusDisplayStateMonitor: screen state off for power save
07-17 14:48:00.110  2094  2340 D DisplayManagerService: performTraversalInternal pendingTraversal
07-17 14:48:00.110  2094  2340 D DisplayDevice: setLayerStackLocked id=local:4630946385424322177 token=android.os.BinderProxy@84cfd78 stack=0->-1
07-17 14:48:00.188  2094  3272 D OplusSmartBrightnessController: requestDisplayState isFirstDisplay=true state=1 globalDisplayState=0x0
07-17 14:48:00.189  2094  3272 D LocalDisplayAdapter: setDisplayState(id=4630946385424322177 isFirstDisplay=true state changed:DOZE->OFF) t-Name=PhotonicModulator
07-17 14:48:00.491  2094  2158 W BatteryExternalStatsWorker: error reading Bluetooth stats: 11
07-17 14:48:00.558  2094  3272 D OplusPowerManagerHelper: setDozeLightSensorEnabled:false
07-17 14:48:00.558  2094  3272 D OplusDisplayPanelFeature: getDisplayPanelFeatureValue +++, featureID:20
07-17 14:48:00.559  2094  3272 D OplusDisplayPanelFeature: getDisplayPanelFeatureValue, ret = 0
07-17 14:48:00.559  2094  3272 I OplusDisplayPanelFeature: [0]
07-17 14:48:00.560  2094  3272 D OplusDisplayPanelFeature: getDisplayPanelFeatureValue ---, result = [0]
07-17 14:48:00.560  2094  3272 D OplusSilentRebootManager: silence flags file value is :0
07-17 14:48:00.562  2094  2704 D DisplayPowerState[0]: updateRunnable run fadeLevle=0.0 state=OFF brightness changed:195.0->-1.0
07-17 14:48:00.563  2094  2704 D VRR [OPlusRefreshRateService]: notifyBrightnessChange brightness: -1.0
07-17 14:48:00.563  2094  2704 D VRR [OPlusRefreshRateService]: brightness is negative, set to zero directly: -1.0
07-17 14:48:10.681  2094  6826 D UsageStatsService: User[0] type=0 b=1784279755288 e=1784279890679 cb=1784207713976 ce=1784279820474 disk=0 all=3
07-17 14:48:10.759  2094  3144 V OplusNPMS: getWarningNotification numWarningNotificaion10
07-17 14:48:10.759  2094  3144 V OplusNPMS: getWarningNotification numWarningNotificaion10
07-17 14:48:10.759  2094  3144 V OplusNPMS: getLimitNotificationState subID=5
07-17 14:48:10.759  2094  3144 V OplusNPMS: getLimitNotificationState mSubidToIccId != null
07-17 14:48:30.758  2094  3144 V OplusNPMS: getWarningNotification numWarningNotificaion10
07-17 14:48:30.758  2094  3144 V OplusNPMS: getWarningNotification numWarningNotificaion10
07-17 14:48:30.758  2094  3144 V OplusNPMS: getLimitNotificationState subID=5
07-17 14:48:30.758  2094  3144 V OplusNPMS: getLimitNotificationState mSubidToIccId != null
07-17 14:48:40.502  2094  6860 E OplusCustomizeRestrictionManagerService: isBiometricDisabled start
07-17 14:48:40.504  2094  3729 E OplusCustomizeRestrictionManagerService: isBiometricDisabled start
07-17 14:48:40.514 25898 26094 W ContextImpl: Calling a method in the system process without a qualified user: android.app.ContextImpl.bindService:1982 android.content.ContextWrapper.bindService:863 com.heytap.mcs.biz.statistics.agent.OBUSAgent.bindStatisticsApiService:8 com.heytap.mcs.biz.statistics.agent.OBUSAgent.upload:7 com.heytap.mcs.biz.statistics.agent.AgentManager.upload:3 
07-17 14:48:40.519  2094  3729 D CompatibilityChangeReporter: Compat change id reported: 135634846; UID 1000; state: DISABLED
07-17 14:48:40.520  2094  3729 D CompatibilityChangeReporter: Compat change id reported: 177438394; UID 1000; state: DISABLED
07-17 14:48:40.520  2094  3729 D CompatibilityChangeReporter: Compat change id reported: 135772972; UID 1000; state: DISABLED
07-17 14:48:40.520  2094  3729 D CompatibilityChangeReporter: Compat change id reported: 135754954; UID 1000; state: ENABLED
07-17 14:48:40.548  2094  2404 I ActivityManager: Start proc 31149:com.heytap.mcs.statistics/1000 for service {com.heytap.mcs/com.heytap.mcs.biz.statistics.service.StatisticsApiService}
07-17 14:48:40.553 25300 31148 W ContextImpl: Calling a method in the system process without a qualified user: android.app.ContextImpl.startService:1889 android.content.ContextWrapper.startService:827 com.heytap.mcs.biz.message.h.b:16 com.heytap.mcs.biz.message.h.a:6 com.heytap.mcs.base.task.a.b:6 
07-17 14:48:40.591  2094  3729 I ActivityManager: Process com.heytap.mcs.biz.message (pid 25300) has died: fg  SVC 
07-17 14:48:40.960  2094  6860 W ActivityManager: Receiver with filter android.content.IntentFilter@834f52f already registered for pid 31149, callerPackage is com.heytap.mcs
07-17 14:48:41.009  2094  6860 W ActivityManager: Receiver with filter android.content.IntentFilter@29ae73c already registered for pid 31149, callerPackage is com.heytap.mcs
07-17 14:48:44.133  2094  2949 I ActivityManager: Process com.oplus.romupdate (pid 20570) has died: cch+45 CEM 
07-17 14:48:44.143  2094  3545 I WallpaperManagerServiceExt: getFoldWallpaperInfo user=0 which=32 phyDisplay=1
07-17 14:48:44.143  2094  3545 I WallpaperManagerServiceExt: getFoldWallpaperInfo user=0 which=16 phyDisplay=1
07-17 14:48:45.976 31149 31149 W ContextImpl: Calling a method in the system process without a qualified user: android.app.ContextImpl.startService:1889 android.content.ContextWrapper.startService:827 com.heytap.mcs.biz.statistics.StaticProcessTrackStatusManager.exitCurrentProcess:11 com.heytap.mcs.biz.statistics.StaticProcessTrackStatusManager$1.handleMessage:3 android.os.Handler.dispatchMessage:102 
07-17 14:48:46.053  2094  6824 I ActivityManager: Process com.heytap.mcs.statistics (pid 31149) has died: fg  SVC 
07-17 14:48:51.593   699 31214 I keystore2: keystore2::watchdog: Watchdog thread idle -> terminating. Have a great day.
07-17 14:48:57.565  2094  6851 E OplusCustomizeRestrictionManagerService: isBiometricDisabled start
07-17 14:48:57.568  2094  6851 E OplusCustomizeRestrictionManagerService: isBiometricDisabled start
07-17 14:48:57.576  2094  6851 E OplusCustomizeRestrictionManagerService: isBiometricDisabled start
07-17 14:48:57.576  2094  6851 D LockSettingsService: [getStrongAuthForUser]  userId = 0
07-17 14:48:57.577  2094  6851 D BiometricUtils: isEncrypted: false isLockdown: false
07-17 14:48:57.579  2094  3230 D BiometricScheduler/Fingerprint21: [Added] {[5434] com.android.server.biometrics.sensors.fingerprint.hidl.FingerprintUpdateActiveUserClient, proto=1, owner=android, cookie=0, requestId=-1, userId=0}, new queue size: 1
07-17 14:48:57.579  2094  3230 D BiometricScheduler/Fingerprint21: [Polled] {[5434] com.android.server.biometrics.sensors.fingerprint.hidl.FingerprintUpdateActiveUserClient, proto=1, owner=android, cookie=0, requestId=-1, userId=0}, State: 0
07-17 14:48:57.579  2094  3230 D BiometricScheduler/Fingerprint21: [Started] {[5434] com.android.server.biometrics.sensors.fingerprint.hidl.FingerprintUpdateActiveUserClient, proto=1, owner=android, cookie=0, requestId=-1, userId=0}
07-17 14:48:57.579  2094  3230 D FingerprintUpdateActiveUserClient: Already user: com.android.server.biometrics.sensors.fingerprint.hidl.Fingerprint21$$ExternalSyntheticLambda1@8b106e7, returning
07-17 14:48:57.579  2094  3230 D BiometricSchedulerOperation: [Finished / destroy]: {[5434] com.android.server.biometrics.sensors.fingerprint.hidl.FingerprintUpdateActiveUserClient, proto=1, owner=android, cookie=0, requestId=-1, userId=0}
07-17 14:48:57.579  2094  3230 V BiometricSchedulerOperation: started: {[5434] com.android.server.biometrics.sensors.fingerprint.hidl.FingerprintUpdateActiveUserClient, proto=1, owner=android, cookie=0, requestId=-1, userId=0}, State: 5
07-17 14:48:57.581  2094  3230 D BiometricScheduler/Fingerprint21: [Added] {[5435] com.android.server.biometrics.sensors.fingerprint.hidl.FingerprintAuthenticationClient, proto=3, owner=com.android.systemui, cookie=0, requestId=2210, userId=0}, new queue size: 1
07-17 14:48:57.582  2094  3230 V BiometricScheduler/Fingerprint21: Not idle, current operation: {[5434] com.android.server.biometrics.sensors.fingerprint.hidl.FingerprintUpdateActiveUserClient, proto=1, owner=android, cookie=0, requestId=-1, userId=0}, State: 5
07-17 14:48:57.582  2094  3230 D BiometricScheduler/Fingerprint21: [Finishing] {[5434] com.android.server.biometrics.sensors.fingerprint.hidl.FingerprintUpdateActiveUserClient, proto=1, owner=android, cookie=0, requestId=-1, userId=0}, success: true
07-17 14:48:57.582  2094  3230 D BiometricScheduler/Fingerprint21: [Polled] {[5435] com.android.server.biometrics.sensors.fingerprint.hidl.FingerprintAuthenticationClient, proto=3, owner=com.android.systemui, cookie=0, requestId=2210, userId=0}, State: 0
07-17 14:48:57.582  2094  3230 D GestureAvailabilityTracker: Notifying gesture availability, active=false
07-17 14:48:57.583  2094  3230 D BiometricScheduler/Fingerprint21: [Started] {[5435] com.android.server.biometrics.sensors.fingerprint.hidl.FingerprintAuthenticationClient, proto=3, owner=com.android.systemui, cookie=0, requestId=2210, userId=0}
07-17 14:48:57.583  2094  3230 D BiometricCoexCoordinator: addAuthenticationClient(Udfps), client: {[5435] com.android.server.biometrics.sensors.fingerprint.hidl.FingerprintAuthenticationClient, proto=3, owner=com.android.systemui, cookie=0, requestId=2210, userId=0}
07-17 14:48:57.583  2094  3230 D BiometricStateCallback: State updated from 0 to 2, client {[5435] com.android.server.biometrics.sensors.fingerprint.hidl.FingerprintAuthenticationClient, proto=3, owner=com.android.systemui, cookie=0, requestId=2210, userId=0}
07-17 14:48:57.584  2094  3230 D Biometrics/AuthenticationClient: Requesting auth for com.android.systemui
07-17 14:48:57.589  2094  3230 D OplusUserManagerServiceEnhance: getMultiSystemUserId  res = -10000
07-17 14:48:57.591  2094  3230 V BiometricSchedulerOperation: started: {[5435] com.android.server.biometrics.sensors.fingerprint.hidl.FingerprintAuthenticationClient, proto=3, owner=com.android.systemui, cookie=0, requestId=2210, userId=0}, State: 2
07-17 14:48:57.598  2094  6824 E OplusCustomizeRestrictionManagerService: getUnlockByFingerprintPolicies fail, return default value.
07-17 14:48:57.599  1433  1433 I Quality : SFJankCountInfo: 6;6;0-0-0-0-0-0-0-0-0-0;1-0-0-0-0-0-0-0-0-0;2-0-0-0-0-0-0-0-0-0;3-0-0-0-0-0-0-0-0-0;4-0-0-0-0-0-0-0-0-0;5-0-6-0-0-0-0-0-0-0;6-0-0-0-0-0-0-0-0-0;7-0-0-0-0-0-0-0-0-0;8-0-0-0-0-0-0-0-0-0;9-0-0-0-0-0-0-0-0-0;
07-17 14:48:57.611  2094  6849 D OplusFeatureAOD: key:2094 tmp:2
07-17 14:48:57.611  2094  2704 D VRR [OPlusRefreshRateService]: screenStateChange state: 3
07-17 14:48:57.611  2094  6849 D DisplayManagerServiceExtImpl: request size(1,1),dpc=com.android.server.display.DisplayPowerController@e4b7597 size(0,1),flags=0X200F,id(0,0,local:4630946385424322177), phase=1, enable=true, ready=false,prox=false policy=DOZE,dozeState=DOZE,screenBrightnessOverride=-1.000000,useAuto=false,lowPower=false,lowPowerFactor=1.000000
07-17 14:48:57.612  2094  2732 D VRR [OPlusRefreshRateService]: handleScreenStateChange state: 3
07-17 14:48:57.616  2094  2704 D BackLightStat: setScreenState: state changed:OFF->DOZE
07-17 14:48:57.616  2094  2704 D DisplayPowerState[0]: setColorFadeLevel: level=1.0
07-17 14:48:57.617  2094  2949 E OplusCustomizeRestrictionManagerService: getUnlockByFingerprintPolicies fail, return default value.
07-17 14:48:57.617  2094  2704 D DisplayPowerController[0]: Brightness [0.0] reason changing to: 'doze_default', previous reason: 'screen_off'. id=local:4630946385424322177
07-17 14:48:57.617  2094  2704 I DisplayPowerController[0]: BrightnessEvent: disp=0, brt=0.0, rcmdBrt=NaN, preBrt=NaN, lux=0.0, preLux=0.0, hbmMax=1.0, hbmMode=off, thrmMax=1.0, flags=, reason=doze_default
07-17 14:48:57.617  2094  2704 D VRR [OPlusRefreshRateService]: notifyBrightnessChange brightness: 0.0
07-17 14:48:57.617  2094  3272 D DisplayPowerState[0]: Updating screen state: id=0, state=DOZE, backlight=1.0, sdrBacklight=1273.0
07-17 14:48:57.618  2094  3272 D OplusSmartBrightnessController: requestDisplayState isFirstDisplay=true state=3 globalDisplayState=0x3
07-17 14:48:57.618  2094  3272 D LocalDisplayAdapter: setDisplayState(id=4630946385424322177 isFirstDisplay=true state changed:OFF->DOZE) t-Name=PhotonicModulator
07-17 14:48:57.619  2094  2339 I DisplayDeviceRepository: Display device changed state: "Built-in Screen", DOZE
07-17 14:48:57.619  2094  6849 E OplusCustomizeRestrictionManagerService: getUnlockByFingerprintPolicies fail, return default value.
07-17 14:48:57.622  2094  2949 V WindowManager: Relayout Window{3c5f967 u0 OnScreenFingerprintIcon}: viewVisibility=0, oldvis=8, req=1080x1080
07-17 14:48:57.627  2094  2339 D DisplayManagerServiceExtImpl: scheduleTraversalLocked intraversal=false
07-17 14:48:57.627  2094  2339 I DisplayManagerServiceExtImpl: handle logical display changed logicalDisplay=id=0,phase=1,stack=0,content=true,displayInfo{stack=0,type=1,id=0,uId=local:4630946385424322177,state=DOZE,pkg=null}
07-17 14:48:57.627  2094  2705 D OplusPowerManagerHelper: setDozeLightSensorEnabled:true
07-17 14:48:57.627  2094  2339 D DisplayManagerService: Delivering display event: displayId=0, event=2
07-17 14:48:57.628  2094  3059 D OplusDisplayStateMonitor: screenState: STATE_DOZE  last screenState: STATE_OFF
07-17 14:48:57.628  2094  3059 D OplusDisplayStateMonitor: DisplayDozeTime:971890938
07-17 14:48:57.628  2094  2094 I WallpaperManagerServiceExt: removeDisplayData. displayId = 0
07-17 14:48:57.628  2094  2949 D DisplayManagerService: performTraversalInternal pendingTraversal
07-17 14:48:57.629  2094  2949 D DisplayDevice: setLayerStackLocked id=local:4630946385424322177 token=android.os.BinderProxy@84cfd78 stack=-1->0
07-17 14:48:57.630  2094  3059 D OplusDisplayStateMonitor: Last DisplayDozeSuspendTime:971828319
07-17 14:48:57.630  2094  3059 D OplusDisplayStateMonitor: Display doze suspend time delta: 62619 / 16189 ratio:0.11014423731119881
07-17 14:48:57.635  2094  2339 D DisplayManagerService: MSG_REQUEST_TRAVERSAL pendingCompleted=false
07-17 14:48:57.638  2094  3230 V Biometrics/AcquisitionClient: Acquired: 6 6, shouldSend: true
07-17 14:48:57.638  2094  2337 D OplusVFXScreenEffectFeature: notifySFCompatWindowStateChange entered false
07-17 14:48:57.642  2094  2339 I VRR [OPlusRefreshRateManager]: hasADFRFeature return false
07-17 14:48:57.642 11795 11795 W FingerprintManager: Invalid acquired message: 6, 6
07-17 14:48:57.642  2094  2339 I DisplayManagerService: Comparing display specs: baseModeId=1 allowGroupSwitching=false primaryRefreshRateRange=[0 240] appRequestRefreshRateRange=[0 240] vrrPolicy=POLICY_DEFAULT, existing: baseModeId=1 allowGroupSwitching=false primaryRefreshRateRange=[0 240] appRequestRefreshRateRange=[0 240] vrrPolicy=POLICY_DEFAULT
07-17 14:48:57.652  2094  3727 D WindowManager: finishDrawingWindow: Window{3c5f967 u0 OnScreenFingerprintIcon} mDrawState=DRAW_PENDING
07-17 14:48:57.658  2094  2704 D OplusPowerManagerHelper: light event lux:1.0
07-17 14:48:58.159  2094  2704 D OplusPowerManagerHelper: handleMessage:113
07-17 14:48:58.160  2094  2704 D OplusPowerManagerHelper: processLightSensorEvent: lux1.0
07-17 14:48:58.160  2094  2704 D OplusDisplayPanelFeature: setDisplayPanelFeatureValue +++, ID:7, value:0
07-17 14:48:58.242  2094  2704 D VRR [OPlusRefreshRateService]: notifyBrightnessChange brightness: 0.0
07-17 14:48:58.614  2094  2158 D OplusProxyWakeLock: acquireProxyWakeLock failed, prevent uid: 10098 tag:GOOGL  WorkSource{10343 sun.way2sms.hyd.com} result: TAG_ILLEGAL
07-17 14:48:58.644  2094  2158 D OplusFeatureAOD: key:2094 tmp:1
07-17 14:48:58.645  2094  2704 D VRR [OPlusRefreshRateService]: screenStateChange state: 4
07-17 14:48:58.645  2094  2158 D DisplayManagerServiceExtImpl: request size(1,1),dpc=com.android.server.display.DisplayPowerController@e4b7597 size(0,1),flags=0X200F,id(0,0,local:4630946385424322177), phase=1, enable=true, ready=false,prox=false policy=DOZE,dozeState=DOZE_SUSPEND,screenBrightnessOverride=-1.000000,useAuto=false,lowPower=false,lowPowerFactor=1.000000
07-17 14:48:58.645  2094  2732 D VRR [OPlusRefreshRateService]: handleScreenStateChange state: 4
07-17 14:48:58.649  2094  2704 D BackLightStat: setScreenState: state changed:DOZE->DOZE_SUSPEND
07-17 14:48:58.649  2094  2704 D VRR [OPlusRefreshRateService]: notifyBrightnessChange brightness: 0.0
07-17 14:48:58.649  2094  3272 D DisplayPowerState[0]: Updating screen state: id=0, state=DOZE_SUSPEND, backlight=1.0, sdrBacklight=1273.0
07-17 14:48:58.650  2094  3272 D OplusSmartBrightnessController: requestDisplayState isFirstDisplay=true state=4 globalDisplayState=0x7
07-17 14:48:58.650  2094  3272 D LocalDisplayAdapter: setDisplayState(id=4630946385424322177 isFirstDisplay=true state changed:DOZE->DOZE_SUSPEND) t-Name=PhotonicModulator
07-17 14:48:58.650  2094  2339 I DisplayDeviceRepository: Display device changed state: "Built-in Screen", DOZE_SUSPEND
07-17 14:48:58.652  2094  2339 D DisplayManagerServiceExtImpl: scheduleTraversalLocked intraversal=false
07-17 14:48:58.652  2094  2339 I DisplayManagerServiceExtImpl: handle logical display changed logicalDisplay=id=0,phase=1,stack=0,content=true,displayInfo{stack=0,type=1,id=0,uId=local:4630946385424322177,state=DOZE_SUSPEND,pkg=null}
07-17 14:48:58.652  2094  2339 D DisplayManagerService: Delivering display event: displayId=0, event=2
07-17 14:48:58.653  2094  2094 I WallpaperManagerServiceExt: removeDisplayData. displayId = 0
07-17 14:48:58.655  2094  2339 D DisplayManagerService: MSG_REQUEST_TRAVERSAL pendingCompleted=false
07-17 14:48:58.657  2094  3059 D OplusDisplayStateMonitor: screenState: STATE_DOZE_SUSPEND  last screenState: STATE_DOZE
07-17 14:48:58.657  2094  3059 D OplusDisplayStateMonitor: DisplayDozeTime:971890938
07-17 14:48:58.657  2094  3059 D OplusDisplayStateMonitor: DisplayDozeSuspendTime:971891967
07-17 14:48:58.657  2094  3059 D OplusDisplayStateMonitor: Display doze suspend time delta: 1029 / 17216 ratio:0.11631882275838305
07-17 14:48:58.661  2094  2337 D OplusVFXScreenEffectFeature: notifySFCompatWindowStateChange entered false
07-17 14:48:58.665  2094  2340 D DisplayManagerService: performTraversalInternal pendingTraversal
07-17 14:48:58.665  2094  2340 D DisplayDevice: setLayerStackLocked id=local:4630946385424322177 token=android.os.BinderProxy@84cfd78 stack=0->0
07-17 14:48:58.665 25558 25857 V ActivityThread: scheduleReceiver info = ActivityInfo{ae004ed com.google.firebase.iid.FirebaseInstanceIdReceiver} intent = Intent { act=com.google.android.c2dm.intent.RECEIVE flg=0x1080010 pkg=sun.way2sms.hyd.com cmp=sun.way2sms.hyd.com/com.google.firebase.iid.FirebaseInstanceIdReceiver (has extras) } sync = true hasCode = 41777377
07-17 14:48:58.898  2094  2704 D VRR [OPlusRefreshRateService]: notifyBrightnessChange brightness: 0.0
07-17 14:49:00.339  2094  3102 I IColorScreenOffTorchHelper: blank IOplusScreenOffTorchHelper
07-17 14:49:00.339  2094  3102 I OplusJoystickManager: read game pad state for game manager -> false
07-17 14:49:00.339  2094  3102 W OplusJoystickManager: mInterceptGamepadKey is false
07-17 14:49:00.345  2094  2337 D CompatibilityChangeReporter: Compat change id reported: 173031413; UID 1000; state: ENABLED
07-17 14:49:00.482  2094  3102 I OplusJoystickManager: read game pad state for game manager -> false
07-17 14:49:00.482  2094  3102 W OplusJoystickManager: mInterceptGamepadKey is false
07-17 14:49:00.483  2094  2337 V ShutdownStrategy:  cancel Combined rule
07-17 14:49:00.483  2094  3102 D PhoneWindowManagerExtImpl: send check wallet message failed by switch close
07-17 14:49:00.483  2094  2094 V SinglePowerKeyMonitor:  p keyrule onPress.
07-17 14:49:00.483  2094  2094 D WindowManager: powerPress: eventTime=700327302 interactive=false count=1 beganFromNonInteractive=true mShortPressOnPowerBehavior=1
07-17 14:49:00.485  2094  3102 I HwShutdownRecord: RecoverSqlFunc running start, setprop false
07-17 14:49:00.489  2094  3102 E Orms_ManagerInner: cannot connect to orms core service!
07-17 14:49:00.505  2094  3102 D OplusPowerManagerHelper: [isFaceAutoUnlockEnabled]
07-17 14:49:00.521  2094  3102 E OplusDisplayPowerControllerExtImpl: execute mBlockReasonList.clear
07-17 14:49:00.521  2094  3102 D OplusFeatureAOD: notifySfUnBlockScreenOn
07-17 14:49:00.521  2094  3102 D OplusPowerManagerHelper: scheduleNotifyStopDream
07-17 14:49:00.521  2094  2704 D VRR [OPlusRefreshRateService]: notifyBrightnessChange brightness: 0.0
07-17 14:49:00.521  2094  3102 D OplusPowerManagerHelper: [onWakeUp]
07-17 14:49:00.521  2094  2704 D OplusPowerManagerHelper: handleMessage:102
07-17 14:49:00.521  2094  2704 D OplusPowerManagerHelper: MSG_STOP_DEAM
07-17 14:49:00.521  2094  2704 I DreamManagerService: Leaving dreamland.
07-17 14:49:00.521  2094  3102 D OplusPowerManagerHelper: [requestKeyguard]
07-17 14:49:00.522  2094  3102 I PowerGroup: Waking up power group from Dozing (groupId=0, uid=1000, reason=WAKE_REASON_POWER_BUTTON, details=android.policy:POWER)...
07-17 14:49:00.522  2094  3102 D PowerManagerService: userActivityNoUpdateLocked: groupId=0, eventTime=700327454, event=0, flags=0x0, uid=1000
07-17 14:49:00.522  2094  3102 I PowerManagerService: Waking up from Dozing (uid=1000, reason=WAKE_REASON_POWER_BUTTON, details=android.policy:POWER)...
07-17 14:49:00.524  2094  3717 E OplusCustomizeRestrictionManagerService: isBiometricDisabled start
07-17 14:49:00.524  2094  3112 D InputMethodManagerService: onHandleImeWindowVisibleStatus: vis = 0, needsToShowImeSwitcher = false
07-17 14:49:00.525  2094  3102 D OplusVFXScreenEffectFeature: notifySFUpdateVFXEffectState state VFX_SCREEN_POWER_ON NeedNotify true
07-17 14:49:00.526  2094  2705 E ActivityManager: Cancel pending or running compactions as system is awake
07-17 14:49:00.527  2094  2949 E OplusCustomizeRestrictionManagerService: isBiometricDisabled start
07-17 14:49:00.529  2094  2706 I OplusSmartBrightnessController: handleMessage MSG_UPDATE_BRIGHTNESS_NO_ANIMATION changed:true
07-17 14:49:00.529  2094  3102 D DisplayManagerServiceExtImpl: request size(1,1),dpc=com.android.server.display.DisplayPowerController@e4b7597 size(0,1),flags=0X200F,id(0,0,local:4630946385424322177), phase=1, enable=true, ready=false,prox=false policy=BRIGHT,dozeState=UNKNOWN,screenBrightnessOverride=-1.000000,useAuto=false,lowPower=false,lowPowerFactor=1.000000
07-17 14:49:00.532  2094  2704 D OplusFeatureAOD: clearDozeStateMap
07-17 14:49:00.532  2094  2704 D VRR [OPlusRefreshRateService]: screenStateChange state: 2
07-17 14:49:00.532  2094  2336 I DreamManagerService: Performing gentle wake from dream.
07-17 14:49:00.532  2094  2336 I DreamController: Stopping dream: name=ComponentInfo{com.android.systemui/com.android.systemui.doze.DozeService}, isPreviewMode=false, canDoze=true, userId=0, reason='requested stopDream'
07-17 14:49:00.532  2094  2704 D OplusSmartBrightnessController: onScreenEvent, isScreenOn:true
07-17 14:49:00.532  2094  2732 D VRR [OPlusRefreshRateService]: handleScreenStateChange state: 2
07-17 14:49:00.533  2094  2704 D DisplayPowerState[0]: setScreenState: state=2
07-17 14:49:00.534  2094  2704 D BackLightStat: setScreenState: state changed:DOZE_SUSPEND->ON
07-17 14:49:00.536  2094  2704 D OplusVFXScreenEffectFeature:  setColorFadeLevel 1.0
07-17 14:49:00.536  2094  2704 D OplusVFXScreenEffectFeature: notifySFUpdateVFXEffectState state BRIGHTNESS_CHANGED NeedNotify false
07-17 14:49:00.537  2094  2704 D OplusDisplayPowerControllerExtImpl: original brightness:1018 final brightness:1018.0 scale:1.0 reason:1 darkLevel:0
07-17 14:49:00.537  2094  2704 D OplusFeatureHDREnhanceBrightness: setAnimating : animating = false
07-17 14:49:00.537  2094  2704 D OplusFeatureReduceBrightness: setAnimating : animating = false
07-17 14:49:00.537  2094  2704 I OplusSmartBrightnessController: setHDRAnimatingState = false
07-17 14:49:00.537  2094  2949 D WindowManager: mKeyguardDelegate.ShowListener.onDrawn.
07-17 14:49:00.537  2094  2706 I OplusSmartBrightnessController: handleMessage MSG_UPDATE_POWER_ON_REAL_BRIGHTNESS.
07-17 14:49:00.537  2094  2706 I OplusSmartBrightnessController: setPowerOnRealTimeBrightness 1018.0
07-17 14:49:00.538  2094  2337 W WindowManager: Setting mKeyguardDrawComplete
07-17 14:49:00.538  2094  2704 D OplusDisplayPowerControllerExtImpl: Animating brightness: target=195->1018,rate=1600->1600,type=manual,byUse=false local:4630946385424322177
07-17 14:49:00.538  2094  2704 D DisplayPowerController[0]: Brightness [1018.0] reason changing to: 'manual', previous reason: 'doze_default'. id=local:4630946385424322177
