07-17 15:01:22.178  1319  1486 E ANDR-PERF-RESOURCEQS: Failed to apply optimization [6, 0]
07-17 15:01:22.178  2094  2935 D SystemVibratorExtImpl: convertToLinearVibration uid = 10246, opPkg = com.google.android.inputmethod.latin, effect = Composed{segments=[Prebaked{effect=CLICK, strength=MEDIUM, fallback=true}], repeat=-1}, attributes = VibrationAttributes: Usage=TOUCH Audio Usage= USAGE_UNKNOWN Flags=0
07-17 15:01:22.178  2094  2935 D SystemVibratorExtImpl: no vibrator_lmvibrator or CTS vibration, do not convert
07-17 15:01:22.178  2094  2935 I VibratorManagerServiceExtImpl: vibrate is uid=10246, pid=2094, opPkg=com.google.android.inputmethod.latin, effect=Mono{mEffect=Composed{segments=[Prebaked{effect=CLICK, strength=MEDIUM, fallback=true}], repeat=-1}}, attributes=VibrationAttributes: Usage=TOUCH Audio Usage= USAGE_UNKNOWN Flags=0, token=180042661
07-17 15:01:22.179  2094  2935 D VibratorManagerServiceExtImpl: startCustomizeVibratorLocked id= 0,size=1
07-17 15:01:22.179  2094  2935 D VibratorManagerServiceExtImpl: startCustomizeVibratorLocked withCallback=true
07-17 15:01:22.181  1404  1404 I aidl_vibrator: Vibrator perform
07-17 15:01:22.181  1404  1404 I aidl_vibrator: Vibrator perform unsupported this operation
07-17 15:01:22.182  1404  1404 I aidl_vibrator: Vibrator on for timeoutMs: 20
07-17 15:01:22.203  1404  1404 I aidl_vibrator: Vibrator off
07-17 15:01:22.257 30148 12041 E FbnsAIDLClientManager: Max Try reached for binding to FbnsAIDLService, threadId 98104
07-17 15:01:22.258 30148 12041 E FbnsAIDLClientManager: Fbns AIDL request got RemoteException
07-17 15:01:22.258 30148 12041 E FbnsAIDLClientManager: android.os.RemoteException: AIDLService is not bound
07-17 15:01:22.258 30148 12041 E FbnsAIDLClientManager: 	at X.08b6.call(:379)
07-17 15:01:22.258 30148 12041 E FbnsAIDLClientManager: 	at java.util.concurrent.FutureTask.run(FutureTask.java:328)
07-17 15:01:22.258 30148 12041 E FbnsAIDLClientManager: 	at java.util.concurrent.ThreadPoolExecutor.runWorker(ThreadPoolExecutor.java:1100)
07-17 15:01:22.258 30148 12041 E FbnsAIDLClientManager: 	at java.util.concurrent.ThreadPoolExecutor$Worker.run(ThreadPoolExecutor.java:624)
07-17 15:01:22.258 30148 12041 E FbnsAIDLClientManager: 	at java.lang.Thread.run(Thread.java:1572)
07-17 15:01:22.286  2094  3101 D PowerManagerService: userActivityNoUpdateLocked: groupId=0, eventTime=701069249, event=2, flags=0x0, uid=1000
07-17 15:01:22.293  8295  8295 D InputMethodManager: showSoftInput() view=io.flutter.embedding.android.FlutterView{ef8162a VFE...... .F...... 0,0-1080,2268 #1 aid=1073741824} flags=0 reason=SHOW_SOFT_INPUT
07-17 15:01:22.296 14452 14452 I GoogleInputMethodService: GoogleInputMethodService.onWindowShown():2418 
07-17 15:01:22.300  8295  8295 D InsetsController: show(ime(), fromIme=true)
07-17 15:01:22.300  2094  2935 D InputMethodManagerService: onHandleImeWindowVisibleStatus: vis = 3, needsToShowImeSwitcher = false
07-17 15:01:22.575  1393  1393 D ORMS_HAL: OrmsHalService write file /proc/sys/kernel/input_boost_enabled - 1.
07-17 15:01:22.577  2094  3101 D PowerManagerService: userActivityNoUpdateLocked: groupId=0, eventTime=701069542, event=2, flags=0x0, uid=1000
07-17 15:01:22.577  1319  1486 E ANDR-PERF-OPTSHANDLER: Perflock resource /sys/class/devfreq/soc:qcom,cpu0-llcc-ddr-lat/min_freq not supported
07-17 15:01:22.577  1319  1486 E ANDR-PERF-RESOURCEQS: Failed to apply optimization [13, 12]
07-17 15:01:22.577  1319  1486 E ANDR-PERF-OPTSHANDLER: Perflock resource /sys/class/devfreq/soc:qcom,cpu0-llcc-ddr-lat/min_freq not supported
07-17 15:01:22.577  1319  1486 E ANDR-PERF-RESOURCEQS: Failed to apply optimization [13, 12]
07-17 15:01:22.577  1319  1486 E ANDR-PERF-OPTSHANDLER: Perflock resource /sys/class/devfreq/soc:qcom,cpubw/bw_hwmon/io_percent not supported
07-17 15:01:22.577  1319  1486 E ANDR-PERF-RESOURCEQS: Failed to apply optimization [6, 2]
07-17 15:01:22.577  1319  1486 E ANDR-PERF-OPTSHANDLER: Perflock resource /sys/class/devfreq/soc:qcom,cpubw/bw_hwmon/sample_ms not supported
07-17 15:01:22.577  1319  1486 E ANDR-PERF-RESOURCEQS: Failed to apply optimization [6, 8]
07-17 15:01:22.577  1319  1486 E ANDR-PERF-OPTSHANDLER: Perflock resource SPECIAL_NODE - cpubw_hwmon_hyst_opt not supported
07-17 15:01:22.577  1319  1486 E ANDR-PERF-RESOURCEQS: Failed to apply optimization [6, 3]
07-17 15:01:22.577  1319  1486 E ANDR-PERF-OPTSHANDLER: Perflock resource /sys/class/devfreq/soc:qcom,cpubw/min_freq not supported
07-17 15:01:22.577  1319  1486 E ANDR-PERF-RESOURCEQS: Failed to apply optimization [6, 0]
07-17 15:01:22.577  2094  2935 E SystemServiceRegistry: Manager wrapper not available: linearmotor
07-17 15:01:22.578  6315 21524 D IHansComunication: HANS sendMessageToKernel: threadId = 490492378288, netLinkSetup = 1, type = FROZEN_TRANS, targetUid = 10288, pkgCmd = PKG_CMD_MAX
07-17 15:01:22.578  2094  2935 D SystemVibratorExtImpl: convertToLinearVibration uid = 10246, opPkg = com.google.android.inputmethod.latin, effect = Composed{segments=[Prebaked{effect=CLICK, strength=MEDIUM, fallback=true}], repeat=-1}, attributes = VibrationAttributes: Usage=TOUCH Audio Usage= USAGE_UNKNOWN Flags=0
07-17 15:01:22.578  2094  2935 D SystemVibratorExtImpl: no vibrator_lmvibrator or CTS vibration, do not convert
07-17 15:01:22.578  2094  2935 I VibratorManagerServiceExtImpl: vibrate is uid=10246, pid=2094, opPkg=com.google.android.inputmethod.latin, effect=Mono{mEffect=Composed{segments=[Prebaked{effect=CLICK, strength=MEDIUM, fallback=true}], repeat=-1}}, attributes=VibrationAttributes: Usage=TOUCH Audio Usage= USAGE_UNKNOWN Flags=0, token=180042661
07-17 15:01:22.578  2094  2935 D VibratorManagerServiceExtImpl: startCustomizeVibratorLocked id= 0,size=1
07-17 15:01:22.578  2094  2935 D VibratorManagerServiceExtImpl: startCustomizeVibratorLocked withCallback=true
07-17 15:01:22.578  2094  3266 D OGG_Detector: D:done mCurrStatus: 0
07-17 15:01:22.582  1404  1404 I aidl_vibrator: Vibrator perform
07-17 15:01:22.582  1404  1404 I aidl_vibrator: Vibrator perform unsupported this operation
07-17 15:01:22.583  1404  1404 I aidl_vibrator: Vibrator on for timeoutMs: 20
07-17 15:01:22.584  1281  5187 I vendor.qti.bluetooth@1.0-ibs_handler: ProcessIbsCmd: Received IBS_WAKE_IND: 0xFD
07-17 15:01:22.584  1281  5187 D vendor.qti.bluetooth@1.0-ibs_handler: SerialClockVote: vote for UART CLK ON
07-17 15:01:22.585  1281  5187 D vendor.qti.bluetooth@1.0-wake_lock: Acquire wakelock is acquired 
07-17 15:01:22.587  1281  5187 I vendor.qti.bluetooth@1.0-ibs_handler: ProcessIbsCmd: Writing IBS_WAKE_ACK
07-17 15:01:22.595 24997 25256 I NearbyDiscovery: (REDACTED) BloomFilterAdvManager: Detected bloom filter but too far away, ignoring. %sm, %s
07-17 15:01:22.600  4078  5785 D MmsSmsProvider: VerificationCode isAllowAccess = false
07-17 15:01:22.604  1404  1404 I aidl_vibrator: Vibrator off
07-17 15:01:22.628  1281  5187 I vendor.qti.bluetooth@1.0-ibs_handler: ProcessIbsCmd: Received IBS_SLEEP_IND: 0xFE
07-17 15:01:22.628  1281  5187 D vendor.qti.bluetooth@1.0-ibs_handler: SerialClockVote: vote for UART CLK OFF
07-17 15:01:22.657  1281  5187 I vendor.qti.bluetooth@1.0-ibs_handler: ProcessIbsCmd: Received IBS_WAKE_IND: 0xFD
07-17 15:01:22.657  1281  5187 D vendor.qti.bluetooth@1.0-ibs_handler: SerialClockVote: vote for UART CLK ON
07-17 15:01:22.657  1281  5187 I vendor.qti.bluetooth@1.0-ibs_handler: ProcessIbsCmd: Writing IBS_WAKE_ACK
07-17 15:01:22.662 24997 25256 I NearbyDiscovery: (REDACTED) BloomFilterAdvManager: Detected bloom filter but too far away, ignoring. %sm, %s
07-17 15:01:22.684  2094  3101 D PowerManagerService: userActivityNoUpdateLocked: groupId=0, eventTime=701069649, event=2, flags=0x0, uid=1000
07-17 15:01:22.696  8295  8295 D InputMethodManager: showSoftInput() view=io.flutter.embedding.android.FlutterView{ef8162a VFE...... .F...... 0,0-1080,2268 #1 aid=1073741824} flags=0 reason=SHOW_SOFT_INPUT
07-17 15:01:22.698  1281  5187 I vendor.qti.bluetooth@1.0-ibs_handler: ProcessIbsCmd: Received IBS_SLEEP_IND: 0xFE
07-17 15:01:22.698 14452 14452 I GoogleInputMethodService: GoogleInputMethodService.onWindowShown():2418 
07-17 15:01:22.698  1281  5187 D vendor.qti.bluetooth@1.0-ibs_handler: SerialClockVote: vote for UART CLK OFF
07-17 15:01:22.699  2094  3554 D InputMethodManagerService: onHandleImeWindowVisibleStatus: vis = 3, needsToShowImeSwitcher = false
07-17 15:01:22.702  8295  8295 D InsetsController: show(ime(), fromIme=true)
07-17 15:01:22.758  4029  4295 I QImsService: ImsRadioIndicationHidl : onIncomingImsSms()
07-17 15:01:22.758  4029  4295 I QImsService: ImsSenderRxr : [UNSL]< UNSOL_INCOMING_IMS_SMS[SUB0]
07-17 15:01:22.759  4029  4300 I QImsService: ImsSmsHandler : Message received: what = 2
07-17 15:01:22.759  4029  4300 I QImsService: ImsSmsImpl : onSmsReceived:: token:134 incomingSms:{ mFormat = 3gpp verstat = 0}
07-17 15:01:22.767  4078  4569 D MmsSmsProvider: VerificationCode isAllowAccess = false
07-17 15:01:22.781  4078  4569 D MmsSmsProvider: VerificationCode isAllowAccess = false
07-17 15:01:22.795  4029 23559 I QImsService: ImsSmsImpl : acknowledgeSms:: token:134 msgRef:0 result:1
07-17 15:01:22.796  4029 23559 I QImsService: ImsSenderRxr : acknowledgeSms: messageRef: 0 result: 1
07-17 15:01:22.796  4029 23559 I QImsService: ImsSenderRxr : [0804]> REQUEST_ACK_IMS_SMS [SUB0]
07-17 15:01:22.802  4078  4569 D MmsSmsProvider: VerificationCode isAllowAccess = false
07-17 15:01:22.805  4078  5366 D MmsSmsProvider: VerificationCode isAllowAccess = false
07-17 15:01:22.810  4078  4569 E ActivityThread: Failed to find provider info for com.oplus.provider.BlackListProvider
07-17 15:01:22.811  4078  4569 E ActivityThread: Failed to find provider info for com.oplus.provider.BlackListProvider
07-17 15:01:22.814  2094  2337 D SensorService: onUidStateChanged uid = 10056, state = UID_STATE_ACTIVE
07-17 15:01:22.839  7764  7784 W BlockedNumbers: getCountryCodeForRegion getNetworkCountryIso countryIso = in
07-17 15:01:22.841  7764  7784 W BlockedNumbers: getCountryCodeForRegion code = 91
07-17 15:01:22.846  7764  7784 I BlockedNumbers: isBlocked: NOT BLOCKED; number=AA-******-P, e164=
07-17 15:01:22.847  4078  4569 E ActivityThread: Failed to find provider info for com.oplus.provider.BlackListProvider
07-17 15:01:22.847  4078  4569 E ActivityThread: Failed to find provider info for com.oplus.provider.BlackListProvider
07-17 15:01:22.848  1281  5015 D vendor.qti.bluetooth@1.0-wake_lock: Release wakelock is released 
07-17 15:01:22.855  7764  8001 W BlockedNumbers: getCountryCodeForRegion getNetworkCountryIso countryIso = in
07-17 15:01:22.855  7764  8001 W BlockedNumbers: getCountryCodeForRegion code = 91
07-17 15:01:22.858  7764  8001 I BlockedNumbers: isBlocked: NOT BLOCKED; number=AA-******-P, e164=
07-17 15:01:22.859  1393  1393 D ORMS_HAL: OrmsHalService write file /proc/sys/kernel/input_boost_enabled - 1.
07-17 15:01:22.860  2094  3101 D PowerManagerService: userActivityNoUpdateLocked: groupId=0, eventTime=701069825, event=2, flags=0x0, uid=1000
07-17 15:01:22.861  2094  3266 D OGG_Detector: D:done mCurrStatus: 0
07-17 15:01:22.861  2094  3554 E SystemServiceRegistry: Manager wrapper not available: linearmotor
07-17 15:01:22.861  1319  1486 E ANDR-PERF-OPTSHANDLER: Perflock resource /sys/class/devfreq/soc:qcom,cpu0-llcc-ddr-lat/min_freq not supported
07-17 15:01:22.861  1319  1486 E ANDR-PERF-RESOURCEQS: Failed to apply optimization [13, 12]
07-17 15:01:22.861  1319  1486 E ANDR-PERF-OPTSHANDLER: Perflock resource /sys/class/devfreq/soc:qcom,cpu0-llcc-ddr-lat/min_freq not supported
07-17 15:01:22.861  1319  1486 E ANDR-PERF-RESOURCEQS: Failed to apply optimization [13, 12]
07-17 15:01:22.861  1319  1486 E ANDR-PERF-OPTSHANDLER: Perflock resource /sys/class/devfreq/soc:qcom,cpubw/bw_hwmon/io_percent not supported
07-17 15:01:22.861  1319  1486 E ANDR-PERF-RESOURCEQS: Failed to apply optimization [6, 2]
07-17 15:01:22.861  1319  1486 E ANDR-PERF-OPTSHANDLER: Perflock resource /sys/class/devfreq/soc:qcom,cpubw/bw_hwmon/sample_ms not supported
07-17 15:01:22.861  1319  1486 E ANDR-PERF-RESOURCEQS: Failed to apply optimization [6, 8]
07-17 15:01:22.861  1319  1486 E ANDR-PERF-OPTSHANDLER: Perflock resource SPECIAL_NODE - cpubw_hwmon_hyst_opt not supported
07-17 15:01:22.861  1319  1486 E ANDR-PERF-RESOURCEQS: Failed to apply optimization [6, 3]
07-17 15:01:22.861  1319  1486 E ANDR-PERF-OPTSHANDLER: Perflock resource /sys/class/devfreq/soc:qcom,cpubw/min_freq not supported
07-17 15:01:22.861  1319  1486 E ANDR-PERF-RESOURCEQS: Failed to apply optimization [6, 0]
07-17 15:01:22.861  2094  3554 D SystemVibratorExtImpl: convertToLinearVibration uid = 10246, opPkg = com.google.android.inputmethod.latin, effect = Composed{segments=[Prebaked{effect=CLICK, strength=MEDIUM, fallback=true}], repeat=-1}, attributes = VibrationAttributes: Usage=TOUCH Audio Usage= USAGE_UNKNOWN Flags=0
07-17 15:01:22.861  2094  3554 D SystemVibratorExtImpl: no vibrator_lmvibrator or CTS vibration, do not convert
07-17 15:01:22.861  2094  3554 I VibratorManagerServiceExtImpl: vibrate is uid=10246, pid=2094, opPkg=com.google.android.inputmethod.latin, effect=Mono{mEffect=Composed{segments=[Prebaked{effect=CLICK, strength=MEDIUM, fallback=true}], repeat=-1}}, attributes=VibrationAttributes: Usage=TOUCH Audio Usage= USAGE_UNKNOWN Flags=0, token=180042661
07-17 15:01:22.861  2094  3554 D VibratorManagerServiceExtImpl: startCustomizeVibratorLocked id= 0,size=1
07-17 15:01:22.861  2094  3554 D VibratorManagerServiceExtImpl: startCustomizeVibratorLocked withCallback=true
07-17 15:01:22.863  1404  1404 I aidl_vibrator: Vibrator perform
07-17 15:01:22.863  2094  2935 D OplusCustomizeSecurityManagerService: we can't find the BLOCK
07-17 15:01:22.863  1404  1404 I aidl_vibrator: Vibrator perform unsupported this operation
07-17 15:01:22.864  1404  1404 I aidl_vibrator: Vibrator on for timeoutMs: 20
07-17 15:01:22.876  2094  2935 D OplusCustomizeRestrictionManagerService: isSmsreceiveDisabled null
07-17 15:01:22.886  4078  4569 I OplusTelephonyProxy: getDefaultDialerPackage
07-17 15:01:22.886  4078  4569 D OplusAppUtils: hasMetaData, hasMeta = true, metaDataName = unlock_telecom_interface_enable
07-17 15:01:22.887  1404  1404 I aidl_vibrator: Vibrator off
07-17 15:01:22.888  4078  4569 D OplusTelephonyProxy: getDefaultDialerPackage defaultPackage = com.google.android.dialer
07-17 15:01:22.936  2094  2948 D CompatibilityChangeReporter: Compat change id reported: 161252188; UID 10234; state: DISABLED
07-17 15:01:22.959  2094  3101 D PowerManagerService: userActivityNoUpdateLocked: groupId=0, eventTime=701069926, event=2, flags=0x0, uid=1000
07-17 15:01:22.965  8295  8295 D InputMethodManager: showSoftInput() view=io.flutter.embedding.android.FlutterView{ef8162a VFE...... .F...... 0,0-1080,2268 #1 aid=1073741824} flags=0 reason=SHOW_SOFT_INPUT
07-17 15:01:22.966 14452 14452 I GoogleInputMethodService: GoogleInputMethodService.onWindowShown():2418 
07-17 15:01:22.969  8295  8295 D InsetsController: show(ime(), fromIme=true)
07-17 15:01:22.969  2094  3554 D InputMethodManagerService: onHandleImeWindowVisibleStatus: vis = 3, needsToShowImeSwitcher = false
07-17 15:01:22.970 28281 12184 I SmsDeliverReceiver: Received SMS. Processing message. [CONTEXT x_message_id=6574715819210977101 ]
07-17 15:01:22.993 28281   570 I BugleClearcutLogger: qosTierResolver for LOG_SPEC_MESSAGE_RECEIVING_NORTHSTAR_EVENTS is null. Using DEFAULT QoS tier as there's no specific QoS configuration for this log spec. [CONTEXT x_message_id=6574715819210977101 ]
07-17 15:01:23.016 28281   570 I SmsReceivePipelineAdapt: Received SMS for processing in pipeline. [CONTEXT x_message_id=6574715819210977101 ]
07-17 15:01:23.029 28281   574 I BuglePipeline: Starting pipeline execution [CONTEXT x_message_id=6574715819210977101 work_id="f8fc534a-f0bf-4e6d-bcb9-c9d798a4c598" pipeline_type="SmsReceivePipeline" ]
07-17 15:01:23.030 28281   536 I BuglePipeline: Sampled pipeline logging event for pipeline type SmsReceivePipeline and pipeline id f8fc534a-f0bf-4e6d-bcb9-c9d798a4c598 [CONTEXT x_message_id=6574715819210977101 work_id="f8fc534a-f0bf-4e6d-bcb9-c9d798a4c598" pipeline_type="SmsReceivePipeline" ]
07-17 15:01:23.033 28281   574 I BuglePipeline: Running Interceptor RawSmsExtractor. Subject is expected type dbvc [CONTEXT x_message_id=6574715819210977101 work_id="f8fc534a-f0bf-4e6d-bcb9-c9d798a4c598" pipeline_type="SmsReceivePipeline" ]
07-17 15:01:23.035 28281   569 I BugleWorkQueue: WorkQueueCancellationController: Cancelled rows with handler and tag, handlerKey: smart_retries_pipeline_work_handler, cancellationTag: SMART_RETRIES_DEDUPLICATION_TAG, itemCount: 0 [CONTEXT x_message_id=6574715819210977101 ]
07-17 15:01:23.040 28281   570 I BuglePipeline: Running Interceptor HiddenOtpInterceptor. Subject is expected type dbva [CONTEXT x_message_id=6574715819210977101 work_id="f8fc534a-f0bf-4e6d-bcb9-c9d798a4c598" pipeline_type="SmsReceivePipeline" ]
07-17 15:01:23.046 28281   570 I BuglePipeline: Running Interceptor EarlyClassZeroSmsInterceptor. Subject is expected type dbva [CONTEXT x_message_id=6574715819210977101 work_id="f8fc534a-f0bf-4e6d-bcb9-c9d798a4c598" pipeline_type="SmsReceivePipeline" ]
07-17 15:01:23.047 28281   570 I BuglePipeline: Running Interceptor ReceiveSmsInfoGatherer. Subject is expected type dbva [CONTEXT x_message_id=6574715819210977101 work_id="f8fc534a-f0bf-4e6d-bcb9-c9d798a4c598" pipeline_type="SmsReceivePipeline" ]
07-17 15:01:23.048 28281   569 I ReceiveSmsInfoGatherer: Resolved buildRawTelephonyData [CONTEXT x_message_id=6574715819210977101 work_id="f8fc534a-f0bf-4e6d-bcb9-c9d798a4c598" pipeline_type="SmsReceivePipeline" ]
07-17 15:01:23.052 28281   570 I SmsReceivePipelineAdapt: Queued SMS for processing in pipeline. [CONTEXT x_message_id=6574715819210977101 work_id="f8fc534a-f0bf-4e6d-bcb9-c9d798a4c598" ]
07-17 15:01:23.053 28281   570 I Bugle   : BroadcastReceiverAsyncWorkTracker: Acknowledging broadcast of com.google.android.apps.messaging.shared.receiver.SmsDeliverReceiver@c1b945c
07-17 15:01:23.073   562  1049 W libc    : Access denied finding property "ro.serialno"
07-17 15:01:23.087 28281 12187 I Bugle   : ConfigSmsReceiver: shouldNotifyListeners: isDefaultSmsApp: true
07-17 15:01:23.088 28281 12187 I BugleRcsProvisioning: RcsProvisioningTrigger: onConfigSms
07-17 15:01:23.089 28281 12184 D WM-GreedyScheduler: Ignoring {WorkSpec: cabfe2ff-783e-4481-9648-666bf7bc240c}. Requires device idle.
07-17 15:01:23.089 28281 12184 D WM-GreedyScheduler: Ignoring {WorkSpec: c12e190d-5b6c-4eb6-8502-b2d387c72533}. Requires ContentUri triggers.
07-17 15:01:23.089 28281 12184 D WM-GreedyScheduler: Ignoring {WorkSpec: 6a00b2c8-a413-4ab9-8511-1edf724bbc68}. Requires device idle.
07-17 15:01:23.089 28281 12184 D WM-GreedyScheduler: Ignoring {WorkSpec: 6f771be0-1db8-4640-a6b0-6f2f3b610492}. Requires ContentUri triggers.
07-17 15:01:23.089 28281 12184 D WM-GreedyScheduler: Starting work for 1647d2d9-4ed9-4af9-a4f4-2fd87ef7448d
07-17 15:01:23.089 28281 12184 D WM-GreedyScheduler: Starting tracking for 84d53052-4737-4e78-9283-e74d9fa2906f
07-17 15:01:23.089 28281 12187 I BugleRcsProvisioning: RcsProvisioningTrigger: simSubscriptionInfo: # dhud@ab8273a5
07-17 15:01:23.090 28281 12184 D WM-Processor: tkg: processing WorkGenerationalId(workSpecId=1647d2d9-4ed9-4af9-a4f4-2fd87ef7448d, generation=0)
07-17 15:01:23.093 28281 12185 D MddListenableWorkerFactory: createWorker for class: com.google.android.apps.messaging.shared.datamodel.workqueue.WorkQueueWorkerShim
07-17 15:01:23.094 28281 12187 I BugleRcsEngine: Missing pending intent. [CONTEXT thread_id=97698 ]
07-17 15:01:23.096 28281 12187 I BugleRcsProvisioning: RcsProvisioningTrigger: completed rcsReconfigurationSmsHandler.processSmsIntent.
07-17 15:01:23.099 28281 28281 D WM-WorkerWrapper: Starting work for com.google.android.apps.messaging.shared.datamodel.workqueue.WorkQueueWorkerShim
07-17 15:01:23.099 28281 12187 I BugleRcsEngine: Missing pending intent. [CONTEXT thread_id=97698 ]
07-17 15:01:23.107  2094  3266 D OGG_Detector: D:done mCurrStatus: 0
07-17 15:01:23.107  1393  1393 D ORMS_HAL: OrmsHalService write file /proc/sys/kernel/input_boost_enabled - 1.
07-17 15:01:23.107  2094  3101 D PowerManagerService: userActivityNoUpdateLocked: groupId=0, eventTime=701070073, event=2, flags=0x0, uid=1000
07-17 15:01:23.108  2094  2935 E SystemServiceRegistry: Manager wrapper not available: linearmotor
07-17 15:01:23.108  2094  2935 D SystemVibratorExtImpl: convertToLinearVibration uid = 10246, opPkg = com.google.android.inputmethod.latin, effect = Composed{segments=[Prebaked{effect=CLICK, strength=MEDIUM, fallback=true}], repeat=-1}, attributes = VibrationAttributes: Usage=TOUCH Audio Usage= USAGE_UNKNOWN Flags=0
07-17 15:01:23.108  2094  2935 D SystemVibratorExtImpl: no vibrator_lmvibrator or CTS vibration, do not convert
07-17 15:01:23.108  2094  2935 I VibratorManagerServiceExtImpl: vibrate is uid=10246, pid=2094, opPkg=com.google.android.inputmethod.latin, effect=Mono{mEffect=Composed{segments=[Prebaked{effect=CLICK, strength=MEDIUM, fallback=true}], repeat=-1}}, attributes=VibrationAttributes: Usage=TOUCH Audio Usage= USAGE_UNKNOWN Flags=0, token=180042661
07-17 15:01:23.108  2094  2935 D VibratorManagerServiceExtImpl: startCustomizeVibratorLocked id= 0,size=1
07-17 15:01:23.108  2094  2935 D VibratorManagerServiceExtImpl: startCustomizeVibratorLocked withCallback=true
07-17 15:01:23.110  1319  1486 E ANDR-PERF-OPTSHANDLER: Perflock resource /sys/class/devfreq/soc:qcom,cpu0-llcc-ddr-lat/min_freq not supported
07-17 15:01:23.110  1319  1486 E ANDR-PERF-RESOURCEQS: Failed to apply optimization [13, 12]
07-17 15:01:23.110  1319  1486 E ANDR-PERF-OPTSHANDLER: Perflock resource /sys/class/devfreq/soc:qcom,cpu0-llcc-ddr-lat/min_freq not supported
07-17 15:01:23.110  1319  1486 E ANDR-PERF-RESOURCEQS: Failed to apply optimization [13, 12]
07-17 15:01:23.110  1319  1486 E ANDR-PERF-OPTSHANDLER: Perflock resource /sys/class/devfreq/soc:qcom,cpubw/bw_hwmon/io_percent not supported
07-17 15:01:23.110  1319  1486 E ANDR-PERF-RESOURCEQS: Failed to apply optimization [6, 2]
07-17 15:01:23.110  1319  1486 E ANDR-PERF-OPTSHANDLER: Perflock resource /sys/class/devfreq/soc:qcom,cpubw/bw_hwmon/sample_ms not supported
07-17 15:01:23.110  1319  1486 E ANDR-PERF-RESOURCEQS: Failed to apply optimization [6, 8]
07-17 15:01:23.110  1319  1486 E ANDR-PERF-OPTSHANDLER: Perflock resource SPECIAL_NODE - cpubw_hwmon_hyst_opt not supported
07-17 15:01:23.110  1319  1486 E ANDR-PERF-RESOURCEQS: Failed to apply optimization [6, 3]
07-17 15:01:23.110  1319  1486 E ANDR-PERF-OPTSHANDLER: Perflock resource /sys/class/devfreq/soc:qcom,cpubw/min_freq not supported
07-17 15:01:23.110  1319  1486 E ANDR-PERF-RESOURCEQS: Failed to apply optimization [6, 0]
07-17 15:01:23.111 28281 12187 I BugleRcsProvisioning: RcsProvisioningTrigger: completed rcsOtpSmsHandler.processSmsIntent.
07-17 15:01:23.113  1404  1404 I aidl_vibrator: Vibrator perform
07-17 15:01:23.113  1404  1404 I aidl_vibrator: Vibrator perform unsupported this operation
07-17 15:01:23.114  1404  1404 I aidl_vibrator: Vibrator on for timeoutMs: 20
07-17 15:01:23.114 28281 12187 I BugleRcsEngine: Cannot use CS.apk as it's battery optimized [CONTEXT thread_id=97698 ]
07-17 15:01:23.120 28281 12187 I BugleRcsEngine: KEY_CONFIG_IMS_PACKAGE_OVERRIDE_STRING:  [CONTEXT thread_id=97698 ]
07-17 15:01:23.121 28281 12187 I Bugle   : ConfigSmsReceiver: shouldIgnoreBroadcast: shouldUseCarrierServicesJibeService: false, isCsApkImsService: false
07-17 15:01:23.121 28281 12187 I Bugle   : BroadcastReceiverAsyncWorkTracker: Acknowledging broadcast of com.google.android.apps.messaging.shared.receiver.ConfigSmsReceiver@a0b451
07-17 15:01:23.134  2094  2337 D SensorService: onUidStateChanged uid = 10301, state = UID_STATE_ACTIVE
07-17 15:01:23.136  1404  1404 I aidl_vibrator: Vibrator off
07-17 15:01:23.155 28281 12187 I BugleTrustedContacts: isConversationAllowed: Devices not under supervision, conversation is always allowed. [CONTEXT x_message_id=6574715819210977101 work_id="f8fc534a-f0bf-4e6d-bcb9-c9d798a4c598" pipeline_type="SmsReceivePipeline" class_name="ConversationTrustedContactsApi" ratelimit_period="1 MINUTES" ]
07-17 15:01:23.168 28281   569 I ReceiveSmsInfoGatherer: Received SMS. Notified: false. Read: false Blocked: false. AllowedByParents: true. [CONTEXT x_message_id=6574715819210977101 work_id="f8fc534a-f0bf-4e6d-bcb9-c9d798a4c598" pipeline_type="SmsReceivePipeline" ]
07-17 15:01:23.168  2094  3554 W BroadcastQueue: Permission Denial: receiving Intent { act=android.provider.Telephony.SMS_RECEIVED flg=0x11000010 (has extras) } to com.truecaller/.messaging.transport.sms.SmsReceiver requires android.permission.RECEIVE_SMS due to sender com.android.phone (uid 1001)
07-17 15:01:23.171 28281   570 I BuglePipeline: Running Interceptor ReplaceSmsInterceptor. Subject is expected type dbvb [CONTEXT x_message_id=6574715819210977101 work_id="f8fc534a-f0bf-4e6d-bcb9-c9d798a4c598" pipeline_type="SmsReceivePipeline" ]
07-17 15:01:23.172 28281   570 I BuglePipeline: Running Interceptor DualSendIdExtractor. Subject is expected type dbvb [CONTEXT x_message_id=6574715819210977101 work_id="f8fc534a-f0bf-4e6d-bcb9-c9d798a4c598" pipeline_type="SmsReceivePipeline" ]
07-17 15:01:23.173  2094  2411 I OplusHansManager : unfreeze uid: 10288 in.amazon.mShop.android.shopping pids: [30091] reason: Broadcast scene: LcdOn
07-17 15:01:23.173 28281   570 I BuglePipeline: Running Interceptor SmsToBugleDbWriter. Subject is expected type dbvb [CONTEXT x_message_id=6574715819210977101 work_id="f8fc534a-f0bf-4e6d-bcb9-c9d798a4c598" pipeline_type="SmsReceivePipeline" ]
07-17 15:01:23.175  2094  4035 I OplusHansManager : uid=10288, pkg=in.amazon.mShop.android.shopping, transition from Frozen to Middle, reason=Broadcast
07-17 15:01:23.175  2094  4035 I OplusHansManager : uid=10288, pkg=in.amazon.mShop.android.shopping F exit(), F stay=1, reason=Broadcast
07-17 15:01:23.180 28281   535 I Bugle   : CountryCodeDetector: updateSmsNetworkCountry from default subscription network country. detected country: in [CONTEXT x_message_id=6574715819210977101 work_id="f8fc534a-f0bf-4e6d-bcb9-c9d798a4c598" pipeline_type="SmsReceivePipeline" ]
07-17 15:01:23.182 28281   535 I Bugle   : Telephony.getOrCreateThreadId returned thread 677 for [ss-IFDDDK-m], matching canonical [ss-IFDDDK-m] [CONTEXT x_message_id=6574715819210977101 work_id="f8fc534a-f0bf-4e6d-bcb9-c9d798a4c598" pipeline_type="SmsReceivePipeline" ]
07-17 15:01:23.188  2094  2337 D SensorService: onUidStateChanged uid = 10288, state = UID_STATE_ACTIVE
07-17 15:01:23.194  2094  2411 D CompatibilityChangeReporter: Compat change id reported: 168419799; UID 10288; state: DISABLED
07-17 15:01:23.214 30091 30091 I MetricsHelper: Publishing SmsBroadcastReceiver_Invoked metric to CW
07-17 15:01:23.235 30091 30091 I MetricsHelper: Publishing SmsParsingDevice_OPPO_SmsBroadcastReceiver_Invoked metric to CW
07-17 15:01:23.236  2094  3101 D PowerManagerService: userActivityNoUpdateLocked: groupId=0, eventTime=701070202, event=2, flags=0x0, uid=1000
07-17 15:01:23.238 30091 30091 I SmsBroadcastReceiver: SMS Received, executing SMS Parsing workflow
07-17 15:01:23.244  8295  8295 D InputMethodManager: showSoftInput() view=io.flutter.embedding.android.FlutterView{ef8162a VFE...... .F...... 0,0-1080,2268 #1 aid=1073741824} flags=0 reason=SHOW_SOFT_INPUT
07-17 15:01:23.246 14452 14452 I GoogleInputMethodService: GoogleInputMethodService.onWindowShown():2418 
07-17 15:01:23.250  8295  8295 D InsetsController: show(ime(), fromIme=true)
07-17 15:01:23.254  2094  6809 D InputMethodManagerService: onHandleImeWindowVisibleStatus: vis = 3, needsToShowImeSwitcher = false
07-17 15:01:23.254 30091 30091 D SyncEventBus: No handlers registered for event: SmsReceivedEvent
07-17 15:01:23.254 30091 30091 I SmsProviderEventBridge: Published broadcast SMS event for sender: AA-650001-P with session: BROADCAST-d4512e19-7a7b-4311-8369-9d0c9277c618
07-17 15:01:23.254 30091 30091 I SmsBroadcastReceiver: Published SmsReceivedEvent from broadcast via event bridge
07-17 15:01:23.254 30091 30091 I MetricsHelper: Publishing SmsBroadcastReceiver_Platform_Event_Published metric to CW
07-17 15:01:23.275  1281  5187 I vendor.qti.bluetooth@1.0-ibs_handler: ProcessIbsCmd: Received IBS_WAKE_IND: 0xFD
07-17 15:01:23.275  1281  5187 D vendor.qti.bluetooth@1.0-ibs_handler: SerialClockVote: vote for UART CLK ON
07-17 15:01:23.276  1281  5187 D vendor.qti.bluetooth@1.0-wake_lock: Acquire wakelock is acquired 
07-17 15:01:23.276  1281  5187 I vendor.qti.bluetooth@1.0-ibs_handler: ProcessIbsCmd: Writing IBS_WAKE_ACK
07-17 15:01:23.282 24997 25256 I NearbyDiscovery: (REDACTED) BloomFilterAdvManager: Detected bloom filter but too far away, ignoring. %sm, %s
07-17 15:01:23.293 30091 30091 D NexusLogger: PARSNexusEvent: {"schemaId":"sms_parsing.SmsParsingDataEvent.4","producerId":"native-sms-parsing","timestamp":"2026-07-17T09:31:23.265Z","messageId":"aa13d63d-8441-42a4-92cb-02a1b67c7dd0","mshopVersion":"Version 32.12.4.300","actionName":"BROADCAST_RECEIVER_PUBLISH_INTENT","actionResult":"SUCCESS","actionState":"COMPLETED","actionType":"unknown","obfuscatedCustomerId":"unknown","stichingId":"unknown","actionResultMessage":"unknown","exception":"unknown","majorVersionNumber":"unknown","smsParserConfigVersion":"unknown","parsingType":"unknown","clientId":"unknown","messagesReadFromInbox":-1,"parsedMessagesCount":-1,"uploadMessageCount":-1,"latency":-1,"deviceBrand":"OPPO","deviceManufacturer":"OPPO","deviceModel":"CPH2341","customAttribute1":"unknown","customAttribute2":"unknown","isDefaultParsing":false,"senderIdParsedMessagesCount":"unknown"}
07-17 15:01:23.296 30091 30091 D NexusLogger: PARSNexusEvent: {"schemaId":"sms_parsing.SmsParsingDataEvent.4","producerId":"native-sms-parsing","timestamp":"2026-07-17T09:31:23.296Z","messageId":"2d189dfa-c143-454d-8222-36fa763328e0","mshopVersion":"Version 32.12.4.300","actionName":"PARSING","actionResult":"unknown","actionState":"TRIGGERED","actionType":"unknown","obfuscatedCustomerId":"unknown","stichingId":"32098713-8766-49b6-8dc1-0b6823feb296","actionResultMessage":"unknown","exception":"unknown","majorVersionNumber":"unknown","smsParserConfigVersion":"remoteConfigV3","parsingType":"smsBroadcastReceiverParsing","clientId":"unknown","messagesReadFromInbox":-1,"parsedMessagesCount":-1,"uploadMessageCount":-1,"latency":-1,"deviceBrand":"OPPO","deviceManufacturer":"OPPO","deviceModel":"CPH2341","customAttribute1":"unknown","customAttribute2":"unknown","isDefaultParsing":false,"senderIdParsedMessagesCount":"unknown"}
07-17 15:01:23.296 30091 30091 I SmsBroadcastReceiver: Successfully invoked parsing via Broadcast receiver
07-17 15:01:23.296 30091 30091 I MetricsHelper: Publishing SmsBroadcastReceiver_Executed_SUCCESS metric to CW
07-17 15:01:23.297 30091   970 D SmsSyncScheduler: Executing scheduler
07-17 15:01:23.297 30091   970 I MetricsHelper: Publishing SmsSyncScheduler_STARTED metric to CW
07-17 15:01:23.298 30091   970 D APS     : isGranted:spyder-sms-parsing:sms_permission
07-17 15:01:23.299 30091   970 D APS     : getRequestManifest
07-17 15:01:23.300 30091   970 D APS     : getFeatureManifest
07-17 15:01:23.302 28281   569 I BugleDataModel: insert: beginning, full sync in progress: false, getWidth: -1, getHeight: -1, contentType: text/plain [CONTEXT x_message_id=6574715819210977101 work_id="f8fc534a-f0bf-4e6d-bcb9-c9d798a4c598" pipeline_type="SmsReceivePipeline" ]
07-17 15:01:23.303  1393  1393 D ORMS_HAL: OrmsHalService write file /proc/sys/kernel/input_boost_enabled - 1.
07-17 15:01:23.304  1319  1486 E ANDR-PERF-OPTSHANDLER: Perflock resource /sys/class/devfreq/soc:qcom,cpu0-llcc-ddr-lat/min_freq not supported
07-17 15:01:23.305  2094  3266 D OGG_Detector: D:done mCurrStatus: 0
07-17 15:01:23.304  1319  1486 E ANDR-PERF-RESOURCEQS: Failed to apply optimization [13, 12]
07-17 15:01:23.306  1319  1486 E ANDR-PERF-OPTSHANDLER: Perflock resource /sys/class/devfreq/soc:qcom,cpu0-llcc-ddr-lat/min_freq not supported
07-17 15:01:23.306  1319  1486 E ANDR-PERF-RESOURCEQS: Failed to apply optimization [13, 12]
07-17 15:01:23.306  1319  1486 E ANDR-PERF-OPTSHANDLER: Perflock resource /sys/class/devfreq/soc:qcom,cpubw/bw_hwmon/io_percent not supported
07-17 15:01:23.306  1319  1486 E ANDR-PERF-RESOURCEQS: Failed to apply optimization [6, 2]
07-17 15:01:23.306  1319  1486 E ANDR-PERF-OPTSHANDLER: Perflock resource /sys/class/devfreq/soc:qcom,cpubw/bw_hwmon/sample_ms not supported
07-17 15:01:23.306  1319  1486 E ANDR-PERF-RESOURCEQS: Failed to apply optimization [6, 8]
07-17 15:01:23.306  1319  1486 E ANDR-PERF-OPTSHANDLER: Perflock resource SPECIAL_NODE - cpubw_hwmon_hyst_opt not supported
07-17 15:01:23.306  1319  1486 E ANDR-PERF-RESOURCEQS: Failed to apply optimization [6, 3]
07-17 15:01:23.306  1319  1486 E ANDR-PERF-OPTSHANDLER: Perflock resource /sys/class/devfreq/soc:qcom,cpubw/min_freq not supported
07-17 15:01:23.306  1319  1486 E ANDR-PERF-RESOURCEQS: Failed to apply optimization [6, 0]
07-17 15:01:23.307  2094  2948 E SystemServiceRegistry: Manager wrapper not available: linearmotor
07-17 15:01:23.308  2094  2948 D SystemVibratorExtImpl: convertToLinearVibration uid = 10246, opPkg = com.google.android.inputmethod.latin, effect = Composed{segments=[Prebaked{effect=CLICK, strength=MEDIUM, fallback=true}], repeat=-1}, attributes = VibrationAttributes: Usage=TOUCH Audio Usage= USAGE_UNKNOWN Flags=0
07-17 15:01:23.308  2094  2948 D SystemVibratorExtImpl: no vibrator_lmvibrator or CTS vibration, do not convert
07-17 15:01:23.308  2094  2948 I VibratorManagerServiceExtImpl: vibrate is uid=10246, pid=2094, opPkg=com.google.android.inputmethod.latin, effect=Mono{mEffect=Composed{segments=[Prebaked{effect=CLICK, strength=MEDIUM, fallback=true}], repeat=-1}}, attributes=VibrationAttributes: Usage=TOUCH Audio Usage= USAGE_UNKNOWN Flags=0, token=180042661
07-17 15:01:23.308  2094  2948 D VibratorManagerServiceExtImpl: startCustomizeVibratorLocked id= 0,size=1
07-17 15:01:23.308  2094  2948 D VibratorManagerServiceExtImpl: startCustomizeVibratorLocked withCallback=true
07-17 15:01:23.311  1404  1404 I aidl_vibrator: Vibrator perform
07-17 15:01:23.311  1404  1404 I aidl_vibrator: Vibrator perform unsupported this operation
07-17 15:01:23.311  1404  1404 I aidl_vibrator: Vibrator on for timeoutMs: 20
07-17 15:01:23.315 28281   569 I BugleDataModel: ReceiveSmsMessageHelper: message{id:11682} Inserted message [CONTEXT x_message_id=6574715819210977101 work_id="f8fc534a-f0bf-4e6d-bcb9-c9d798a4c598" pipeline_type="SmsReceivePipeline" ]
07-17 15:01:23.317  2094  2337 D SensorService: onUidStateChanged uid = 10412, state = UID_STATE_ACTIVE
07-17 15:01:23.319  1281  5187 I vendor.qti.bluetooth@1.0-ibs_handler: ProcessIbsCmd: Received IBS_SLEEP_IND: 0xFE
07-17 15:01:23.319  1281  5187 D vendor.qti.bluetooth@1.0-ibs_handler: SerialClockVote: vote for UART CLK OFF
07-17 15:01:23.325  2094  6809 D CompatibilityChangeReporter: Compat change id reported: 168419799; UID 10412; state: DISABLED
07-17 15:01:23.334  1404  1404 I aidl_vibrator: Vibrator off
07-17 15:01:23.339  2094  3101 D PowerManagerService: userActivityNoUpdateLocked: groupId=0, eventTime=701070305, event=2, flags=0x0, uid=1000
07-17 15:01:23.348 28281   569 W BugleDataModel: MessageDatabaseOperations: Unexpected list of latest{size:0} is returned. [CONTEXT x_message_id=6574715819210977101 work_id="f8fc534a-f0bf-4e6d-bcb9-c9d798a4c598" pipeline_type="SmsReceivePipeline" ]
07-17 15:01:23.358  1281  5187 I vendor.qti.bluetooth@1.0-ibs_handler: ProcessIbsCmd: Received IBS_WAKE_IND: 0xFD
07-17 15:01:23.359  1281  5187 D vendor.qti.bluetooth@1.0-ibs_handler: SerialClockVote: vote for UART CLK ON
07-17 15:01:23.359  1281  5187 I vendor.qti.bluetooth@1.0-ibs_handler: ProcessIbsCmd: Writing IBS_WAKE_ACK
07-17 15:01:23.367 24997 25256 I NearbyDiscovery: (REDACTED) BloomFilterAdvManager: Detected bloom filter but too far away, ignoring. %sm, %s
07-17 15:01:23.371  4078 10798 D MmsSmsProvider: VerificationCode isAllowAccess = false
07-17 15:01:23.377  4078  5785 D PhoneInterfaceManager: [PhoneIntfMgr] QueryTelephonyChecker-getDataNetworkTypeForSubscriber: packageName = net.one97.paytm, isGrant = true
07-17 15:01:23.400  1281  5187 I vendor.qti.bluetooth@1.0-ibs_handler: ProcessIbsCmd: Received IBS_SLEEP_IND: 0xFE
07-17 15:01:23.400  1281  5187 D vendor.qti.bluetooth@1.0-ibs_handler: SerialClockVote: vote for UART CLK OFF
07-17 15:01:23.401 28281   569 I Bugle   : CopyFileTelephonyPartsCallback: Inserted part has no URI, not copying to local cache, partId: 6599 [CONTEXT x_message_id=6574715819210977101 work_id="f8fc534a-f0bf-4e6d-bcb9-c9d798a4c598" pipeline_type="SmsReceivePipeline" ]
07-17 15:01:23.404  8295  8295 D InputMethodManager: showSoftInput() view=io.flutter.embedding.android.FlutterView{ef8162a VFE...... .F...... 0,0-1080,2268 #1 aid=1073741824} flags=0 reason=SHOW_SOFT_INPUT
07-17 15:01:23.405 14452 14452 I GoogleInputMethodService: GoogleInputMethodService.onWindowShown():2418 
07-17 15:01:23.406  2094  6809 D InputMethodManagerService: onHandleImeWindowVisibleStatus: vis = 3, needsToShowImeSwitcher = false
07-17 15:01:23.408  8295  8295 D InsetsController: show(ime(), fromIme=true)
07-17 15:01:23.430  4078 10798 D PhoneInterfaceManager: [PhoneIntfMgr] QueryTelephonyChecker-getDataNetworkTypeForSubscriber: packageName = net.one97.paytm, isGrant = true
07-17 15:01:23.437  4119 24289 D NetworkEvent: OplusNetworkEventCbProxy invoke.....onDnsEvent argslen:8
07-17 15:01:23.447 30091   970 D APS     : getSystemPermissionState: SMS is GRANTED
07-17 15:01:23.449 30091   970 D APS     : isGrantedOnFeature
07-17 15:01:23.451 30091   970 D APS     : getSystemPermissionState: SMS is GRANTED
07-17 15:01:23.466  6315  6316 E IHansComunication: HANS printMessageBody: RCV message: type = 4,port = 86870,caller_pid = -1,caller_uid = -1,target_pid = -1,target_uid = 10288,pkg_cmd = -1,rpc = PKG/-1
07-17 15:01:23.481 30091   970 I MetricsHelper: Publishing SmsParsingDevice_BackgroundWorkerCreation_Latency metric to CW
07-17 15:01:23.482 30091   970 I SmsSyncCommonUtil: Scheduling worker SpyderSmsParsingRequest with frequency as 1 and work policy as KEEP idle status as false
07-17 15:01:23.482 30091   970 I MetricsHelper: Publishing SmsSyncScheduler_SUCCESS metric to CW
07-17 15:01:23.483 30091   970 I MetricsHelper: Publishing SpyderSmsSyncExecutor_SMS_SYNC_SCHEDULER_SUCCESS metric to CW
07-17 15:01:23.487 30091   970 I MetricsHelper: Publishing SmsBroadcastReceiverParsing_STARTED metric to CW
07-17 15:01:23.494 30091   970 I MetricsHelper: Publishing SmsParsingDevice_OPPO_SmsBroadcastReceiverParsing_STARTED metric to CW
07-17 15:01:23.500 28281   569 I BugleDatabase: No need to set conversation self ID because it has been set. [CONTEXT x_message_id=6574715819210977101 work_id="f8fc534a-f0bf-4e6d-bcb9-c9d798a4c598" pipeline_type="SmsReceivePipeline" conversation_id="672" self_identity_id="259" ]
07-17 15:01:23.521  2094  3101 D PowerManagerService: userActivityNoUpdateLocked: groupId=0, eventTime=701070487, event=2, flags=0x0, uid=1000
07-17 15:01:23.521  2094  3266 D OGG_Detector: D:done mCurrStatus: 0
07-17 15:01:23.521  1393  1393 D ORMS_HAL: OrmsHalService write file /proc/sys/kernel/input_boost_enabled - 1.
07-17 15:01:23.522  2094  2935 E SystemServiceRegistry: Manager wrapper not available: linearmotor
07-17 15:01:23.523  2094  2935 D SystemVibratorExtImpl: convertToLinearVibration uid = 10246, opPkg = com.google.android.inputmethod.latin, effect = Composed{segments=[Prebaked{effect=CLICK, strength=MEDIUM, fallback=true}], repeat=-1}, attributes = VibrationAttributes: Usage=TOUCH Audio Usage= USAGE_UNKNOWN Flags=0
07-17 15:01:23.523  2094  2935 D SystemVibratorExtImpl: no vibrator_lmvibrator or CTS vibration, do not convert
07-17 15:01:23.523  2094  2935 I VibratorManagerServiceExtImpl: vibrate is uid=10246, pid=2094, opPkg=com.google.android.inputmethod.latin, effect=Mono{mEffect=Composed{segments=[Prebaked{effect=CLICK, strength=MEDIUM, fallback=true}], repeat=-1}}, attributes=VibrationAttributes: Usage=TOUCH Audio Usage= USAGE_UNKNOWN Flags=0, token=180042661
07-17 15:01:23.523  2094  2935 D VibratorManagerServiceExtImpl: startCustomizeVibratorLocked id= 0,size=1
07-17 15:01:23.523  2094  2935 D VibratorManagerServiceExtImpl: startCustomizeVibratorLocked withCallback=true
07-17 15:01:23.524  1319  1486 E ANDR-PERF-OPTSHANDLER: Perflock resource /sys/class/devfreq/soc:qcom,cpu0-llcc-ddr-lat/min_freq not supported
07-17 15:01:23.524  1319  1486 E ANDR-PERF-RESOURCEQS: Failed to apply optimization [13, 12]
07-17 15:01:23.524  1319  1486 E ANDR-PERF-OPTSHANDLER: Perflock resource /sys/class/devfreq/soc:qcom,cpu0-llcc-ddr-lat/min_freq not supported
07-17 15:01:23.524  1319  1486 E ANDR-PERF-RESOURCEQS: Failed to apply optimization [13, 12]
07-17 15:01:23.524  1319  1486 E ANDR-PERF-OPTSHANDLER: Perflock resource /sys/class/devfreq/soc:qcom,cpubw/bw_hwmon/io_percent not supported
07-17 15:01:23.524  1319  1486 E ANDR-PERF-RESOURCEQS: Failed to apply optimization [6, 2]
07-17 15:01:23.524  1319  1486 E ANDR-PERF-OPTSHANDLER: Perflock resource /sys/class/devfreq/soc:qcom,cpubw/bw_hwmon/sample_ms not supported
07-17 15:01:23.524  1319  1486 E ANDR-PERF-RESOURCEQS: Failed to apply optimization [6, 8]
07-17 15:01:23.524  1319  1486 E ANDR-PERF-OPTSHANDLER: Perflock resource SPECIAL_NODE - cpubw_hwmon_hyst_opt not supported
07-17 15:01:23.524  1319  1486 E ANDR-PERF-RESOURCEQS: Failed to apply optimization [6, 3]
07-17 15:01:23.524  1319  1486 E ANDR-PERF-OPTSHANDLER: Perflock resource /sys/class/devfreq/soc:qcom,cpubw/min_freq not supported
07-17 15:01:23.524  1319  1486 E ANDR-PERF-RESOURCEQS: Failed to apply optimization [6, 0]
07-17 15:01:23.530  1404  1404 I aidl_vibrator: Vibrator perform
07-17 15:01:23.530  1404  1404 I aidl_vibrator: Vibrator perform unsupported this operation
07-17 15:01:23.531  1404  1404 I aidl_vibrator: Vibrator on for timeoutMs: 20
07-17 15:01:23.550  1281  5015 D vendor.qti.bluetooth@1.0-wake_lock: Release wakelock is released 
07-17 15:01:23.551 28281   569 I BugleDataModel: ReceiveSmsMessageHelper: Received SMS message. message{id:11682}, conversation{id:672}, uri: null [CONTEXT x_message_id=6574715819210977101 work_id="f8fc534a-f0bf-4e6d-bcb9-c9d798a4c598" pipeline_type="SmsReceivePipeline" ]
07-17 15:01:23.551 28281   574 I ParentalControlsClient: withKidsModule: not present: true
07-17 15:01:23.551 28281   574 I ParentalControlsClient: registerParentalControlsListener: not present, ignoring
07-17 15:01:23.552  1404  1404 I aidl_vibrator: Vibrator off
07-17 15:01:23.559 28281 12187 D WM-GreedyScheduler: Ignoring {WorkSpec: cabfe2ff-783e-4481-9648-666bf7bc240c}. Requires device idle.
07-17 15:01:23.559  4078  5366 W TelephonyPermissions: reportAccessDeniedToReadIdentifiers:net.one97.paytm:getActiveSubscriptionInfo:5
07-17 15:01:23.560 28281 12187 D WM-GreedyScheduler: Ignoring {WorkSpec: c12e190d-5b6c-4eb6-8502-b2d387c72533}. Requires ContentUri triggers.
07-17 15:01:23.560 28281 12187 D WM-GreedyScheduler: Ignoring {WorkSpec: 6a00b2c8-a413-4ab9-8511-1edf724bbc68}. Requires device idle.
07-17 15:01:23.560 28281 12187 D WM-GreedyScheduler: Ignoring {WorkSpec: 6f771be0-1db8-4640-a6b0-6f2f3b610492}. Requires ContentUri triggers.
07-17 15:01:23.560 28281 12187 D WM-GreedyScheduler: Starting work for bdb1fe16-6f0c-475f-b354-b8ec9c8bd57d
07-17 15:01:23.560 28281 12187 D WM-GreedyScheduler: Starting tracking for 84d53052-4737-4e78-9283-e74d9fa2906f
07-17 15:01:23.561 28281 12184 I BugleTrustedContacts: Successfully registered the listener. [CONTEXT class_name="TrustedContactsSyncManager" ]
07-17 15:01:23.563  4078  5366 D PhoneInterfaceManager: [PhoneIntfMgr] QueryTelephonyChecker-getDataNetworkTypeForSubscriber: packageName = net.one97.paytm, isGrant = true
07-17 15:01:23.565 28281 12185 D WM-Processor: tkg: processing WorkGenerationalId(workSpecId=bdb1fe16-6f0c-475f-b354-b8ec9c8bd57d, generation=0)
07-17 15:01:23.567  4091  4446 I Athena  : CommonAction: 22,2115,102,4447,6144,28,301,333,2412,2431,759,1321,0.7096774,22
07-17 15:01:23.572 28281   569 I BugleNotifications: Creating notification from ReceiveSmsMessageHelper [CONTEXT x_message_id=6574715819210977101 work_id="f8fc534a-f0bf-4e6d-bcb9-c9d798a4c598" pipeline_type="SmsReceivePipeline" ]
07-17 15:01:23.573 28281 12186 D MddListenableWorkerFactory: createWorker for class: com.google.android.apps.messaging.shared.datamodel.workqueue.WorkQueueWorkerShim
07-17 15:01:23.579 28281 28281 D WM-WorkerWrapper: Starting work for com.google.android.apps.messaging.shared.datamodel.workqueue.WorkQueueWorkerShim
07-17 15:01:23.593 28281 12186 I ProviderRcsCapabilities: RCS Disabled: No RCS Identifier. [CONTEXT x_message_id=6574715819210977101 work_id="f8fc534a-f0bf-4e6d-bcb9-c9d798a4c598" pipeline_type="SmsReceivePipeline" destination="redacted-pii[11-chars]" ]
07-17 15:01:23.595 28281   574 I BugleMDD: Retrieved File Group Name: text_classifier, File Count = 1 [CONTEXT x_message_id=6574715819210977101 work_id="f8fc534a-f0bf-4e6d-bcb9-c9d798a4c598" pipeline_type="SmsReceivePipeline" ]
07-17 15:01:23.596 28281   575 I BugleMDD: Retrieved File Group is null [CONTEXT x_message_id=6574715819210977101 work_id="f8fc534a-f0bf-4e6d-bcb9-c9d798a4c598" pipeline_type="SmsReceivePipeline" ]
07-17 15:01:23.604 28281   575 I BuglePipeline: Running Interceptor LaunchActionsForReceiveSms. Subject is expected type dbvb [CONTEXT x_message_id=6574715819210977101 work_id="f8fc534a-f0bf-4e6d-bcb9-c9d798a4c598" pipeline_type="SmsReceivePipeline" ]
07-17 15:01:23.608  4078 10798 D PhoneInterfaceManager: [PhoneIntfMgr] QueryTelephonyChecker-getDataNetworkTypeForSubscriber: packageName = net.one97.paytm, isGrant = true
07-17 15:01:23.621  2094  3101 D PowerManagerService: userActivityNoUpdateLocked: groupId=0, eventTime=701070588, event=2, flags=0x0, uid=1000
07-17 15:01:23.627 28281   575 I BugleDataModel: ActionExecutorImpl: ACTION_EXECUTE_QUEUED_ProcessPendingMessagesAction [CONTEXT x_message_id=6574715819210977101 work_id="f8fc534a-f0bf-4e6d-bcb9-c9d798a4c598" pipeline_type="SmsReceivePipeline" ]
07-17 15:01:23.630  8295  8295 D InputMethodManager: showSoftInput() view=io.flutter.embedding.android.FlutterView{ef8162a VFE...... .F...... 0,0-1080,2268 #1 aid=1073741824} flags=0 reason=SHOW_SOFT_INPUT
07-17 15:01:23.632 14452 14452 I GoogleInputMethodService: GoogleInputMethodService.onWindowShown():2418 
07-17 15:01:23.635  4078  5785 D OplusCellularNetworkConfig: getDnsQueryPriority value=http://conn-service-in-03.allawnos.com/generate204
07-17 15:01:23.637  2094  6809 D InputMethodManagerService: onHandleImeWindowVisibleStatus: vis = 3, needsToShowImeSwitcher = false
07-17 15:01:23.639  8295  8295 D InsetsController: show(ime(), fromIme=true)
07-17 15:01:23.642 28281   575 I BugleTrustedContacts: No allowlist change. No work required. Hash: null [CONTEXT class_name="TrustedContactsSyncManager" ]
07-17 15:01:23.643 28281   535 I BugleDataModel: ActionExecutorImpl: ACTION_EXECUTE_QUEUED_RequestSmartSuggestionsAction [CONTEXT x_message_id=6574715819210977101 work_id="f8fc534a-f0bf-4e6d-bcb9-c9d798a4c598" pipeline_type="SmsReceivePipeline" ]
07-17 15:01:23.645 30091   971 W MLFLoggerImpl: Ignored tag[ClientstoreSsnapFileDownloadDuration] due to configuration settings
07-17 15:01:23.646 30091   971 D RemoteConfigProvider: Downloading config from SSNAP: com.amazon.mshop.permission.v2.manifest url:https://m.media-amazon.com/images/S/ssnap-msa/prod/runtimeConfig/android/com.amazon.mshop.permission.v2.manifest.json numRetries:0
07-17 15:01:23.668 30091   971 W RemoteConfigProvider: Skipping cache update for com.amazon.mshop.permission.v2.manifest: downloaded file is older than cached file
07-17 15:01:23.671  2094  3059 D NetworkDiagnostics: unbind service
07-17 15:01:23.671  2094  3059 W System.err: java.lang.IllegalArgumentException: Service not registered: com.oplus.exsystemservice.powermonitor.b$b@5633ff
07-17 15:01:23.689  4119 24289 D NetworkEvent: OplusNetworkEventCbProxy invoke.....onDnsEvent argslen:8
07-17 15:01:23.692 28281 12221 I BugleDataModel: running action ProcessPendingMessagesAction [CONTEXT x_message_id=6574715819210977101 work_id="f8fc534a-f0bf-4e6d-bcb9-c9d798a4c598" pipeline_type="SmsReceivePipeline" ]
07-17 15:01:23.697 28281 12219 I BugleNotifications: ConversationNotificationHandler is triggered, with IncomingMessageNotificationWorkItemParameters.size=1 [CONTEXT x_message_id=6574715819210977101 work_id="f8fc534a-f0bf-4e6d-bcb9-c9d798a4c598" pipeline_type="SmsReceivePipeline" ]
07-17 15:01:23.702  2094  3059 W System.err: 	at android.app.LoadedApk.forgetServiceDispatcher(LoadedApk.java:2145)
07-17 15:01:23.702  2094  3059 W System.err: 	at android.app.ContextImpl.unbindService(ContextImpl.java:2108)
07-17 15:01:23.702  2094  3059 W System.err: 	at android.content.ContextWrapper.unbindService(ContextWrapper.java:899)
07-17 15:01:23.703  2094  3059 W System.err: 	at com.oplus.exsystemservice.powermonitor.b.m(NetworkDiagnostics.java:4)
07-17 15:01:23.703  2094  3059 W System.err: 	at com.oplus.exsystemservice.powermonitor.b$d.handleMessage(NetworkDiagnostics.java:5)
07-17 15:01:23.703  2094  3059 W System.err: 	at android.os.Handler.dispatchMessage(Handler.java:106)
07-17 15:01:23.703  2094  3059 W System.err: 	at android.os.Looper.loopOnce(Looper.java:240)
07-17 15:01:23.703  2094  3059 W System.err: 	at android.os.Looper.loop(Looper.java:351)
07-17 15:01:23.703  2094  3059 W System.err: 	at android.os.HandlerThread.run(HandlerThread.java:67)
07-17 15:01:23.716 28281 12220 I Bugle   : pSIM transferStatus is empty [CONTEXT x_message_id=6574715819210977101 work_id="f8fc534a-f0bf-4e6d-bcb9-c9d798a4c598" pipeline_type="SmsReceivePipeline" sub_id=5 ]
