--------- beginning of system
07-17 15:00:51.748  2094  3230 V Biometrics/AcquisitionClient: Acquired: 6 6, shouldSend: true
07-17 15:00:51.749 11795 11795 W FingerprintManager: Invalid acquired message: 6, 6
07-17 15:00:56.161  2094  3144 V OplusNPMS: getWarningNotification numWarningNotificaion10
07-17 15:00:56.161  2094  3144 V OplusNPMS: getWarningNotification numWarningNotificaion10
07-17 15:00:56.161  2094  3144 V OplusNPMS: getLimitNotificationState subID=5
07-17 15:00:56.161  2094  3144 V OplusNPMS: getLimitNotificationState mSubidToIccId != null
07-17 15:00:56.748  2094  3230 V Biometrics/AcquisitionClient: Acquired: 6 6, shouldSend: true
07-17 15:00:56.749 11795 11795 W FingerprintManager: Invalid acquired message: 6, 6
07-17 15:00:58.550  2094  2965 D CompatibilityChangeReporter: Compat change id reported: 218533173; UID 10317; state: ENABLED
07-17 15:01:01.751  2094  3230 V Biometrics/AcquisitionClient: Acquired: 6 6, shouldSend: true
07-17 15:01:01.754 11795 11795 W FingerprintManager: Invalid acquired message: 6, 6
07-17 15:01:02.161  2094  2419 D OplusThermalStats: REPORT_UPDATE_CPU  ->  phoneTemp:380  preHeatThreshold:400
07-17 15:01:02.303  2094  2392 D ProcessCpuTrackerExtImpl: mContext is already set, return now! 
07-17 15:01:02.592   699 11365 I keystore2: keystore2::watchdog: Watchdog thread idle -> terminating. Have a great day.
07-17 15:01:06.703 11795 11863 D FingerprintManager: Cancel fingerprint authentication requested for: 2213
07-17 15:01:06.708  2094  2158 E OplusCustomizeRestrictionManagerService: isBiometricDisabled start
07-17 15:01:06.709  2094  2158 D Fingerprint21: cancelAuthentication, sensorId: 0
07-17 15:01:06.710  2094  2158 D Biometrics/Fingerprint21/Fingerprint21ServiceProviderExtImpl: [handleOnPointerUp] dispatch to Auth
07-17 15:01:06.710  2094  3230 D BiometricScheduler/Fingerprint21: cancelAuthenticationOrDetection, requestId: 2213
07-17 15:01:06.711  2094  3230 D BiometricScheduler/Fingerprint21: Cancelling auth/detect op: {[5445] com.android.server.biometrics.sensors.fingerprint.hidl.FingerprintAuthenticationClient, proto=3, owner=com.android.systemui, cookie=0, requestId=2213, userId=0}, State: 2
07-17 15:01:06.711  2094  3230 D BiometricSchedulerOperation: [Cancelling] Current client: {[5445] com.android.server.biometrics.sensors.fingerprint.hidl.FingerprintAuthenticationClient, proto=3, owner=com.android.systemui, cookie=0, requestId=2213, userId=0}
07-17 15:01:06.719  2094  2158 D OplusFeatureAOD: key:2094 tmp:2
07-17 15:01:06.720  2094  2704 D VRR [OPlusRefreshRateService]: screenStateChange state: 3
07-17 15:01:06.720  2094  2158 D DisplayManagerServiceExtImpl: request size(1,1),dpc=com.android.server.display.DisplayPowerController@e4b7597 size(0,1),flags=0X200F,id(0,0,local:4630946385424322177), phase=1, enable=true, ready=false,prox=false policy=DOZE,dozeState=DOZE,screenBrightnessOverride=-1.000000,useAuto=false,lowPower=false,lowPowerFactor=1.000000
07-17 15:01:06.727  2094  2704 D BackLightStat: setScreenState: state changed:DOZE_SUSPEND->DOZE
07-17 15:01:06.730  2094  2732 D VRR [OPlusRefreshRateService]: handleScreenStateChange state: 3
07-17 15:01:06.731  2094  2704 D VRR [OPlusRefreshRateService]: notifyBrightnessChange brightness: 0.0
07-17 15:01:06.733  2094  3272 D DisplayPowerState[0]: Updating screen state: id=0, state=DOZE, backlight=1.0, sdrBacklight=1273.0
07-17 15:01:06.734  2094  3272 D OplusSmartBrightnessController: requestDisplayState isFirstDisplay=true state=3 globalDisplayState=0x7
07-17 15:01:06.734  2094  3272 D LocalDisplayAdapter: setDisplayState(id=4630946385424322177 isFirstDisplay=true state changed:DOZE_SUSPEND->DOZE) t-Name=PhotonicModulator
07-17 15:01:06.735  2094  2339 I DisplayDeviceRepository: Display device changed state: "Built-in Screen", DOZE
07-17 15:01:06.738  2094  6936 V WindowManager: Relayout Window{3c5f967 u0 OnScreenFingerprintIcon}: viewVisibility=8, oldvis=0, req=1080x1080
07-17 15:01:06.739  2094  2339 D DisplayManagerServiceExtImpl: scheduleTraversalLocked intraversal=false
07-17 15:01:06.739  2094  2339 I DisplayManagerServiceExtImpl: handle logical display changed logicalDisplay=id=0,phase=1,stack=0,content=true,displayInfo{stack=0,type=1,id=0,uId=local:4630946385424322177,state=DOZE,pkg=null}
07-17 15:01:06.739  2094  2339 D DisplayManagerService: Delivering display event: displayId=0, event=2
07-17 15:01:06.745  2094  2094 I WallpaperManagerServiceExt: removeDisplayData. displayId = 0
07-17 15:01:06.746  2094  2704 D VRR [OPlusRefreshRateService]: notifyBrightnessChange brightness: 0.0
07-17 15:01:06.747  2094  6936 D DisplayManagerService: performTraversalInternal pendingTraversal
07-17 15:01:06.747  2094  6936 D DisplayDevice: setLayerStackLocked id=local:4630946385424322177 token=android.os.BinderProxy@84cfd78 stack=0->0
07-17 15:01:06.747  2094  3059 D OplusDisplayStateMonitor: screenState: STATE_DOZE  last screenState: STATE_DOZE_SUSPEND
07-17 15:01:06.747  2094  3059 D OplusDisplayStateMonitor: DisplayDozeTime:972620057
07-17 15:01:06.747  2094  3059 D OplusDisplayStateMonitor: Last DisplayDozeSuspendTime:972599989
07-17 15:01:06.747  2094  3059 D OplusDisplayStateMonitor: Display doze suspend time delta: 20068 / 25026 ratio:0.97647196535175
07-17 15:01:06.754  2094  2337 D OplusVFXScreenEffectFeature: notifySFCompatWindowStateChange entered false
07-17 15:01:06.756  2094  2340 D DisplayManagerService: performTraversalInternal pendingTraversal
07-17 15:01:06.757  2094  2340 D DisplayDevice: setLayerStackLocked id=local:4630946385424322177 token=android.os.BinderProxy@84cfd78 stack=0->0
07-17 15:01:06.763  2094  2339 D DisplayManagerService: MSG_REQUEST_TRAVERSAL pendingCompleted=false
07-17 15:01:06.763  2094  2158 E OplusCustomizeRestrictionManagerService: getUnlockByFingerprintPolicies fail, return default value.
07-17 15:01:06.837  2094  3230 D Fingerprint21: handleError, client: FingerprintAuthenticationClient, error: 5, vendorCode: 0
07-17 15:01:06.838  2094  3230 D Biometrics/AcquisitionClient: onErrorInternal code: 5, finish: true
07-17 15:01:06.838  2094  3230 V BiometricLogger: Error latency: -1
07-17 15:01:06.838  2094  3230 W BiometricFrameworkStatsLogger: found a negative latency : -1
07-17 15:01:06.841  2094  3230 D BiometricStateCallback: Client finished, state updated to 0, client {[5445] com.android.server.biometrics.sensors.fingerprint.hidl.FingerprintAuthenticationClient, proto=3, owner=com.android.systemui, cookie=0, requestId=2213, userId=0}
07-17 15:01:06.842  2094  3230 D BiometricSchedulerOperation: [Finished / destroy]: {[5445] com.android.server.biometrics.sensors.fingerprint.hidl.FingerprintAuthenticationClient, proto=3, owner=com.android.systemui, cookie=0, requestId=2213, userId=0}
07-17 15:01:06.843  2094  3230 V BiometricCoexCoordinator: no haptic shouldUsuallyVibrate: false, hapticSuppressedByCoex: false
07-17 15:01:06.844  2094  3230 D BiometricScheduler/Fingerprint21: [Finishing] {[5445] com.android.server.biometrics.sensors.fingerprint.hidl.FingerprintAuthenticationClient, proto=3, owner=com.android.systemui, cookie=0, requestId=2213, userId=0}, success: false
07-17 15:01:06.844  2094  3230 D BiometricCoexCoordinator: removeAuthenticationClient(Udfps), client: {[5445] com.android.server.biometrics.sensors.fingerprint.hidl.FingerprintAuthenticationClient, proto=3, owner=com.android.systemui, cookie=0, requestId=2213, userId=0}
07-17 15:01:06.845  2094  3230 D GestureAvailabilityTracker: Notifying gesture availability, active=true
07-17 15:01:06.845  2094  3230 D BiometricScheduler/Fingerprint21: No operations, returning to idle
07-17 15:01:06.846  2094  2158 E OplusCustomizeRestrictionManagerService: getUnlockByFingerprintPolicies fail, return default value.
07-17 15:01:07.211  2094  3229 D OplusPowerManagerHelper: gotoSleepWhenScreenOnBlocked reason= FINGERPRINT_AUTHENTICATE_SUSPEND
07-17 15:01:07.770  2094  2158 D OplusFeatureAOD: key:2094 tmp:0
07-17 15:01:07.772  2094  2704 D DisplayPowerState[0]: setColorFadeLevel: level=0.0
07-17 15:01:07.773  2094  2704 D OplusDisplayPowerControllerExtImpl: RECORD: Animation finished when screen is off
07-17 15:01:07.773  2094  2704 D OplusDisplayPowerControllerExtImpl: [onGoToSleepFinish]
07-17 15:01:07.774  2094  2158 D DisplayManagerServiceExtImpl: request size(1,1),dpc=com.android.server.display.DisplayPowerController@e4b7597 size(0,1),flags=0X200F,id(0,0,local:4630946385424322177), phase=1, enable=true, ready=false,prox=false policy=DOZE,dozeState=OFF,screenBrightnessOverride=-1.000000,useAuto=false,lowPower=false,lowPowerFactor=1.000000
07-17 15:01:07.778  2094  2704 D VRR [OPlusRefreshRateService]: notifyBrightnessChange brightness: 0.0
07-17 15:01:07.778  2094  2704 D DisplayPowerState[0]: updateRunnable run fadeLevle=0.0 state=DOZE brightness changed:1018.0->1.0
07-17 15:01:07.778  2094  2704 D VRR [OPlusRefreshRateService]: screenStateChange state: 1
07-17 15:01:07.779  2094  2732 D VRR [OPlusRefreshRateService]: handleScreenStateChange state: 1
07-17 15:01:07.784  2094  2704 D BackLightStat: setScreenState: state changed:DOZE->OFF
07-17 15:01:07.787  2094  2704 D DisplayPowerController[0]: Brightness [-1.0] reason changing to: 'screen_off', previous reason: 'doze_default'. id=local:4630946385424322177
07-17 15:01:07.788  2094  2704 I DisplayPowerController[0]: BrightnessEvent: disp=0, brt=-1.0, rcmdBrt=NaN, preBrt=NaN, lux=0.0, preLux=0.0, hbmMax=1.0, hbmMode=off, thrmMax=1.0, flags=, reason=screen_off
07-17 15:01:07.788  2094  2704 D VRR [OPlusRefreshRateService]: notifyBrightnessChange brightness: -1.0
07-17 15:01:07.788  2094  2704 D VRR [OPlusRefreshRateService]: brightness is negative, set to zero directly: -1.0
07-17 15:01:07.788  2094  2704 D DisplayPowerState[0]: updateRunnable run fadeLevle=0.0 state=OFF brightness changed:1018.0->-1.0
07-17 15:01:07.791  2094  3272 D DisplayPowerState[0]: Updating screen state: id=0, state=OFF, backlight=-1.0, sdrBacklight=-1.0
07-17 15:01:07.793  2094  2339 I DisplayDeviceRepository: Display device changed state: "Built-in Screen", OFF
07-17 15:01:07.795  2094  2339 D DisplayManagerServiceExtImpl: scheduleTraversalLocked intraversal=false
07-17 15:01:07.795  2094  2339 I DisplayManagerServiceExtImpl: handle logical display changed logicalDisplay=id=0,phase=1,stack=0,content=true,displayInfo{stack=0,type=1,id=0,uId=local:4630946385424322177,state=OFF,pkg=null}
07-17 15:01:07.796  2094  2339 D DisplayManagerService: Delivering display event: displayId=0, event=2
07-17 15:01:07.797  2094  3059 D OplusDisplayStateMonitor: screenState: STATE_OFF  last screenState: STATE_DOZE
07-17 15:01:07.798  2094  3059 D OplusDisplayStateMonitor: screen state off for power save
07-17 15:01:07.800  2094  2339 D DisplayManagerService: MSG_REQUEST_TRAVERSAL pendingCompleted=false
07-17 15:01:07.803  2094  2094 I WallpaperManagerServiceExt: removeDisplayData. displayId = 0
07-17 15:01:07.810  2094  2337 D OplusVFXScreenEffectFeature: notifySFCompatWindowStateChange entered false
07-17 15:01:07.813  2094  2340 D DisplayManagerService: performTraversalInternal pendingTraversal
07-17 15:01:07.813  2094  2340 D DisplayDevice: setLayerStackLocked id=local:4630946385424322177 token=android.os.BinderProxy@84cfd78 stack=0->-1
07-17 15:01:07.821  2094  2339 I VRR [OPlusRefreshRateManager]: hasADFRFeature return false
07-17 15:01:07.821  2094  2339 I DisplayManagerService: Comparing display specs: baseModeId=1 allowGroupSwitching=false primaryRefreshRateRange=[0 240] appRequestRefreshRateRange=[0 240] vrrPolicy=POLICY_DEFAULT, existing: baseModeId=1 allowGroupSwitching=false primaryRefreshRateRange=[0 240] appRequestRefreshRateRange=[0 240] vrrPolicy=POLICY_DEFAULT
07-17 15:01:07.897  2094  3272 D OplusSmartBrightnessController: requestDisplayState isFirstDisplay=true state=1 globalDisplayState=0x0
07-17 15:01:07.898  2094  3272 D LocalDisplayAdapter: setDisplayState(id=4630946385424322177 isFirstDisplay=true state changed:DOZE->OFF) t-Name=PhotonicModulator
07-17 15:01:08.295  2094  3272 D OplusPowerManagerHelper: setDozeLightSensorEnabled:false
07-17 15:01:08.295  2094  3272 D OplusDisplayPanelFeature: getDisplayPanelFeatureValue +++, featureID:20
07-17 15:01:08.298  2094  3272 D OplusDisplayPanelFeature: getDisplayPanelFeatureValue, ret = 0
07-17 15:01:08.298  2094  3272 I OplusDisplayPanelFeature: [0]
07-17 15:01:08.298  2094  3272 D OplusDisplayPanelFeature: getDisplayPanelFeatureValue ---, result = [0]
07-17 15:01:08.298  2094  3272 D OplusSilentRebootManager: silence flags file value is :0
07-17 15:01:08.300  2094  2704 D DisplayPowerState[0]: updateRunnable run fadeLevle=0.0 state=OFF brightness changed:1018.0->-1.0
07-17 15:01:08.301  2094  2704 D VRR [OPlusRefreshRateService]: notifyBrightnessChange brightness: -1.0
07-17 15:01:08.301  2094  2704 D VRR [OPlusRefreshRateService]: brightness is negative, set to zero directly: -1.0
07-17 15:01:12.673  2094  3555 E OplusCustomizeRestrictionManagerService: isBiometricDisabled start
07-17 15:01:12.676  2094  3555 E OplusCustomizeRestrictionManagerService: isBiometricDisabled start
07-17 15:01:12.683  2094  3555 E OplusCustomizeRestrictionManagerService: isBiometricDisabled start
07-17 15:01:12.684  2094  3555 D LockSettingsService: [getStrongAuthForUser]  userId = 0
07-17 15:01:12.684  2094  3555 D BiometricUtils: isEncrypted: false isLockdown: false
07-17 15:01:12.686  2094  3230 D BiometricScheduler/Fingerprint21: [Added] {[5446] com.android.server.biometrics.sensors.fingerprint.hidl.FingerprintUpdateActiveUserClient, proto=1, owner=android, cookie=0, requestId=-1, userId=0}, new queue size: 1
07-17 15:01:12.686  2094  3230 D BiometricScheduler/Fingerprint21: [Polled] {[5446] com.android.server.biometrics.sensors.fingerprint.hidl.FingerprintUpdateActiveUserClient, proto=1, owner=android, cookie=0, requestId=-1, userId=0}, State: 0
07-17 15:01:12.686  2094  3230 D BiometricScheduler/Fingerprint21: [Started] {[5446] com.android.server.biometrics.sensors.fingerprint.hidl.FingerprintUpdateActiveUserClient, proto=1, owner=android, cookie=0, requestId=-1, userId=0}
07-17 15:01:12.686  2094  3230 D FingerprintUpdateActiveUserClient: Already user: com.android.server.biometrics.sensors.fingerprint.hidl.Fingerprint21$$ExternalSyntheticLambda1@dc30f53, returning
07-17 15:01:12.686  2094  3230 D BiometricSchedulerOperation: [Finished / destroy]: {[5446] com.android.server.biometrics.sensors.fingerprint.hidl.FingerprintUpdateActiveUserClient, proto=1, owner=android, cookie=0, requestId=-1, userId=0}
07-17 15:01:12.686  2094  3230 V BiometricSchedulerOperation: started: {[5446] com.android.server.biometrics.sensors.fingerprint.hidl.FingerprintUpdateActiveUserClient, proto=1, owner=android, cookie=0, requestId=-1, userId=0}, State: 5
07-17 15:01:12.688  2094  3230 D BiometricScheduler/Fingerprint21: [Added] {[5447] com.android.server.biometrics.sensors.fingerprint.hidl.FingerprintAuthenticationClient, proto=3, owner=com.android.systemui, cookie=0, requestId=2214, userId=0}, new queue size: 1
07-17 15:01:12.689  2094  3230 V BiometricScheduler/Fingerprint21: Not idle, current operation: {[5446] com.android.server.biometrics.sensors.fingerprint.hidl.FingerprintUpdateActiveUserClient, proto=1, owner=android, cookie=0, requestId=-1, userId=0}, State: 5
07-17 15:01:12.689  2094  3230 D BiometricScheduler/Fingerprint21: [Finishing] {[5446] com.android.server.biometrics.sensors.fingerprint.hidl.FingerprintUpdateActiveUserClient, proto=1, owner=android, cookie=0, requestId=-1, userId=0}, success: true
07-17 15:01:12.689  2094  3230 D BiometricScheduler/Fingerprint21: [Polled] {[5447] com.android.server.biometrics.sensors.fingerprint.hidl.FingerprintAuthenticationClient, proto=3, owner=com.android.systemui, cookie=0, requestId=2214, userId=0}, State: 0
07-17 15:01:12.689  2094  3230 D GestureAvailabilityTracker: Notifying gesture availability, active=false
07-17 15:01:12.690  2094  3230 D BiometricScheduler/Fingerprint21: [Started] {[5447] com.android.server.biometrics.sensors.fingerprint.hidl.FingerprintAuthenticationClient, proto=3, owner=com.android.systemui, cookie=0, requestId=2214, userId=0}
07-17 15:01:12.690  2094  3230 D BiometricCoexCoordinator: addAuthenticationClient(Udfps), client: {[5447] com.android.server.biometrics.sensors.fingerprint.hidl.FingerprintAuthenticationClient, proto=3, owner=com.android.systemui, cookie=0, requestId=2214, userId=0}
07-17 15:01:12.691  2094  3230 D BiometricStateCallback: State updated from 0 to 2, client {[5447] com.android.server.biometrics.sensors.fingerprint.hidl.FingerprintAuthenticationClient, proto=3, owner=com.android.systemui, cookie=0, requestId=2214, userId=0}
07-17 15:01:12.691  2094  3230 D Biometrics/AuthenticationClient: Requesting auth for com.android.systemui
07-17 15:01:12.696  2094  3230 D OplusUserManagerServiceEnhance: getMultiSystemUserId  res = -10000
07-17 15:01:12.705  2094  6850 E OplusCustomizeRestrictionManagerService: getUnlockByFingerprintPolicies fail, return default value.
07-17 15:01:12.709  2094  3230 V BiometricSchedulerOperation: started: {[5447] com.android.server.biometrics.sensors.fingerprint.hidl.FingerprintAuthenticationClient, proto=3, owner=com.android.systemui, cookie=0, requestId=2214, userId=0}, State: 2
07-17 15:01:12.720  2094  3555 D OplusFeatureAOD: key:2094 tmp:2
07-17 15:01:12.720  2094  2704 D VRR [OPlusRefreshRateService]: screenStateChange state: 3
07-17 15:01:12.721  2094  3555 D DisplayManagerServiceExtImpl: request size(1,1),dpc=com.android.server.display.DisplayPowerController@e4b7597 size(0,1),flags=0X200F,id(0,0,local:4630946385424322177), phase=1, enable=true, ready=false,prox=false policy=DOZE,dozeState=DOZE,screenBrightnessOverride=-1.000000,useAuto=false,lowPower=false,lowPowerFactor=1.000000
07-17 15:01:12.721  2094  2732 D VRR [OPlusRefreshRateService]: handleScreenStateChange state: 3
07-17 15:01:12.724  2094  2704 D BackLightStat: setScreenState: state changed:OFF->DOZE
07-17 15:01:12.725  2094  2704 D DisplayPowerState[0]: setColorFadeLevel: level=1.0
07-17 15:01:12.725  2094  2704 D DisplayPowerController[0]: Brightness [0.0] reason changing to: 'doze_default', previous reason: 'screen_off'. id=local:4630946385424322177
07-17 15:01:12.725  2094  2704 I DisplayPowerController[0]: BrightnessEvent: disp=0, brt=0.0, rcmdBrt=NaN, preBrt=NaN, lux=0.0, preLux=0.0, hbmMax=1.0, hbmMode=off, thrmMax=1.0, flags=, reason=doze_default
07-17 15:01:12.726  2094  6850 E OplusCustomizeRestrictionManagerService: getUnlockByFingerprintPolicies fail, return default value.
07-17 15:01:12.728  2094  6850 E OplusCustomizeRestrictionManagerService: getUnlockByFingerprintPolicies fail, return default value.
07-17 15:01:12.728  2094  2704 D VRR [OPlusRefreshRateService]: notifyBrightnessChange brightness: 0.0
07-17 15:01:12.729  2094  3272 D DisplayPowerState[0]: Updating screen state: id=0, state=DOZE, backlight=1.0, sdrBacklight=1273.0
07-17 15:01:12.729  2094  6850 V WindowManager: Relayout Window{3c5f967 u0 OnScreenFingerprintIcon}: viewVisibility=0, oldvis=8, req=1080x1080
07-17 15:01:12.729  2094  3272 D OplusSmartBrightnessController: requestDisplayState isFirstDisplay=true state=3 globalDisplayState=0x3
07-17 15:01:12.730  2094  3272 D LocalDisplayAdapter: setDisplayState(id=4630946385424322177 isFirstDisplay=true state changed:OFF->DOZE) t-Name=PhotonicModulator
07-17 15:01:12.730  2094  2339 I DisplayDeviceRepository: Display device changed state: "Built-in Screen", DOZE
07-17 15:01:12.732  2094  2339 D DisplayManagerServiceExtImpl: scheduleTraversalLocked intraversal=false
07-17 15:01:12.732  2094  2339 I DisplayManagerServiceExtImpl: handle logical display changed logicalDisplay=id=0,phase=1,stack=0,content=true,displayInfo{stack=0,type=1,id=0,uId=local:4630946385424322177,state=DOZE,pkg=null}
07-17 15:01:12.732  2094  2339 D DisplayManagerService: Delivering display event: displayId=0, event=2
07-17 15:01:12.733  2094  2094 I WallpaperManagerServiceExt: removeDisplayData. displayId = 0
07-17 15:01:12.734  2094  3059 D OplusDisplayStateMonitor: screenState: STATE_DOZE  last screenState: STATE_OFF
07-17 15:01:12.734  2094  3059 D OplusDisplayStateMonitor: DisplayDozeTime:972626044
07-17 15:01:12.734  2094  3059 D OplusDisplayStateMonitor: Last DisplayDozeSuspendTime:972599989
07-17 15:01:12.734  2094  3059 D OplusDisplayStateMonitor: Display doze suspend time delta: 26055 / 26077 ratio:0.8248038967611336
07-17 15:01:12.736  2094  2339 D DisplayManagerService: MSG_REQUEST_TRAVERSAL pendingCompleted=false
07-17 15:01:12.740  2094  3230 V Biometrics/AcquisitionClient: Acquired: 6 6, shouldSend: true
07-17 15:01:12.744  2094  6850 D DisplayManagerService: performTraversalInternal pendingTraversal
07-17 15:01:12.745  2094  6850 D DisplayDevice: setLayerStackLocked id=local:4630946385424322177 token=android.os.BinderProxy@84cfd78 stack=-1->0
07-17 15:01:12.748  2094  2705 D OplusPowerManagerHelper: setDozeLightSensorEnabled:true
07-17 15:01:12.749  2094  2337 D OplusVFXScreenEffectFeature: notifySFCompatWindowStateChange entered false
07-17 15:01:12.750  2094  2339 I VRR [OPlusRefreshRateManager]: hasADFRFeature return false
07-17 15:01:12.750  2094  2339 I DisplayManagerService: Comparing display specs: baseModeId=1 allowGroupSwitching=false primaryRefreshRateRange=[0 240] appRequestRefreshRateRange=[0 240] vrrPolicy=POLICY_DEFAULT, existing: baseModeId=1 allowGroupSwitching=false primaryRefreshRateRange=[0 240] appRequestRefreshRateRange=[0 240] vrrPolicy=POLICY_DEFAULT
07-17 15:01:12.758  2094  3703 D WindowManager: finishDrawingWindow: Window{3c5f967 u0 OnScreenFingerprintIcon} mDrawState=DRAW_PENDING
07-17 15:01:12.769  2094  2704 D OplusPowerManagerHelper: light event lux:1.0
07-17 15:01:12.785 11795 11795 W FingerprintManager: Invalid acquired message: 6, 6
07-17 15:01:13.212  2094  3102 I IColorScreenOffTorchHelper: blank IOplusScreenOffTorchHelper
07-17 15:01:13.212  2094  3102 I OplusJoystickManager: read game pad state for game manager -> false
07-17 15:01:13.212  2094  3102 W OplusJoystickManager: mInterceptGamepadKey is false
07-17 15:01:13.270  2094  2704 D OplusPowerManagerHelper: handleMessage:113
07-17 15:01:13.270  2094  2704 D OplusPowerManagerHelper: processLightSensorEvent: lux1.0
07-17 15:01:13.270  2094  2704 D OplusDisplayPanelFeature: setDisplayPanelFeatureValue +++, ID:7, value:0
07-17 15:01:13.369  2094  3095 E Orms_ManagerInner: cannot connect to orms core service!
07-17 15:01:13.373  2094  3095 D OplusPowerManagerHelper: [isFaceAutoUnlockEnabled]
07-17 15:01:13.387  2094  3095 E OplusDisplayPowerControllerExtImpl: execute mBlockReasonList.clear
07-17 15:01:13.388  2094  3095 D OplusFeatureAOD: notifySfUnBlockScreenOn
07-17 15:01:13.388  2094  2704 D VRR [OPlusRefreshRateService]: notifyBrightnessChange brightness: 0.0
07-17 15:01:13.389  2094  3095 D OplusPowerManagerHelper: scheduleNotifyStopDream
07-17 15:01:13.389  2094  3095 D OplusPowerManagerHelper: [onWakeUp]
07-17 15:01:13.389  2094  2704 D OplusPowerManagerHelper: handleMessage:102
07-17 15:01:13.389  2094  3095 D OplusPowerManagerHelper: [requestKeyguard]
07-17 15:01:13.389  2094  2704 D OplusPowerManagerHelper: MSG_STOP_DEAM
07-17 15:01:13.389  2094  2704 I DreamManagerService: Leaving dreamland.
07-17 15:01:13.389  2094  3095 I PowerGroup: Waking up power group from Dozing (groupId=0, uid=1000, reason=WAKE_REASON_POWER_BUTTON, details=android.policy:POWER)...
07-17 15:01:13.389  2094  3095 D PowerManagerService: userActivityNoUpdateLocked: groupId=0, eventTime=701060333, event=0, flags=0x0, uid=1000
07-17 15:01:13.391  2094  3095 I PowerManagerService: Waking up from Dozing (uid=1000, reason=WAKE_REASON_POWER_BUTTON, details=android.policy:POWER)...
07-17 15:01:13.394  2094  3112 D InputMethodManagerService: onHandleImeWindowVisibleStatus: vis = 0, needsToShowImeSwitcher = false
07-17 15:01:13.395  2094  2705 E ActivityManager: Cancel pending or running compactions as system is awake
07-17 15:01:13.397  2094  3095 D OplusVFXScreenEffectFeature: notifySFUpdateVFXEffectState state VFX_SCREEN_POWER_ON NeedNotify true
07-17 15:01:13.400  2094  2706 I OplusSmartBrightnessController: handleMessage MSG_UPDATE_BRIGHTNESS_NO_ANIMATION changed:true
07-17 15:01:13.401  2094  3095 D DisplayManagerServiceExtImpl: request size(1,1),dpc=com.android.server.display.DisplayPowerController@e4b7597 size(0,1),flags=0X200F,id(0,0,local:4630946385424322177), phase=1, enable=true, ready=false,prox=false policy=BRIGHT,dozeState=UNKNOWN,screenBrightnessOverride=-1.000000,useAuto=false,lowPower=false,lowPowerFactor=1.000000
07-17 15:01:13.401  2094  2704 D OplusFeatureAOD: clearDozeStateMap
07-17 15:01:13.401  2094  2704 D VRR [OPlusRefreshRateService]: screenStateChange state: 2
07-17 15:01:13.401  2094  2336 I DreamManagerService: Performing gentle wake from dream.
07-17 15:01:13.401  2094  2704 D OplusSmartBrightnessController: onScreenEvent, isScreenOn:true
07-17 15:01:13.401  2094  2336 I DreamController: Stopping dream: name=ComponentInfo{com.android.systemui/com.android.systemui.doze.DozeService}, isPreviewMode=false, canDoze=true, userId=0, reason='requested stopDream'
07-17 15:01:13.401  2094  2732 D VRR [OPlusRefreshRateService]: handleScreenStateChange state: 2
07-17 15:01:13.403  2094  2704 D DisplayPowerState[0]: setScreenState: state=2
07-17 15:01:13.403  2094  2704 D BackLightStat: setScreenState: state changed:DOZE->ON
07-17 15:01:13.404  2094  3703 E OplusCustomizeRestrictionManagerService: isBiometricDisabled start
07-17 15:01:13.404  2094  2704 D OplusVFXScreenEffectFeature:  setColorFadeLevel 1.0
07-17 15:01:13.404  2094  2704 D OplusVFXScreenEffectFeature: notifySFUpdateVFXEffectState state BRIGHTNESS_CHANGED NeedNotify false
07-17 15:01:13.405  2094  2704 D OplusDisplayPowerControllerExtImpl: original brightness:1018 final brightness:1018.0 scale:1.0 reason:1 darkLevel:0
07-17 15:01:13.406  2094  2704 D DisplayPowerController[0]: Brightness [1018.0] reason changing to: 'manual', previous reason: 'doze_default'. id=local:4630946385424322177
07-17 15:01:13.406  2094  2704 I DisplayPowerController[0]: BrightnessEvent: disp=0, brt=1018.0, rcmdBrt=NaN, preBrt=NaN, lux=0.0, preLux=0.0, hbmMax=1.0, hbmMode=off, thrmMax=1.0, flags=, reason=manual
07-17 15:01:13.406  2094  2704 D VRR [OPlusRefreshRateService]: notifyBrightnessChange brightness: 1018.0
07-17 15:01:13.406  2094  2704 D VRR [OPlusRefreshRateService]: notifyNitsChange nits: 82.923645 discrete nits: 0.0
07-17 15:01:13.406  2094  2732 D VRR [OPlusRefreshRateService]: handleBrightnessChange nits: 82.923645
07-17 15:01:13.407  2094  3102 I OplusJoystickManager: read game pad state for game manager -> false
07-17 15:01:13.407  2094  3102 W OplusJoystickManager: mInterceptGamepadKey is false
07-17 15:01:13.408  2094  2337 V ShutdownStrategy:  cancel Combined rule
07-17 15:01:13.408  2094  3102 D PhoneWindowManagerExtImpl: send check wallet message failed by switch close
07-17 15:01:13.408  2094  2094 V SinglePowerKeyMonitor:  p keyrule onPress.
07-17 15:01:13.408  2094  2094 I WindowManager: Suppressed redundant power key press while already in the process of turning the screen on.
07-17 15:01:13.409  2094  3102 I HwShutdownRecord: RecoverSqlFunc running start, setprop false
07-17 15:01:13.410  2094 11900 W ContextImpl: Calling a method in the system process without a qualified user: android.app.ContextImpl.sendBroadcast:1220 com.android.server.policy.PhoneWindowManagerExtImpl$9.run:1953 java.lang.Thread.run:1572 <bottom of call stack> <bottom of call stack> 
07-17 15:01:13.413  2094  6824 D WindowManager: mKeyguardDelegate.ShowListener.onDrawn.
07-17 15:01:13.413  2094  2337 W WindowManager: Setting mKeyguardDrawComplete
07-17 15:01:13.414  2094  2337 I WindowManager: Waiting for drawn Window{edcc2c1 u0 NotificationShade}: removed=false visible=true mHasSurface=true drawState=1
07-17 15:01:13.416  2094  2340 I WindowManager: Waiting for drawn Window{edcc2c1 u0 NotificationShade}: removed=false visible=true mHasSurface=true drawState=1
07-17 15:01:13.416  2094  6936 E OplusCustomizeRestrictionManagerService: isBiometricDisabled start
07-17 15:01:13.432   676 11903 D vold    : idle maintenance stopped
07-17 15:01:13.433  2094  3115 W OplusStorageManagerFeature: turn screenOn, maintPrepared:false
07-17 15:01:13.438  2094  2705 W ContextImpl: Calling a method in the system process without a qualified user: android.app.ContextImpl.sendBroadcast:1205 com.android.server.am.OplusAppStartupConfig.handleCountRestrictedList:1282 com.android.server.am.OplusAppStartupManager.updateScreenStatus:5342 com.android.server.OplusSysStateManager$LocalService.onWakefulnessChanged:412 com.android.server.power.NotifierExtImpl.onWakefulnessChanged:130 
07-17 15:01:13.442  2094  6824 D WindowManager: finishDrawingWindow: Window{edcc2c1 u0 NotificationShade} mDrawState=DRAW_PENDING
07-17 15:01:13.445  2094  6810 E OplusCustomizeRestrictionManagerService: getUnlockByFingerprintPolicies fail, return default value.
07-17 15:01:13.447  2094  2340 I WindowManager: Waiting for drawn Window{edcc2c1 u0 NotificationShade}: removed=false visible=true mHasSurface=true drawState=4
07-17 15:01:13.447  2094  2340 D WindowManager: All windows drawn!
07-17 15:01:13.449  2094  2339 I WindowManager: All windows ready for every display
07-17 15:01:13.449  2094  2705 D NotifierExtImpl: notifyScreenOnOff: on = true
07-17 15:01:13.449  2094  2705 D OplusPowerManagerServiceEnhance: notifyScreenOnOff on=true
07-17 15:01:13.450  2094  2337 W WindowManager: Setting mWindowManagerDrawComplete
07-17 15:01:13.452  2094  2339 V UsbDeviceManager: onKeyguardStateChanged: isShowing:true secure:true user:0
07-17 15:01:13.453  2094  3112 D InputMethodManagerService: onHandleImeWindowVisibleStatus: vis = 0, needsToShowImeSwitcher = false
07-17 15:01:13.455   676   693 I vold    : evict_sensitive_key: 1,sensitiveType=0
07-17 15:01:13.455   676   693 I vold    : evict_sensitive_key: 1
07-17 15:01:13.455   676   693 D vold    : Cannot find key for 0
07-17 15:01:13.455   676   693 D vold    : Cannot find key for 0
07-17 15:01:13.455   676   693 I vold    : evict_sensitive_key: 1,sensitiveType=1
07-17 15:01:13.455   676   693 I vold    : evict_sensitive_key: 1
07-17 15:01:13.455  2094  2339 E OplusStorageManagerFeature: clear Ae Be key
07-17 15:01:13.457  2094  2337 I WindowManager: Finished screen turning on...
07-17 15:01:13.459  2094  2705 D OplusPowerManagerHelper: setDozeLightSensorEnabled:false
07-17 15:01:13.463  2094  6824 V WindowManager: Relayout Window{edcc2c1 u0 NotificationShade}: viewVisibility=0, oldvis=0, req=1080x2400
07-17 15:01:13.475  2094  6824 E OplusCustomizeRestrictionManagerService: isBiometricDisabled start
07-17 15:01:13.476  2094  6824 E OplusCustomizeRestrictionManagerService: isBiometricDisabled start
07-17 15:01:13.477  2094  3272 D DisplayPowerState[0]: Updating screen state: id=0, state=ON, backlight=1018.0, sdrBacklight=1273.0
07-17 15:01:13.477  2094  2706 I OplusSmartBrightnessController: handleMessage MSG_UPDATE_BRIGHTNESS_NO_ANIMATION changed:false
07-17 15:01:13.479  2094  3703 D WindowManager: finishDrawingWindow: Window{edcc2c1 u0 NotificationShade} mDrawState=HAS_DRAWN
07-17 15:01:13.484  2094  6824 D OplusGuardElfFeature: ICharger set value = 0
07-17 15:01:13.484  2094  6824 D OplusGuardElfFeature: calling class name = ThermalControlUtils
07-17 15:01:13.484  7115  8398 D OplusBatteryManager: set charge value = 0
07-17 15:01:13.484  2094  2339 I VRR [OPlusRefreshRateManager]: hasADFRFeature return false
07-17 15:01:13.484  2094  2339 I DisplayManagerService: Comparing display specs: baseModeId=1 allowGroupSwitching=false primaryRefreshRateRange=[0 240] appRequestRefreshRateRange=[0 240] vrrPolicy=POLICY_DEFAULT, existing: baseModeId=1 allowGroupSwitching=false primaryRefreshRateRange=[0 240] appRequestRefreshRateRange=[0 240] vrrPolicy=POLICY_DEFAULT
07-17 15:01:13.484  2094  2339 I DisplayDeviceRepository: Display device changed state: "Built-in Screen", ON
07-17 15:01:13.486  2094  6824 D VRR [OPlusRefreshRateService]:  setFrameRateTargetControl [ 0.0 , com.example.ecommerce_app , false , com.oplus.battery ]
07-17 15:01:13.486  2094  6824 D VRR [OPlusRefreshRateService]:  setFrameRateTargetControl from [0, 1000, android.uid.system:1000]
07-17 15:01:13.486  2094  6824 D VRR [OPlusExternalRefreshRateManager]:  [FRTC] FrameRate : 0 com.example.ecommerce_app false com.oplus.battery 0 1000
07-17 15:01:13.486  2094  2732 D VRR [OPlusSurfaceFlingerController]:  add frtc FrameRate : 0 com.example.ecommerce_app false com.oplus.battery
07-17 15:01:13.486  2094  2339 D DisplayManagerServiceExtImpl: scheduleTraversalLocked intraversal=false
07-17 15:01:13.486  2094  2339 I DisplayManagerServiceExtImpl: handle logical display changed logicalDisplay=id=0,phase=1,stack=0,content=true,displayInfo{stack=0,type=1,id=0,uId=local:4630946385424322177,state=ON,pkg=null}
07-17 15:01:13.489  2094  2339 D DisplayManagerService: Delivering display event: displayId=0, event=2
07-17 15:01:13.491  2094  2339 D DisplayManagerService: MSG_REQUEST_TRAVERSAL pendingCompleted=false
07-17 15:01:13.502  2094  3059 D OplusDisplayStateMonitor: screenState: STATE_ON  last screenState: STATE_DOZE
07-17 15:01:13.502  2094  3059 D OplusDisplayStateMonitor: Display doze summary : 26845 / 32384 ratio:0.0
07-17 15:01:13.506  2094  2339 I VRR [OPlusRefreshRateManager]: hasADFRFeature return false
07-17 15:01:13.506  2094  2339 I DisplayManagerService: Comparing display specs: baseModeId=1 allowGroupSwitching=false primaryRefreshRateRange=[0 240] appRequestRefreshRateRange=[0 240] vrrPolicy=POLICY_DEFAULT, existing: baseModeId=1 allowGroupSwitching=false primaryRefreshRateRange=[0 240] appRequestRefreshRateRange=[0 240] vrrPolicy=POLICY_DEFAULT
07-17 15:01:13.512  2094  2337 D OplusVFXScreenEffectFeature: notifySFCompatWindowStateChange entered false
07-17 15:01:13.516  2094  2934 E OplusCustomizeRestrictionManagerService: isBiometricDisabled start
07-17 15:01:13.516  2094  6810 E OplusCustomizeRestrictionManagerService: isBiometricDisabled start
07-17 15:01:13.519  2094  2934 E OplusCustomizeRestrictionManagerService: isBiometricDisabled start
07-17 15:01:13.519  2094  6824 E OplusCustomizeRestrictionManagerService: isBiometricDisabled start
07-17 15:01:13.520  2094  2094 I WallpaperManagerServiceExt: removeDisplayData. displayId = 0
07-17 15:01:13.522  2094  2337 D DisplayManagerService: performTraversalInternal pendingTraversal
07-17 15:01:13.522  2094  2337 D DisplayDevice: setLayerStackLocked id=local:4630946385424322177 token=android.os.BinderProxy@84cfd78 stack=0->0
07-17 15:01:13.535  2094  2705 D AlarmWakeupCheck: SCREEN_ON: CntAlarmWakeup = 0
07-17 15:01:13.541  2094  3115 W OplusStorageManagerFeature: turn screenOn, maintPrepared:false
07-17 15:01:13.547   676 11917 D vold    : idle maintenance stopped
07-17 15:01:13.570  2094  2934 D OplusActivityManagerServiceEnhance: setGlThreads detect 11795 11912
07-17 15:01:13.603  2094  2094 D NotificationService: on screen turned on, screen locked:true
07-17 15:01:13.606  2094  3272 D OplusSmartBrightnessController: requestDisplayState isFirstDisplay=true state=2 globalDisplayState=0x3
07-17 15:01:13.606  2094  3272 D LocalDisplayAdapter: setDisplayState(id=4630946385424322177 isFirstDisplay=true state changed:DOZE->ON) t-Name=PhotonicModulator
07-17 15:01:13.631  2094  2094 D OplusPowerMonitor: Receive broadcast android.intent.action.SCREEN_ON
07-17 15:01:13.632  2094  2094 D NetworkDiagnostics: notifyStopMonitorScreenOn
07-17 15:01:13.634  2094  2094 D OplusFeatureBrightnessBarController: screen state:true
07-17 15:01:13.650  2094  2934 E AppOps  : Bad call made by uid 1002. Package "com.google.android.gms" does not belong to uid 1002.
07-17 15:01:13.721  2094  2948 I OplusAppSwitchManagerService: appswitch registerAppSwitchObserver pName = com@@heytap@@accessory observer = com.oplus.app.IOplusAppSwitchObserver$Stub$Proxy@4d8fb2 config = OplusAppSwitchConfig = {  mConfigs = {1=[TOM@@NM@@wirelesssettings@@bluetooth@@DevicePickerActivity, TOM@@android@@internal@@app@@ChooserActivity, TOM@@NM@@melody@@TOMponent@@discovery@@DiscoveryDialogActivity, TOM@@heytap@@smarthome@@webview@@PolicyWebviewActivityHalfScreen, TOM@@heytap@@smarthome@@ipc@@halfcreen@@HalfScreenDeviceFindActivity], 2=[]} observerFingerPrint = 12879489}
07-17 15:01:13.721  2094  2948 I OplusAppSwitchStateDispatcher: registerAppSwitchObserver addDynamicListener OK, info = OplusAppSwitchRuleInfo = {  observer = com.oplus.app.IOplusAppSwitchObserver$Stub$Proxy@4d8fb2 observerFingerPrint = 12879489} rule size =0
07-17 15:01:14.009  2094  2704 D OplusDisplayPowerControllerExtImpl: original brightness:1018 final brightness:1018.0 scale:1.0 reason:1 darkLevel:0
07-17 15:01:14.010  2094  2704 D DisplayPowerController[0]: screenTurnedOn state=2 brightnessState=1018.0 mustNotify=true
07-17 15:01:14.010  2094  2704 D OplusDisplayPowerControllerExtImpl: RECORD:onUpdatePowerState policy:3 state:2 brightness:1018
07-17 15:01:14.010  2094  2704 D VRR [OPlusRefreshRateService]: notifyBrightnessChange brightness: 1018.0
07-17 15:01:14.010  2094  2704 W PowerManagerService: Screen on took 645 ms. groupId = 0
07-17 15:01:14.010  2094  2704 D OplusPowerManagerHelper: [onWakeUpFinish]
07-17 15:01:14.010  2094  2704 D OplusPowerManagerHelper: scheduleNotifyStopDream
07-17 15:01:14.010  2094  2704 D OplusFeatureAOD: notifySfUnBlockScreenOn
07-17 15:01:14.011  2094  2704 I Quality : ScreenOnOff: ON 646 1
07-17 15:01:14.011  2094  2704 D OplusPowerManagerHelper: handleMessage:102
07-17 15:01:14.011  2094  2704 D OplusPowerManagerHelper: MSG_STOP_DEAM
07-17 15:01:14.012  2094  3230 E Biometrics/Fingerprint21/Fingerprint21ServiceProviderExtImpl: mFingerprintCommandCallback is null
07-17 15:01:14.050  2094  2948 E OplusCustomizeRestrictionManagerService: isBiometricDisabled start
07-17 15:01:14.052  2094  2948 E OplusCustomizeRestrictionManagerService: isBiometricDisabled start
07-17 15:01:14.053  2094  2948 E OplusCustomizeRestrictionManagerService: isBiometricDisabled start
07-17 15:01:14.055  2094  2948 E OplusCustomizeRestrictionManagerService: isBiometricDisabled start
07-17 15:01:14.055  2094  3554 E OplusCustomizeRestrictionManagerService: isBiometricDisabled start
07-17 15:01:14.055  2094  3554 E OplusCustomizeRestrictionManagerService: isBiometricDisabled start
07-17 15:01:14.057  2094  3554 D OplusUserManagerServiceEnhance: getMultiSystemUserId  res = -10000
07-17 15:01:14.057  2094  3554 E OplusCustomizeRestrictionManagerService: isBiometricDisabled start
07-17 15:01:14.057  2094  3554 E OplusCustomizeRestrictionManagerService: isBiometricDisabled start
07-17 15:01:14.058  2094  3554 E OplusCustomizeRestrictionManagerService: isBiometricDisabled start
07-17 15:01:14.058  2094  3554 E OplusCustomizeRestrictionManagerService: isBiometricDisabled start
07-17 15:01:14.061 11795 11813 D OneHandedController: setLockedDisabled locked = false, enabled = false ,FeatureEnabled = false
07-17 15:01:14.638  2094  2406 I ActivityManager: Process PhantomProcessRecord {cfa7404 11851:562:cmd/u0a412} died
07-17 15:01:14.642  2094  2406 I ActivityManager: Process PhantomProcessRecord {514cded 11850:562:sh/u0a412} died
07-17 15:01:14.644  2094  3059 D WakeLockHelper: enable wakelock PowerMonior:work, timeout=500
07-17 15:01:14.645  2094  3059 D OplusPowerMonitor: statr analyze standby 
07-17 15:01:14.645  2094  3059 D WakeLockHelper: disable wakelock PowerMonior:work
07-17 15:01:15.374  2094  3230 D Biometrics/Fingerprint21/Fingerprint21ServiceProviderExtImpl: dispatchTouchDown
07-17 15:01:15.375  2094  3230 D Biometrics/Fingerprint21/Fingerprint21ServiceProviderExtImpl: [handleOnPointerDown] dispatch to Auth
07-17 15:01:15.375  2094  3235 D OplusDisplayPanelFeature: setDisplayPanelFeatureValue +++, ID:28, value:1
07-17 15:01:15.375  2094  3235 D OplusDisplayPanelFeature: getDisplayPanelFeatureValue +++, featureID:211
07-17 15:01:15.376  2094  3229 D PowerManagerService: userActivityNoUpdateLocked: groupId=0, eventTime=701062344, event=2, flags=0x0, uid=1000
07-17 15:01:15.377  2094  3235 D OplusDisplayPanelFeature: getDisplayPanelFeatureValue, ret = 0
07-17 15:01:15.377  2094  3235 I OplusDisplayPanelFeature: [4]
07-17 15:01:15.377  2094  3235 D OplusDisplayPanelFeature: getDisplayPanelFeatureValue ---, result = [4]
07-17 15:01:15.601  2094  3230 V Biometrics/AcquisitionClient: Acquired: 0 0, shouldSend: true
07-17 15:01:15.601  2094  3230 D PowerManagerService: userActivityNoUpdateLocked: groupId=0, eventTime=701062569, event=2, flags=0x0, uid=1000
07-17 15:01:15.612  2094  3235 D OplusDisplayPanelFeature: setDisplayPanelFeatureValue +++, ID:28, value:0
07-17 15:01:15.612  2094  3235 D OplusDisplayPanelFeature: getDisplayPanelFeatureValue +++, featureID:211
07-17 15:01:15.612  2094  3230 V BiometricLogger: Authentication latency: -1
07-17 15:01:15.613  2094  3230 W BiometricFrameworkStatsLogger: found a negative latency : -1
07-17 15:01:15.613  2094  3230 V Biometrics/AuthenticationClient: onAuthenticated(true), ID:362363, Owner: com.android.systemui, isBP: false, listener: com.android.server.biometrics.sensors.ClientMonitorCallbackConverter@ae4a683, requireConfirmation: false, user: 0, clientMonitor: {[5447] com.android.server.biometrics.sensors.fingerprint.hidl.FingerprintAuthenticationClient, proto=3, owner=com.android.systemui, cookie=0, requestId=2214, userId=0}
07-17 15:01:15.613  2094  3230 W Biometrics/AuthenticationClient: Allowing background authentication, this is allowed only for platform or test invocations
07-17 15:01:15.613  2094  3235 D OplusDisplayPanelFeature: getDisplayPanelFeatureValue, ret = 0
07-17 15:01:15.613  2094  3230 D BaseClientMonitor: marking operation as done: {[5447] com.android.server.biometrics.sensors.fingerprint.hidl.FingerprintAuthenticationClient, proto=3, owner=com.android.systemui, cookie=0, requestId=2214, userId=0}
07-17 15:01:15.613  2094  3235 I OplusDisplayPanelFeature: [4]
07-17 15:01:15.613  2094  3235 D OplusDisplayPanelFeature: getDisplayPanelFeatureValue ---, result = [4]
07-17 15:01:15.613  2094 12022 V Biometrics/Fingerprint21/Fingerprint21ServiceProviderExtImpl: start notify Vold when fingerprint success
07-17 15:01:15.613  2094  3229 D PowerManagerService: userActivityNoUpdateLocked: groupId=0, eventTime=701062581, event=2, flags=0x0, uid=1000
07-17 15:01:15.614  2094  3230 D BiometricService: resetLockout from: 0, for: 4, userId: 0
07-17 15:01:15.614  2094 12022 I StorageManagerService: unlockUserKey: 0 isFileEncryptedNativeOrEmulated: true hasSecret: false
07-17 15:01:15.615   676   693 I vold    : [sensitive file debug]fscrypt_unlock_sensitive_key start: 0 serial=0 token_present=0
07-17 15:01:15.615   676   693 I vold    : [sensitive file debug]fscrypt_create_and_install_sensitive_file_key start,sensitiveType: 0 token_present=0, create_by_default=1
07-17 15:01:15.615   676   693 I vold    : [sensitive file debug]key_root = /data/misc/vold/user_keys/ae
07-17 15:01:15.619  2094  3230 D Biometrics/AuthenticationClient: addAuthToken: 0
07-17 15:01:15.620   676   693 D vold    : Key exists, using: /data/misc/vold/user_keys/ae/0/default
07-17 15:01:15.620  2094  3230 D BiometricStateCallback: Client finished, state updated to 0, client {[5447] com.android.server.biometrics.sensors.fingerprint.hidl.FingerprintAuthenticationClient, proto=3, owner=com.android.systemui, cookie=0, requestId=2214, userId=0}
07-17 15:01:15.620  2094  3230 D BiometricSchedulerOperation: [Finished / destroy]: {[5447] com.android.server.biometrics.sensors.fingerprint.hidl.FingerprintAuthenticationClient, proto=3, owner=com.android.systemui, cookie=0, requestId=2214, userId=0}
07-17 15:01:15.622  2094  2948 E OplusCustomizeRestrictionManagerService: getUnlockByFingerprintPolicies fail, return default value.
07-17 15:01:15.622  2094  3554 D ActivityTaskManager: Top Process State changed to PROCESS_STATE_TOP
07-17 15:01:15.627  2094  3230 D UaBiometricScheduler/FaceProvider/default/4: [Added] {[5448] com.android.server.biometrics.sensors.face.aidl.FaceResetLockoutClient, proto=12, owner=android, cookie=0, requestId=-1, userId=0}, new queue size: 1
07-17 15:01:15.627  2094  3230 D UaBiometricScheduler/FaceProvider/default/4: [Polled] {[5448] com.android.server.biometrics.sensors.face.aidl.FaceResetLockoutClient, proto=12, owner=android, cookie=0, requestId=-1, userId=0}, State: 0
07-17 15:01:15.627  2094  3230 D UaBiometricScheduler/FaceProvider/default/4: [Started] {[5448] com.android.server.biometrics.sensors.face.aidl.FaceResetLockoutClient, proto=12, owner=android, cookie=0, requestId=-1, userId=0}
07-17 15:01:15.631  2094  2094 E OplusCustomizeRestrictionManagerService: isBiometricDisabled start
07-17 15:01:15.631  2094  2094 D BiometricService: Sensor ID(4), oemStrength: 255, updatedStrength: 255, modality 8, state: 0, cookie: 0, sensorId 4, hasEnrollments: false cannot participate in Keystore operations
07-17 15:01:15.631 11795 11863 D FingerprintManager: Cancel fingerprint authentication requested for: 2214
07-17 15:01:15.632  2094  6824 E OplusCustomizeRestrictionManagerService: isBiometricDisabled start
07-17 15:01:15.632  2094  2948 E OplusCustomizeRestrictionManagerService: isBiometricDisabled start
07-17 15:01:15.633  2094  6824 D Fingerprint21: cancelAuthentication, sensorId: 0
07-17 15:01:15.633  2094  6824 E Biometrics/Fingerprint21/Fingerprint21ServiceProviderExtImpl: [handleCancelAuthentication] Tokens are mismatched
07-17 15:01:15.633  2094  2934 D PowerManagerService: userActivityNoUpdateLocked: groupId=0, eventTime=701062600, event=0, flags=0x0, uid=10189
07-17 15:01:15.635   699 13850 I keystore2: keystore2::authorization: on_lock_screen_event(LockScreenEvent(0), user_id=0, password.is_some()=false, unlocking_sids=Some([2868278589602815095]))
07-17 15:01:15.639  2094  2948 D PowerManagerService: userActivityNoUpdateLocked: groupId=0, eventTime=701062607, event=0, flags=0x0, uid=10189
07-17 15:01:15.641  2094  3483 D CommonDcsUploader: notifyMsgToCommonDcs, logTag: 20120fingerprint_auth_dcsmsg
07-17 15:01:15.646  2094  2935 D VibratorManagerServiceExtImpl: is not PrebakedSegment
07-17 15:01:15.650  2094  2935 E OplusCustomizeRestrictionManagerService: isBiometricDisabled start
07-17 15:01:15.652  2094  2934 E OplusCustomizeRestrictionManagerService: isBiometricDisabled start
07-17 15:01:15.653  2094  3554 D DisplayManagerServiceExtImpl: scheduleTraversalLocked intraversal=false
07-17 15:01:15.653  2094  3554 I DisplayManagerServiceExtImpl: handle logical display changed logicalDisplay=id=0,phase=1,stack=0,content=true,displayInfo{stack=0,type=1,id=0,uId=local:4630946385424322177,state=ON,pkg=null}
07-17 15:01:15.654  2094  2934 I VibratorManagerServiceExtImpl: vibrate is uid=10189, pid=11795, opPkg=com.android.systemui, effect=Mono{mEffect=Composed{segments=[Step{amplitude=0.0, frequencyHz=0.0, duration=0}, Step{amplitude=-1.0, frequencyHz=0.0, duration=50}], repeat=-1}}, attributes=VibrationAttributes: Usage=TOUCH Audio Usage= USAGE_UNKNOWN Flags=0, token=241048620
07-17 15:01:15.655  2094  2934 D VibratorManagerServiceExtImpl: startCustomizeVibratorLocked id= 0,size=1
07-17 15:01:15.655  2094  2934 D VibratorManagerServiceExtImpl: startCustomizeVibratorLocked withCallback=true
07-17 15:01:15.658  2094  3554 D TaskFragmentExtImpl: addColorModeOnResume resume=true pkg = com.example.ecommerce_app
07-17 15:01:15.658  2094  3554 D ActivityTaskManager: getStartingWindowType: newTask=false, taskSwitch=true, processRunning=true, allowTaskSnapshot=true, activityCreated=true, snapshot=null, record:ActivityRecord{e281167 u0 com.example.ecommerce_app/.MainActivity} t1155}
07-17 15:01:15.659  2094  3554 D CompatibilityChangeReporter: Compat change id reported: 205907456; UID 10317; state: ENABLED
07-17 15:01:15.661  2094  3554 D DisplayManagerService: performTraversalInternal pendingTraversal
07-17 15:01:15.661  2094  3554 D DisplayDevice: setLayerStackLocked id=local:4630946385424322177 token=android.os.BinderProxy@84cfd78 stack=0->0
07-17 15:01:15.661 11795 11821 D PhoneStartingWindowTypeAlgorithm: preferredStartingWindowType newTask=false, taskSwitch=true, processRunning=true, allowTaskSnapshot=true, activityCreated=true, isSolidColorSplashScreen=true, legacySplashScreen=false, activityDrawn=false, topIsHome=false
07-17 15:01:15.664 11795 11821 D OplusShellStartingWindowManager: adjustSuggestedWindowType: skip no-system app and no-exception list app
07-17 15:01:15.669  2094  4267 D LockSettingsService: [reportSuccessfulBiometricUnlock] isStrongBiometric = true, userId = 0
07-17 15:01:15.669 11795 11822 D ShellStartingWindow: getWindowAttrs window attributes color: 0, replace icon: false
07-17 15:01:15.669 11795 11822 D ShellStartingWindow: inconsize = 0
07-17 15:01:15.670  2094  3703 V WindowManager: Relayout Window{cdbc618 u0 NavigationBar0}: viewVisibility=0, oldvis=0, req=1080x132
07-17 15:01:15.670  2094  3230 V BiometricSchedulerOperation: started: {[5448] com.android.server.biometrics.sensors.face.aidl.FaceResetLockoutClient, proto=12, owner=android, cookie=0, requestId=-1, userId=0}, State: 2
07-17 15:01:15.671  2094  3703 D DisplayManagerService: performTraversalInternal pendingTraversal
07-17 15:01:15.671  2094  3703 D DisplayDevice: setLayerStackLocked id=local:4630946385424322177 token=android.os.BinderProxy@84cfd78 stack=0->0
07-17 15:01:15.673  2094  2934 D OplusFullScreenDisplayManager: adjustWindowParamsLw com.example.ecommerce_app, no change cutoutMode: 0
07-17 15:01:15.674  2094  3554 E OplusCustomizeRestrictionManagerService: getUnlockByFingerprintPolicies fail, return default value.
07-17 15:01:15.675  2094  2934 I WindowManager: addWindow: New client android.os.BinderProxy@10b7756 : window=Window{2c233d7 u0 Splash Screen com.example.ecommerce_app}
07-17 15:01:15.678  2094  3726 E OplusCustomizeRestrictionManagerService: isBiometricDisabled start
