07-17 15:01:32.610  1319  1486 E ANDR-PERF-OPTSHANDLER: Perflock resource /sys/class/devfreq/soc:qcom,cpubw/bw_hwmon/sample_ms not supported
07-17 15:01:32.610  1319  1486 E ANDR-PERF-RESOURCEQS: Failed to apply optimization [6, 8]
07-17 15:01:32.610  1319  1486 E ANDR-PERF-OPTSHANDLER: Perflock resource SPECIAL_NODE - cpubw_hwmon_hyst_opt not supported
07-17 15:01:32.610  1319  1486 E ANDR-PERF-RESOURCEQS: Failed to apply optimization [6, 3]
07-17 15:01:32.610  1319  1486 E ANDR-PERF-OPTSHANDLER: Perflock resource /sys/class/devfreq/soc:qcom,cpubw/min_freq not supported
07-17 15:01:32.610  1319  1486 E ANDR-PERF-RESOURCEQS: Failed to apply optimization [6, 0]
07-17 15:01:32.613 26031 26031 D COUIKeyBoardView: adjustSizeChange measure width: 1080 mKeyboardWidth: 1038 KeyboardType: 1 mCurrentCarDisplay: false
07-17 15:01:32.613 26031 26031 D COUIKeyBoardView: adjustSizeChange measure width: 1080 mKeyboardWidth: 1038 KeyboardType: 1 mCurrentCarDisplay: false
07-17 15:01:32.613 26031 26031 D COUIKeyBoardView: adjustSizeChange measure width: 1080 mKeyboardWidth: 1038 KeyboardType: 1 mCurrentCarDisplay: false
07-17 15:01:32.613 26031 26031 D COUIKeyBoardView: adjustSizeChange measure width: 1080 mKeyboardWidth: 1038 KeyboardType: 1 mCurrentCarDisplay: false
07-17 15:01:32.616  2094  3554 V WindowManager: Relayout Window{440b496 u0 OplusSecurityInputMethod}: viewVisibility=0, oldvis=8, req=1080x2400
07-17 15:01:32.624 26031 26031 D BufferQueueConsumer: [](id:65af0000003d,api:0,p:-1,c:26031) connect: controlledByApp=false
07-17 15:01:32.625 26031 26031 E IPCThreadState: attemptIncStrongHandle(67): Not supported
07-17 15:01:32.626 26031 26031 D COUIKeyBoardView: adjustSizeChange measure width: 1080 mKeyboardWidth: 1038 KeyboardType: 1 mCurrentCarDisplay: false
07-17 15:01:32.626 26031 26366 D BufferQueueProducer: [VRI[OplusSecurityInputMethod]#61(BLAST Consumer)61](id:65af0000003d,api:1,p:26031,c:26031) connect: api=1 producerControlledByApp=true
07-17 15:01:32.626 26031 26031 D COUIKeyBoardView: adjustSizeChange measure width: 1080 mKeyboardWidth: 1038 KeyboardType: 1 mCurrentCarDisplay: false
07-17 15:01:32.626 26031 26031 D COUIKeyBoardView: adjustSizeChange measure width: 1080 mKeyboardWidth: 1038 KeyboardType: 1 mCurrentCarDisplay: false
07-17 15:01:32.626 26031 26031 D COUIKeyBoardView: adjustSizeChange measure width: 1080 mKeyboardWidth: 1038 KeyboardType: 1 mCurrentCarDisplay: false
07-17 15:01:32.626 26031 26031 D VRI[OplusSecurityInputMethod]: registerCallbacksForSync syncBuffer=false
07-17 15:01:32.647 26031 26366 D VRI[OplusSecurityInputMethod]: Received frameCommittedCallback lastAttemptedDrawFrameNum=1 didProduceBuffer=true syncBuffer=false
07-17 15:01:32.648  1433  1433 D OplusLayer: (121271,OplusSecurityInputMethod#121271,com.oplus.securitykeyboard) setBuffer
07-17 15:01:32.649 26031 26031 D VRI[OplusSecurityInputMethod]: draw finished.
07-17 15:01:32.650  2094  3554 D WindowManager: finishDrawingWindow: Window{440b496 u0 OplusSecurityInputMethod} mDrawState=DRAW_PENDING
07-17 15:01:32.653  8295  8295 D InsetsController: show(ime(), fromIme=true)
07-17 15:01:32.659  2094  2339 V WindowStateExtImpl: notifyWindowStateChange input show
07-17 15:01:32.661  2094  2339 I OplusScreenSecurityMask: add WindowsName list: Window{440b496 u0 OplusSecurityInputMethod} list size: 1 isFromSetSecure: false , surfaceShown = true , displayId = 0
07-17 15:01:32.661  2094  2339 I OplusScreenSecurityMask: onSecurityPageFlagChanged size: 0 , surfaceShown = true , displayId = 0
07-17 15:01:32.664  2094  3554 D OplusWindowManagerServiceEnhance: setInsetAnimationTid: pid 8295 tid 8295 enable true
07-17 15:01:32.678 26031 26031 D SecurityKeyboardView: handleMessage MSG_REMOVE_PREVIEW
07-17 15:01:32.678 26031 26031 D SecurityKeyboardView: handleMessage MSG_REMOVE_PREVIEW
07-17 15:01:32.678  1433  1433 D Layer   : reparent to null sequence=121268, seq[2], name=Surface(name=cdbc618 NavigationBar0)/@0x2e23d7c - animation-leash of insets_animation#121268
07-17 15:01:32.679  1433  1433 D OplusLayer: ~Layer() sequence=121268, name=Surface(name=cdbc618 NavigationBar0)/@0x2e23d7c - animation-leash of insets_animation#121268
07-17 15:01:32.713  1433  1433 I DispPerfService: updateLayerMask 0
07-17 15:01:32.714  2094  3726 D InputMethodManagerService: onHandleImeWindowVisibleStatus: vis = 0, needsToShowImeSwitcher = false
07-17 15:01:32.786  1281  5187 I vendor.qti.bluetooth@1.0-ibs_handler: ProcessIbsCmd: Received IBS_WAKE_IND: 0xFD
07-17 15:01:32.787  1281  5187 D vendor.qti.bluetooth@1.0-ibs_handler: SerialClockVote: vote for UART CLK ON
07-17 15:01:32.788  1281  5187 D vendor.qti.bluetooth@1.0-wake_lock: Acquire wakelock is acquired 
07-17 15:01:32.788  1281  5187 I vendor.qti.bluetooth@1.0-ibs_handler: ProcessIbsCmd: Writing IBS_WAKE_ACK
07-17 15:01:32.794 24997 25256 I NearbyDiscovery: (REDACTED) BloomFilterAdvManager: Detected bloom filter but too far away, ignoring. %sm, %s
07-17 15:01:32.829  1281  5187 I vendor.qti.bluetooth@1.0-ibs_handler: ProcessIbsCmd: Received IBS_SLEEP_IND: 0xFE
07-17 15:01:32.829  1281  5187 D vendor.qti.bluetooth@1.0-ibs_handler: SerialClockVote: vote for UART CLK OFF
07-17 15:01:32.863  1281  5187 I vendor.qti.bluetooth@1.0-ibs_handler: ProcessIbsCmd: Received IBS_WAKE_IND: 0xFD
07-17 15:01:32.864  1281  5187 D vendor.qti.bluetooth@1.0-ibs_handler: SerialClockVote: vote for UART CLK ON
07-17 15:01:32.864  1281  5187 I vendor.qti.bluetooth@1.0-ibs_handler: ProcessIbsCmd: Writing IBS_WAKE_ACK
07-17 15:01:32.870 24997 25256 I NearbyDiscovery: (REDACTED) BloomFilterAdvManager: Detected bloom filter but too far away, ignoring. %sm, %s
07-17 15:01:32.905  1281  5187 I vendor.qti.bluetooth@1.0-ibs_handler: ProcessIbsCmd: Received IBS_SLEEP_IND: 0xFE
07-17 15:01:32.905  1281  5187 D vendor.qti.bluetooth@1.0-ibs_handler: SerialClockVote: vote for UART CLK OFF
07-17 15:01:32.978  2094  3726 D OplusWindowManagerServiceEnhance: setInsetAnimationTid: pid 8295 tid 8295 enable false
07-17 15:01:33.007  1319  1486 E ANDR-PERF-OPTSHANDLER: Perflock resource /sys/class/devfreq/soc:qcom,cpu0-llcc-ddr-lat/min_freq not supported
07-17 15:01:33.007  1319  1486 E ANDR-PERF-RESOURCEQS: Failed to apply optimization [13, 12]
07-17 15:01:33.007  1319  1486 E ANDR-PERF-OPTSHANDLER: Perflock resource /sys/class/devfreq/soc:qcom,cpu0-llcc-ddr-lat/min_freq not supported
07-17 15:01:33.007  1319  1486 E ANDR-PERF-RESOURCEQS: Failed to apply optimization [13, 12]
07-17 15:01:33.007  1319  1486 E ANDR-PERF-OPTSHANDLER: Perflock resource /sys/class/devfreq/soc:qcom,cpubw/bw_hwmon/io_percent not supported
07-17 15:01:33.007  1319  1486 E ANDR-PERF-RESOURCEQS: Failed to apply optimization [6, 2]
07-17 15:01:33.007  1319  1486 E ANDR-PERF-OPTSHANDLER: Perflock resource /sys/class/devfreq/soc:qcom,cpubw/bw_hwmon/sample_ms not supported
07-17 15:01:33.007  1319  1486 E ANDR-PERF-RESOURCEQS: Failed to apply optimization [6, 8]
07-17 15:01:33.007  1319  1486 E ANDR-PERF-OPTSHANDLER: Perflock resource SPECIAL_NODE - cpubw_hwmon_hyst_opt not supported
07-17 15:01:33.007  1319  1486 E ANDR-PERF-RESOURCEQS: Failed to apply optimization [6, 3]
07-17 15:01:33.007  1319  1486 E ANDR-PERF-OPTSHANDLER: Perflock resource /sys/class/devfreq/soc:qcom,cpubw/min_freq not supported
07-17 15:01:33.007  1319  1486 E ANDR-PERF-RESOURCEQS: Failed to apply optimization [6, 0]
07-17 15:01:33.055  1281  5015 D vendor.qti.bluetooth@1.0-wake_lock: Release wakelock is released 
07-17 15:01:33.192  2094  4035 I OplusHansManager : uid=10288, pkg=in.amazon.mShop.android.shopping can transition from M to F
07-17 15:01:33.195  2094  4035 I OplusHansManager : uid=10288, pkg=in.amazon.mShop.android.shopping F enter(), M stay=10
07-17 15:01:33.199  2094  4035 I OplusHansManager : freeze uid: 10288 in.amazon.mShop.android.shopping pids: [30091] scene: LcdOn
07-17 15:01:33.202  6315 21524 D IHansComunication: HansComunication::addUid-- 10288, persistent--0
07-17 15:01:33.202  6315 21524 D IHansComunication: HANS sendMessageToKernel: threadId = 490492378288, netLinkSetup = 1, type = PKG, targetUid = 10288, pkgCmd = ADD_ONE_UID
07-17 15:01:33.271  2094  3266 D OGG_Detector: D:done mCurrStatus: 0
07-17 15:01:33.272 26031 26031 D KeyboardHelper: Linear motors are not supported!
07-17 15:01:33.272  2094  3101 D PowerManagerService: userActivityNoUpdateLocked: groupId=0, eventTime=701080234, event=2, flags=0x0, uid=1000
07-17 15:01:33.273  1393  1393 D ORMS_HAL: OrmsHalService write file /proc/sys/kernel/input_boost_enabled - 1.
07-17 15:01:33.274  2094  3554 E SystemServiceRegistry: Manager wrapper not available: linearmotor
07-17 15:01:33.274  2094  3554 D VibratorManagerServiceExtImpl: is not PrebakedSegment
07-17 15:01:33.275  2094  3554 D SystemVibratorExtImpl: convertToLinearVibration uid = 1000, opPkg = android, effect = Composed{segments=[Step{amplitude=0.0, frequencyHz=0.0, duration=0}, Step{amplitude=-1.0, frequencyHz=0.0, duration=65}], repeat=-1}, attributes = VibrationAttributes: Usage=TOUCH Audio Usage= USAGE_UNKNOWN Flags=0
07-17 15:01:33.275  2094  3554 D SystemVibratorExtImpl: no vibrator_lmvibrator or CTS vibration, do not convert
07-17 15:01:33.275  2094  3554 I VibratorManagerServiceExtImpl: vibrate is uid=1000, pid=2094, opPkg=android, effect=Mono{mEffect=Composed{segments=[Step{amplitude=0.0, frequencyHz=0.0, duration=0}, Step{amplitude=-1.0, frequencyHz=0.0, duration=65}], repeat=-1}}, attributes=VibrationAttributes: Usage=TOUCH Audio Usage= USAGE_UNKNOWN Flags=0, token=180042661
07-17 15:01:33.275  2094  3554 D VibratorManagerServiceExtImpl: startCustomizeVibratorLocked id= 0,size=1
07-17 15:01:33.275  2094  3554 D VibratorManagerServiceExtImpl: startCustomizeVibratorLocked withCallback=true
07-17 15:01:33.276  1319  1486 E ANDR-PERF-OPTSHANDLER: Perflock resource /sys/class/devfreq/soc:qcom,cpu0-llcc-ddr-lat/min_freq not supported
07-17 15:01:33.276  1319  1486 E ANDR-PERF-RESOURCEQS: Failed to apply optimization [13, 12]
07-17 15:01:33.276  1319  1486 E ANDR-PERF-OPTSHANDLER: Perflock resource /sys/class/devfreq/soc:qcom,cpu0-llcc-ddr-lat/min_freq not supported
07-17 15:01:33.276  1319  1486 E ANDR-PERF-RESOURCEQS: Failed to apply optimization [13, 12]
07-17 15:01:33.276  1319  1486 E ANDR-PERF-OPTSHANDLER: Perflock resource /sys/class/devfreq/soc:qcom,cpubw/bw_hwmon/io_percent not supported
07-17 15:01:33.277  1319  1486 E ANDR-PERF-RESOURCEQS: Failed to apply optimization [6, 2]
07-17 15:01:33.277  1319  1486 E ANDR-PERF-OPTSHANDLER: Perflock resource /sys/class/devfreq/soc:qcom,cpubw/bw_hwmon/sample_ms not supported
07-17 15:01:33.277  1319  1486 E ANDR-PERF-RESOURCEQS: Failed to apply optimization [6, 8]
07-17 15:01:33.277  1319  1486 E ANDR-PERF-OPTSHANDLER: Perflock resource SPECIAL_NODE - cpubw_hwmon_hyst_opt not supported
07-17 15:01:33.277  1319  1486 E ANDR-PERF-RESOURCEQS: Failed to apply optimization [6, 3]
07-17 15:01:33.277  1319  1486 E ANDR-PERF-OPTSHANDLER: Perflock resource /sys/class/devfreq/soc:qcom,cpubw/min_freq not supported
07-17 15:01:33.277  1319  1486 E ANDR-PERF-RESOURCEQS: Failed to apply optimization [6, 0]
07-17 15:01:33.284  1404  1404 I aidl_vibrator: Vibrator on for timeoutMs: 65
07-17 15:01:33.287  2094  3554 V WindowManager: Relayout Window{4cf095f u0 skuSecurityPopupWindow}: viewVisibility=0, oldvis=4, req=120x176
07-17 15:01:33.300 26031 26031 D BufferQueueConsumer: [](id:65af0000003e,api:0,p:-1,c:26031) connect: controlledByApp=false
07-17 15:01:33.304 26031 26031 D VRI[skuSecurityPopupWindow]: registerCallbacksForSync syncBuffer=false
07-17 15:01:33.304 26031 26366 D BufferQueueProducer: [VRI[skuSecurityPopupWindow]#62(BLAST Consumer)62](id:65af0000003e,api:1,p:26031,c:26031) connect: api=1 producerControlledByApp=true
07-17 15:01:33.309 26031 26366 D VRI[skuSecurityPopupWindow]: Received frameCommittedCallback lastAttemptedDrawFrameNum=1 didProduceBuffer=true syncBuffer=false
07-17 15:01:33.309 26031 26031 D VRI[skuSecurityPopupWindow]: draw finished.
07-17 15:01:33.311  2094  3554 D WindowManager: finishDrawingWindow: Window{4cf095f u0 skuSecurityPopupWindow} mDrawState=DRAW_PENDING
07-17 15:01:33.315  2094  2340 I OplusScreenSecurityMask: add WindowsName list: Window{4cf095f u0 skuSecurityPopupWindow} list size: 2 isFromSetSecure: false , surfaceShown = true , displayId = 0
07-17 15:01:33.315  2094  2340 I OplusScreenSecurityMask: onSecurityPageFlagChanged size: 0 , surfaceShown = true , displayId = 0
07-17 15:01:33.326  1433  1433 D OplusLayer: (121272,skuSecurityPopupWindow#121272,com.oplus.securitykeyboard) setBuffer
07-17 15:01:33.328  1433  1433 I DispPerfService: updateLayerMask 0
07-17 15:01:33.351  1404  1404 I aidl_vibrator: Vibrator off
07-17 15:01:33.366 26031 26031 D SecurityKeyboardView: handler isn't null and keyIndex is -1
07-17 15:01:33.370  8295  8295 D InputMethodManager: showSoftInput() view=io.flutter.embedding.android.FlutterView{ef8162a VFE...... .F...... 0,0-1080,2268 #1 aid=1073741824} flags=0 reason=SHOW_SOFT_INPUT
07-17 15:01:33.374  8295  8295 D InsetsController: show(ime(), fromIme=true)
07-17 15:01:33.379  2046  2596 D BufferPoolAccessor2.0: bufferpool2 0xb40000742b4e0428 : 0(0 size) total buffers - 0(0 size) used buffers - 38/42 (recycle/alloc) - 4/41 (fetch/transfer)
07-17 15:01:33.379  2046  2596 D BufferPoolAccessor2.0: evictor expired: 2, evicted: 1
07-17 15:01:33.409  1863 13096 D BufferPoolAccessor2.0: bufferpool2 0xe5e353d8 : 0(0 size) total buffers - 0(0 size) used buffers - 41/49 (recycle/alloc) - 8/88 (fetch/transfer)
07-17 15:01:33.409  1863 13096 D BufferPoolAccessor2.0: evictor expired: 1, evicted: 1
07-17 15:01:33.442 26031 26031 D SecurityKeyboardView: handleMessage MSG_REMOVE_PREVIEW
07-17 15:01:33.457  2094  3266 D OGG_Detector: D:done mCurrStatus: 0
07-17 15:01:33.458  2094  3101 D PowerManagerService: userActivityNoUpdateLocked: groupId=0, eventTime=701080422, event=2, flags=0x0, uid=1000
07-17 15:01:33.458 26031 26031 D KeyboardHelper: Linear motors are not supported!
07-17 15:01:33.459  1393  1393 D ORMS_HAL: OrmsHalService write file /proc/sys/kernel/input_boost_enabled - 1.
07-17 15:01:33.460  2094  3554 E SystemServiceRegistry: Manager wrapper not available: linearmotor
07-17 15:01:33.460  2094  3554 D VibratorManagerServiceExtImpl: is not PrebakedSegment
07-17 15:01:33.460  2094  3554 D SystemVibratorExtImpl: convertToLinearVibration uid = 1000, opPkg = android, effect = Composed{segments=[Step{amplitude=0.0, frequencyHz=0.0, duration=0}, Step{amplitude=-1.0, frequencyHz=0.0, duration=65}], repeat=-1}, attributes = VibrationAttributes: Usage=TOUCH Audio Usage= USAGE_UNKNOWN Flags=0
07-17 15:01:33.460  2094  3554 D SystemVibratorExtImpl: no vibrator_lmvibrator or CTS vibration, do not convert
07-17 15:01:33.461  2094  3554 I VibratorManagerServiceExtImpl: vibrate is uid=1000, pid=2094, opPkg=android, effect=Mono{mEffect=Composed{segments=[Step{amplitude=0.0, frequencyHz=0.0, duration=0}, Step{amplitude=-1.0, frequencyHz=0.0, duration=65}], repeat=-1}}, attributes=VibrationAttributes: Usage=TOUCH Audio Usage= USAGE_UNKNOWN Flags=0, token=180042661
07-17 15:01:33.461  2094  3554 D VibratorManagerServiceExtImpl: startCustomizeVibratorLocked id= 0,size=1
07-17 15:01:33.461  2094  3554 D VibratorManagerServiceExtImpl: startCustomizeVibratorLocked withCallback=true
07-17 15:01:33.461  1319  1486 E ANDR-PERF-OPTSHANDLER: Perflock resource /sys/class/devfreq/soc:qcom,cpu0-llcc-ddr-lat/min_freq not supported
07-17 15:01:33.461  1319  1486 E ANDR-PERF-RESOURCEQS: Failed to apply optimization [13, 12]
07-17 15:01:33.461  1319  1486 E ANDR-PERF-OPTSHANDLER: Perflock resource /sys/class/devfreq/soc:qcom,cpu0-llcc-ddr-lat/min_freq not supported
07-17 15:01:33.461  1319  1486 E ANDR-PERF-RESOURCEQS: Failed to apply optimization [13, 12]
07-17 15:01:33.461  1319  1486 E ANDR-PERF-OPTSHANDLER: Perflock resource /sys/class/devfreq/soc:qcom,cpubw/bw_hwmon/io_percent not supported
07-17 15:01:33.461  1319  1486 E ANDR-PERF-RESOURCEQS: Failed to apply optimization [6, 2]
07-17 15:01:33.461  1319  1486 E ANDR-PERF-OPTSHANDLER: Perflock resource /sys/class/devfreq/soc:qcom,cpubw/bw_hwmon/sample_ms not supported
07-17 15:01:33.461  1319  1486 E ANDR-PERF-RESOURCEQS: Failed to apply optimization [6, 8]
07-17 15:01:33.461  1319  1486 E ANDR-PERF-OPTSHANDLER: Perflock resource SPECIAL_NODE - cpubw_hwmon_hyst_opt not supported
07-17 15:01:33.461  1319  1486 E ANDR-PERF-RESOURCEQS: Failed to apply optimization [6, 3]
07-17 15:01:33.461  1319  1486 E ANDR-PERF-OPTSHANDLER: Perflock resource /sys/class/devfreq/soc:qcom,cpubw/min_freq not supported
07-17 15:01:33.461  1319  1486 E ANDR-PERF-RESOURCEQS: Failed to apply optimization [6, 0]
07-17 15:01:33.464  1404  1404 I aidl_vibrator: Vibrator on for timeoutMs: 65
07-17 15:01:33.465  2094  3554 V WindowManager: Relayout Window{4cf095f u0 skuSecurityPopupWindow}: viewVisibility=0, oldvis=0, req=120x176
07-17 15:01:33.470  4689  4707 E horae   : 0: back:38117,frame:34993,front:37782, 6, +(2115), 1 ,37300,39166,40523,40232
07-17 15:01:33.531  1404  1404 I aidl_vibrator: Vibrator off
07-17 15:01:33.551 26031 26031 D SecurityKeyboardView: handler isn't null and keyIndex is -1
07-17 15:01:33.559  8295  8295 D InputMethodManager: showSoftInput() view=io.flutter.embedding.android.FlutterView{ef8162a VFE...... .F...... 0,0-1080,2268 #1 aid=1073741824} flags=0 reason=SHOW_SOFT_INPUT
07-17 15:01:33.570  8295  8295 D InsetsController: show(ime(), fromIme=true)
07-17 15:01:33.626 26031 26031 D SecurityKeyboardView: handleMessage MSG_REMOVE_PREVIEW
07-17 15:01:33.644 26031 26366 D BufferQueueProducer: [VRI[skuSecurityPopupWindow]#62(BLAST Consumer)62](id:65af0000003e,api:1,p:26031,c:26031) disconnect: api 1
07-17 15:01:33.648  2094  3554 V WindowManager: Relayout Window{4cf095f u0 skuSecurityPopupWindow}: viewVisibility=4, oldvis=0, req=120x176
07-17 15:01:33.648  2094  3554 I OplusScreenSecurityMask: remove WindowsName list: Window{4cf095f u0 skuSecurityPopupWindow} list size: 1 isFromSetSecure: false , surfaceShown = false , displayId = 0
07-17 15:01:33.657  1433  1433 D Layer   : reparent to null sequence=121272, seq[4], name=skuSecurityPopupWindow#121272
07-17 15:01:33.659 26031 26031 D BufferQueueConsumer: [VRI[skuSecurityPopupWindow]#62(BLAST Consumer)62](id:65af0000003e,api:0,p:-1,c:26031) disconnect
07-17 15:01:33.660  1433  1433 I DispPerfService: updateLayerMask 0
07-17 15:01:33.667  1281  5187 I vendor.qti.bluetooth@1.0-ibs_handler: ProcessIbsCmd: Received IBS_WAKE_IND: 0xFD
07-17 15:01:33.667  1281  5187 D vendor.qti.bluetooth@1.0-ibs_handler: SerialClockVote: vote for UART CLK ON
07-17 15:01:33.669  1281  5187 D vendor.qti.bluetooth@1.0-wake_lock: Acquire wakelock is acquired 
07-17 15:01:33.669  1281  5187 I vendor.qti.bluetooth@1.0-ibs_handler: ProcessIbsCmd: Writing IBS_WAKE_ACK
07-17 15:01:33.674  1433  1433 D OplusLayer: ~Layer() sequence=121272, name=skuSecurityPopupWindow#121272
07-17 15:01:33.710  1281  5187 I vendor.qti.bluetooth@1.0-ibs_handler: ProcessIbsCmd: Received IBS_SLEEP_IND: 0xFE
07-17 15:01:33.710  1281  5187 D vendor.qti.bluetooth@1.0-ibs_handler: SerialClockVote: vote for UART CLK OFF
07-17 15:01:33.858  1393  1393 D ORMS_HAL: OrmsHalService write file /proc/sys/kernel/input_boost_enabled - 1.
07-17 15:01:33.859 26031 26031 D KeyboardHelper: Linear motors are not supported!
07-17 15:01:33.860  2094  3266 D OGG_Detector: D:done mCurrStatus: 0
07-17 15:01:33.860  2094  3101 D PowerManagerService: userActivityNoUpdateLocked: groupId=0, eventTime=701080822, event=2, flags=0x0, uid=1000
07-17 15:01:33.860  1281  5015 D vendor.qti.bluetooth@1.0-wake_lock: Release wakelock is released 
07-17 15:01:33.861  2094  3726 E SystemServiceRegistry: Manager wrapper not available: linearmotor
07-17 15:01:33.861  2094  3726 D VibratorManagerServiceExtImpl: is not PrebakedSegment
07-17 15:01:33.861  2094  3726 D SystemVibratorExtImpl: convertToLinearVibration uid = 1000, opPkg = android, effect = Composed{segments=[Step{amplitude=0.0, frequencyHz=0.0, duration=0}, Step{amplitude=-1.0, frequencyHz=0.0, duration=65}], repeat=-1}, attributes = VibrationAttributes: Usage=TOUCH Audio Usage= USAGE_UNKNOWN Flags=0
07-17 15:01:33.861  2094  3726 D SystemVibratorExtImpl: no vibrator_lmvibrator or CTS vibration, do not convert
07-17 15:01:33.861  2094  3726 I VibratorManagerServiceExtImpl: vibrate is uid=1000, pid=2094, opPkg=android, effect=Mono{mEffect=Composed{segments=[Step{amplitude=0.0, frequencyHz=0.0, duration=0}, Step{amplitude=-1.0, frequencyHz=0.0, duration=65}], repeat=-1}}, attributes=VibrationAttributes: Usage=TOUCH Audio Usage= USAGE_UNKNOWN Flags=0, token=180042661
07-17 15:01:33.862  1319  1486 E ANDR-PERF-OPTSHANDLER: Perflock resource /sys/class/devfreq/soc:qcom,cpu0-llcc-ddr-lat/min_freq not supported
07-17 15:01:33.862  1319  1486 E ANDR-PERF-RESOURCEQS: Failed to apply optimization [13, 12]
07-17 15:01:33.862  1319  1486 E ANDR-PERF-OPTSHANDLER: Perflock resource /sys/class/devfreq/soc:qcom,cpu0-llcc-ddr-lat/min_freq not supported
07-17 15:01:33.862  2094  3726 D VibratorManagerServiceExtImpl: startCustomizeVibratorLocked id= 0,size=1
07-17 15:01:33.862  1319  1486 E ANDR-PERF-RESOURCEQS: Failed to apply optimization [13, 12]
07-17 15:01:33.862  2094  3726 D VibratorManagerServiceExtImpl: startCustomizeVibratorLocked withCallback=true
07-17 15:01:33.862  1319  1486 E ANDR-PERF-OPTSHANDLER: Perflock resource /sys/class/devfreq/soc:qcom,cpubw/bw_hwmon/io_percent not supported
07-17 15:01:33.862  1319  1486 E ANDR-PERF-RESOURCEQS: Failed to apply optimization [6, 2]
07-17 15:01:33.862  1319  1486 E ANDR-PERF-OPTSHANDLER: Perflock resource /sys/class/devfreq/soc:qcom,cpubw/bw_hwmon/sample_ms not supported
07-17 15:01:33.862  1319  1486 E ANDR-PERF-RESOURCEQS: Failed to apply optimization [6, 8]
07-17 15:01:33.862  1319  1486 E ANDR-PERF-OPTSHANDLER: Perflock resource SPECIAL_NODE - cpubw_hwmon_hyst_opt not supported
07-17 15:01:33.862  1319  1486 E ANDR-PERF-RESOURCEQS: Failed to apply optimization [6, 3]
07-17 15:01:33.862  1319  1486 E ANDR-PERF-OPTSHANDLER: Perflock resource /sys/class/devfreq/soc:qcom,cpubw/min_freq not supported
07-17 15:01:33.862  1319  1486 E ANDR-PERF-RESOURCEQS: Failed to apply optimization [6, 0]
07-17 15:01:33.868  1404  1404 I aidl_vibrator: Vibrator on for timeoutMs: 65
07-17 15:01:33.872  2094  3726 V WindowManager: Relayout Window{4cf095f u0 skuSecurityPopupWindow}: viewVisibility=0, oldvis=4, req=120x176
07-17 15:01:33.883 26031 26031 D BufferQueueConsumer: [](id:65af0000003f,api:0,p:-1,c:26031) connect: controlledByApp=false
07-17 15:01:33.883 26031 26031 E IPCThreadState: attemptIncStrongHandle(67): Not supported
07-17 15:01:33.886 26031 26031 D VRI[skuSecurityPopupWindow]: registerCallbacksForSync syncBuffer=false
07-17 15:01:33.887 26031 26366 D BufferQueueProducer: [VRI[skuSecurityPopupWindow]#63(BLAST Consumer)63](id:65af0000003f,api:1,p:26031,c:26031) connect: api=1 producerControlledByApp=true
07-17 15:01:33.896 26031 26366 D VRI[skuSecurityPopupWindow]: Received frameCommittedCallback lastAttemptedDrawFrameNum=1 didProduceBuffer=true syncBuffer=false
07-17 15:01:33.898 26031 26031 D VRI[skuSecurityPopupWindow]: draw finished.
07-17 15:01:33.899  2094  3726 D WindowManager: finishDrawingWindow: Window{4cf095f u0 skuSecurityPopupWindow} mDrawState=DRAW_PENDING
07-17 15:01:33.905  2094  2340 I OplusScreenSecurityMask: add WindowsName list: Window{4cf095f u0 skuSecurityPopupWindow} list size: 2 isFromSetSecure: false , surfaceShown = true , displayId = 0
07-17 15:01:33.905  2094  2340 I OplusScreenSecurityMask: onSecurityPageFlagChanged size: 0 , surfaceShown = true , displayId = 0
07-17 15:01:33.907  1433  1433 D OplusLayer: (121273,skuSecurityPopupWindow#121273,com.oplus.securitykeyboard) setBuffer
07-17 15:01:33.911  1433  1433 I DispPerfService: updateLayerMask 0
07-17 15:01:33.935  1404  1404 I aidl_vibrator: Vibrator off
07-17 15:01:33.952 26031 26031 D SecurityKeyboardView: handler isn't null and keyIndex is -1
07-17 15:01:33.959  8295  8295 D InputMethodManager: showSoftInput() view=io.flutter.embedding.android.FlutterView{ef8162a VFE...... .F...... 0,0-1080,2268 #1 aid=1073741824} flags=0 reason=SHOW_SOFT_INPUT
07-17 15:01:33.970  8295  8295 D InsetsController: show(ime(), fromIme=true)
07-17 15:01:34.028 26031 26031 D SecurityKeyboardView: handleMessage MSG_REMOVE_PREVIEW
07-17 15:01:34.043 26031 26366 D BufferQueueProducer: [VRI[skuSecurityPopupWindow]#63(BLAST Consumer)63](id:65af0000003f,api:1,p:26031,c:26031) disconnect: api 1
07-17 15:01:34.045  2094  3726 V WindowManager: Relayout Window{4cf095f u0 skuSecurityPopupWindow}: viewVisibility=4, oldvis=0, req=120x176
07-17 15:01:34.046  2094  3726 I OplusScreenSecurityMask: remove WindowsName list: Window{4cf095f u0 skuSecurityPopupWindow} list size: 1 isFromSetSecure: false , surfaceShown = false , displayId = 0
07-17 15:01:34.056  1433  1433 D Layer   : reparent to null sequence=121273, seq[4], name=skuSecurityPopupWindow#121273
07-17 15:01:34.056 26031 26031 D BufferQueueConsumer: [VRI[skuSecurityPopupWindow]#63(BLAST Consumer)63](id:65af0000003f,api:0,p:-1,c:26031) disconnect
07-17 15:01:34.059  1433  1433 I DispPerfService: updateLayerMask 0
07-17 15:01:34.073  1433  1433 D OplusLayer: ~Layer() sequence=121273, name=skuSecurityPopupWindow#121273
07-17 15:01:34.105  1393  1393 D ORMS_HAL: OrmsHalService write file /proc/sys/kernel/input_boost_enabled - 1.
07-17 15:01:34.107 26031 26031 D KeyboardHelper: Linear motors are not supported!
07-17 15:01:34.108  2094  3101 D PowerManagerService: userActivityNoUpdateLocked: groupId=0, eventTime=701081069, event=2, flags=0x0, uid=1000
07-17 15:01:34.110  2094  3726 E SystemServiceRegistry: Manager wrapper not available: linearmotor
07-17 15:01:34.110  2094  3726 D VibratorManagerServiceExtImpl: is not PrebakedSegment
07-17 15:01:34.111  2094  3726 D SystemVibratorExtImpl: convertToLinearVibration uid = 1000, opPkg = android, effect = Composed{segments=[Step{amplitude=0.0, frequencyHz=0.0, duration=0}, Step{amplitude=-1.0, frequencyHz=0.0, duration=65}], repeat=-1}, attributes = VibrationAttributes: Usage=TOUCH Audio Usage= USAGE_UNKNOWN Flags=0
07-17 15:01:34.111  2094  3726 D SystemVibratorExtImpl: no vibrator_lmvibrator or CTS vibration, do not convert
07-17 15:01:34.111  2094  3726 I VibratorManagerServiceExtImpl: vibrate is uid=1000, pid=2094, opPkg=android, effect=Mono{mEffect=Composed{segments=[Step{amplitude=0.0, frequencyHz=0.0, duration=0}, Step{amplitude=-1.0, frequencyHz=0.0, duration=65}], repeat=-1}}, attributes=VibrationAttributes: Usage=TOUCH Audio Usage= USAGE_UNKNOWN Flags=0, token=180042661
07-17 15:01:34.111  2094  3726 D VibratorManagerServiceExtImpl: startCustomizeVibratorLocked id= 0,size=1
07-17 15:01:34.112  2094  3726 D VibratorManagerServiceExtImpl: startCustomizeVibratorLocked withCallback=true
07-17 15:01:34.112  1319  1486 E ANDR-PERF-OPTSHANDLER: Perflock resource /sys/class/devfreq/soc:qcom,cpu0-llcc-ddr-lat/min_freq not supported
07-17 15:01:34.112  1319  1486 E ANDR-PERF-RESOURCEQS: Failed to apply optimization [13, 12]
07-17 15:01:34.112  1319  1486 E ANDR-PERF-OPTSHANDLER: Perflock resource /sys/class/devfreq/soc:qcom,cpu0-llcc-ddr-lat/min_freq not supported
07-17 15:01:34.112  1319  1486 E ANDR-PERF-RESOURCEQS: Failed to apply optimization [13, 12]
07-17 15:01:34.112  1319  1486 E ANDR-PERF-OPTSHANDLER: Perflock resource /sys/class/devfreq/soc:qcom,cpubw/bw_hwmon/io_percent not supported
07-17 15:01:34.112  1319  1486 E ANDR-PERF-RESOURCEQS: Failed to apply optimization [6, 2]
07-17 15:01:34.112  1319  1486 E ANDR-PERF-OPTSHANDLER: Perflock resource /sys/class/devfreq/soc:qcom,cpubw/bw_hwmon/sample_ms not supported
07-17 15:01:34.113  1319  1486 E ANDR-PERF-RESOURCEQS: Failed to apply optimization [6, 8]
07-17 15:01:34.113  1319  1486 E ANDR-PERF-OPTSHANDLER: Perflock resource SPECIAL_NODE - cpubw_hwmon_hyst_opt not supported
07-17 15:01:34.113  1319  1486 E ANDR-PERF-RESOURCEQS: Failed to apply optimization [6, 3]
07-17 15:01:34.113  1319  1486 E ANDR-PERF-OPTSHANDLER: Perflock resource /sys/class/devfreq/soc:qcom,cpubw/min_freq not supported
07-17 15:01:34.113  1319  1486 E ANDR-PERF-RESOURCEQS: Failed to apply optimization [6, 0]
07-17 15:01:34.114  2094  3266 D OGG_Detector: D:done mCurrStatus: 0
07-17 15:01:34.117  1404  1404 I aidl_vibrator: Vibrator on for timeoutMs: 65
07-17 15:01:34.120  2094  3726 V WindowManager: Relayout Window{4cf095f u0 skuSecurityPopupWindow}: viewVisibility=0, oldvis=4, req=120x176
07-17 15:01:34.131 26031 26031 D BufferQueueConsumer: [](id:65af00000040,api:0,p:-1,c:26031) connect: controlledByApp=false
07-17 15:01:34.132 26031 26031 E IPCThreadState: attemptIncStrongHandle(73): Not supported
07-17 15:01:34.133 26031 26031 D VRI[skuSecurityPopupWindow]: registerCallbacksForSync syncBuffer=false
07-17 15:01:34.133 26031 26366 D BufferQueueProducer: [VRI[skuSecurityPopupWindow]#64(BLAST Consumer)64](id:65af00000040,api:1,p:26031,c:26031) connect: api=1 producerControlledByApp=true
07-17 15:01:34.138 26031 26366 D VRI[skuSecurityPopupWindow]: Received frameCommittedCallback lastAttemptedDrawFrameNum=1 didProduceBuffer=true syncBuffer=false
07-17 15:01:34.139 26031 26031 D VRI[skuSecurityPopupWindow]: draw finished.
07-17 15:01:34.141  2094  3726 D WindowManager: finishDrawingWindow: Window{4cf095f u0 skuSecurityPopupWindow} mDrawState=DRAW_PENDING
07-17 15:01:34.150 13181 13365 W mk_broadcast: onReceive:android.intent.action.BATTERY_CHANGED,4
07-17 15:01:34.152  2094  2340 I OplusScreenSecurityMask: add WindowsName list: Window{4cf095f u0 skuSecurityPopupWindow} list size: 2 isFromSetSecure: false , surfaceShown = true , displayId = 0
07-17 15:01:34.154  2094  2340 I OplusScreenSecurityMask: onSecurityPageFlagChanged size: 0 , surfaceShown = true , displayId = 0
07-17 15:01:34.156  1331  1331 D vendor.oplus.hardware.charger@1.0-service: getChargerControl:sub_current=100
07-17 15:01:34.156  1331  1331 D vendor.oplus.hardware.charger@1.0-service: sub_voltage=3800
07-17 15:01:34.156  1331  1331 D vendor.oplus.hardware.charger@1.0-service: sub_soc=-1
07-17 15:01:34.156  1331  1331 D vendor.oplus.hardware.charger@1.0-service: sub_temperature=250
07-17 15:01:34.157  1433  1433 D OplusLayer: (121274,skuSecurityPopupWindow#121274,com.oplus.securitykeyboard) setBuffer
07-17 15:01:34.159  1433  1433 I DispPerfService: updateLayerMask 0
07-17 15:01:34.182  1404  1404 I aidl_vibrator: Vibrator off
07-17 15:01:34.191 26031 26031 D SecurityKeyboardView: handler isn't null and keyIndex is -1
07-17 15:01:34.201  8295  8295 D InputMethodManager: showSoftInput() view=io.flutter.embedding.android.FlutterView{ef8162a VFE...... .F...... 0,0-1080,2268 #1 aid=1073741824} flags=0 reason=SHOW_SOFT_INPUT
07-17 15:01:34.202  6315 21524 D IHansComunication: HANS sendMessageToKernel: threadId = 490492378288, netLinkSetup = 1, type = FROZEN_TRANS, targetUid = 10288, pkgCmd = PKG_CMD_MAX
07-17 15:01:34.209  8295  8295 D InsetsController: show(ime(), fromIme=true)
07-17 15:01:34.249  1281  5187 I vendor.qti.bluetooth@1.0-ibs_handler: ProcessIbsCmd: Received IBS_WAKE_IND: 0xFD
07-17 15:01:34.249  1281  5187 D vendor.qti.bluetooth@1.0-ibs_handler: SerialClockVote: vote for UART CLK ON
07-17 15:01:34.250  1281  5187 D vendor.qti.bluetooth@1.0-wake_lock: Acquire wakelock is acquired 
07-17 15:01:34.251  1281  5187 I vendor.qti.bluetooth@1.0-ibs_handler: ProcessIbsCmd: Writing IBS_WAKE_ACK
07-17 15:01:34.256   879   879 V SystemSensorManagerExtImpl: unRegisterListener by com.google.ccc.abuse.droidguard.events.b
07-17 15:01:34.256   879   879 V SystemSensorManagerExtImpl: unRegisterListener by com.google.ccc.abuse.droidguard.events.b
07-17 15:01:34.260 24997 25256 I NearbyDiscovery: (REDACTED) BloomFilterAdvManager: Detected bloom filter but too far away, ignoring. %sm, %s
07-17 15:01:34.260 24997 11347 I NearbyDiscovery: (REDACTED) loadFastPairModule: checkFeaturesAreAvailable:%d
07-17 15:01:34.261 24997 11347 I NearbyDiscovery: loadFastPairModule: FastPair module is downloaded. [CONTEXT service_id=265 ]
07-17 15:01:34.267 26031 26031 D SecurityKeyboardView: handleMessage MSG_REMOVE_PREVIEW
07-17 15:01:34.275  4014  4378 D QtiRadiohidlIndication: onSignalStrengthChange: slotId = 0
07-17 15:01:34.275 26031 26366 D BufferQueueProducer: [VRI[skuSecurityPopupWindow]#64(BLAST Consumer)64](id:65af00000040,api:1,p:26031,c:26031) disconnect: api 1
07-17 15:01:34.275  4014  4378 D QtiRadioProxy: onSignalStrength slotId = 0 signalStrength = SignalStrength: Rsrp: -71 Snr: 378
07-17 15:01:34.276  4014  4383 D QtiRadioProxyHandler: : handleMessage msg.what = 11
07-17 15:01:34.276  4014  4383 D QtiRadioProxyHandler: : EVENT_ON_SIGNAL_STRENGTH
07-17 15:01:34.276  4014  4383 D QtiRadioProxy: onSignalStrength: Responding back for transaction = null
07-17 15:01:34.277  2094  3726 V WindowManager: Relayout Window{4cf095f u0 skuSecurityPopupWindow}: viewVisibility=4, oldvis=0, req=120x176
07-17 15:01:34.277  4119 24289 D NrNetworkService: onSignalStrength: slotId=0 token=Token: -1 status=Status: 1 signalStrength=SignalStrength: Rsrp: -71 Snr: 378
07-17 15:01:34.278  2094  3726 I OplusScreenSecurityMask: remove WindowsName list: Window{4cf095f u0 skuSecurityPopupWindow} list size: 1 isFromSetSecure: false , surfaceShown = false , displayId = 0
07-17 15:01:34.278  4014  4383 D QtiRadioProxy: onSignalStrength: Responding back for transaction = null
07-17 15:01:34.278  4078  4118 D ExtPhoneCallbackBase: UNIMPLEMENTED: onSignalStrength: slotId = 0 token = Token: -1 statusStatus: 1 signalStrength = SignalStrength: Rsrp: -71 Snr: 378
07-17 15:01:34.279  4014  4383 D QtiRadioProxy: onSignalStrength: Responding back for transaction = null
07-17 15:01:34.279  4078  4118 D ExtPhoneCallbackBase: UNIMPLEMENTED: onSignalStrength: slotId = 0 token = Token: -1 statusStatus: 1 signalStrength = SignalStrength: Rsrp: -71 Snr: 378
07-17 15:01:34.279  4014  4383 D QtiRadioProxy: onSignalStrength: Responding back for transaction = null
07-17 15:01:34.280  4078  4118 D ExtPhoneCallbackBase: UNIMPLEMENTED: onSignalStrength: slotId = 0 token = Token: -1 statusStatus: 1 signalStrength = SignalStrength: Rsrp: -71 Snr: 378
07-17 15:01:34.280  4014  4383 D QtiRadioProxy: onSignalStrength: Responding back for transaction = null
07-17 15:01:34.281  4078  4118 D ExtPhoneCallbackBase: UNIMPLEMENTED: onSignalStrength: slotId = 0 token = Token: -1 statusStatus: 1 signalStrength = SignalStrength: Rsrp: -71 Snr: 378
07-17 15:01:34.281  4014  4383 D QtiRadioProxy: onSignalStrength: Responding back for transaction = null
07-17 15:01:34.281  4078  4118 D ExtPhoneCallbackBase: UNIMPLEMENTED: onSignalStrength: slotId = 0 token = Token: -1 statusStatus: 1 signalStrength = SignalStrength: Rsrp: -71 Snr: 378
07-17 15:01:34.282  4014  4383 D QtiRadioProxy: onSignalStrength: Responding back for transaction = null
07-17 15:01:34.282  4078  4118 D ExtPhoneCallbackBase: UNIMPLEMENTED: onSignalStrength: slotId = 0 token = Token: -1 statusStatus: 1 signalStrength = SignalStrength: Rsrp: -71 Snr: 378
07-17 15:01:34.282   636   636 E SELinux : avc:  denied  { find } for pid=1611 uid=1000 name=vendor.oplus.hardware.performance.IPerformance/default scontext=u:r:system_app:s0 tcontext=u:object_r:default_android_service:s0 tclass=service_manager permissive=0
07-17 15:01:34.282  4014  4383 D QtiRadioProxy: onSignalStrength: Responding back for transaction = null
07-17 15:01:34.283  1611  1719 W HidlServiceHelper: Failed to read virtual TLC buffer usage returns is NULLnull
07-17 15:01:34.287 26031 26031 D BufferQueueConsumer: [VRI[skuSecurityPopupWindow]#64(BLAST Consumer)64](id:65af00000040,api:0,p:-1,c:26031) disconnect
07-17 15:01:34.289  1433  1433 D Layer   : reparent to null sequence=121274, seq[4], name=skuSecurityPopupWindow#121274
07-17 15:01:34.292  1433  1433 I DispPerfService: updateLayerMask 0
07-17 15:01:34.292  2094  2414 D OplusThermalStats: AnalizyPosition reach max limit, mAnalizyPosition=400 res=0
07-17 15:01:34.295  4078  4078 D OplusTelephonyController: onSignalStrengthChanged: SignalStrength=SignalStrength:{mCdma=CellSignalStrengthCdma: cdmaDbm=2147483647 cdmaEcio=2147483647 evdoDbm=2147483647 evdoEcio=2147483647 evdoSnr=2147483647 level=0,mGsm=CellSignalStrengthGsm: rssi=2147483647 ber=2147483647 mTa=2147483647 mLevel=0,mWcdma=CellSignalStrengthWcdma: ss=2147483647 ber=2147483647 rscp=2147483647 ecno=2147483647 level=0,mTdscdma=CellSignalStrengthTdscdma: rssi=2147483647 ber=2147483647 rscp=2147483647 level=0,mLte=CellSignalStrengthLte: rssi=2147483647 rsrp=2147483647 rsrq=2147483647 rssnr=2147483647 cqiTableIndex=2147483647 cqi=2147483647 ta=2147483647 level=0 parametersUseForLevel=0,mNr=CellSignalStrengthNr:{ csiRsrp = 2147483647 csiRsrq = 2147483647 csiCqiTableIndex = 2147483647 csiCqiReport = [] ssRsrp = -71 ssRsrq = -11 ssSinr = 37 level = 3 parametersUseForLevel = 0 },primary=CellSignalStrengthNr}
07-17 15:01:34.296  1281  5187 I vendor.qti.bluetooth@1.0-ibs_handler: ProcessIbsCmd: Received IBS_SLEEP_IND: 0xFE
07-17 15:01:34.296  1281  5187 D vendor.qti.bluetooth@1.0-ibs_handler: SerialClockVote: vote for UART CLK OFF
07-17 15:01:34.306  1433  1433 D OplusLayer: ~Layer() sequence=121274, name=skuSecurityPopupWindow#121274
07-17 15:01:34.447  1281  5015 D vendor.qti.bluetooth@1.0-wake_lock: Release wakelock is released 
07-17 15:01:34.472  1393  1393 D ORMS_HAL: OrmsHalService write file /proc/sys/kernel/input_boost_enabled - 1.
07-17 15:01:34.473  2094  3266 D OGG_Detector: D:done mCurrStatus: 0
07-17 15:01:34.473  2094  3101 D PowerManagerService: userActivityNoUpdateLocked: groupId=0, eventTime=701081435, event=2, flags=0x0, uid=1000
07-17 15:01:34.474 26031 26031 D KeyboardHelper: Linear motors are not supported!
07-17 15:01:34.476  1319  1486 E ANDR-PERF-OPTSHANDLER: Perflock resource /sys/class/devfreq/soc:qcom,cpu0-llcc-ddr-lat/min_freq not supported
07-17 15:01:34.476  1319  1486 E ANDR-PERF-RESOURCEQS: Failed to apply optimization [13, 12]
07-17 15:01:34.476  1319  1486 E ANDR-PERF-OPTSHANDLER: Perflock resource /sys/class/devfreq/soc:qcom,cpu0-llcc-ddr-lat/min_freq not supported
07-17 15:01:34.476  1319  1486 E ANDR-PERF-RESOURCEQS: Failed to apply optimization [13, 12]
07-17 15:01:34.476  1319  1486 E ANDR-PERF-OPTSHANDLER: Perflock resource /sys/class/devfreq/soc:qcom,cpubw/bw_hwmon/io_percent not supported
07-17 15:01:34.476  1319  1486 E ANDR-PERF-RESOURCEQS: Failed to apply optimization [6, 2]
07-17 15:01:34.476  1319  1486 E ANDR-PERF-OPTSHANDLER: Perflock resource /sys/class/devfreq/soc:qcom,cpubw/bw_hwmon/sample_ms not supported
07-17 15:01:34.476  1319  1486 E ANDR-PERF-RESOURCEQS: Failed to apply optimization [6, 8]
07-17 15:01:34.476  1319  1486 E ANDR-PERF-OPTSHANDLER: Perflock resource SPECIAL_NODE - cpubw_hwmon_hyst_opt not supported
07-17 15:01:34.476  1319  1486 E ANDR-PERF-RESOURCEQS: Failed to apply optimization [6, 3]
07-17 15:01:34.476  1319  1486 E ANDR-PERF-OPTSHANDLER: Perflock resource /sys/class/devfreq/soc:qcom,cpubw/min_freq not supported
07-17 15:01:34.476  1319  1486 E ANDR-PERF-RESOURCEQS: Failed to apply optimization [6, 0]
07-17 15:01:34.476  2094  4267 E SystemServiceRegistry: Manager wrapper not available: linearmotor
07-17 15:01:34.477  2094  4267 D VibratorManagerServiceExtImpl: is not PrebakedSegment
07-17 15:01:34.477  2094  4267 D SystemVibratorExtImpl: convertToLinearVibration uid = 1000, opPkg = android, effect = Composed{segments=[Step{amplitude=0.0, frequencyHz=0.0, duration=0}, Step{amplitude=-1.0, frequencyHz=0.0, duration=65}], repeat=-1}, attributes = VibrationAttributes: Usage=TOUCH Audio Usage= USAGE_UNKNOWN Flags=0
07-17 15:01:34.477  2094  4267 D SystemVibratorExtImpl: no vibrator_lmvibrator or CTS vibration, do not convert
07-17 15:01:34.477  2094  4267 I VibratorManagerServiceExtImpl: vibrate is uid=1000, pid=2094, opPkg=android, effect=Mono{mEffect=Composed{segments=[Step{amplitude=0.0, frequencyHz=0.0, duration=0}, Step{amplitude=-1.0, frequencyHz=0.0, duration=65}], repeat=-1}}, attributes=VibrationAttributes: Usage=TOUCH Audio Usage= USAGE_UNKNOWN Flags=0, token=180042661
07-17 15:01:34.477  2094  4267 D VibratorManagerServiceExtImpl: startCustomizeVibratorLocked id= 0,size=1
07-17 15:01:34.478  2094  4267 D VibratorManagerServiceExtImpl: startCustomizeVibratorLocked withCallback=true
07-17 15:01:34.483  1404  1404 I aidl_vibrator: Vibrator on for timeoutMs: 65
07-17 15:01:34.503  2094  4267 V WindowManager: Relayout Window{4cf095f u0 skuSecurityPopupWindow}: viewVisibility=0, oldvis=4, req=120x176
07-17 15:01:34.520 26031 26031 D BufferQueueConsumer: [](id:65af00000041,api:0,p:-1,c:26031) connect: controlledByApp=false
07-17 15:01:34.521 26031 26031 E IPCThreadState: attemptIncStrongHandle(74): Not supported
07-17 15:01:34.524 26031 26031 D VRI[skuSecurityPopupWindow]: registerCallbacksForSync syncBuffer=false
07-17 15:01:34.524 26031 26366 D BufferQueueProducer: [VRI[skuSecurityPopupWindow]#65(BLAST Consumer)65](id:65af00000041,api:1,p:26031,c:26031) connect: api=1 producerControlledByApp=true
07-17 15:01:34.529 26031 26366 D VRI[skuSecurityPopupWindow]: Received frameCommittedCallback lastAttemptedDrawFrameNum=1 didProduceBuffer=true syncBuffer=false
07-17 15:01:34.531 26031 26031 D VRI[skuSecurityPopupWindow]: draw finished.
07-17 15:01:34.532  2094  4267 D WindowManager: finishDrawingWindow: Window{4cf095f u0 skuSecurityPopupWindow} mDrawState=DRAW_PENDING
07-17 15:01:34.537  2094  2340 I OplusScreenSecurityMask: add WindowsName list: Window{4cf095f u0 skuSecurityPopupWindow} list size: 2 isFromSetSecure: false , surfaceShown = true , displayId = 0
07-17 15:01:34.537  2094  2340 I OplusScreenSecurityMask: onSecurityPageFlagChanged size: 0 , surfaceShown = true , displayId = 0
07-17 15:01:34.539  1433  1433 D OplusLayer: (121275,skuSecurityPopupWindow#121275,com.oplus.securitykeyboard) setBuffer
07-17 15:01:34.550  1404  1404 I aidl_vibrator: Vibrator off
07-17 15:01:34.554  1331  1331 D vendor.oplus.hardware.charger@1.0-service: getChargerControl:sub_current=100
07-17 15:01:34.554  1331  1331 D vendor.oplus.hardware.charger@1.0-service: sub_voltage=3800
07-17 15:01:34.554  1331  1331 D vendor.oplus.hardware.charger@1.0-service: sub_soc=-1
07-17 15:01:34.554  1331  1331 D vendor.oplus.hardware.charger@1.0-service: sub_temperature=250
07-17 15:01:34.558  1433  1433 I DispPerfService: updateLayerMask 0
07-17 15:01:34.576  2094  3101 D PowerManagerService: userActivityNoUpdateLocked: groupId=0, eventTime=701081541, event=2, flags=0x0, uid=1000
07-17 15:01:34.580 26031 26031 D SecurityKeyboardView: handler isn't null and keyIndex is -1
07-17 15:01:34.594  8295  8295 D InputMethodManager: showSoftInput() view=io.flutter.embedding.android.FlutterView{ef8162a VFE...... .F...... 0,0-1080,2268 #1 aid=1073741824} flags=0 reason=SHOW_SOFT_INPUT
07-17 15:01:34.602  8295  8295 D InsetsController: show(ime(), fromIme=true)
07-17 15:01:34.656 26031 26031 D SecurityKeyboardView: handleMessage MSG_REMOVE_PREVIEW
07-17 15:01:34.674 26031 26366 D BufferQueueProducer: [VRI[skuSecurityPopupWindow]#65(BLAST Consumer)65](id:65af00000041,api:1,p:26031,c:26031) disconnect: api 1
07-17 15:01:34.677  2094  4267 V WindowManager: Relayout Window{4cf095f u0 skuSecurityPopupWindow}: viewVisibility=4, oldvis=0, req=120x176
07-17 15:01:34.678  2094  4267 I OplusScreenSecurityMask: remove WindowsName list: Window{4cf095f u0 skuSecurityPopupWindow} list size: 1 isFromSetSecure: false , surfaceShown = false , displayId = 0
07-17 15:01:34.688  1433  1433 D Layer   : reparent to null sequence=121275, seq[4], name=skuSecurityPopupWindow#121275
07-17 15:01:34.691  1433  1433 I DispPerfService: updateLayerMask 0
07-17 15:01:34.695 26031 26031 D BufferQueueConsumer: [VRI[skuSecurityPopupWindow]#65(BLAST Consumer)65](id:65af00000041,api:0,p:-1,c:26031) disconnect
07-17 15:01:34.706  1433  1433 D OplusLayer: ~Layer() sequence=121275, name=skuSecurityPopupWindow#121275
07-17 15:01:34.768  1393  1393 D ORMS_HAL: OrmsHalService write file /proc/sys/kernel/input_boost_enabled - 1.
07-17 15:01:34.769 26031 26031 D KeyboardHelper: Linear motors are not supported!
07-17 15:01:34.769  2094  3101 D PowerManagerService: userActivityNoUpdateLocked: groupId=0, eventTime=701081732, event=2, flags=0x0, uid=1000
07-17 15:01:34.770  2094  3266 D OGG_Detector: D:done mCurrStatus: 0
07-17 15:01:34.771  2094  3726 E SystemServiceRegistry: Manager wrapper not available: linearmotor
07-17 15:01:34.771  1319  1486 E ANDR-PERF-OPTSHANDLER: Perflock resource /sys/class/devfreq/soc:qcom,cpu0-llcc-ddr-lat/min_freq not supported
07-17 15:01:34.772  1319  1486 E ANDR-PERF-RESOURCEQS: Failed to apply optimization [13, 12]
07-17 15:01:34.772  1319  1486 E ANDR-PERF-OPTSHANDLER: Perflock resource /sys/class/devfreq/soc:qcom,cpu0-llcc-ddr-lat/min_freq not supported
07-17 15:01:34.772  1319  1486 E ANDR-PERF-RESOURCEQS: Failed to apply optimization [13, 12]
07-17 15:01:34.772  1319  1486 E ANDR-PERF-OPTSHANDLER: Perflock resource /sys/class/devfreq/soc:qcom,cpubw/bw_hwmon/io_percent not supported
07-17 15:01:34.772  1319  1486 E ANDR-PERF-RESOURCEQS: Failed to apply optimization [6, 2]
07-17 15:01:34.772  1319  1486 E ANDR-PERF-OPTSHANDLER: Perflock resource /sys/class/devfreq/soc:qcom,cpubw/bw_hwmon/sample_ms not supported
07-17 15:01:34.772  1319  1486 E ANDR-PERF-RESOURCEQS: Failed to apply optimization [6, 8]
07-17 15:01:34.772  2094  3726 D VibratorManagerServiceExtImpl: is not PrebakedSegment
07-17 15:01:34.772  1319  1486 E ANDR-PERF-OPTSHANDLER: Perflock resource SPECIAL_NODE - cpubw_hwmon_hyst_opt not supported
07-17 15:01:34.772  1319  1486 E ANDR-PERF-RESOURCEQS: Failed to apply optimization [6, 3]
07-17 15:01:34.772  1319  1486 E ANDR-PERF-OPTSHANDLER: Perflock resource /sys/class/devfreq/soc:qcom,cpubw/min_freq not supported
07-17 15:01:34.772  1319  1486 E ANDR-PERF-RESOURCEQS: Failed to apply optimization [6, 0]
07-17 15:01:34.772  2094  3726 D SystemVibratorExtImpl: convertToLinearVibration uid = 1000, opPkg = android, effect = Composed{segments=[Step{amplitude=0.0, frequencyHz=0.0, duration=0}, Step{amplitude=-1.0, frequencyHz=0.0, duration=65}], repeat=-1}, attributes = VibrationAttributes: Usage=TOUCH Audio Usage= USAGE_UNKNOWN Flags=0
07-17 15:01:34.772  2094  3726 D SystemVibratorExtImpl: no vibrator_lmvibrator or CTS vibration, do not convert
07-17 15:01:34.772  2094  3726 I VibratorManagerServiceExtImpl: vibrate is uid=1000, pid=2094, opPkg=android, effect=Mono{mEffect=Composed{segments=[Step{amplitude=0.0, frequencyHz=0.0, duration=0}, Step{amplitude=-1.0, frequencyHz=0.0, duration=65}], repeat=-1}}, attributes=VibrationAttributes: Usage=TOUCH Audio Usage= USAGE_UNKNOWN Flags=0, token=180042661
07-17 15:01:34.773  2094  3726 D VibratorManagerServiceExtImpl: startCustomizeVibratorLocked id= 0,size=1
07-17 15:01:34.773  2094  3726 D VibratorManagerServiceExtImpl: startCustomizeVibratorLocked withCallback=true
07-17 15:01:34.776  1404  1404 I aidl_vibrator: Vibrator on for timeoutMs: 65
07-17 15:01:34.796  2094  3726 V WindowManager: Relayout Window{4cf095f u0 skuSecurityPopupWindow}: viewVisibility=0, oldvis=4, req=120x176
07-17 15:01:34.810 26031 26031 D BufferQueueConsumer: [](id:65af00000042,api:0,p:-1,c:26031) connect: controlledByApp=false
07-17 15:01:34.811 26031 26031 E IPCThreadState: attemptIncStrongHandle(75): Not supported
07-17 15:01:34.813 26031 26031 D VRI[skuSecurityPopupWindow]: registerCallbacksForSync syncBuffer=false
07-17 15:01:34.814 26031 26366 D BufferQueueProducer: [VRI[skuSecurityPopupWindow]#66(BLAST Consumer)66](id:65af00000042,api:1,p:26031,c:26031) connect: api=1 producerControlledByApp=true
07-17 15:01:34.817 26031 26366 D VRI[skuSecurityPopupWindow]: Received frameCommittedCallback lastAttemptedDrawFrameNum=1 didProduceBuffer=true syncBuffer=false
07-17 15:01:34.818 26031 26031 D VRI[skuSecurityPopupWindow]: draw finished.
07-17 15:01:34.820  1433  1433 D OplusLayer: (121276,skuSecurityPopupWindow#121276,com.oplus.securitykeyboard) setBuffer
07-17 15:01:34.820  2094  3726 D WindowManager: finishDrawingWindow: Window{4cf095f u0 skuSecurityPopupWindow} mDrawState=DRAW_PENDING
07-17 15:01:34.826  2094  2340 I OplusScreenSecurityMask: add WindowsName list: Window{4cf095f u0 skuSecurityPopupWindow} list size: 2 isFromSetSecure: false , surfaceShown = true , displayId = 0
07-17 15:01:34.827  2094  2340 I OplusScreenSecurityMask: onSecurityPageFlagChanged size: 0 , surfaceShown = true , displayId = 0
07-17 15:01:34.839  1433  1433 I DispPerfService: updateLayerMask 0
07-17 15:01:34.843  1404  1404 I aidl_vibrator: Vibrator off
07-17 15:01:34.861 26031 26031 D SecurityKeyboardView: handler isn't null and keyIndex is -1
07-17 15:01:34.872  8295  8295 D InputMethodManager: showSoftInput() view=io.flutter.embedding.android.FlutterView{ef8162a VFE...... .F...... 0,0-1080,2268 #1 aid=1073741824} flags=0 reason=SHOW_SOFT_INPUT
07-17 15:01:34.882  8295  8295 D InsetsController: show(ime(), fromIme=true)
07-17 15:01:34.937 26031 26031 D SecurityKeyboardView: handleMessage MSG_REMOVE_PREVIEW
07-17 15:01:34.956 26031 26366 D BufferQueueProducer: [VRI[skuSecurityPopupWindow]#66(BLAST Consumer)66](id:65af00000042,api:1,p:26031,c:26031) disconnect: api 1
07-17 15:01:34.959  2094  4267 V WindowManager: Relayout Window{4cf095f u0 skuSecurityPopupWindow}: viewVisibility=4, oldvis=0, req=120x176
07-17 15:01:34.959  2094  4267 I OplusScreenSecurityMask: remove WindowsName list: Window{4cf095f u0 skuSecurityPopupWindow} list size: 1 isFromSetSecure: false , surfaceShown = false , displayId = 0
07-17 15:01:34.969  1433  1433 D Layer   : reparent to null sequence=121276, seq[4], name=skuSecurityPopupWindow#121276
07-17 15:01:34.971  1433  1433 I DispPerfService: updateLayerMask 0
07-17 15:01:34.972 26031 26031 D BufferQueueConsumer: [VRI[skuSecurityPopupWindow]#66(BLAST Consumer)66](id:65af00000042,api:0,p:-1,c:26031) disconnect
