07-17 15:01:25.494  2094  3554 I VibratorManagerServiceExtImpl: vibrate is uid=10246, pid=2094, opPkg=com.google.android.inputmethod.latin, effect=Mono{mEffect=Composed{segments=[Prebaked{effect=CLICK, strength=MEDIUM, fallback=true}], repeat=-1}}, attributes=VibrationAttributes: Usage=TOUCH Audio Usage= USAGE_UNKNOWN Flags=0, token=180042661
07-17 15:01:25.494  2094  3554 D VibratorManagerServiceExtImpl: startCustomizeVibratorLocked id= 0,size=1
07-17 15:01:25.494  2094  3554 D VibratorManagerServiceExtImpl: startCustomizeVibratorLocked withCallback=true
07-17 15:01:25.494  1319  1486 E ANDR-PERF-OPTSHANDLER: Perflock resource /sys/class/devfreq/soc:qcom,cpu0-llcc-ddr-lat/min_freq not supported
07-17 15:01:25.494  1319  1486 E ANDR-PERF-RESOURCEQS: Failed to apply optimization [13, 12]
07-17 15:01:25.494  1319  1486 E ANDR-PERF-OPTSHANDLER: Perflock resource /sys/class/devfreq/soc:qcom,cpu0-llcc-ddr-lat/min_freq not supported
07-17 15:01:25.494  1319  1486 E ANDR-PERF-RESOURCEQS: Failed to apply optimization [13, 12]
07-17 15:01:25.494  1319  1486 E ANDR-PERF-OPTSHANDLER: Perflock resource /sys/class/devfreq/soc:qcom,cpubw/bw_hwmon/io_percent not supported
07-17 15:01:25.494  1319  1486 E ANDR-PERF-RESOURCEQS: Failed to apply optimization [6, 2]
07-17 15:01:25.494  1319  1486 E ANDR-PERF-OPTSHANDLER: Perflock resource /sys/class/devfreq/soc:qcom,cpubw/bw_hwmon/sample_ms not supported
07-17 15:01:25.494  1319  1486 E ANDR-PERF-RESOURCEQS: Failed to apply optimization [6, 8]
07-17 15:01:25.494  1319  1486 E ANDR-PERF-OPTSHANDLER: Perflock resource SPECIAL_NODE - cpubw_hwmon_hyst_opt not supported
07-17 15:01:25.494  1319  1486 E ANDR-PERF-RESOURCEQS: Failed to apply optimization [6, 3]
07-17 15:01:25.494  1319  1486 E ANDR-PERF-OPTSHANDLER: Perflock resource /sys/class/devfreq/soc:qcom,cpubw/min_freq not supported
07-17 15:01:25.494  1319  1486 E ANDR-PERF-RESOURCEQS: Failed to apply optimization [6, 0]
07-17 15:01:25.495  1404  1404 I aidl_vibrator: Vibrator perform
07-17 15:01:25.496  1404  1404 I aidl_vibrator: Vibrator perform unsupported this operation
07-17 15:01:25.496  1404  1404 I aidl_vibrator: Vibrator on for timeoutMs: 20
07-17 15:01:25.510 30091   970 I MetricsHelper: Publishing SecureStorageConnector_SECURE_STORAGE_GET_SUCCESS metric to CW
07-17 15:01:25.512 30091   970 I MetricsHelper: Publishing SecureStorageConnector_SECURE_STORAGE_GET_LATENCY metric to CW
07-17 15:01:25.516  1281  5187 I vendor.qti.bluetooth@1.0-ibs_handler: ProcessIbsCmd: Received IBS_SLEEP_IND: 0xFE
07-17 15:01:25.516  1281  5187 D vendor.qti.bluetooth@1.0-ibs_handler: SerialClockVote: vote for UART CLK OFF
07-17 15:01:25.517  1404  1404 I aidl_vibrator: Vibrator off
07-17 15:01:25.520 30091   970 I MetricsHelper: Publishing SmsParsingDevice_LegacyParsingLatency metric to CW
07-17 15:01:25.529 30091   970 I MetricsHelper: Publishing SmsParsingDevice_LegacyParsingLatency metric to CW
07-17 15:01:25.537 30091   970 I MetricsHelper: Publishing SmsParsingDevice_LegacyParsingLatency metric to CW
07-17 15:01:25.543 30091   970 I MetricsHelper: Publishing SmsParsingDevice_LegacyParsingLatency metric to CW
07-17 15:01:25.549  1281  5187 I vendor.qti.bluetooth@1.0-ibs_handler: ProcessIbsCmd: Received IBS_WAKE_IND: 0xFD
07-17 15:01:25.549 30091   970 I MetricsHelper: Publishing SmsParsingDevice_LegacyParsingLatency metric to CW
07-17 15:01:25.549  1281  5187 D vendor.qti.bluetooth@1.0-ibs_handler: SerialClockVote: vote for UART CLK ON
07-17 15:01:25.549  1281  5187 I vendor.qti.bluetooth@1.0-ibs_handler: ProcessIbsCmd: Writing IBS_WAKE_ACK
07-17 15:01:25.554 24997 25256 I NearbyDiscovery: (REDACTED) BloomFilterAdvManager: Detected bloom filter but too far away, ignoring. %sm, %s
07-17 15:01:25.556 30091   970 I MetricsHelper: Publishing SmsParsingDevice_LegacyParsingLatency metric to CW
07-17 15:01:25.561 30091   970 I MetricsHelper: Publishing SmsParsingDevice_LegacyParsingLatency metric to CW
07-17 15:01:25.566 30091   970 I MetricsHelper: Publishing SmsParsingDevice_LegacyParsingLatency metric to CW
07-17 15:01:25.572 30091   970 I MetricsHelper: Publishing SmsParsingDevice_LegacyParsingLatency metric to CW
07-17 15:01:25.579 30091   970 I MetricsHelper: Publishing SmsParsingDevice_LegacyParsingLatency metric to CW
07-17 15:01:25.585 30091   970 I MetricsHelper: Publishing SmsParsingDevice_LegacyParsingLatency metric to CW
07-17 15:01:25.591  1281  5187 I vendor.qti.bluetooth@1.0-ibs_handler: ProcessIbsCmd: Received IBS_SLEEP_IND: 0xFE
07-17 15:01:25.591  1281  5187 D vendor.qti.bluetooth@1.0-ibs_handler: SerialClockVote: vote for UART CLK OFF
07-17 15:01:25.594  2094  2094 D LockSettingsService: [getSeparateProfileChallengeEnabled] userId = 10
07-17 15:01:25.594  2094  2094 D LockSettingsService: [getSeparateProfileChallengeEnabled] userId = 10
07-17 15:01:25.600  2094  3101 D PowerManagerService: userActivityNoUpdateLocked: groupId=0, eventTime=701072566, event=2, flags=0x0, uid=1000
07-17 15:01:25.602  2094  2094 I OplusStatusBarManagerServiceEnhance:  getTopIsFullscreen mTopIsFullscreen: false
07-17 15:01:25.603  2094  2094 D AudioManagerExtImpl: getStreamVolume packageName=android, index=4, streamType=5
07-17 15:01:25.604  2094  2094 D NotificationService: vibrateLinearmotorIfNeed, content://settings/system/notification_sound
07-17 15:01:25.604  2094  2094 E SystemServiceRegistry: Manager wrapper not available: linearmotor
07-17 15:01:25.614 30091   970 D SpyderSmsParser: No message is parsed for sender  ([a-zA-Z]{2})?(-)?((?i)(650001|650002|650003))(-)?([PST])?
07-17 15:01:25.614 30091   970 I MetricsHelper: Publishing SpyderSmsParser_FAILURE_([a-zA-Z]{2})?(-)?((?i)(650001|650002|650003))(-)?([PST])? metric to CW
07-17 15:01:25.617  4611  4611 E OplusBluetoothAudioGuard: enter onPlaybackConfigChanged
07-17 15:01:25.624  6315 21524 D IHansComunication: HANS sendMessageToKernel: threadId = 490492378288, netLinkSetup = 1, type = FROZEN_TRANS, targetUid = 10412, pkgCmd = PKG_CMD_MAX
07-17 15:01:25.631 30091   970 D NexusLogger: PARSNexusEvent: {"schemaId":"sms_parsing.SmsParsingDataEvent.4","producerId":"native-sms-parsing","timestamp":"2026-07-17T09:31:25.615Z","messageId":"95af02dd-2cb6-4659-bccd-c95728f439e7","mshopVersion":"Version 32.12.4.300","actionName":"PARSING","actionResult":"SUCCESS","actionState":"COMPLETED","actionType":"unknown","obfuscatedCustomerId":"unknown","stichingId":"32098713-8766-49b6-8dc1-0b6823feb296","actionResultMessage":"unknown","exception":"unknown","majorVersionNumber":"7.4","smsParserConfigVersion":"remoteConfigV3","parsingType":"smsBroadcastReceiverParsing","clientId":"hfc","messagesReadFromInbox":2,"parsedMessagesCount":0,"uploadMessageCount":-1,"latency":-1,"deviceBrand":"OPPO","deviceManufacturer":"OPPO","deviceModel":"CPH2341","customAttribute1":"unknown","customAttribute2":"unknown","isDefaultParsing":false,"senderIdParsedMessagesCount":"{\"([a-zA-Z]{2})?(-)?((?i)(650001|650002|650003))(-)?([PST])?\":0}"}
07-17 15:01:25.631 30091   970 I MetricsHelper: Publishing SmsParsingDevice_SMS_MATCHED_SENDERID_smsBroadcastReceiverParsing_7.4 metric to CW
07-17 15:01:25.635  8295  8295 D InputMethodManager: showSoftInput() view=io.flutter.embedding.android.FlutterView{ef8162a VFE...... .F...... 0,0-1080,2268 #1 aid=1073741824} flags=0 reason=SHOW_SOFT_INPUT
07-17 15:01:25.637 14452 14452 I GoogleInputMethodService: GoogleInputMethodService.onWindowShown():2418 
07-17 15:01:25.640  8295  8295 D InsetsController: show(ime(), fromIme=true)
07-17 15:01:25.640  2094  3554 D InputMethodManagerService: onHandleImeWindowVisibleStatus: vis = 3, needsToShowImeSwitcher = false
07-17 15:01:25.642  2094  2094 I OplusStatusBarManagerServiceEnhance:  getTopIsFullscreen mTopIsFullscreen: false
07-17 15:01:25.645  1393  1393 D ORMS_HAL: OrmsHalService write file /proc/sys/kernel/input_boost_enabled - 1.
07-17 15:01:25.645  2094  3266 D OGG_Detector: D:done mCurrStatus: 0
07-17 15:01:25.645  2094  6852 E SystemServiceRegistry: Manager wrapper not available: linearmotor
07-17 15:01:25.646  1319  1486 E ANDR-PERF-OPTSHANDLER: Perflock resource /sys/class/devfreq/soc:qcom,cpu0-llcc-ddr-lat/min_freq not supported
07-17 15:01:25.646  1319  1486 E ANDR-PERF-RESOURCEQS: Failed to apply optimization [13, 12]
07-17 15:01:25.646  1319  1486 E ANDR-PERF-OPTSHANDLER: Perflock resource /sys/class/devfreq/soc:qcom,cpu0-llcc-ddr-lat/min_freq not supported
07-17 15:01:25.646  1319  1486 E ANDR-PERF-RESOURCEQS: Failed to apply optimization [13, 12]
07-17 15:01:25.646  1319  1486 E ANDR-PERF-OPTSHANDLER: Perflock resource /sys/class/devfreq/soc:qcom,cpubw/bw_hwmon/io_percent not supported
07-17 15:01:25.646  1319  1486 E ANDR-PERF-RESOURCEQS: Failed to apply optimization [6, 2]
07-17 15:01:25.646  1319  1486 E ANDR-PERF-OPTSHANDLER: Perflock resource /sys/class/devfreq/soc:qcom,cpubw/bw_hwmon/sample_ms not supported
07-17 15:01:25.646  1319  1486 E ANDR-PERF-RESOURCEQS: Failed to apply optimization [6, 8]
07-17 15:01:25.646  1319  1486 E ANDR-PERF-OPTSHANDLER: Perflock resource SPECIAL_NODE - cpubw_hwmon_hyst_opt not supported
07-17 15:01:25.646  1319  1486 E ANDR-PERF-RESOURCEQS: Failed to apply optimization [6, 3]
07-17 15:01:25.646  1319  1486 E ANDR-PERF-OPTSHANDLER: Perflock resource /sys/class/devfreq/soc:qcom,cpubw/min_freq not supported
07-17 15:01:25.646  1319  1486 E ANDR-PERF-RESOURCEQS: Failed to apply optimization [6, 0]
07-17 15:01:25.646  2094  6852 D SystemVibratorExtImpl: convertToLinearVibration uid = 10246, opPkg = com.google.android.inputmethod.latin, effect = Composed{segments=[Prebaked{effect=CLICK, strength=MEDIUM, fallback=true}], repeat=-1}, attributes = VibrationAttributes: Usage=TOUCH Audio Usage= USAGE_UNKNOWN Flags=0
07-17 15:01:25.646  2094  6852 D SystemVibratorExtImpl: no vibrator_lmvibrator or CTS vibration, do not convert
07-17 15:01:25.646  2094  6852 I VibratorManagerServiceExtImpl: vibrate is uid=10246, pid=2094, opPkg=com.google.android.inputmethod.latin, effect=Mono{mEffect=Composed{segments=[Prebaked{effect=CLICK, strength=MEDIUM, fallback=true}], repeat=-1}}, attributes=VibrationAttributes: Usage=TOUCH Audio Usage= USAGE_UNKNOWN Flags=0, token=180042661
07-17 15:01:25.646  2094  6852 D VibratorManagerServiceExtImpl: startCustomizeVibratorLocked id= 0,size=1
07-17 15:01:25.646  2094  6852 D VibratorManagerServiceExtImpl: startCustomizeVibratorLocked withCallback=true
07-17 15:01:25.649  1404  1404 I aidl_vibrator: Vibrator perform
07-17 15:01:25.649  1404  1404 I aidl_vibrator: Vibrator perform unsupported this operation
07-17 15:01:25.650  1404  1404 I aidl_vibrator: Vibrator on for timeoutMs: 20
07-17 15:01:25.654  2094  2094 W NotificationHistory: Attempted to add notif for locked/gone/disabled user 0
07-17 15:01:25.673  1404  1404 I aidl_vibrator: Vibrator off
07-17 15:01:25.681  2094  2935 D NotificationService--OplusNavigationManager: Notification--isSuppressedByDriveMode--userId:-1,mode:false
07-17 15:01:25.691 30091  1167 W MLFLoggerImpl: Ignored tag[ClientstoreSsnapFileDownloadDuration] due to configuration settings
07-17 15:01:25.694 30091  1167 D RemoteConfigProvider: Downloading config from SSNAP: com.amazon.sms.parser.regex.config.v3 url:https://m.media-amazon.com/images/S/ssnap-msa/prod/runtimeConfig/android/com.amazon.sms.parser.regex.config.v3.json numRetries:0
07-17 15:01:25.694 11795 11853 D PeopleSpaceWidgetMgr: No app widget ids returned
07-17 15:01:25.702  2094  3101 D PowerManagerService: userActivityNoUpdateLocked: groupId=0, eventTime=701072669, event=2, flags=0x0, uid=1000
07-17 15:01:25.704  1863  2687 D OplusNuPlayer: initializeOplusMedia [158]: 
07-17 15:01:25.704  1863  2687 D NuPlayerDriver: NuPlayerDriver(0xe63339a0) created, clientPid(11795)
07-17 15:01:25.721  8295  8295 D InputMethodManager: showSoftInput() view=io.flutter.embedding.android.FlutterView{ef8162a VFE...... .F...... 0,0-1080,2268 #1 aid=1073741824} flags=0 reason=SHOW_SOFT_INPUT
07-17 15:01:25.722 14452 14452 I GoogleInputMethodService: GoogleInputMethodService.onWindowShown():2418 
07-17 15:01:25.724  8295  8295 D InsetsController: show(ime(), fromIme=true)
07-17 15:01:25.727  2094  3554 D InputMethodManagerService: onHandleImeWindowVisibleStatus: vis = 3, needsToShowImeSwitcher = false
07-17 15:01:25.731  1863  2687 D NuPlayerDriver: setDataSource(0xe63339a0) file(22)
07-17 15:01:25.731  1863 12267 D NuPlayerDriver: notifySetDataSourceCompleted(0xe63339a0) 0
07-17 15:01:25.731  1863  2687 I ExtendedNuUtils: printFileName fd(22) -> /data/system_de/0/ringtones/notification_sound_cache
07-17 15:01:25.741  1281  5015 D vendor.qti.bluetooth@1.0-wake_lock: Release wakelock is released 
07-17 15:01:25.743 11795 11853 D LocalImageResolver: Couldn't use ImageDecoder for drawable, falling back to non-resized load.
07-17 15:01:25.751  1863 16968 D NuPlayerDriver: prepareAsync(0xe63339a0)
07-17 15:01:25.754 11795 11853 D LocalImageResolver: Couldn't use ImageDecoder for drawable, falling back to non-resized load.
07-17 15:01:25.760  1863 12268 D GenericSource: FileSource remote
07-17 15:01:25.765  1854 21988 I FFmpegExtractor: [getAtlasConfByName:L2304] atlas conf:/system/bin/mediaserver confidence:1.0,  result confidence:1.000000
07-17 15:01:25.771  1854 21988 I FFMPEG  : Last message repeated 1 times
07-17 15:01:25.772  1854 21988 I FFMPEG  : [ogg @ 0xb400007b13452a00] 2047 bytes of comment header remain
07-17 15:01:25.789 30091   970 I RuntimeConfigConnector: Successfully read config com.amazon.sms.parser.regex.config.v3 from runtimeConfig Service
07-17 15:01:25.789 30091   970 I MetricsHelper: Publishing RuntimeConfigConnector_com.amazon.sms.parser.regex.config.v3_SUCCESS metric to CW
07-17 15:01:25.792 30091   970 I MetricsHelper: Publishing ConfigProvider_remoteConfigV3 metric to CW
07-17 15:01:25.796  1854 21988 D FFmpegExtractor: SniffFFMPEG failed to sniff this source
07-17 15:01:25.796 11795 11853 D LocalImageResolver: Couldn't use ImageDecoder for drawable, falling back to non-resized load.
07-17 15:01:25.797  1854 21988 D OplusMPEG4Extractor: [BetterSniffMPEG4:L7682] 0 A:0 V:0
07-17 15:01:25.809  1863 12267 D NuPlayerDriver: notifyPrepareCompleted(0xe63339a0) 0
07-17 15:01:25.814  4091  4446 I Athena  : CommonAction: 0,2112,97,4446,6144,28,301,333,2427,2423,743,1328
07-17 15:01:25.817  2094  2935 I MediaFocusControl: requestAudioFocus() from uid/pid 10189/11795 AA=USAGE_NOTIFICATION/CONTENT_TYPE_SONIFICATION clientId=android.media.AudioManager@6a19a59 callingPack=com.android.systemui req=3 flags=0x0 sdk=33
07-17 15:01:25.817  2094  2935 I AudioService.FadeOutManager: unfadeOutUid() uid:10189
07-17 15:01:25.819 30091  1167 W RemoteConfigProvider: Skipping cache update for com.amazon.sms.parser.regex.config.v3: downloaded file is older than cached file
07-17 15:01:25.831 11795 11795 W TouchableRegionManager: onHeadsUpPinnedModeChanged
07-17 15:01:25.832 11795 11795 D NotificationShadeWindowController: notifyUiSwitched 0
07-17 15:01:25.833 11795 11795 D StatusBar: Received new disable state: enaihbcrso.qingr (unchanged)
07-17 15:01:25.833 11795 11795 I AutoHideController: suspendAutoHide: removeAutoHide
07-17 15:01:25.835  2094  2935 D OplusUIFirst: set slide boost in system ui
07-17 15:01:25.835  1394  1394 E PerformanceService: Failed to open /proc/11795/task/3951/ux_state (2): No such file or directory, Linux version 5.4.254
07-17 15:01:25.836  1394  4197 E PerformanceService: Failed to open /proc/11795/task/3950/ux_state (2): No such file or directory, Linux version 5.4.254
07-17 15:01:25.838  2094  2935 D OplusUIFirst_FB: com.android.systemui toForeOps: []
07-17 15:01:25.838  2094  2935 D OplusUIFirst_FB: List of ThreadOp: size=0 []
07-17 15:01:25.840  2094  3554 D OplusUIFirst: disable slide boost in system ui
07-17 15:01:25.841  1394  1437 E PerformanceService: Failed to open /proc/11795/task/3951/ux_state (2): No such file or directory, Linux version 5.4.254
07-17 15:01:25.842  1394  1437 E PerformanceService: Failed to open /proc/11795/task/3950/ux_state (2): No such file or directory, Linux version 5.4.254
07-17 15:01:25.843  2094  3554 D OplusUIFirst_FB: com.android.systemui moveToBack 11795
07-17 15:01:25.853  2094  2935 V WindowManager: Relayout Window{edcc2c1 u0 NotificationShade}: viewVisibility=4, oldvis=4, req=1080x2400
07-17 15:01:25.859 11795 11795 W View    : requestLayout() improperly called by android.widget.ImageView{e1a792c V.ED..... ......I. 0,0-0,0} during layout: running second layout pass
07-17 15:01:25.859 11795 11795 W View    : requestLayout() improperly called by android.view.NotificationHeaderView{b127677 V.E...... ......ID 0,0-984,156 #10203e7 android:id/notification_header} during layout: running second layout pass
07-17 15:01:25.859 11795 11795 W View    : requestLayout() improperly called by android.widget.ImageView{cb99082 V.ED..... ......I. 0,0-0,0} during layout: running second layout pass
07-17 15:01:25.859 11795 11795 W View    : requestLayout() improperly called by android.view.NotificationHeaderView{dfee2e4 V.E...... ......ID 0,0-984,156 #10203e7 android:id/notification_header} during layout: running second layout pass
07-17 15:01:25.859 11795 11795 W View    : requestLayout() improperly called by android.widget.ImageView{c271706 V.ED..... ......I. 0,0-0,0} during layout: running second layout pass
07-17 15:01:25.859 11795 11795 W View    : requestLayout() improperly called by android.view.NotificationHeaderView{f00434d V.E...... ......ID 0,0-984,156 #10203e7 android:id/notification_header} during layout: running second layout pass
07-17 15:01:25.866  2094  3554 V WindowManager: Relayout Window{de42143 u0 StatusBar}: viewVisibility=0, oldvis=0, req=1080x118
07-17 15:01:25.873  1433  1433 D Layer   : reparent to null sequence=121256, seq[1], name=Surface(name=de42143 StatusBar)/@0x4d608f9 - animation-leash of insets_animation#121256
07-17 15:01:25.881  2094  3554 V WindowManager: Relayout Window{edcc2c1 u0 NotificationShade}: viewVisibility=0, oldvis=4, req=1080x2400
07-17 15:01:25.882  2094  2935 D OplusUIFirst: set slide boost in system ui
07-17 15:01:25.883  1394  1394 E PerformanceService: Failed to open /proc/11795/task/3951/ux_state (2): No such file or directory, Linux version 5.4.254
07-17 15:01:25.883  1394  1437 E PerformanceService: Failed to open /proc/11795/task/3950/ux_state (2): No such file or directory, Linux version 5.4.254
07-17 15:01:25.884  2094  2935 D OplusUIFirst_FB: com.android.systemui toForeOps: []
07-17 15:01:25.884  2094  2935 D OplusUIFirst_FB: List of ThreadOp: size=0 []
07-17 15:01:25.890  1433  1433 D OplusLayer: ~Layer() sequence=121256, name=Surface(name=de42143 StatusBar)/@0x4d608f9 - animation-leash of insets_animation#121256
07-17 15:01:25.891 11795 11795 D BufferQueueConsumer: [](id:2e1300000af6,api:0,p:-1,c:11795) connect: controlledByApp=false
07-17 15:01:25.891 30091   970 I ConfigProvider: Fetched version 4.0 of SpyderConfig for SMS Parsing.
07-17 15:01:25.891 11795 11795 E IPCThreadState: attemptIncStrongHandle(251): Not supported
07-17 15:01:25.892 11795 11795 E IPCThreadState: attemptIncStrongHandle(248): Not supported
07-17 15:01:25.892 11795 11795 E IPCThreadState: attemptIncStrongHandle(302): Not supported
07-17 15:01:25.892 11795 11795 E IPCThreadState: attemptIncStrongHandle(293): Not supported
07-17 15:01:25.893 11795 11834 D BufferQueueProducer: [VRI[NotificationShade]#2774(BLAST Consumer)2774](id:2e1300000af6,api:1,p:11795,c:11795) connect: api=1 producerControlledByApp=true
07-17 15:01:25.893 11795 11795 D VRI[NotificationShade]: registerCallbacksForSync syncBuffer=false
07-17 15:01:25.895 30091   970 E com.amazon.mShop.securestorage.impl.SecureStorageImpl: Exception occurred while processing get request.
07-17 15:01:25.895 30091   970 E com.amazon.mShop.securestorage.impl.SecureStorageImpl: com.amazon.mShop.securestorage.NonRetryableException: No data found with the provided input.
07-17 15:01:25.895 30091   970 E com.amazon.mShop.securestorage.impl.SecureStorageImpl: 	at com.amazon.mShop.securestorage.impl.SecureStorageImpl.get(SecureStorageImpl.java:178)
07-17 15:01:25.895 30091   970 E com.amazon.mShop.securestorage.impl.SecureStorageImpl: 	at com.amazon.mShop.spyder.smssync.connector.SecureStorageConnector.get(SecureStorageConnector.java:60)
07-17 15:01:25.895 30091   970 E com.amazon.mShop.securestorage.impl.SecureStorageImpl: 	at com.amazon.mShop.spyder.smssync.utils.MajorVersionUtils.isConfigMajorVersionChanged(MajorVersionUtils.java:97)
07-17 15:01:25.895 30091   970 E com.amazon.mShop.securestorage.impl.SecureStorageImpl: 	at com.amazon.mShop.spyder.smssync.worker.BatchSmsProcessor.parsedAndUploadSmsBatch(BatchSmsProcessor.java:165)
07-17 15:01:25.895 30091   970 E com.amazon.mShop.securestorage.impl.SecureStorageImpl: 	at com.amazon.mShop.spyder.smssync.executor.SmsSyncExecutor.parseSms(SmsSyncExecutor.java:108)
07-17 15:01:25.895 30091   970 E com.amazon.mShop.securestorage.impl.SecureStorageImpl: 	at com.amazon.mShop.spyder.smssync.executor.SmsSyncExecutor.execute(SmsSyncExecutor.java:87)
07-17 15:01:25.895 30091   970 E com.amazon.mShop.securestorage.impl.SecureStorageImpl: 	at com.amazon.mShop.spyder.smssync.receiver.SmsBroadcastReceiver.lambda$onReceive$0(SmsBroadcastReceiver.java:88)
07-17 15:01:25.895 30091   970 E com.amazon.mShop.securestorage.impl.SecureStorageImpl: 	at com.amazon.mShop.spyder.smssync.receiver.SmsBroadcastReceiver.$r8$lambda$zu7qHqXJM9sNKineN451QS33KuY(SmsBroadcastReceiver.java:0)
07-17 15:01:25.895 30091   970 E com.amazon.mShop.securestorage.impl.SecureStorageImpl: 	at com.amazon.mShop.spyder.smssync.receiver.SmsBroadcastReceiver$$ExternalSyntheticLambda0.run(R8$$SyntheticClass:0)
07-17 15:01:25.895 30091   970 E com.amazon.mShop.securestorage.impl.SecureStorageImpl: 	at java.util.concurrent.ThreadPoolExecutor.runWorker(ThreadPoolExecutor.java:1100)
07-17 15:01:25.895 30091   970 E com.amazon.mShop.securestorage.impl.SecureStorageImpl: 	at java.util.concurrent.ThreadPoolExecutor$Worker.run(ThreadPoolExecutor.java:624)
07-17 15:01:25.895 30091   970 E com.amazon.mShop.securestorage.impl.SecureStorageImpl: 	at java.lang.Thread.run(Thread.java:1572)
07-17 15:01:25.899 30091   970 E SecureStorageConnector: Error occurred while fetching item from secure storage.
07-17 15:01:25.899 30091   970 E SecureStorageConnector: com.amazon.mShop.securestorage.NonRetryableException: No data found with the provided input.
07-17 15:01:25.899 30091   970 E SecureStorageConnector: 	at com.amazon.mShop.securestorage.impl.SecureStorageImpl.get(SecureStorageImpl.java:178)
07-17 15:01:25.899 30091   970 E SecureStorageConnector: 	at com.amazon.mShop.spyder.smssync.connector.SecureStorageConnector.get(SecureStorageConnector.java:60)
07-17 15:01:25.899 30091   970 E SecureStorageConnector: 	at com.amazon.mShop.spyder.smssync.utils.MajorVersionUtils.isConfigMajorVersionChanged(MajorVersionUtils.java:97)
07-17 15:01:25.899 30091   970 E SecureStorageConnector: 	at com.amazon.mShop.spyder.smssync.worker.BatchSmsProcessor.parsedAndUploadSmsBatch(BatchSmsProcessor.java:165)
07-17 15:01:25.899 30091   970 E SecureStorageConnector: 	at com.amazon.mShop.spyder.smssync.executor.SmsSyncExecutor.parseSms(SmsSyncExecutor.java:108)
07-17 15:01:25.899 30091   970 E SecureStorageConnector: 	at com.amazon.mShop.spyder.smssync.executor.SmsSyncExecutor.execute(SmsSyncExecutor.java:87)
07-17 15:01:25.899 30091   970 E SecureStorageConnector: 	at com.amazon.mShop.spyder.smssync.receiver.SmsBroadcastReceiver.lambda$onReceive$0(SmsBroadcastReceiver.java:88)
07-17 15:01:25.899 30091   970 E SecureStorageConnector: 	at com.amazon.mShop.spyder.smssync.receiver.SmsBroadcastReceiver.$r8$lambda$zu7qHqXJM9sNKineN451QS33KuY(SmsBroadcastReceiver.java:0)
07-17 15:01:25.899 30091   970 E SecureStorageConnector: 	at com.amazon.mShop.spyder.smssync.receiver.SmsBroadcastReceiver$$ExternalSyntheticLambda0.run(R8$$SyntheticClass:0)
07-17 15:01:25.899 30091   970 E SecureStorageConnector: 	at java.util.concurrent.ThreadPoolExecutor.runWorker(ThreadPoolExecutor.java:1100)
07-17 15:01:25.899 30091   970 E SecureStorageConnector: 	at java.util.concurrent.ThreadPoolExecutor$Worker.run(ThreadPoolExecutor.java:624)
07-17 15:01:25.899 30091   970 E SecureStorageConnector: 	at java.lang.Thread.run(Thread.java:1572)
07-17 15:01:25.899 30091   970 I MetricsHelper: Publishing SecureStorageConnector_NonRetryableException metric to CW
07-17 15:01:25.901 30091   970 I MetricsHelper: Publishing SecureStorageConnector_SECURE_STORAGE_GET_SUCCESS metric to CW
07-17 15:01:25.902 30091   970 I MetricsHelper: Publishing SecureStorageConnector_SECURE_STORAGE_GET_LATENCY metric to CW
07-17 15:01:25.906 11795 11834 D VRI[NotificationShade]: Received frameCommittedCallback lastAttemptedDrawFrameNum=1 didProduceBuffer=true syncBuffer=false
07-17 15:01:25.909 11795 11795 D VRI[NotificationShade]: draw finished.
07-17 15:01:25.916  2094  2935 D WindowManager: finishDrawingWindow: Window{edcc2c1 u0 NotificationShade} mDrawState=DRAW_PENDING
07-17 15:01:25.923  1433  1433 D OplusLayer: (121264,NotificationShade#121264,com.android.systemui) setBuffer
07-17 15:01:25.941  1433  1433 I DispPerfService: updateLayerMask 0
07-17 15:01:25.957  4091  4446 I Athena  : CommonAction: 21,1963,99,4446,6144,28,331,334,2429,2381,742,1287
07-17 15:01:25.963 30091   970 I MetricsHelper: Publishing SecureStorageConnector_SECURE_STORAGE_GET_SUCCESS metric to CW
07-17 15:01:25.963 30091   828 I BatchCreator: enqueueBatchForTransmission
07-17 15:01:25.963 30091   970 I MetricsHelper: Publishing SecureStorageConnector_SECURE_STORAGE_GET_LATENCY metric to CW
07-17 15:01:25.964 30091   970 D MajorVersionUtils: 4.1 is the version data in secure storage
07-17 15:01:25.964 30091   970 I MetricsHelper: Publishing MajorVersionUtils_configMajorVersionChanged metric to CW
07-17 15:01:25.965 30091   970 I MetricsHelper: Publishing MajorVersionUtils_configMajorVersionUnChanged metric to CW
07-17 15:01:25.982 30091   828 I StorageManager: addBatch to BoundedBatchQueue, then write to disk file...
07-17 15:01:26.004 30091   970 I MetricsHelper: Publishing SecureStorageConnector_SECURE_STORAGE_GET_SUCCESS metric to CW
07-17 15:01:26.005 30091   970 I MetricsHelper: Publishing SecureStorageConnector_SECURE_STORAGE_GET_LATENCY metric to CW
07-17 15:01:26.006 30091   970 I MetricsHelper: Publishing lastSmsParsedTimeProvider_lastSmsParsedTime_isnp_SUCCESS metric to CW
07-17 15:01:26.028  4078  5366 D MmsSmsProvider: VerificationCode isAllowAccess = false
07-17 15:01:26.061  1393  1393 D ORMS_HAL: OrmsHalService write file /proc/sys/kernel/input_boost_enabled - 1.
07-17 15:01:26.062  2094  3101 D PowerManagerService: userActivityNoUpdateLocked: groupId=0, eventTime=701073027, event=2, flags=0x0, uid=1000
07-17 15:01:26.063  1319  1486 E ANDR-PERF-OPTSHANDLER: Perflock resource /sys/class/devfreq/soc:qcom,cpu0-llcc-ddr-lat/min_freq not supported
07-17 15:01:26.064  1319  1486 E ANDR-PERF-RESOURCEQS: Failed to apply optimization [13, 12]
07-17 15:01:26.064  1319  1486 E ANDR-PERF-OPTSHANDLER: Perflock resource /sys/class/devfreq/soc:qcom,cpu0-llcc-ddr-lat/min_freq not supported
07-17 15:01:26.064  1319  1486 E ANDR-PERF-RESOURCEQS: Failed to apply optimization [13, 12]
07-17 15:01:26.064  1319  1486 E ANDR-PERF-OPTSHANDLER: Perflock resource /sys/class/devfreq/soc:qcom,cpubw/bw_hwmon/io_percent not supported
07-17 15:01:26.064  1319  1486 E ANDR-PERF-RESOURCEQS: Failed to apply optimization [6, 2]
07-17 15:01:26.064  1319  1486 E ANDR-PERF-OPTSHANDLER: Perflock resource /sys/class/devfreq/soc:qcom,cpubw/bw_hwmon/sample_ms not supported
07-17 15:01:26.064  1319  1486 E ANDR-PERF-RESOURCEQS: Failed to apply optimization [6, 8]
07-17 15:01:26.064  1319  1486 E ANDR-PERF-OPTSHANDLER: Perflock resource SPECIAL_NODE - cpubw_hwmon_hyst_opt not supported
07-17 15:01:26.064  1319  1486 E ANDR-PERF-RESOURCEQS: Failed to apply optimization [6, 3]
07-17 15:01:26.064  1319  1486 E ANDR-PERF-OPTSHANDLER: Perflock resource /sys/class/devfreq/soc:qcom,cpubw/min_freq not supported
07-17 15:01:26.064  1319  1486 E ANDR-PERF-RESOURCEQS: Failed to apply optimization [6, 0]
07-17 15:01:26.064  2094  3726 E SystemServiceRegistry: Manager wrapper not available: linearmotor
07-17 15:01:26.064 11795 11795 I AutoHideController: checkUserAutoHide: callers=com.android.systemui.statusbar.phone.StatusBar.lambda$getStatusBarWindowTouchListener$14:2124 com.android.systemui.statusbar.phone.StatusBar.$r8$lambda$QF8QHao4WUovWksCkhwcATQ2dL4:0 com.android.systemui.statusbar.phone.StatusBar$$ExternalSyntheticLambda2.onTouch:2 android.view.View.dispatchTouchEvent:15103 android.view.ViewGroup.dispatchTransformedTouchEvent:3164 
07-17 15:01:26.064  2094  3726 D SystemVibratorExtImpl: convertToLinearVibration uid = 10246, opPkg = com.google.android.inputmethod.latin, effect = Composed{segments=[Prebaked{effect=CLICK, strength=MEDIUM, fallback=true}], repeat=-1}, attributes = VibrationAttributes: Usage=TOUCH Audio Usage= USAGE_UNKNOWN Flags=0
07-17 15:01:26.064 11795 11795 I AutoHideController: checkUserAutoHide: shouldHide=false
07-17 15:01:26.064  2094  3726 D SystemVibratorExtImpl: no vibrator_lmvibrator or CTS vibration, do not convert
07-17 15:01:26.065 11795 11795 I AutoHideController: checkUserAutoHide: shouldHide=false
07-17 15:01:26.065  2094  3726 I VibratorManagerServiceExtImpl: vibrate is uid=10246, pid=2094, opPkg=com.google.android.inputmethod.latin, effect=Mono{mEffect=Composed{segments=[Prebaked{effect=CLICK, strength=MEDIUM, fallback=true}], repeat=-1}}, attributes=VibrationAttributes: Usage=TOUCH Audio Usage= USAGE_UNKNOWN Flags=0, token=180042661
07-17 15:01:26.065  2094  3726 D VibratorManagerServiceExtImpl: startCustomizeVibratorLocked id= 0,size=1
07-17 15:01:26.065  2094  3726 D VibratorManagerServiceExtImpl: startCustomizeVibratorLocked withCallback=true
07-17 15:01:26.067  4091  4446 I Athena  : CommonAction: 22,1997,191,4446,6144,28,331,334,2397,2323,745,1226,17.785807,22
07-17 15:01:26.068  2094  3266 D OGG_Detector: D:done mCurrStatus: 0
07-17 15:01:26.069  1404  1404 I aidl_vibrator: Vibrator perform
07-17 15:01:26.069  1404  1404 I aidl_vibrator: Vibrator perform unsupported this operation
07-17 15:01:26.069  1404  1404 I aidl_vibrator: Vibrator on for timeoutMs: 20
07-17 15:01:26.080 30091   970 I MetricsHelper: Publishing SmsProvider_COUNT metric to CW
07-17 15:01:26.082 30091   970 I MetricsHelper: Publishing SmsProvider_COUNT_smsBroadcastReceiverParsing metric to CW
07-17 15:01:26.083 30091   970 I MetricsHelper: Publishing SmsParsingDevice_OPPO_SmsProvider_COUNT_smsBroadcastReceiverParsing metric to CW
07-17 15:01:26.086 30091   970 I MetricsHelper: Publishing SmsProvider_SUCCESS metric to CW
07-17 15:01:26.088 30091   970 I MetricsHelper: Publishing SmsProvider_FAILURE metric to CW
07-17 15:01:26.089 30091   970 I MetricsHelper: Publishing SmsProvider_LATENCY metric to CW
07-17 15:01:26.090 30091   970 I MetricsHelper: Publishing SmsParsingDevice_SmsProvider_LATENCY_smsBroadcastReceiverParsing metric to CW
07-17 15:01:26.092 30091   970 I MetricsHelper: Publishing SmsParsingDevice_OPPO_SmsProvider_LATENCY_smsBroadcastReceiverParsing metric to CW
07-17 15:01:26.093  1404  1404 I aidl_vibrator: Vibrator off
07-17 15:01:26.094 30091   970 D NexusLogger: PARSNexusEvent: {"schemaId":"sms_parsing.SmsParsingDataEvent.4","producerId":"native-sms-parsing","timestamp":"2026-07-17T09:31:26.093Z","messageId":"8059542d-dc16-402d-ae73-b3d74678d44b","mshopVersion":"Version 32.12.4.300","actionName":"INBOX_READ","actionResult":"SUCCESS","actionState":"COMPLETED","actionType":"unknown","obfuscatedCustomerId":"unknown","stichingId":"32098713-8766-49b6-8dc1-0b6823feb296","actionResultMessage":"unknown","exception":"unknown","majorVersionNumber":"4.1","smsParserConfigVersion":"remoteConfigV3","parsingType":"smsBroadcastReceiverParsing","clientId":"isnp","messagesReadFromInbox":0,"parsedMessagesCount":-1,"uploadMessageCount":-1,"latency":-1,"deviceBrand":"OPPO","deviceManufacturer":"OPPO","deviceModel":"CPH2341","customAttribute1":"unknown","customAttribute2":"unknown","isDefaultParsing":false,"senderIdParsedMessagesCount":"unknown"}
07-17 15:01:26.096 30091   970 D NexusLogger: PARSNexusEvent: {"schemaId":"sms_parsing.SmsParsingDataEvent.4","producerId":"native-sms-parsing","timestamp":"2026-07-17T09:31:26.095Z","messageId":"5178071b-1211-4179-a83c-1049795a5c2d","mshopVersion":"Version 32.12.4.300","actionName":"PARSING","actionResult":"SUCCESS","actionState":"COMPLETED","actionType":"unknown","obfuscatedCustomerId":"unknown","stichingId":"32098713-8766-49b6-8dc1-0b6823feb296","actionResultMessage":"unknown","exception":"unknown","majorVersionNumber":"4.1","smsParserConfigVersion":"remoteConfigV3","parsingType":"smsBroadcastReceiverParsing","clientId":"isnp","messagesReadFromInbox":0,"parsedMessagesCount":0,"uploadMessageCount":-1,"latency":-1,"deviceBrand":"OPPO","deviceManufacturer":"OPPO","deviceModel":"CPH2341","customAttribute1":"unknown","customAttribute2":"unknown","isDefaultParsing":false,"senderIdParsedMessagesCount":"{}"}
07-17 15:01:26.096 30091   970 I MetricsHelper: Publishing SmsParsingDevice_SMS_MATCHED_SENDERID_smsBroadcastReceiverParsing_4.1 metric to CW
07-17 15:01:26.097 30091   970 I MetricsHelper: Publishing SmsParsingDevice_ParseSMS_Latency_smsBroadcastReceiverParsing metric to CW
07-17 15:01:26.098 30091   970 I MetricsHelper: Publishing SmsParsingDevice_OPPO_ParseSMS_Latency_smsBroadcastReceiverParsing metric to CW
07-17 15:01:26.099 30091   970 I MetricsHelper: Publishing SmsParsingDevice_SMS_MATCHED_SENDERID_smsBroadcastReceiverParsing metric to CW
07-17 15:01:26.099 30091   970 I MetricsHelper: Publishing SmsParsingDevice_OPPO_SmsParsingDevice_SMS_MATCHED_SENDERID_smsBroadcastReceiverParsing metric to CW
07-17 15:01:26.101 30091   970 I MetricsHelper: Publishing SmsParsingDevice_SMS_MATCHED_SENDERID_smsBroadcastReceiverParsing_4.0 metric to CW
07-17 15:01:26.102 30091   970 I MetricsHelper: Publishing BatchSmsProcessor_COUNT_smsBroadcastReceiverParsing metric to CW
07-17 15:01:26.102 30091   970 I MetricsHelper: Publishing SmsParsingDevice_OPPO_BatchSmsProcessor_COUNT_smsBroadcastReceiverParsing metric to CW
07-17 15:01:26.103 30091   970 I MetricsHelper: Publishing BatchSmsProcessor_COUNT_smsBroadcastReceiverParsing_4.0 metric to CW
07-17 15:01:26.104 30091   970 I BatchSmsProcessor: Total sms parsed across all senders:0
07-17 15:01:26.105 30091   970 D NexusLogger: PARSNexusEvent: {"schemaId":"sms_parsing.SmsParsingDataEvent.4","producerId":"native-sms-parsing","timestamp":"2026-07-17T09:31:26.104Z","messageId":"87d847b1-31ca-4aa9-bf16-803bdcb45906","mshopVersion":"Version 32.12.4.300","actionName":"PARSING","actionResult":"SUCCESS","actionState":"COMPLETED","actionType":"unknown","obfuscatedCustomerId":"unknown","stichingId":"32098713-8766-49b6-8dc1-0b6823feb296","actionResultMessage":"unknown","exception":"unknown","majorVersionNumber":"unknown","smsParserConfigVersion":"remoteConfigV3","parsingType":"smsBroadcastReceiverParsing","clientId":"unknown","messagesReadFromInbox":-1,"parsedMessagesCount":0,"uploadMessageCount":-1,"latency":1798,"deviceBrand":"OPPO","deviceManufacturer":"OPPO","deviceModel":"CPH2341","customAttribute1":"unknown","customAttribute2":"unknown","isDefaultParsing":false,"senderIdParsedMessagesCount":"unknown"}
07-17 15:01:26.114 30091   970 I in.amazon.mShop.android.shopping/TokenJobQueue: Begin executing task GetActorToken:in.amazon.mShop.android.shopping/com.amazon.dcp.sso.token.oauth.amazon.actor.access_token
07-17 15:01:26.114 30091   970 I in.amazon.mShop.android.shopping/TokenJobQueue: Scheduled running concurrent job GetActorToken:in.amazon.mShop.android.shopping/com.amazon.dcp.sso.token.oauth.amazon.actor.access_token.
07-17 15:01:26.114 30091 11379 I in.amazon.mShop.android.shopping/TokenJobQueue: Finish executing task GetActorToken:in.amazon.mShop.android.shopping/com.amazon.dcp.sso.token.oauth.amazon.actor.access_token.
07-17 15:01:26.116 30091   970 D NexusLogger: PARSNexusEvent: {"schemaId":"sms_parsing.SmsParsingDataEvent.4","producerId":"native-sms-parsing","timestamp":"2026-07-17T09:31:26.114Z","messageId":"17bf6f6d-edec-43e5-815c-165d98ece879","mshopVersion":"Version 32.12.4.300","actionName":"AUDI_UPLOAD","actionResult":"unknown","actionState":"STARTED","actionType":"unknown","obfuscatedCustomerId":"unknown","stichingId":"32098713-8766-49b6-8dc1-0b6823feb296","actionResultMessage":"unknown","exception":"unknown","majorVersionNumber":"unknown","smsParserConfigVersion":"remoteConfigV3","parsingType":"smsBroadcastReceiverParsing","clientId":"unknown","messagesReadFromInbox":-1,"parsedMessagesCount":-1,"uploadMessageCount":-1,"latency":-1,"deviceBrand":"OPPO","deviceManufacturer":"OPPO","deviceModel":"CPH2341","customAttribute1":"unknown","customAttribute2":"unknown","isDefaultParsing":false,"senderIdParsedMessagesCount":"unknown"}
07-17 15:01:26.116 30091   970 I AudiConnector: Skipped empty batch upload to AUDI
07-17 15:01:26.116 30091   970 I MetricsHelper: Publishing AudiConnector_EMPTY_BATCH_UPLOAD_SKIPPED metric to CW
07-17 15:01:26.117 30091   970 I MetricsHelper: Publishing AudiConnector_smsBroadcastReceiverParsing_EMPTY_BATCH_UPLOAD_SKIPPED metric to CW
07-17 15:01:26.119 30091   970 D NexusLogger: PARSNexusEvent: {"schemaId":"sms_parsing.SmsParsingDataEvent.4","producerId":"native-sms-parsing","timestamp":"2026-07-17T09:31:26.118Z","messageId":"45b563aa-feb9-4e75-bffa-284b6d3b3c17","mshopVersion":"Version 32.12.4.300","actionName":"AUDI_UPLOAD","actionResult":"SUCCESS","actionState":"COMPLETED","actionType":"EMPTY_BATCH","obfuscatedCustomerId":"unknown","stichingId":"32098713-8766-49b6-8dc1-0b6823feb296","actionResultMessage":"unknown","exception":"unknown","majorVersionNumber":"unknown","smsParserConfigVersion":"remoteConfigV3","parsingType":"smsBroadcastReceiverParsing","clientId":"unknown","messagesReadFromInbox":-1,"parsedMessagesCount":-1,"uploadMessageCount":-1,"latency":-1,"deviceBrand":"OPPO","deviceManufacturer":"OPPO","deviceModel":"CPH2341","customAttribute1":"unknown","customAttribute2":"unknown","isDefaultParsing":false,"senderIdParsedMessagesCount":"unknown"}
07-17 15:01:26.119 30091   970 I AudiConnector: Storing last upload time and major version in secure storage
07-17 15:01:26.127 30091   970 I ConfigProvider: ClientSystemConfig gated for clientId: smartpay
07-17 15:01:26.139  2094 12263 D VibratorManagerServiceExtImpl: is not PrebakedSegment
07-17 15:01:26.139  2094 12263 D SystemVibratorExtImpl: convertToLinearVibration uid = 1000, opPkg = android, effect = Composed{segments=[Step{amplitude=0.0, frequencyHz=0.0, duration=0}, Step{amplitude=-1.0, frequencyHz=0.0, duration=200}, Step{amplitude=0.0, frequencyHz=0.0, duration=200}, Step{amplitude=-1.0, frequencyHz=0.0, duration=0}], repeat=-1}, attributes = VibrationAttributes: Usage=NOTIFICATION Audio Usage= USAGE_NOTIFICATION Flags=0
07-17 15:01:26.139  2094 12263 D SystemVibratorExtImpl: no vibrator_lmvibrator or CTS vibration, do not convert
07-17 15:01:26.140  2094 12263 I VibratorManagerServiceExtImpl: vibrate is uid=1000, pid=2094, opPkg=android, effect=Mono{mEffect=Composed{segments=[Step{amplitude=0.0, frequencyHz=0.0, duration=0}, Step{amplitude=-1.0, frequencyHz=0.0, duration=200}, Step{amplitude=0.0, frequencyHz=0.0, duration=200}, Step{amplitude=-1.0, frequencyHz=0.0, duration=0}], repeat=-1}}, attributes=VibrationAttributes: Usage=NOTIFICATION Audio Usage= USAGE_NOTIFICATION Flags=0, token=180042661
07-17 15:01:26.140  2094 12263 D VibratorManagerServiceExtImpl: startCustomizeVibratorLocked id= 0,size=1
07-17 15:01:26.140  2094 12263 D VibratorManagerServiceExtImpl: startCustomizeVibratorLocked withCallback=true
07-17 15:01:26.142  1404  1404 I aidl_vibrator: Vibrator on for timeoutMs: 200
07-17 15:01:26.165  4091  4446 I Athena  : CommonAction: 24,1998,226,4444,6144,28,331,334,2394,2290,749,1189,18.545807,22
07-17 15:01:26.175  2094  3101 D PowerManagerService: userActivityNoUpdateLocked: groupId=0, eventTime=701073141, event=2, flags=0x0, uid=1000
07-17 15:01:26.176 30091   970 I MetricsHelper: Publishing SecureStorageConnector_SECURE_STORAGE_PUT_SUCCESS metric to CW
07-17 15:01:26.178 30091   970 I MetricsHelper: Publishing SecureStorageConnector_SECURE_STORAGE_PUT_LATENCY metric to CW
07-17 15:01:26.179 30091   970 I MajorVersionUtils: majorVersionNumber successfully stored
07-17 15:01:26.179 30091   970 I MetricsHelper: Publishing MajorVersionUtils_persistMajorVersionSecureStorage_SUCCESS metric to CW
07-17 15:01:26.181  8295  8295 D InputMethodManager: showSoftInput() view=io.flutter.embedding.android.FlutterView{ef8162a VFE...... .F...... 0,0-1080,2268 #1 aid=1073741824} flags=0 reason=SHOW_SOFT_INPUT
07-17 15:01:26.182 14452 14452 I GoogleInputMethodService: GoogleInputMethodService.onWindowShown():2418 
07-17 15:01:26.185  8295  8295 D InsetsController: show(ime(), fromIme=true)
07-17 15:01:26.187  2094  3726 D InputMethodManagerService: onHandleImeWindowVisibleStatus: vis = 3, needsToShowImeSwitcher = false
07-17 15:01:26.197 30091  2447 I MobileLoggingSuite: Received HTTP_OK when uploading file
07-17 15:01:26.197 30091  2447 D MobileLoggingSuite: Upload of Sushi file '/data/user/0/in.amazon.mShop.android.shopping/files/mls/nexus/sushi_normal/file_ring/v2_2_eu_5' successful.
07-17 15:01:26.199 30091  2447 D MobileLoggingSuite: Completed upload of previously persisted events in path /data/user/0/in.amazon.mShop.android.shopping/files/mls/nexus/sushi_normal
07-17 15:01:26.199 30091  2447 D MobileLoggingSuite: Sushi UploadTask completed successfully
07-17 15:01:26.232 30091   970 I MetricsHelper: Publishing SecureStorageConnector_SECURE_STORAGE_PUT_SUCCESS metric to CW
07-17 15:01:26.233 30091   970 I MetricsHelper: Publishing SecureStorageConnector_SECURE_STORAGE_PUT_LATENCY metric to CW
07-17 15:01:26.234 30091   970 I lastSmsParsedTimeProvider: smsProcessorExecutionTime successfully uploaded
07-17 15:01:26.234 30091   970 I MetricsHelper: Publishing lastSmsParsedTimeProvider_smsProcessorExecutionTimeUpdate_SUCCESS metric to CW
07-17 15:01:26.235 30091   970 I MetricsHelper: Publishing lastSmsParsedTimeProvider_smsProcessorExecutionTimeUpdate_FAILURE metric to CW
07-17 15:01:26.236 30091   970 I MetricsHelper: Publishing smsBroadcastReceiverParsing_SUCCESS metric to CW
07-17 15:01:26.237 30091   970 I MetricsHelper: Publishing smsBroadcastReceiverParsing_USING_4.0_SUCCESS metric to CW
07-17 15:01:26.238 30091   970 I MetricsHelper: Publishing SmsParsingDevice_OPPO_smsBroadcastReceiverParsing_SUCCESS metric to CW
07-17 15:01:26.239 30091   970 I MetricsHelper: Publishing BatchSmsProcessor_smsBroadcastReceiverParsing metric to CW
07-17 15:01:26.246 30091   970 I SpyderParsingStateManager: Updating Parsing state as COMPLETE by : SmsBroadcastReceiverParsing
07-17 15:01:26.254  1281  5187 I vendor.qti.bluetooth@1.0-ibs_handler: ProcessIbsCmd: Received IBS_WAKE_IND: 0xFD
07-17 15:01:26.254  1281  5187 D vendor.qti.bluetooth@1.0-ibs_handler: SerialClockVote: vote for UART CLK ON
07-17 15:01:26.255  1281  5187 D vendor.qti.bluetooth@1.0-wake_lock: Acquire wakelock is acquired 
07-17 15:01:26.256  1281  5187 I vendor.qti.bluetooth@1.0-ibs_handler: ProcessIbsCmd: Writing IBS_WAKE_ACK
07-17 15:01:26.261 24997 25256 I NearbyDiscovery: (REDACTED) BloomFilterAdvManager: Detected bloom filter but too far away, ignoring. %sm, %s
07-17 15:01:26.294 30091   970 I MetricsHelper: Publishing SecureStorageConnector_SECURE_STORAGE_PUT_SUCCESS metric to CW
07-17 15:01:26.295 30091   970 I MetricsHelper: Publishing SecureStorageConnector_SECURE_STORAGE_PUT_LATENCY metric to CW
07-17 15:01:26.296 30091   970 I MetricsHelper: Publishing SpyderParsingStateManager_UPLOAD_PARSING_STATE_SUCCESS metric to CW
07-17 15:01:26.296  1281  5187 I vendor.qti.bluetooth@1.0-ibs_handler: ProcessIbsCmd: Received IBS_SLEEP_IND: 0xFE
07-17 15:01:26.296  1281  5187 D vendor.qti.bluetooth@1.0-ibs_handler: SerialClockVote: vote for UART CLK OFF
07-17 15:01:26.297 30091   970 I SmsBroadcastReceiverParsing: Successfully executed:smsBroadcastReceiverParsing
07-17 15:01:26.297 30091   970 I MetricsHelper: Publishing SmsBroadcastReceiverParsing_SUCCESS metric to CW
07-17 15:01:26.297 30091   970 I MetricsHelper: Publishing SmsParsingDevice_OPPO_SmsBroadcastReceiverParsing_SUCCESS metric to CW
07-17 15:01:26.298  1433  1592 I SurfaceFlinger: [SF client] REMOVE (0xb400007cfb646a00) for (2094:system_server)
07-17 15:01:26.298 30091   970 I MetricsHelper: Publishing SmsBroadcastReceiverParsing_LATENCY metric to CW
07-17 15:01:26.299 30091   970 I MetricsHelper: Publishing SmsParsingDevice_OPPO_SmsBroadcastReceiverParsing_LATENCY metric to CW
07-17 15:01:26.301 11795 11807 W System  : A resource failed to call release. 
07-17 15:01:26.301  1433  1592 I SurfaceFlinger: [SF client] REMOVE (0xb400007d0e554680) for (11795:com.android.systemui)
07-17 15:01:26.301 11795 11807 W System  : A resource failed to call Surface.release. 
07-17 15:01:26.301 11795 11807 D BufferQueueConsumer: [SurfaceTexture-0-11795-31](id:2e1300000af4,api:0,p:-1,c:11795) disconnect
07-17 15:01:26.303 11795 11807 W System  : A resource failed to call release. 
07-17 15:01:26.303  1433  1592 I SurfaceFlinger: [SF client] REMOVE (0xb400007cfb63e540) for (11795:com.android.systemui)
07-17 15:01:26.305  1433  1433 D OplusLayer: ~Layer() sequence=121258, name=Surface(name=24bdd0c com.example.ecommerce_app/com.example.ecommerce_app.MainActivity)/@0xc922cd9 - animation-leash of starting_reveal#121258
07-17 15:01:26.305  1433  1433 D OplusLayer: ~Layer() sequence=121255, name=Surface(name=Task=1155)/@0xaf5d4e1 - animation-leash of app_transition#121255
07-17 15:01:26.305  1433  1433 D OplusLayer: ~Layer() sequence=121199, name=Surface(name=a052cbb com.example.ecommerce_app/com.example.ecommerce_app.MainActivity)/@0x1661af5 - animation-leash of starting_reveal#121199
07-17 15:01:26.305  1433  1433 D OplusLayer: ~Layer() sequence=121181, name=Task=1154#121181
07-17 15:01:26.319  1863 16968 D NuPlayerDriver: start(0xe63339a0)+ state is 4, eos is 0
07-17 15:01:26.319  1863 16968 D NuPlayerDriver: start(0xe63339a0)-
07-17 15:01:26.320  1863 12267 I GenericSource: start
07-17 15:01:26.321  4611  4611 E OplusBluetoothAudioGuard: enter onPlaybackConfigChanged
07-17 15:01:26.322 11795 11795 D MediaRouter: onRestoreRoute() : route=RouteInfo{ name=Phone, description=null, status=null, category=RouteCategory{ name=System types=ROUTE_TYPE_LIVE_AUDIO ROUTE_TYPE_LIVE_VIDEO  groupable=false }, supportedTypes=ROUTE_TYPE_LIVE_AUDIO ROUTE_TYPE_LIVE_VIDEO , presentationDisplay=null }
07-17 15:01:26.322 11795 11795 V MediaRouter: Selecting route: RouteInfo{ name=Phone, description=null, status=null, category=RouteCategory{ name=System types=ROUTE_TYPE_LIVE_AUDIO ROUTE_TYPE_LIVE_VIDEO  groupable=false }, supportedTypes=ROUTE_TYPE_LIVE_AUDIO ROUTE_TYPE_LIVE_VIDEO , presentationDisplay=null }
07-17 15:01:26.335  1863 12267 V ListServiceUtils: checkInListByUid start module:video-slow-sync uid:10189  time 701073303084us
07-17 15:01:26.335  1863 12267 V ListServiceUtils: checkInListByUid end module:video-slow-sync uid:10189  time 701073303522us
07-17 15:01:26.335  1863 12267 D ListServiceUtils: checkInListByUid module:video-slow-sync uid:10189 cost 436us return 0
07-17 15:01:26.335  1863 12267 D OplusNuPlayer: videoSlowSync, onStart, isVideoSlowSync = 0
07-17 15:01:26.337  1863 12267 V ListServiceUtils: checkInListByPid module:disable-nuplayer-try-ffmpeg pid:11795 cost 822us return 0
07-17 15:01:26.337  1863 12267 D OplusNuPlayer: [instantiateDecoder:L523] codeID A:15005 V:0 tryffmpeg A:0 V:0 
07-17 15:01:26.342  1404  1404 I aidl_vibrator: Vibrator off
07-17 15:01:26.345  1278  5535 D audio_hw_primary: adev_get_parameters: enter: is_hw_dec_session_available
07-17 15:01:26.347  1278  5535 D soundtrigger: audio_extn_sound_trigger_get_parameters input string<is_hw_dec_session_available=>
07-17 15:01:26.347  1278  5535 D soundtrigger: extract_sm_handle input string <is_hw_dec_session_available=> param string <is_hw_dec_session_available=>
07-17 15:01:26.347  1278  5535 D audio_hw_extn: audio_extn_get_parameters: returns 
07-17 15:01:26.349  1278  5535 D audio_hw_primary: adev_get_parameters: exit: returns - 
07-17 15:01:26.355  1863 12272 D OplusUtils: [createCustomComponentByName:L160] NuPlayer IN msg:AMessage(what = 0x00000000) = {
07-17 15:01:26.355  1863 12272 D OplusUtils:   string mime = "audio/vorbis"
07-17 15:01:26.355  1863 12272 D OplusUtils:   int64_t durationUs = 822970
07-17 15:01:26.355  1863 12272 D OplusUtils:   Buffer csd-0 = {
07-17 15:01:26.355  1863 12272 D OplusUtils:     00000000:  01 76 6f 72 62 69 73 00  00 00 00 02 44 ac 00 00  .vorbis.....D...
07-17 15:01:26.355  1863 12272 D OplusUtils:     00000010:  00 00 00 00 80 5e 03 00  00 00 00 00 b8 01        .....^........
07-17 15:01:26.355  1863 12272 D OplusUtils:   }
07-17 15:01:26.355  1863 12272 D OplusUtils:   Buffer *csd-1 = 0xe63440c0
07-17 15:01:26.355  1863 12272 D OplusUtils:   int32_t bitrate = 220800
07-17 15:01:26.355  1863 12272 D OplusUtils:   int32_t channel-count = 2
07-17 15:01:26.355  1863 12272 D OplusUtils:   int32_t sample-rate = 44100
07-17 15:01:26.355  1863 12272 D OplusUtils:   int32_t channel-mask = 3
07-17 15:01:26.355  1863 12272 D OplusUtils:   int32_t priority = 0
07-17 15:01:26.355  1863 12272 D OplusUtils:   int32_t pcm-encoding = 2
07-17 15:01:26.355  1863 12272 D OplusUtils:   int32_t dataSourceType = 5
07-17 15:01:26.355  1863 12272 D OplusUtils:   int64_t feedbackKey = 9622529065075631
07-17 15:01:26.355  1863 12272 D OplusUtils: }
07-17 15:01:26.357  1863 12272 E MULTIMEDIAConfig: [getInt32:L80] Not find config, Returning default
07-17 15:01:26.358  1863 12272 D MediaCodec: CreateByType: mime audio/vorbis, encoder 0
07-17 15:01:26.358  1863 12272 D CCodecBufferChannel: isHighPerformance=0,model=SM6375
07-17 15:01:26.358  1863 12272 D CCodecBufferChannel: mBufferCountDebug=0 mIsUserLoad=1
